[WARNING] 
[WARNING] Some problems were encountered while building the effective settings
[WARNING] expected START_TAG or END_TAG not TEXT (position: TEXT seen ...</mirror>\r\n     -->\r\n    <mirror>\r\n  \ua0 \ua0 <i... @161:9)  @ D:\software\apache-maven-3.6.3\bin\..\conf\settings.xml, line 161, column 9
[WARNING] 
[INFO] Scanning for projects...
[INFO] ------------------------------------------------------------------------
[INFO] Reactor Build Order:
[INFO] 
[INFO] rect-agent                                                         [pom]
[INFO] rect-agent-core                                                    [jar]
[INFO] 
[INFO] -------------------------< com.tlq:rect-agent >-------------------------
[INFO] Building rect-agent 0.0.1-SNAPSHOT                                 [1/2]
[INFO] --------------------------------[ pom ]---------------------------------
[INFO] 
[INFO] ----------------------< com.tlq:rect-agent-core >-----------------------
[INFO] Building rect-agent-core 0.0.1-SNAPSHOT                            [2/2]
[INFO] --------------------------------[ jar ]---------------------------------
[INFO] 
[INFO] --- maven-resources-plugin:3.3.1:resources (default-resources) @ rect-agent-core ---
[INFO] Copying 1 resource from src\main\resources to target\classes
[INFO] Copying 3 resources from src\main\resources to target\classes
[INFO] 
[INFO] --- maven-compiler-plugin:3.13.0:compile (default-compile) @ rect-agent-core ---
[INFO] Nothing to compile - all classes are up to date.
[INFO] 
[INFO] --- maven-resources-plugin:3.3.1:testResources (default-testResources) @ rect-agent-core ---
[INFO] Copying 1 resource from src\test\resources to target\test-classes
[INFO] 
[INFO] --- maven-compiler-plugin:3.13.0:testCompile (default-testCompile) @ rect-agent-core ---
[INFO] Recompiling the module because of changed source code.
[INFO] Compiling 31 source files with javac [debug parameters release 21] to target\test-classes
[INFO] /D:/project/ai/java/rct-agent/rect-agent-core/src/test/java/com/tlq/rectagent/data/DataGovernanceFullFlowTest.java: D:\project\ai\java\rct-agent\rect-agent-core\src\test\java\com\tlq\rectagent\data\DataGovernanceFullFlowTest.java使用了未经检查或不安全的操作。
[INFO] /D:/project/ai/java/rct-agent/rect-agent-core/src/test/java/com/tlq/rectagent/data/DataGovernanceFullFlowTest.java: 有关详细信息, 请使用 -Xlint:unchecked 重新编译。
[INFO] 
[INFO] --- maven-surefire-plugin:3.2.5:test (default-test) @ rect-agent-core ---
[INFO] Using auto detected provider org.apache.maven.surefire.junitplatform.JUnitPlatformProvider
[INFO] 
[INFO] -------------------------------------------------------
[INFO]  T E S T S
[INFO] -------------------------------------------------------
[INFO] Running com.tlq.rectagent.agent.CoordinatorAgentContextProfileTest
[WARNING] Tests run: 1, Failures: 0, Errors: 0, Skipped: 1, Time elapsed: 0.005 s -- in com.tlq.rectagent.agent.CoordinatorAgentContextProfileTest
[INFO] Running com.tlq.rectagent.agent.CoordinatorAgentRealApiE2ETest
22:02:50.118 [main] INFO org.springframework.test.context.support.AnnotationConfigContextLoaderUtils -- Could not detect default configuration classes for test class [com.tlq.rectagent.agent.CoordinatorAgentRealApiE2ETest]: CoordinatorAgentRealApiE2ETest does not declare any static, non-private, non-final, nested classes annotated with @Configuration.
22:02:50.303 [main] INFO org.springframework.boot.test.context.SpringBootTestContextBootstrapper -- Found @SpringBootConfiguration com.tlq.rectagent.RectAgentApplication for test class com.tlq.rectagent.agent.CoordinatorAgentRealApiE2ETest
22:02:49,974 |-INFO in ch.qos.logback.classic.LoggerContext[default] - This is logback-classic version 1.5.11
22:02:49,977 |-INFO in ch.qos.logback.classic.util.ContextInitializer@557286ad - Here is a list of configurators discovered as a service, by rank: 
22:02:49,977 |-INFO in ch.qos.logback.classic.util.ContextInitializer@557286ad -   org.springframework.boot.logging.logback.RootLogLevelConfigurator
22:02:49,977 |-INFO in ch.qos.logback.classic.util.ContextInitializer@557286ad - They will be invoked in order until ExecutionStatus.DO_NOT_INVOKE_NEXT_IF_ANY is returned.
22:02:49,977 |-INFO in ch.qos.logback.classic.util.ContextInitializer@557286ad - Constructed configurator of type class org.springframework.boot.logging.logback.RootLogLevelConfigurator
22:02:49,986 |-INFO in ch.qos.logback.classic.util.ContextInitializer@557286ad - org.springframework.boot.logging.logback.RootLogLevelConfigurator.configure() call lasted 0 milliseconds. ExecutionStatus=INVOKE_NEXT_IF_ANY
22:02:49,986 |-INFO in ch.qos.logback.classic.util.ContextInitializer@557286ad - Trying to configure with ch.qos.logback.classic.joran.SerializedModelConfigurator
22:02:49,987 |-INFO in ch.qos.logback.classic.util.ContextInitializer@557286ad - Constructed configurator of type class ch.qos.logback.classic.joran.SerializedModelConfigurator
22:02:49,990 |-INFO in ch.qos.logback.classic.LoggerContext[default] - Could NOT find resource [logback-test.scmo]
22:02:49,992 |-INFO in ch.qos.logback.classic.LoggerContext[default] - Could NOT find resource [logback.scmo]
22:02:49,992 |-INFO in ch.qos.logback.classic.util.ContextInitializer@557286ad - ch.qos.logback.classic.joran.SerializedModelConfigurator.configure() call lasted 5 milliseconds. ExecutionStatus=INVOKE_NEXT_IF_ANY
22:02:49,992 |-INFO in ch.qos.logback.classic.util.ContextInitializer@557286ad - Trying to configure with ch.qos.logback.classic.util.DefaultJoranConfigurator
22:02:49,992 |-INFO in ch.qos.logback.classic.util.ContextInitializer@557286ad - Constructed configurator of type class ch.qos.logback.classic.util.DefaultJoranConfigurator
22:02:49,994 |-INFO in ch.qos.logback.classic.LoggerContext[default] - Could NOT find resource [logback-test.xml]
22:02:49,994 |-INFO in ch.qos.logback.classic.LoggerContext[default] - Could NOT find resource [logback.xml]
22:02:49,994 |-INFO in ch.qos.logback.classic.util.ContextInitializer@557286ad - ch.qos.logback.classic.util.DefaultJoranConfigurator.configure() call lasted 2 milliseconds. ExecutionStatus=INVOKE_NEXT_IF_ANY
22:02:49,994 |-INFO in ch.qos.logback.classic.util.ContextInitializer@557286ad - Trying to configure with ch.qos.logback.classic.BasicConfigurator
22:02:49,997 |-INFO in ch.qos.logback.classic.util.ContextInitializer@557286ad - Constructed configurator of type class ch.qos.logback.classic.BasicConfigurator
22:02:49,997 |-INFO in ch.qos.logback.classic.BasicConfigurator@b10a26d - Setting up default configuration.
22:02:50,013 |-INFO in ch.qos.logback.classic.util.ContextInitializer@557286ad - ch.qos.logback.classic.BasicConfigurator.configure() call lasted 16 milliseconds. ExecutionStatus=NEUTRAL
22:02:50,872 |-INFO in ch.qos.logback.core.joran.util.ConfigurationWatchListUtil@74075134 - Adding [jar:file:/D:/software/maven/.m2/repository/org/springframework/boot/spring-boot/3.3.5/spring-boot-3.3.5.jar!/org/springframework/boot/logging/logback/defaults.xml] to configuration watch list.
22:02:50,872 |-INFO in ConfigurationWatchList(mainURL=file:/D:/project/ai/java/rct-agent/rect-agent-core/target/classes/logback-spring.xml, fileWatchList={D:\project\ai\java\rct-agent\rect-agent-core\target\classes\logback-spring.xml}, urlWatchList=[}) - Cannot watch [jar:file:/D:/software/maven/.m2/repository/org/springframework/boot/spring-boot/3.3.5/spring-boot-3.3.5.jar!/org/springframework/boot/logging/logback/defaults.xml] as its protocol is not one of file, http or https.
22:02:50,875 |-INFO in ch.qos.logback.core.model.processor.ConversionRuleModelHandler - registering conversion word applicationName with class [org.springframework.boot.logging.logback.ApplicationNameConverter]
22:02:50,875 |-INFO in ch.qos.logback.core.model.processor.ConversionRuleModelHandler - registering conversion word clr with class [org.springframework.boot.logging.logback.ColorConverter]
22:02:50,875 |-INFO in ch.qos.logback.core.model.processor.ConversionRuleModelHandler - registering conversion word correlationId with class [org.springframework.boot.logging.logback.CorrelationIdConverter]
22:02:50,875 |-INFO in ch.qos.logback.core.model.processor.ConversionRuleModelHandler - registering conversion word wex with class [org.springframework.boot.logging.logback.WhitespaceThrowableProxyConverter]
22:02:50,875 |-INFO in ch.qos.logback.core.model.processor.ConversionRuleModelHandler - registering conversion word wEx with class [org.springframework.boot.logging.logback.ExtendedWhitespaceThrowableProxyConverter]
22:02:50,877 |-INFO in ch.qos.logback.core.model.processor.ModelInterpretationContext@31464a43 - value "%clr(%d{yyyy-MM-dd'T'HH:mm:ss.SSSXXX}){faint} %clr(%5p) %clr(26256){magenta} %clr(---){faint} %clr(%applicationName[%15.15t]){faint} %clr(){faint}%clr(%-40.40logger{39}){cyan} %clr(:){faint} %m%n%wEx" substituted for "${CONSOLE_LOG_PATTERN:-%clr(%d{${LOG_DATEFORMAT_PATTERN:-yyyy-MM-dd'T'HH:mm:ss.SSSXXX}}){faint} %clr(${LOG_LEVEL_PATTERN:-%5p}) %clr(${PID:- }){magenta} %clr(---){faint} %clr(%applicationName[%15.15t]){faint} %clr(${LOG_CORRELATION_PATTERN:-}){faint}%clr(%-40.40logger{39}){cyan} %clr(:){faint} %m%n${LOG_EXCEPTION_CONVERSION_WORD:-%wEx}}"
22:02:50,877 |-INFO in ch.qos.logback.core.model.processor.ModelInterpretationContext@31464a43 - value "UTF-8" substituted for "${CONSOLE_LOG_CHARSET:-${file.encoding:-UTF-8}}"
22:02:50,877 |-INFO in ch.qos.logback.core.model.processor.ModelInterpretationContext@31464a43 - value "TRACE" substituted for "${CONSOLE_LOG_THRESHOLD:-TRACE}"
22:02:50,877 |-INFO in ch.qos.logback.core.model.processor.ModelInterpretationContext@31464a43 - value "%d{yyyy-MM-dd'T'HH:mm:ss.SSSXXX} %5p 26256 --- %applicationName[%t] %-40.40logger{39} : %m%n%wEx" substituted for "${FILE_LOG_PATTERN:-%d{${LOG_DATEFORMAT_PATTERN:-yyyy-MM-dd'T'HH:mm:ss.SSSXXX}} ${LOG_LEVEL_PATTERN:-%5p} ${PID:- } --- %applicationName[%t] ${LOG_CORRELATION_PATTERN:-}%-40.40logger{39} : %m%n${LOG_EXCEPTION_CONVERSION_WORD:-%wEx}}"
22:02:50,877 |-INFO in ch.qos.logback.core.model.processor.ModelInterpretationContext@31464a43 - value "UTF-8" substituted for "${FILE_LOG_CHARSET:-${file.encoding:-UTF-8}}"
22:02:50,877 |-INFO in ch.qos.logback.core.model.processor.ModelInterpretationContext@31464a43 - value "TRACE" substituted for "${FILE_LOG_THRESHOLD:-TRACE}"
22:02:50,881 |-INFO in ch.qos.logback.classic.model.processor.LoggerModelHandler - Setting level of logger [org.apache.catalina.startup.DigesterFactory] to ERROR
22:02:50,881 |-INFO in ch.qos.logback.classic.jul.LevelChangePropagator@7f8633ae - Propagating ERROR level on Logger[org.apache.catalina.startup.DigesterFactory] onto the JUL framework
22:02:50,883 |-INFO in ch.qos.logback.classic.model.processor.LoggerModelHandler - Setting level of logger [org.apache.catalina.util.LifecycleBase] to ERROR
22:02:50,883 |-INFO in ch.qos.logback.classic.jul.LevelChangePropagator@7f8633ae - Propagating ERROR level on Logger[org.apache.catalina.util.LifecycleBase] onto the JUL framework
22:02:50,883 |-INFO in ch.qos.logback.classic.model.processor.LoggerModelHandler - Setting level of logger [org.apache.coyote.http11.Http11NioProtocol] to WARN
22:02:50,883 |-INFO in ch.qos.logback.classic.jul.LevelChangePropagator@7f8633ae - Propagating WARN level on Logger[org.apache.coyote.http11.Http11NioProtocol] onto the JUL framework
22:02:50,883 |-INFO in ch.qos.logback.classic.model.processor.LoggerModelHandler - Setting level of logger [org.apache.sshd.common.util.SecurityUtils] to WARN
22:02:50,883 |-INFO in ch.qos.logback.classic.jul.LevelChangePropagator@7f8633ae - Propagating WARN level on Logger[org.apache.sshd.common.util.SecurityUtils] onto the JUL framework
22:02:50,883 |-INFO in ch.qos.logback.classic.model.processor.LoggerModelHandler - Setting level of logger [org.apache.tomcat.util.net.NioSelectorPool] to WARN
22:02:50,883 |-INFO in ch.qos.logback.classic.jul.LevelChangePropagator@7f8633ae - Propagating WARN level on Logger[org.apache.tomcat.util.net.NioSelectorPool] onto the JUL framework
22:02:50,883 |-INFO in ch.qos.logback.classic.model.processor.LoggerModelHandler - Setting level of logger [org.eclipse.jetty.util.component.AbstractLifeCycle] to ERROR
22:02:50,883 |-INFO in ch.qos.logback.classic.jul.LevelChangePropagator@7f8633ae - Propagating ERROR level on Logger[org.eclipse.jetty.util.component.AbstractLifeCycle] onto the JUL framework
22:02:50,883 |-INFO in ch.qos.logback.classic.model.processor.LoggerModelHandler - Setting level of logger [org.hibernate.validator.internal.util.Version] to WARN
22:02:50,883 |-INFO in ch.qos.logback.classic.jul.LevelChangePropagator@7f8633ae - Propagating WARN level on Logger[org.hibernate.validator.internal.util.Version] onto the JUL framework
22:02:50,883 |-INFO in ch.qos.logback.classic.model.processor.LoggerModelHandler - Setting level of logger [org.springframework.boot.actuate.endpoint.jmx] to WARN
22:02:50,883 |-INFO in ch.qos.logback.classic.jul.LevelChangePropagator@7f8633ae - Propagating WARN level on Logger[org.springframework.boot.actuate.endpoint.jmx] onto the JUL framework
22:02:50,883 |-WARN in ch.qos.logback.core.model.processor.AppenderModelHandler - Appender named [CONSOLE] not referenced. Skipping further processing.
22:02:50,883 |-WARN in ch.qos.logback.core.model.processor.AppenderModelHandler - Appender named [FILE] not referenced. Skipping further processing.
22:02:50,883 |-INFO in ch.qos.logback.core.model.processor.DefaultProcessor@68c87fc3 - End of configuration.
22:02:50,883 |-INFO in org.springframework.boot.logging.logback.SpringBootJoranConfigurator@bc0f53b - Registering current configuration as safe fallback point


  .   ____          _            __ _ _
 /\\ / ___'_ __ _ _(_)_ __  __ _ \ \ \ \
( ( )\___ | '_ | '_| | '_ \/ _` | \ \ \ \
 \\/  ___)| |_)| | | | | || (_| |  ) ) ) )
  '  |____| .__|_| |_|_| |_\__, | / / / /
 =========|_|==============|___/=/_/_/_/

 :: Spring Boot ::                (v3.3.5)

mvn.cmd : 
所在位置 行:1 字符: 283
+ ... 'Process'); & 'D:\software\apache-maven-3.6.3\bin\mvn.cmd' -B test -p ...
+                 ~~~~~~~~~~~~~~~~~~~~~~~~~~~~~~~~~~~~~~~~~~~~~~~~~~~~~~~~~
    + CategoryInfo          : NotSpecified: (:String) [], RemoteException
    + FullyQualifiedErrorId : NativeCommandError
 


============================
CONDITIONS EVALUATION REPORT
============================


Positive matches:
-----------------

   AopAutoConfiguration matched:
      - @ConditionalOnProperty (spring.aop.auto=true) matched (OnPropertyCondition)

   AopAutoConfiguration.ClassProxyingConfiguration matched:
      - @ConditionalOnMissingClass did not find unwanted class 'org.aspectj.weaver.Advice' (OnClassCondition)
      - @ConditionalOnProperty (spring.aop.proxy-target-class=true) matched (OnPropertyCondition)

   ApplicationAvailabilityAutoConfiguration#applicationAvailability matched:
      - @ConditionalOnMissingBean (types: org.springframework.boot.availability.ApplicationAvailability; SearchStrategy
: all) did not find any beans (OnBeanCondition)

   ChatClientAutoConfiguration matched:
      - @ConditionalOnClass found required class 'org.springframework.ai.chat.client.ChatClient' (OnClassCondition)
      - @ConditionalOnProperty (spring.ai.chat.client.enabled=true) matched (OnPropertyCondition)

   ChatClientAutoConfiguration#chatClientBuilder matched:
      - @ConditionalOnMissingBean (types: org.springframework.ai.chat.client.ChatClient$Builder; SearchStrategy: all) d
id not find any beans (OnBeanCondition)

   ChatClientAutoConfiguration#chatClientBuilderConfigurer matched:
      - @ConditionalOnMissingBean (types: org.springframework.ai.model.chat.client.autoconfigure.ChatClientBuilderConfi
gurer; SearchStrategy: all) did not find any beans (OnBeanCondition)

   ChatClientAutoConfiguration.TracerNotPresentObservationConfiguration matched:
      - @ConditionalOnMissingClass did not find unwanted class 'io.micrometer.tracing.Tracer' (OnClassCondition)

   ChatObservationAutoConfiguration matched:
      - @ConditionalOnClass found required class 'org.springframework.ai.chat.model.ChatModel' (OnClassCondition)

   ChatObservationAutoConfiguration.TracerNotPresentObservationConfiguration matched:
      - @ConditionalOnMissingClass did not find unwanted class 'io.micrometer.tracing.Tracer' (OnClassCondition)

   ClientHttpConnectorAutoConfiguration matched:
      - @ConditionalOnClass found required class 'org.springframework.web.reactive.function.client.WebClient' (OnClassC
ondition)

   ClientHttpConnectorAutoConfiguration#webClientHttpConnector matched:
      - @ConditionalOnMissingBean (types: org.springframework.http.client.reactive.ClientHttpConnector; SearchStrategy:
 all) did not find any beans (OnBeanCondition)

   ClientHttpConnectorAutoConfiguration#webClientHttpConnectorCustomizer matched:
      - @ConditionalOnBean (types: org.springframework.http.client.reactive.ClientHttpConnector; SearchStrategy: all) f
ound bean 'webClientHttpConnector' (OnBeanCondition)

   ClientHttpConnectorFactoryConfiguration.JdkClient matched:
      - @ConditionalOnClass found required class 'java.net.http.HttpClient' (OnClassCondition)
      - @ConditionalOnMissingBean (types: org.springframework.boot.autoconfigure.web.reactive.function.client.ClientHtt
pConnectorFactory; SearchStrategy: all) did not find any beans (OnBeanCondition)

   CodecsAutoConfiguration matched:
      - @ConditionalOnClass found required classes 'org.springframework.http.codec.CodecConfigurer', 'org.springframewo
rk.web.reactive.function.client.WebClient' (OnClassCondition)

   CodecsAutoConfiguration.JacksonCodecConfiguration matched:
      - @ConditionalOnClass found required class 'com.fasterxml.jackson.databind.ObjectMapper' (OnClassCondition)

   CodecsAutoConfiguration.JacksonCodecConfiguration#jacksonCodecCustomizer matched:
      - @ConditionalOnBean (types: com.fasterxml.jackson.databind.ObjectMapper; SearchStrategy: all) found bean 'jackso
nObjectMapper' (OnBeanCondition)

   DataSourceAutoConfiguration matched:
      - @ConditionalOnClass found required classes 'javax.sql.DataSource', 'org.springframework.jdbc.datasource.embedde
d.EmbeddedDatabaseType' (OnClassCondition)
      - @ConditionalOnMissingBean (types: io.r2dbc.spi.ConnectionFactory; SearchStrategy: all) did not find any beans (
OnBeanCondition)

   DataSourceAutoConfiguration.PooledDataSourceConfiguration matched:
      - AnyNestedCondition 1 matched 1 did not; NestedCondition on DataSourceAutoConfiguration.PooledDataSourceConditio
n.PooledDataSourceAvailable PooledDataSource found supported DataSource; NestedCondition on DataSourceAutoConfiguration
.PooledDataSourceCondition.ExplicitType @ConditionalOnProperty (spring.datasource.type) did not find property 'type' (D
ataSourceAutoConfiguration.PooledDataSourceCondition)
      - @ConditionalOnMissingBean (types: javax.sql.DataSource,javax.sql.XADataSource; SearchStrategy: all) did not fin
d any beans (OnBeanCondition)

   DataSourceAutoConfiguration.PooledDataSourceConfiguration#jdbcConnectionDetails matched:
      - @ConditionalOnMissingBean (types: org.springframework.boot.autoconfigure.jdbc.JdbcConnectionDetails; SearchStra
tegy: all) did not find any beans (OnBeanCondition)

   DataSourceConfiguration.Hikari matched:
      - @ConditionalOnClass found required class 'com.zaxxer.hikari.HikariDataSource' (OnClassCondition)
      - @ConditionalOnProperty (spring.datasource.type=com.zaxxer.hikari.HikariDataSource) matched (OnPropertyCondition
)
      - @ConditionalOnMissingBean (types: javax.sql.DataSource; SearchStrategy: all) did not find any beans (OnBeanCond
ition)

   DataSourceInitializationConfiguration matched:
      - @ConditionalOnClass found required class 'org.springframework.jdbc.datasource.init.DatabasePopulator' (OnClassC
ondition)
      - @ConditionalOnSingleCandidate (types: javax.sql.DataSource; SearchStrategy: all) found a single bean 'dataSourc
e'; @ConditionalOnMissingBean (types: org.springframework.boot.autoconfigure.sql.init.SqlDataSourceScriptDatabaseInitia
lizer,org.springframework.boot.autoconfigure.sql.init.SqlR2dbcScriptDatabaseInitializer; SearchStrategy: all) did not f
ind any beans (OnBeanCondition)

   DataSourcePoolMetadataProvidersConfiguration.HikariPoolDataSourceMetadataProviderConfiguration matched:
      - @ConditionalOnClass found required class 'com.zaxxer.hikari.HikariDataSource' (OnClassCondition)

   DataSourceTransactionManagerAutoConfiguration matched:
      - @ConditionalOnClass found required classes 'javax.sql.DataSource', 'org.springframework.jdbc.core.JdbcTemplate'
, 'org.springframework.transaction.TransactionManager' (OnClassCondition)

   DataSourceTransactionManagerAutoConfiguration.JdbcTransactionManagerConfiguration matched:
      - @ConditionalOnSingleCandidate (types: javax.sql.DataSource; SearchStrategy: all) found a single bean 'dataSourc
e' (OnBeanCondition)

   DataSourceTransactionManagerAutoConfiguration.JdbcTransactionManagerConfiguration#transactionManager matched:
      - @ConditionalOnMissingBean (types: org.springframework.transaction.TransactionManager; SearchStrategy: all) did 
not find any beans (OnBeanCondition)

   DdlAutoConfiguration matched:
      - @ConditionalOnClass found required class 'com.baomidou.mybatisplus.extension.ddl.IDdl' (OnClassCondition)

   DispatcherServletAutoConfiguration matched:
      - @ConditionalOnClass found required class 'org.springframework.web.servlet.DispatcherServlet' (OnClassCondition)
      - found 'session' scope (OnWebApplicationCondition)

   DispatcherServletAutoConfiguration.DispatcherServletConfiguration matched:
      - @ConditionalOnClass found required class 'jakarta.servlet.ServletRegistration' (OnClassCondition)
      - Default DispatcherServlet did not find dispatcher servlet beans (DispatcherServletAutoConfiguration.DefaultDisp
atcherServletCondition)

   DispatcherServletAutoConfiguration.DispatcherServletRegistrationConfiguration matched:
      - @ConditionalOnClass found required class 'jakarta.servlet.ServletRegistration' (OnClassCondition)
      - DispatcherServlet Registration did not find servlet registration bean (DispatcherServletAutoConfiguration.Dispa
tcherServletRegistrationCondition)

   DispatcherServletAutoConfiguration.DispatcherServletRegistrationConfiguration#dispatcherServletRegistration matched:
      - @ConditionalOnBean (names: dispatcherServlet types: org.springframework.web.servlet.DispatcherServlet; SearchSt
rategy: all) found bean 'dispatcherServlet' (OnBeanCondition)

   EmbeddingObservationAutoConfiguration matched:
      - @ConditionalOnClass found required class 'org.springframework.ai.embedding.EmbeddingModel' (OnClassCondition)

   ErrorMvcAutoConfiguration matched:
      - @ConditionalOnClass found required classes 'jakarta.servlet.Servlet', 'org.springframework.web.servlet.Dispatch
erServlet' (OnClassCondition)
      - found 'session' scope (OnWebApplicationCondition)

   ErrorMvcAutoConfiguration#basicErrorController matched:
      - @ConditionalOnMissingBean (types: org.springframework.boot.web.servlet.error.ErrorController; SearchStrategy: c
urrent) did not find any beans (OnBeanCondition)

   ErrorMvcAutoConfiguration#errorAttributes matched:
      - @ConditionalOnMissingBean (types: org.springframework.boot.web.servlet.error.ErrorAttributes; SearchStrategy: c
urrent) did not find any beans (OnBeanCondition)

   ErrorMvcAutoConfiguration.DefaultErrorViewResolverConfiguration#conventionErrorViewResolver matched:
      - @ConditionalOnBean (types: org.springframework.web.servlet.DispatcherServlet; SearchStrategy: all) found bean '
dispatcherServlet'; @ConditionalOnMissingBean (types: org.springframework.boot.autoconfigure.web.servlet.error.ErrorVie
wResolver; SearchStrategy: all) did not find any beans (OnBeanCondition)

   ErrorMvcAutoConfiguration.WhitelabelErrorViewConfiguration matched:
      - @ConditionalOnProperty (server.error.whitelabel.enabled) matched (OnPropertyCondition)
      - ErrorTemplate Missing did not find error template view (ErrorMvcAutoConfiguration.ErrorTemplateMissingCondition
)

   ErrorMvcAutoConfiguration.WhitelabelErrorViewConfiguration#beanNameViewResolver matched:
      - @ConditionalOnMissingBean (types: org.springframework.web.servlet.view.BeanNameViewResolver; SearchStrategy: al
l) did not find any beans (OnBeanCondition)

   ErrorMvcAutoConfiguration.WhitelabelErrorViewConfiguration#defaultErrorView matched:
      - @ConditionalOnMissingBean (names: error; SearchStrategy: all) did not find any beans (OnBeanCondition)

   GenericCacheConfiguration matched:
      - Cache org.springframework.boot.autoconfigure.cache.GenericCacheConfiguration automatic cache type (CacheConditi
on)

   HttpEncodingAutoConfiguration matched:
      - @ConditionalOnClass found required class 'org.springframework.web.filter.CharacterEncodingFilter' (OnClassCondi
tion)
      - found 'session' scope (OnWebApplicationCondition)
      - @ConditionalOnProperty (server.servlet.encoding.enabled) matched (OnPropertyCondition)

   HttpEncodingAutoConfiguration#characterEncodingFilter matched:
      - @ConditionalOnMissingBean (types: org.springframework.web.filter.CharacterEncodingFilter; SearchStrategy: all) 
did not find any beans (OnBeanCondition)

   HttpMessageConvertersAutoConfiguration matched:
      - @ConditionalOnClass found required class 'org.springframework.http.converter.HttpMessageConverter' (OnClassCond
ition)
      - NoneNestedConditions 0 matched 1 did not; NestedCondition on HttpMessageConvertersAutoConfiguration.NotReactive
WebApplicationCondition.ReactiveWebApplication not a reactive web application (HttpMessageConvertersAutoConfiguration.N
otReactiveWebApplicationCondition)

   HttpMessageConvertersAutoConfiguration#messageConverters matched:
      - @ConditionalOnMissingBean (types: org.springframework.boot.autoconfigure.http.HttpMessageConverters; SearchStra
tegy: all) did not find any beans (OnBeanCondition)

   HttpMessageConvertersAutoConfiguration.StringHttpMessageConverterConfiguration matched:
      - @ConditionalOnClass found required class 'org.springframework.http.converter.StringHttpMessageConverter' (OnCla
ssCondition)

   HttpMessageConvertersAutoConfiguration.StringHttpMessageConverterConfiguration#stringHttpMessageConverter matched:
      - @ConditionalOnMissingBean (types: org.springframework.http.converter.StringHttpMessageConverter; SearchStrategy
: all) did not find any beans (OnBeanCondition)

   ImageObservationAutoConfiguration matched:
      - @ConditionalOnClass found required class 'org.springframework.ai.image.ImageModel' (OnClassCondition)

   ImageObservationAutoConfiguration.TracerNotPresentObservationConfiguration matched:
      - @ConditionalOnMissingClass did not find unwanted class 'io.micrometer.tracing.Tracer' (OnClassCondition)

   JacksonAutoConfiguration matched:
      - @ConditionalOnClass found required class 'com.fasterxml.jackson.databind.ObjectMapper' (OnClassCondition)

   JacksonAutoConfiguration.Jackson2ObjectMapperBuilderCustomizerConfiguration matched:
      - @ConditionalOnClass found required class 'org.springframework.http.converter.json.Jackson2ObjectMapperBuilder' 
(OnClassCondition)

   JacksonAutoConfiguration.JacksonObjectMapperBuilderConfiguration matched:
      - @ConditionalOnClass found required class 'org.springframework.http.converter.json.Jackson2ObjectMapperBuilder' 
(OnClassCondition)

   JacksonAutoConfiguration.JacksonObjectMapperBuilderConfiguration#jacksonObjectMapperBuilder matched:
      - @ConditionalOnMissingBean (types: org.springframework.http.converter.json.Jackson2ObjectMapperBuilder; SearchSt
rategy: all) did not find any beans (OnBeanCondition)

   JacksonAutoConfiguration.JacksonObjectMapperConfiguration matched:
      - @ConditionalOnClass found required class 'org.springframework.http.converter.json.Jackson2ObjectMapperBuilder' 
(OnClassCondition)

   JacksonAutoConfiguration.JacksonObjectMapperConfiguration#jacksonObjectMapper matched:
      - @ConditionalOnMissingBean (types: com.fasterxml.jackson.databind.ObjectMapper; SearchStrategy: all) did not fin
d any beans (OnBeanCondition)

   JacksonAutoConfiguration.ParameterNamesModuleConfiguration matched:
      - @ConditionalOnClass found required class 'com.fasterxml.jackson.module.paramnames.ParameterNamesModule' (OnClas
sCondition)

   JacksonAutoConfiguration.ParameterNamesModuleConfiguration#parameterNamesModule matched:
      - @ConditionalOnMissingBean (types: com.fasterxml.jackson.module.paramnames.ParameterNamesModule; SearchStrategy:
 all) did not find any beans (OnBeanCondition)

   JacksonHttpMessageConvertersConfiguration.MappingJackson2HttpMessageConverterConfiguration matched:
      - @ConditionalOnClass found required class 'com.fasterxml.jackson.databind.ObjectMapper' (OnClassCondition)
      - @ConditionalOnProperty (spring.mvc.converters.preferred-json-mapper=jackson) matched (OnPropertyCondition)
      - @ConditionalOnBean (types: com.fasterxml.jackson.databind.ObjectMapper; SearchStrategy: all) found bean 'jackso
nObjectMapper' (OnBeanCondition)

   JacksonHttpMessageConvertersConfiguration.MappingJackson2HttpMessageConverterConfiguration#mappingJackson2HttpMessag
eConverter matched:
      - @ConditionalOnMissingBean (types: org.springframework.http.converter.json.MappingJackson2HttpMessageConverter i
gnored: org.springframework.hateoas.server.mvc.TypeConstrainedMappingJackson2HttpMessageConverter,org.springframework.d
ata.rest.webmvc.alps.AlpsJsonHttpMessageConverter; SearchStrategy: all) did not find any beans (OnBeanCondition)

   JdbcClientAutoConfiguration matched:
      - @ConditionalOnSingleCandidate (types: org.springframework.jdbc.core.namedparam.NamedParameterJdbcTemplate; Sear
chStrategy: all) found a single bean 'namedParameterJdbcTemplate'; @ConditionalOnMissingBean (types: org.springframewor
k.jdbc.core.simple.JdbcClient; SearchStrategy: all) did not find any beans (OnBeanCondition)

   JdbcTemplateAutoConfiguration matched:
      - @ConditionalOnClass found required classes 'javax.sql.DataSource', 'org.springframework.jdbc.core.JdbcTemplate'
 (OnClassCondition)
      - @ConditionalOnSingleCandidate (types: javax.sql.DataSource; SearchStrategy: all) found a single bean 'dataSourc
e' (OnBeanCondition)

   JdbcTemplateConfiguration matched:
      - @ConditionalOnMissingBean (types: org.springframework.jdbc.core.JdbcOperations; SearchStrategy: all) did not fi
nd any beans (OnBeanCondition)

   LifecycleAutoConfiguration#defaultLifecycleProcessor matched:
      - @ConditionalOnMissingBean (names: lifecycleProcessor; SearchStrategy: current) did not find any beans (OnBeanCo
ndition)

   MultipartAutoConfiguration matched:
      - @ConditionalOnClass found required classes 'jakarta.servlet.Servlet', 'org.springframework.web.multipart.suppor
t.StandardServletMultipartResolver', 'jakarta.servlet.MultipartConfigElement' (OnClassCondition)
      - found 'session' scope (OnWebApplicationCondition)
      - @ConditionalOnProperty (spring.servlet.multipart.enabled) matched (OnPropertyCondition)

   MultipartAutoConfiguration#multipartConfigElement matched:
      - @ConditionalOnMissingBean (types: jakarta.servlet.MultipartConfigElement; SearchStrategy: all) did not find any
 beans (OnBeanCondition)

   MultipartAutoConfiguration#multipartResolver matched:
      - @ConditionalOnMissingBean (types: org.springframework.web.multipart.MultipartResolver; SearchStrategy: all) did
 not find any beans (OnBeanCondition)

   MybatisPlusAutoConfiguration matched:
      - @ConditionalOnClass found required classes 'org.apache.ibatis.session.SqlSessionFactory', 'org.mybatis.spring.S
qlSessionFactoryBean' (OnClassCondition)
      - @ConditionalOnSingleCandidate (types: javax.sql.DataSource; SearchStrategy: all) found a single bean 'dataSourc
e' (OnBeanCondition)

   MybatisPlusAutoConfiguration#sqlSessionFactory matched:
      - @ConditionalOnMissingBean (types: org.apache.ibatis.session.SqlSessionFactory; SearchStrategy: all) did not fin
d any beans (OnBeanCondition)

   MybatisPlusAutoConfiguration#sqlSessionTemplate matched:
      - @ConditionalOnMissingBean (types: org.mybatis.spring.SqlSessionTemplate; SearchStrategy: all) did not find any 
beans (OnBeanCondition)

   MybatisPlusLanguageDriverAutoConfiguration matched:
      - @ConditionalOnClass found required class 'org.apache.ibatis.scripting.LanguageDriver' (OnClassCondition)

   NamedParameterJdbcTemplateConfiguration matched:
      - @ConditionalOnSingleCandidate (types: org.springframework.jdbc.core.JdbcTemplate; SearchStrategy: all) found a 
single bean 'jdbcTemplate'; @ConditionalOnMissingBean (types: org.springframework.jdbc.core.namedparam.NamedParameterJd
bcOperations; SearchStrategy: all) did not find any beans (OnBeanCondition)

   NoOpCacheConfiguration matched:
      - Cache org.springframework.boot.autoconfigure.cache.NoOpCacheConfiguration automatic cache type (CacheCondition)

   PersistenceExceptionTranslationAutoConfiguration matched:
      - @ConditionalOnClass found required class 'org.springframework.dao.annotation.PersistenceExceptionTranslationPos
tProcessor' (OnClassCondition)

   PersistenceExceptionTranslationAutoConfiguration#persistenceExceptionTranslationPostProcessor matched:
      - @ConditionalOnProperty (spring.dao.exceptiontranslation.enabled) matched (OnPropertyCondition)
      - @ConditionalOnMissingBean (types: org.springframework.dao.annotation.PersistenceExceptionTranslationPostProcess
or; SearchStrategy: all) did not find any beans (OnBeanCondition)

   PropertyPlaceholderAutoConfiguration#propertySourcesPlaceholderConfigurer matched:
      - @ConditionalOnMissingBean (types: org.springframework.context.support.PropertySourcesPlaceholderConfigurer; Sea
rchStrategy: current) did not find any beans (OnBeanCondition)

   ReactorAutoConfiguration matched:
      - @ConditionalOnClass found required class 'reactor.core.publisher.Hooks' (OnClassCondition)

   RestClientAutoConfiguration matched:
      - @ConditionalOnClass found required class 'org.springframework.web.client.RestClient' (OnClassCondition)
      - NoneNestedConditions 0 matched 1 did not; NestedCondition on NotReactiveWebApplicationCondition.ReactiveWebAppl
ication not a reactive web application (NotReactiveWebApplicationCondition)

   RestClientAutoConfiguration#httpMessageConvertersRestClientCustomizer matched:
      - @ConditionalOnMissingBean (types: org.springframework.boot.autoconfigure.web.client.HttpMessageConvertersRestCl
ientCustomizer; SearchStrategy: all) did not find any beans (OnBeanCondition)

   RestClientAutoConfiguration#restClientBuilder matched:
      - @ConditionalOnMissingBean (types: org.springframework.web.client.RestClient$Builder; SearchStrategy: all) did n
ot find any beans (OnBeanCondition)

   RestClientAutoConfiguration#restClientBuilderConfigurer matched:
      - @ConditionalOnMissingBean (types: org.springframework.boot.autoconfigure.web.client.RestClientBuilderConfigurer
; SearchStrategy: all) did not find any beans (OnBeanCondition)

   RestClientAutoConfiguration#restClientSsl matched:
      - @ConditionalOnBean (types: org.springframework.boot.ssl.SslBundles; SearchStrategy: all) found bean 'sslBundleR
egistry'; @ConditionalOnMissingBean (types: org.springframework.boot.autoconfigure.web.client.RestClientSsl; SearchStra
tegy: all) did not find any beans (OnBeanCondition)

   RestTemplateAutoConfiguration matched:
      - @ConditionalOnClass found required class 'org.springframework.web.client.RestTemplate' (OnClassCondition)
      - NoneNestedConditions 0 matched 1 did not; NestedCondition on NotReactiveWebApplicationCondition.ReactiveWebAppl
ication not a reactive web application (NotReactiveWebApplicationCondition)

   RestTemplateAutoConfiguration#restTemplateBuilder matched:
      - @ConditionalOnMissingBean (types: org.springframework.boot.web.client.RestTemplateBuilder; SearchStrategy: all)
 did not find any beans (OnBeanCondition)

   ServletWebServerFactoryAutoConfiguration matched:
      - @ConditionalOnClass found required class 'jakarta.servlet.ServletRequest' (OnClassCondition)
      - found 'session' scope (OnWebApplicationCondition)

   ServletWebServerFactoryAutoConfiguration#tomcatServletWebServerFactoryCustomizer matched:
      - @ConditionalOnClass found required class 'org.apache.catalina.startup.Tomcat' (OnClassCondition)

   ServletWebServerFactoryConfiguration.EmbeddedTomcat matched:
      - @ConditionalOnClass found required classes 'jakarta.servlet.Servlet', 'org.apache.catalina.startup.Tomcat', 'or
g.apache.coyote.UpgradeProtocol' (OnClassCondition)
      - @ConditionalOnMissingBean (types: org.springframework.boot.web.servlet.server.ServletWebServerFactory; SearchSt
rategy: current) did not find any beans (OnBeanCondition)

   SimpleCacheConfiguration matched:
      - Cache org.springframework.boot.autoconfigure.cache.SimpleCacheConfiguration automatic cache type (CacheConditio
n)

   SpringAiRetryAutoConfiguration matched:
      - @ConditionalOnClass found required class 'org.springframework.ai.retry.RetryUtils' (OnClassCondition)

   SpringAiRetryAutoConfiguration#responseErrorHandler matched:
      - @ConditionalOnMissingBean (types: org.springframework.web.client.ResponseErrorHandler; SearchStrategy: all) did
 not find any beans (OnBeanCondition)

   SpringAiRetryAutoConfiguration#retryTemplate matched:
      - @ConditionalOnMissingBean (types: org.springframework.retry.support.RetryTemplate; SearchStrategy: all) did not
 find any beans (OnBeanCondition)

   SqlInitializationAutoConfiguration matched:
      - @ConditionalOnProperty (spring.sql.init.enabled) matched (OnPropertyCondition)
      - NoneNestedConditions 0 matched 1 did not; NestedCondition on SqlInitializationAutoConfiguration.SqlInitializati
onModeCondition.ModeIsNever @ConditionalOnProperty (spring.sql.init.mode=never) found different value in property 'mode
' (SqlInitializationAutoConfiguration.SqlInitializationModeCondition)

   SslAutoConfiguration#sslBundleRegistry matched:
      - @ConditionalOnMissingBean (types: org.springframework.boot.ssl.SslBundleRegistry,org.springframework.boot.ssl.S
slBundles; SearchStrategy: all) did not find any beans (OnBeanCondition)

   TaskExecutionAutoConfiguration matched:
      - @ConditionalOnClass found required class 'org.springframework.scheduling.concurrent.ThreadPoolTaskExecutor' (On
ClassCondition)

   TaskExecutorConfigurations.SimpleAsyncTaskExecutorBuilderConfiguration#simpleAsyncTaskExecutorBuilder matched:
      - @ConditionalOnMissingBean (types: org.springframework.boot.task.SimpleAsyncTaskExecutorBuilder; SearchStrategy:
 all) did not find any beans (OnBeanCondition)
      - @ConditionalOnThreading found PLATFORM (OnThreadingCondition)

   TaskExecutorConfigurations.TaskExecutorBuilderConfiguration#taskExecutorBuilder matched:
      - @ConditionalOnMissingBean (types: org.springframework.boot.task.TaskExecutorBuilder; SearchStrategy: all) did n
ot find any beans (OnBeanCondition)

   TaskExecutorConfigurations.TaskExecutorConfiguration matched:
      - @ConditionalOnMissingBean (types: java.util.concurrent.Executor; SearchStrategy: all) did not find any beans (O
nBeanCondition)

   TaskExecutorConfigurations.TaskExecutorConfiguration#applicationTaskExecutor matched:
      - @ConditionalOnThreading found PLATFORM (OnThreadingCondition)

   TaskExecutorConfigurations.ThreadPoolTaskExecutorBuilderConfiguration#threadPoolTaskExecutorBuilder matched:
      - @ConditionalOnMissingBean (types: org.springframework.boot.task.TaskExecutorBuilder,org.springframework.boot.ta
sk.ThreadPoolTaskExecutorBuilder; SearchStrategy: all) did not find any beans (OnBeanCondition)

   TaskSchedulingAutoConfiguration matched:
      - @ConditionalOnClass found required class 'org.springframework.scheduling.concurrent.ThreadPoolTaskScheduler' (O
nClassCondition)

   TaskSchedulingConfigurations.SimpleAsyncTaskSchedulerBuilderConfiguration#simpleAsyncTaskSchedulerBuilder matched:
      - @ConditionalOnMissingBean (types: org.springframework.boot.task.SimpleAsyncTaskSchedulerBuilder; SearchStrategy
: all) did not find any beans (OnBeanCondition)
      - @ConditionalOnThreading found PLATFORM (OnThreadingCondition)

   TaskSchedulingConfigurations.TaskSchedulerBuilderConfiguration#taskSchedulerBuilder matched:
      - @ConditionalOnMissingBean (types: org.springframework.boot.task.TaskSchedulerBuilder; SearchStrategy: all) did 
not find any beans (OnBeanCondition)

   TaskSchedulingConfigurations.ThreadPoolTaskSchedulerBuilderConfiguration#threadPoolTaskSchedulerBuilder matched:
      - @ConditionalOnMissingBean (types: org.springframework.boot.task.TaskSchedulerBuilder,org.springframework.boot.t
ask.ThreadPoolTaskSchedulerBuilder; SearchStrategy: all) did not find any beans (OnBeanCondition)

   ToolCallingAutoConfiguration matched:
      - @ConditionalOnClass found required class 'org.springframework.ai.chat.model.ChatModel' (OnClassCondition)

   ToolCallingAutoConfiguration#toolCallbackResolver matched:
      - @ConditionalOnMissingBean (types: org.springframework.ai.tool.resolution.ToolCallbackResolver; SearchStrategy: 
all) did not find any beans (OnBeanCondition)

   ToolCallingAutoConfiguration#toolCallingManager matched:
      - @ConditionalOnMissingBean (types: org.springframework.ai.model.tool.ToolCallingManager; SearchStrategy: all) di
d not find any beans (OnBeanCondition)

   ToolCallingAutoConfiguration#toolExecutionExceptionProcessor matched:
      - @ConditionalOnMissingBean (types: org.springframework.ai.tool.execution.ToolExecutionExceptionProcessor; Search
Strategy: all) did not find any beans (OnBeanCondition)

   TransactionAutoConfiguration matched:
      - @ConditionalOnClass found required class 'org.springframework.transaction.PlatformTransactionManager' (OnClassC
ondition)

   TransactionAutoConfiguration.EnableTransactionManagementConfiguration matched:
      - @ConditionalOnBean (types: org.springframework.transaction.TransactionManager; SearchStrategy: all) found bean 
'transactionManager'; @ConditionalOnMissingBean (types: org.springframework.transaction.annotation.AbstractTransactionM
anagementConfiguration; SearchStrategy: all) did not find any beans (OnBeanCondition)

   TransactionAutoConfiguration.EnableTransactionManagementConfiguration.CglibAutoProxyConfiguration matched:
      - @ConditionalOnProperty (spring.aop.proxy-target-class=true) matched (OnPropertyCondition)

   TransactionAutoConfiguration.TransactionTemplateConfiguration matched:
      - @ConditionalOnSingleCandidate (types: org.springframework.transaction.PlatformTransactionManager; SearchStrateg
y: all) found a single bean 'transactionManager' (OnBeanCondition)

   TransactionAutoConfiguration.TransactionTemplateConfiguration#transactionTemplate matched:
      - @ConditionalOnMissingBean (types: org.springframework.transaction.support.TransactionOperations; SearchStrategy
: all) did not find any beans (OnBeanCondition)

   TransactionManagerCustomizationAutoConfiguration matched:
      - @ConditionalOnClass found required class 'org.springframework.transaction.PlatformTransactionManager' (OnClassC
ondition)

   TransactionManagerCustomizationAutoConfiguration#platformTransactionManagerCustomizers matched:
      - @ConditionalOnMissingBean (types: org.springframework.boot.autoconfigure.transaction.TransactionManagerCustomiz
ers; SearchStrategy: all) did not find any beans (OnBeanCondition)

   WebClientAutoConfiguration matched:
      - @ConditionalOnClass found required class 'org.springframework.web.reactive.function.client.WebClient' (OnClassC
ondition)

   WebClientAutoConfiguration#webClientBuilder matched:
      - @ConditionalOnMissingBean (types: org.springframework.web.reactive.function.client.WebClient$Builder; SearchStr
ategy: all) did not find any beans (OnBeanCondition)

   WebClientAutoConfiguration#webClientSsl matched:
      - @ConditionalOnBean (types: org.springframework.boot.ssl.SslBundles; SearchStrategy: all) found bean 'sslBundleR
egistry'; @ConditionalOnMissingBean (types: org.springframework.boot.autoconfigure.web.reactive.function.client.WebClie
ntSsl; SearchStrategy: all) did not find any beans (OnBeanCondition)

   WebClientAutoConfiguration.WebClientCodecsConfiguration matched:
      - @ConditionalOnBean (types: org.springframework.boot.web.codec.CodecCustomizer; SearchStrategy: all) found beans
 'jacksonCodecCustomizer', 'defaultCodecCustomizer' (OnBeanCondition)

   WebClientAutoConfiguration.WebClientCodecsConfiguration#exchangeStrategiesCustomizer matched:
      - @ConditionalOnMissingBean (types: org.springframework.boot.autoconfigure.web.reactive.function.client.WebClient
CodecCustomizer; SearchStrategy: all) did not find any beans (OnBeanCondition)

   WebMvcAutoConfiguration matched:
      - @ConditionalOnClass found required classes 'jakarta.servlet.Servlet', 'org.springframework.web.servlet.Dispatch
erServlet', 'org.springframework.web.servlet.config.annotation.WebMvcConfigurer' (OnClassCondition)
      - found 'session' scope (OnWebApplicationCondition)
      - @ConditionalOnMissingBean (types: org.springframework.web.servlet.config.annotation.WebMvcConfigurationSupport;
 SearchStrategy: all) did not find any beans (OnBeanCondition)

   WebMvcAutoConfiguration#formContentFilter matched:
      - @ConditionalOnProperty (spring.mvc.formcontent.filter.enabled) matched (OnPropertyCondition)
      - @ConditionalOnMissingBean (types: org.springframework.web.filter.FormContentFilter; SearchStrategy: all) did no
t find any beans (OnBeanCondition)

   WebMvcAutoConfiguration.EnableWebMvcConfiguration#flashMapManager matched:
      - @ConditionalOnMissingBean (names: flashMapManager; SearchStrategy: all) did not find any beans (OnBeanCondition
)

   WebMvcAutoConfiguration.EnableWebMvcConfiguration#localeResolver matched:
      - @ConditionalOnMissingBean (names: localeResolver; SearchStrategy: all) did not find any beans (OnBeanCondition)

   WebMvcAutoConfiguration.EnableWebMvcConfiguration#themeResolver matched:
      - @ConditionalOnMissingBean (names: themeResolver; SearchStrategy: all) did not find any beans (OnBeanCondition)

   WebMvcAutoConfiguration.WebMvcAutoConfigurationAdapter#defaultViewResolver matched:
      - @ConditionalOnMissingBean (types: org.springframework.web.servlet.view.InternalResourceViewResolver; SearchStra
tegy: all) did not find any beans (OnBeanCondition)

   WebMvcAutoConfiguration.WebMvcAutoConfigurationAdapter#requestContextFilter matched:
      - @ConditionalOnMissingBean (types: org.springframework.web.context.request.RequestContextListener,org.springfram
ework.web.filter.RequestContextFilter; SearchStrategy: all) did not find any beans (OnBeanCondition)

   WebMvcAutoConfiguration.WebMvcAutoConfigurationAdapter#viewResolver matched:
      - @ConditionalOnBean (types: org.springframework.web.servlet.ViewResolver; SearchStrategy: all) found beans 'defa
ultViewResolver', 'beanNameViewResolver', 'mvcViewResolver'; @ConditionalOnMissingBean (names: viewResolver types: org.
springframework.web.servlet.view.ContentNegotiatingViewResolver; SearchStrategy: all) did not find any beans (OnBeanCon
dition)

   WebSocketServletAutoConfiguration matched:
      - @ConditionalOnClass found required classes 'jakarta.servlet.Servlet', 'jakarta.websocket.server.ServerContainer
' (OnClassCondition)
      - found 'session' scope (OnWebApplicationCondition)

   WebSocketServletAutoConfiguration.TomcatWebSocketConfiguration matched:
      - @ConditionalOnClass found required classes 'org.apache.catalina.startup.Tomcat', 'org.apache.tomcat.websocket.s
erver.WsSci' (OnClassCondition)

   WebSocketServletAutoConfiguration.TomcatWebSocketConfiguration#websocketServletWebServerCustomizer matched:
      - @ConditionalOnMissingBean (names: websocketServletWebServerCustomizer; SearchStrategy: all) did not find any be
ans (OnBeanCondition)


Negative matches:
-----------------

   ActiveMQAutoConfiguration:
      Did not match:
         - @ConditionalOnClass did not find required class 'jakarta.jms.ConnectionFactory' (OnClassCondition)

   AopAutoConfiguration.AspectJAutoProxyingConfiguration:
      Did not match:
         - @ConditionalOnClass did not find required class 'org.aspectj.weaver.Advice' (OnClassCondition)

   ArtemisAutoConfiguration:
      Did not match:
         - @ConditionalOnClass did not find required class 'jakarta.jms.ConnectionFactory' (OnClassCondition)

   BatchAutoConfiguration:
      Did not match:
         - @ConditionalOnClass did not find required class 'org.springframework.batch.core.launch.JobLauncher' (OnClass
Condition)

   Cache2kCacheConfiguration:
      Did not match:
         - @ConditionalOnClass did not find required class 'org.cache2k.Cache2kBuilder' (OnClassCondition)

   CacheAutoConfiguration:
      Did not match:
         - @ConditionalOnBean (types: org.springframework.cache.interceptor.CacheAspectSupport; SearchStrategy: all) di
d not find any beans of type org.springframework.cache.interceptor.CacheAspectSupport (OnBeanCondition)
      Matched:
         - @ConditionalOnClass found required class 'org.springframework.cache.CacheManager' (OnClassCondition)

   CacheAutoConfiguration.CacheManagerEntityManagerFactoryDependsOnPostProcessor:
      Did not match:
         - @ConditionalOnClass did not find required class 'org.springframework.orm.jpa.LocalContainerEntityManagerFact
oryBean' (OnClassCondition)
         - Ancestor org.springframework.boot.autoconfigure.cache.CacheAutoConfiguration did not match (ConditionEvaluat
ionReport.AncestorsMatchedCondition)

   CaffeineCacheConfiguration:
      Did not match:
         - @ConditionalOnClass did not find required class 'com.github.benmanes.caffeine.cache.Caffeine' (OnClassCondit
ion)

   CassandraAutoConfiguration:
      Did not match:
         - @ConditionalOnClass did not find required class 'com.datastax.oss.driver.api.core.CqlSession' (OnClassCondit
ion)

   CassandraDataAutoConfiguration:
      Did not match:
         - @ConditionalOnClass did not find required class 'com.datastax.oss.driver.api.core.CqlSession' (OnClassCondit
ion)

   CassandraReactiveDataAutoConfiguration:
      Did not match:
         - @ConditionalOnClass did not find required class 'com.datastax.oss.driver.api.core.CqlSession' (OnClassCondit
ion)

   CassandraReactiveRepositoriesAutoConfiguration:
      Did not match:
         - @ConditionalOnClass did not find required class 'org.springframework.data.cassandra.ReactiveSession' (OnClas
sCondition)

   CassandraRepositoriesAutoConfiguration:
      Did not match:
         - @ConditionalOnClass did not find required class 'com.datastax.oss.driver.api.core.CqlSession' (OnClassCondit
ion)

   ChatClientAutoConfiguration.TracerNotPresentObservationConfiguration#chatClientCompletionObservationHandler:
      Did not match:
         - @ConditionalOnProperty (spring.ai.chat.client.observations.log-completion=true) did not find property 'log-c
ompletion' (OnPropertyCondition)

   ChatClientAutoConfiguration.TracerNotPresentObservationConfiguration#chatClientPromptContentObservationHandler:
      Did not match:
         - @ConditionalOnProperty (spring.ai.chat.client.observations.log-prompt=true) did not find property 'log-promp
t' (OnPropertyCondition)

   ChatClientAutoConfiguration.TracerPresentObservationConfiguration:
      Did not match:
         - @ConditionalOnClass did not find required class 'io.micrometer.tracing.Tracer' (OnClassCondition)

   ChatObservationAutoConfiguration#chatModelMeterObservationHandler:
      Did not match:
         - @ConditionalOnBean (types: io.micrometer.core.instrument.MeterRegistry; SearchStrategy: all) did not find an
y beans of type io.micrometer.core.instrument.MeterRegistry (OnBeanCondition)

   ChatObservationAutoConfiguration.TracerNotPresentObservationConfiguration#chatModelCompletionObservationHandler:
      Did not match:
         - @ConditionalOnProperty (spring.ai.chat.observations.log-completion=true) did not find property 'log-completi
on' (OnPropertyCondition)

   ChatObservationAutoConfiguration.TracerNotPresentObservationConfiguration#chatModelPromptContentObservationHandler:
      Did not match:
         - @ConditionalOnProperty (spring.ai.chat.observations.log-prompt=true) did not find property 'log-prompt' (OnP
ropertyCondition)

   ChatObservationAutoConfiguration.TracerPresentObservationConfiguration:
      Did not match:
         - @ConditionalOnClass did not find required class 'io.micrometer.tracing.Tracer' (OnClassCondition)

   ClientHttpConnectorFactoryConfiguration.HttpClient5:
      Did not match:
         - @ConditionalOnClass did not find required classes 'org.apache.hc.client5.http.impl.async.HttpAsyncClients', 
'org.apache.hc.core5.http.nio.AsyncRequestProducer', 'org.apache.hc.core5.reactive.ReactiveResponseConsumer' (OnClassCo
ndition)

   ClientHttpConnectorFactoryConfiguration.ReactorNetty:
      Did not match:
         - @ConditionalOnClass did not find required class 'reactor.netty.http.client.HttpClient' (OnClassCondition)

   CouchbaseAutoConfiguration:
      Did not match:
         - @ConditionalOnClass did not find required class 'com.couchbase.client.java.Cluster' (OnClassCondition)

   CouchbaseCacheConfiguration:
      Did not match:
         - @ConditionalOnClass did not find required class 'com.couchbase.client.java.Cluster' (OnClassCondition)

   CouchbaseDataAutoConfiguration:
      Did not match:
         - @ConditionalOnClass did not find required class 'com.couchbase.client.java.Bucket' (OnClassCondition)

   CouchbaseReactiveDataAutoConfiguration:
      Did not match:
         - @ConditionalOnClass did not find required class 'com.couchbase.client.java.Cluster' (OnClassCondition)

   CouchbaseReactiveRepositoriesAutoConfiguration:
      Did not match:
         - @ConditionalOnClass did not find required class 'com.couchbase.client.java.Cluster' (OnClassCondition)

   CouchbaseRepositoriesAutoConfiguration:
      Did not match:
         - @ConditionalOnClass did not find required class 'com.couchbase.client.java.Bucket' (OnClassCondition)

   DashScopeAgentAutoConfiguration:
      Did not match:
         - @ConditionalOnProperty (spring.ai.dashscope.enabled) found different value in property 'spring.ai.dashscope.
enabled' (OnPropertyCondition)
      Matched:
         - @ConditionalOnClass found required class 'com.alibaba.cloud.ai.dashscope.api.DashScopeApi' (OnClassCondition
)

   DashScopeAudioSpeechAutoConfiguration:
      Did not match:
         - @ConditionalOnProperty (spring.ai.dashscope.enabled) found different value in property 'spring.ai.dashscope.
enabled' (OnPropertyCondition)
      Matched:
         - @ConditionalOnClass found required class 'com.alibaba.cloud.ai.dashscope.api.DashScopeAudioSpeechApi' (OnCla
ssCondition)

   DashScopeAudioTranscriptionAutoConfiguration:
      Did not match:
         - @ConditionalOnProperty (spring.ai.dashscope.enabled) found different value in property 'spring.ai.dashscope.
enabled' (OnPropertyCondition)
      Matched:
         - @ConditionalOnClass found required class 'com.alibaba.cloud.ai.dashscope.api.DashScopeAudioTranscriptionApi'
 (OnClassCondition)

   DashScopeChatAutoConfiguration:
      Did not match:
         - @ConditionalOnProperty (spring.ai.dashscope.enabled) found different value in property 'spring.ai.dashscope.
enabled' (OnPropertyCondition)
      Matched:
         - @ConditionalOnClass found required class 'com.alibaba.cloud.ai.dashscope.api.DashScopeApi' (OnClassCondition
)

   DashScopeEmbeddingAutoConfiguration:
      Did not match:
         - @ConditionalOnProperty (spring.ai.dashscope.enabled) found different value in property 'spring.ai.dashscope.
enabled' (OnPropertyCondition)
      Matched:
         - @ConditionalOnClass found required class 'com.alibaba.cloud.ai.dashscope.api.DashScopeApi' (OnClassCondition
)

   DashScopeImageAutoConfiguration:
      Did not match:
         - @ConditionalOnProperty (spring.ai.dashscope.enabled) found different value in property 'spring.ai.dashscope.
enabled' (OnPropertyCondition)
      Matched:
         - @ConditionalOnClass found required class 'com.alibaba.cloud.ai.dashscope.api.DashScopeImageApi' (OnClassCond
ition)

   DashScopeRerankAutoConfiguration:
      Did not match:
         - @ConditionalOnProperty (spring.ai.dashscope.enabled) found different value in property 'spring.ai.dashscope.
enabled' (OnPropertyCondition)
      Matched:
         - @ConditionalOnClass found required class 'com.alibaba.cloud.ai.dashscope.api.DashScopeApi' (OnClassCondition
)

   DashScopeVideoAutoConfiguration:
      Did not match:
         - @ConditionalOnProperty (spring.ai.dashscope.enabled) found different value in property 'spring.ai.dashscope.
enabled' (OnPropertyCondition)
      Matched:
         - @ConditionalOnClass found required class 'com.alibaba.cloud.ai.dashscope.api.DashScopeVideoApi' (OnClassCond
ition)

   DataSourceAutoConfiguration.EmbeddedDatabaseConfiguration:
      Did not match:
         - EmbeddedDataSource spring.datasource.url is set (DataSourceAutoConfiguration.EmbeddedDatabaseCondition)

   DataSourceCheckpointRestoreConfiguration:
      Did not match:
         - @ConditionalOnClass did not find required class 'org.crac.Resource' (OnClassCondition)

   DataSourceConfiguration.Dbcp2:
      Did not match:
         - @ConditionalOnClass did not find required class 'org.apache.commons.dbcp2.BasicDataSource' (OnClassCondition
)

   DataSourceConfiguration.Generic:
      Did not match:
         - @ConditionalOnProperty (spring.datasource.type) did not find property 'spring.datasource.type' (OnPropertyCo
ndition)

   DataSourceConfiguration.OracleUcp:
      Did not match:
         - @ConditionalOnClass did not find required classes 'oracle.ucp.jdbc.PoolDataSourceImpl', 'oracle.jdbc.OracleC
onnection' (OnClassCondition)

   DataSourceConfiguration.Tomcat:
      Did not match:
         - @ConditionalOnClass did not find required class 'org.apache.tomcat.jdbc.pool.DataSource' (OnClassCondition)

   DataSourceJmxConfiguration:
      Did not match:
         - @ConditionalOnProperty (spring.jmx.enabled=true) found different value in property 'enabled' (OnPropertyCond
ition)

   DataSourcePoolMetadataProvidersConfiguration.CommonsDbcp2PoolDataSourceMetadataProviderConfiguration:
      Did not match:
         - @ConditionalOnClass did not find required class 'org.apache.commons.dbcp2.BasicDataSource' (OnClassCondition
)

   DataSourcePoolMetadataProvidersConfiguration.OracleUcpPoolDataSourceMetadataProviderConfiguration:
      Did not match:
         - @ConditionalOnClass did not find required classes 'oracle.ucp.jdbc.PoolDataSource', 'oracle.jdbc.OracleConne
ction' (OnClassCondition)

   DataSourcePoolMetadataProvidersConfiguration.TomcatDataSourcePoolMetadataProviderConfiguration:
      Did not match:
         - @ConditionalOnClass did not find required class 'org.apache.tomcat.jdbc.pool.DataSource' (OnClassCondition)

   DdlAutoConfiguration#ddlApplicationRunner:
      Did not match:
         - @ConditionalOnBean (types: com.baomidou.mybatisplus.extension.ddl.IDdl; SearchStrategy: all) did not find an
y beans of type com.baomidou.mybatisplus.extension.ddl.IDdl (OnBeanCondition)

   DispatcherServletAutoConfiguration.DispatcherServletConfiguration#multipartResolver:
      Did not match:
         - @ConditionalOnBean (types: org.springframework.web.multipart.MultipartResolver; SearchStrategy: all) did not
 find any beans of type org.springframework.web.multipart.MultipartResolver (OnBeanCondition)

   ElasticsearchClientAutoConfiguration:
      Did not match:
         - @ConditionalOnClass did not find required class 'co.elastic.clients.elasticsearch.ElasticsearchClient' (OnCl
assCondition)

   ElasticsearchDataAutoConfiguration:
      Did not match:
         - @ConditionalOnClass did not find required class 'org.springframework.data.elasticsearch.client.elc.Elasticse
archTemplate' (OnClassCondition)

   ElasticsearchRepositoriesAutoConfiguration:
      Did not match:
         - @ConditionalOnClass did not find required class 'org.springframework.data.elasticsearch.repository.Elasticse
archRepository' (OnClassCondition)

   ElasticsearchRestClientAutoConfiguration:
      Did not match:
         - @ConditionalOnClass did not find required class 'org.elasticsearch.client.RestClientBuilder' (OnClassConditi
on)

   EmbeddedLdapAutoConfiguration:
      Did not match:
         - @ConditionalOnClass did not find required class 'com.unboundid.ldap.listener.InMemoryDirectoryServer' (OnCla
ssCondition)

   EmbeddedWebServerFactoryCustomizerAutoConfiguration:
      Did not match:
         - Application is deployed as a WAR file. (OnWarDeploymentCondition)
      Matched:
         - @ConditionalOnWebApplication (required) found 'session' scope (OnWebApplicationCondition)

   EmbeddingObservationAutoConfiguration#embeddingModelMeterObservationHandler:
      Did not match:
         - @ConditionalOnBean (types: io.micrometer.core.instrument.MeterRegistry; SearchStrategy: all) did not find an
y beans of type io.micrometer.core.instrument.MeterRegistry (OnBeanCondition)

   ErrorWebFluxAutoConfiguration:
      Did not match:
         - not a reactive web application (OnWebApplicationCondition)
      Matched:
         - @ConditionalOnClass found required class 'org.springframework.web.reactive.config.WebFluxConfigurer' (OnClas
sCondition)

   FlywayAutoConfiguration:
      Did not match:
         - @ConditionalOnClass did not find required class 'org.flywaydb.core.Flyway' (OnClassCondition)

   FreeMarkerAutoConfiguration:
      Did not match:
         - @ConditionalOnClass did not find required class 'freemarker.template.Configuration' (OnClassCondition)

   GraphQlAutoConfiguration:
      Did not match:
         - @ConditionalOnClass did not find required class 'graphql.GraphQL' (OnClassCondition)

   GraphQlQueryByExampleAutoConfiguration:
      Did not match:
         - @ConditionalOnClass did not find required class 'graphql.GraphQL' (OnClassCondition)

   GraphQlQuerydslAutoConfiguration:
      Did not match:
         - @ConditionalOnClass did not find required class 'com.querydsl.core.Query' (OnClassCondition)

   GraphQlRSocketAutoConfiguration:
      Did not match:
         - @ConditionalOnClass did not find required class 'graphql.GraphQL' (OnClassCondition)

   GraphQlReactiveQueryByExampleAutoConfiguration:
      Did not match:
         - @ConditionalOnClass did not find required class 'graphql.GraphQL' (OnClassCondition)

   GraphQlReactiveQuerydslAutoConfiguration:
      Did not match:
         - @ConditionalOnClass did not find required class 'com.querydsl.core.Query' (OnClassCondition)

   GraphQlWebFluxAutoConfiguration:
      Did not match:
         - @ConditionalOnClass did not find required class 'graphql.GraphQL' (OnClassCondition)

   GraphQlWebFluxSecurityAutoConfiguration:
      Did not match:
         - @ConditionalOnClass did not find required class 'graphql.GraphQL' (OnClassCondition)

   GraphQlWebMvcAutoConfiguration:
      Did not match:
         - @ConditionalOnClass did not find required class 'graphql.GraphQL' (OnClassCondition)

   GraphQlWebMvcSecurityAutoConfiguration:
      Did not match:
         - @ConditionalOnClass did not find required class 'graphql.GraphQL' (OnClassCondition)

   GroovyTemplateAutoConfiguration:
      Did not match:
         - @ConditionalOnClass did not find required class 'groovy.text.markup.MarkupTemplateEngine' (OnClassCondition)

   GsonAutoConfiguration:
      Did not match:
         - @ConditionalOnClass did not find required class 'com.google.gson.Gson' (OnClassCondition)

   GsonHttpMessageConvertersConfiguration:
      Did not match:
         - @ConditionalOnClass did not find required class 'com.google.gson.Gson' (OnClassCondition)

   H2ConsoleAutoConfiguration:
      Did not match:
         - @ConditionalOnProperty (spring.h2.console.enabled=true) found different value in property 'enabled' (OnPrope
rtyCondition)
      Matched:
         - @ConditionalOnClass found required class 'org.h2.server.web.JakartaWebServlet' (OnClassCondition)
         - found 'session' scope (OnWebApplicationCondition)

   HazelcastAutoConfiguration:
      Did not match:
         - @ConditionalOnClass did not find required class 'com.hazelcast.core.HazelcastInstance' (OnClassCondition)

   HazelcastCacheConfiguration:
      Did not match:
         - @ConditionalOnClass did not find required class 'com.hazelcast.core.HazelcastInstance' (OnClassCondition)

   HazelcastJpaDependencyAutoConfiguration:
      Did not match:
         - @ConditionalOnClass did not find required class 'com.hazelcast.core.HazelcastInstance' (OnClassCondition)

   HibernateJpaAutoConfiguration:
      Did not match:
         - @ConditionalOnClass did not find required class 'jakarta.persistence.EntityManager' (OnClassCondition)

   HttpHandlerAutoConfiguration:
      Did not match:
         - not a reactive web application (OnWebApplicationCondition)
      Matched:
         - @ConditionalOnClass found required classes 'org.springframework.web.reactive.DispatcherHandler', 'org.spring
framework.http.server.reactive.HttpHandler' (OnClassCondition)

   HypermediaAutoConfiguration:
      Did not match:
         - @ConditionalOnClass did not find required class 'org.springframework.hateoas.EntityModel' (OnClassCondition)

   IdentifierGeneratorAutoConfiguration:
      Did not match:
         - @ConditionalOnClass did not find required class 'org.springframework.cloud.commons.util.InetUtils' (OnClassC
ondition)

   ImageObservationAutoConfiguration.TracerNotPresentObservationConfiguration#imageModelPromptContentObservationHandler
:
      Did not match:
         - @ConditionalOnProperty (spring.ai.image.observations.log-prompt=true) did not find property 'log-prompt' (On
PropertyCondition)

   ImageObservationAutoConfiguration.TracerPresentObservationConfiguration:
      Did not match:
         - @ConditionalOnClass did not find required class 'io.micrometer.tracing.Tracer' (OnClassCondition)

   InfinispanCacheConfiguration:
      Did not match:
         - @ConditionalOnClass did not find required class 'org.infinispan.spring.embedded.provider.SpringEmbeddedCache
Manager' (OnClassCondition)

   InfluxDbAutoConfiguration:
      Did not match:
         - @ConditionalOnClass did not find required class 'org.influxdb.InfluxDB' (OnClassCondition)

   IntegrationAutoConfiguration:
      Did not match:
         - @ConditionalOnClass did not find required class 'org.springframework.integration.config.EnableIntegration' (
OnClassCondition)

   JCacheCacheConfiguration:
      Did not match:
         - @ConditionalOnClass did not find required class 'javax.cache.Caching' (OnClassCondition)

   JacksonHttpMessageConvertersConfiguration.MappingJackson2XmlHttpMessageConverterConfiguration:
      Did not match:
         - @ConditionalOnClass did not find required class 'com.fasterxml.jackson.dataformat.xml.XmlMapper' (OnClassCon
dition)

   JdbcRepositoriesAutoConfiguration:
      Did not match:
         - @ConditionalOnClass did not find required class 'org.springframework.data.jdbc.repository.config.AbstractJdb
cConfiguration' (OnClassCondition)

   JerseyAutoConfiguration:
      Did not match:
         - @ConditionalOnClass did not find required class 'org.glassfish.jersey.server.spring.SpringComponentProvider'
 (OnClassCondition)

   JmsAutoConfiguration:
      Did not match:
         - @ConditionalOnClass did not find required class 'jakarta.jms.Message' (OnClassCondition)

   JmxAutoConfiguration:
      Did not match:
         - @ConditionalOnProperty (spring.jmx.enabled=true) found different value in property 'enabled' (OnPropertyCond
ition)
      Matched:
         - @ConditionalOnClass found required class 'org.springframework.jmx.export.MBeanExporter' (OnClassCondition)

   JndiConnectionFactoryAutoConfiguration:
      Did not match:
         - @ConditionalOnClass did not find required class 'org.springframework.jms.core.JmsTemplate' (OnClassCondition
)

   JndiDataSourceAutoConfiguration:
      Did not match:
         - @ConditionalOnProperty (spring.datasource.jndi-name) did not find property 'jndi-name' (OnPropertyCondition)
      Matched:
         - @ConditionalOnClass found required classes 'javax.sql.DataSource', 'org.springframework.jdbc.datasource.embe
dded.EmbeddedDatabaseType' (OnClassCondition)

   JooqAutoConfiguration:
      Did not match:
         - @ConditionalOnClass did not find required class 'org.jooq.DSLContext' (OnClassCondition)

   JpaRepositoriesAutoConfiguration:
      Did not match:
         - @ConditionalOnClass did not find required class 'org.springframework.data.jpa.repository.JpaRepository' (OnC
lassCondition)

   JsonbAutoConfiguration:
      Did not match:
         - @ConditionalOnClass did not find required class 'jakarta.json.bind.Jsonb' (OnClassCondition)

   JsonbHttpMessageConvertersConfiguration:
      Did not match:
         - @ConditionalOnClass did not find required class 'jakarta.json.bind.Jsonb' (OnClassCondition)

   JtaAutoConfiguration:
      Did not match:
         - @ConditionalOnClass did not find required class 'jakarta.transaction.Transaction' (OnClassCondition)

   KafkaAutoConfiguration:
      Did not match:
         - @ConditionalOnClass did not find required class 'org.springframework.kafka.core.KafkaTemplate' (OnClassCondi
tion)

   LdapAutoConfiguration:
      Did not match:
         - @ConditionalOnClass did not find required class 'org.springframework.ldap.core.ContextSource' (OnClassCondit
ion)

   LdapRepositoriesAutoConfiguration:
      Did not match:
         - @ConditionalOnClass did not find required class 'org.springframework.data.ldap.repository.LdapRepository' (O
nClassCondition)

   LiquibaseAutoConfiguration:
      Did not match:
         - @ConditionalOnClass did not find required class 'liquibase.change.DatabaseChange' (OnClassCondition)

   MailSenderAutoConfiguration:
      Did not match:
         - @ConditionalOnClass did not find required class 'jakarta.mail.internet.MimeMessage' (OnClassCondition)

   MailSenderValidatorAutoConfiguration:
      Did not match:
         - @ConditionalOnProperty (spring.mail.test-connection) did not find property 'test-connection' (OnPropertyCond
ition)

   MessageSourceAutoConfiguration:
      Did not match:
         - ResourceBundle did not find bundle with basename messages (MessageSourceAutoConfiguration.ResourceBundleCond
ition)

   MongoAutoConfiguration:
      Did not match:
         - @ConditionalOnClass did not find required class 'com.mongodb.client.MongoClient' (OnClassCondition)

   MongoDataAutoConfiguration:
      Did not match:
         - @ConditionalOnClass did not find required class 'com.mongodb.client.MongoClient' (OnClassCondition)

   MongoReactiveAutoConfiguration:
      Did not match:
         - @ConditionalOnClass did not find required class 'com.mongodb.reactivestreams.client.MongoClient' (OnClassCon
dition)

   MongoReactiveDataAutoConfiguration:
      Did not match:
         - @ConditionalOnClass did not find required class 'com.mongodb.reactivestreams.client.MongoClient' (OnClassCon
dition)

   MongoReactiveRepositoriesAutoConfiguration:
      Did not match:
         - @ConditionalOnClass did not find required class 'com.mongodb.reactivestreams.client.MongoClient' (OnClassCon
dition)

   MongoRepositoriesAutoConfiguration:
      Did not match:
         - @ConditionalOnClass did not find required class 'com.mongodb.client.MongoClient' (OnClassCondition)

   MustacheAutoConfiguration:
      Did not match:
         - @ConditionalOnClass did not find required class 'com.samskivert.mustache.Mustache' (OnClassCondition)

   MybatisPlusAutoConfiguration.MapperScannerRegistrarNotFoundConfiguration:
      Did not match:
         - @ConditionalOnMissingBean (types: org.mybatis.spring.mapper.MapperFactoryBean,org.mybatis.spring.mapper.Mapp
erScannerConfigurer; SearchStrategy: all) found beans of type 'org.mybatis.spring.mapper.MapperScannerConfigurer' com.t
lq.rectagent.RectAgentApplication#MapperScannerRegistrar#0 (OnBeanCondition)

   MybatisPlusInnerInterceptorAutoConfiguration:
      Did not match:
         - @ConditionalOnBean (types: com.baomidou.mybatisplus.extension.plugins.inner.InnerInterceptor; SearchStrategy
: all) did not find any beans of type com.baomidou.mybatisplus.extension.plugins.inner.InnerInterceptor (OnBeanConditio
n)

   MybatisPlusLanguageDriverAutoConfiguration.FreeMarkerConfiguration:
      Did not match:
         - @ConditionalOnClass did not find required classes 'org.mybatis.scripting.freemarker.FreeMarkerLanguageDriver
', 'org.mybatis.scripting.freemarker.FreeMarkerLanguageDriverConfig' (OnClassCondition)

   MybatisPlusLanguageDriverAutoConfiguration.LegacyFreeMarkerConfiguration:
      Did not match:
         - @ConditionalOnClass did not find required class 'org.mybatis.scripting.freemarker.FreeMarkerLanguageDriver' 
(OnClassCondition)

   MybatisPlusLanguageDriverAutoConfiguration.LegacyVelocityConfiguration:
      Did not match:
         - @ConditionalOnClass did not find required class 'org.mybatis.scripting.velocity.Driver' (OnClassCondition)

   MybatisPlusLanguageDriverAutoConfiguration.ThymeleafConfiguration:
      Did not match:
         - @ConditionalOnClass did not find required class 'org.mybatis.scripting.thymeleaf.ThymeleafLanguageDriver' (O
nClassCondition)

   MybatisPlusLanguageDriverAutoConfiguration.VelocityConfiguration:
      Did not match:
         - @ConditionalOnClass did not find required classes 'org.mybatis.scripting.velocity.VelocityLanguageDriver', '
org.mybatis.scripting.velocity.VelocityLanguageDriverConfig' (OnClassCondition)

   Neo4jAutoConfiguration:
      Did not match:
         - @ConditionalOnClass did not find required class 'org.neo4j.driver.Driver' (OnClassCondition)

   Neo4jDataAutoConfiguration:
      Did not match:
         - @ConditionalOnClass did not find required class 'org.neo4j.driver.Driver' (OnClassCondition)

   Neo4jReactiveDataAutoConfiguration:
      Did not match:
         - @ConditionalOnClass did not find required class 'org.neo4j.driver.Driver' (OnClassCondition)

   Neo4jReactiveRepositoriesAutoConfiguration:
      Did not match:
         - @ConditionalOnClass did not find required class 'org.neo4j.driver.Driver' (OnClassCondition)

   Neo4jRepositoriesAutoConfiguration:
      Did not match:
         - @ConditionalOnClass did not find required class 'org.neo4j.driver.Driver' (OnClassCondition)

   NettyAutoConfiguration:
      Did not match:
         - @ConditionalOnClass did not find required class 'io.netty.util.NettyRuntime' (OnClassCondition)

   OAuth2AuthorizationServerAutoConfiguration:
      Did not match:
         - @ConditionalOnClass did not find required class 'org.springframework.security.oauth2.server.authorization.OA
uth2Authorization' (OnClassCondition)

   OAuth2AuthorizationServerJwtAutoConfiguration:
      Did not match:
         - @ConditionalOnClass did not find required class 'org.springframework.security.oauth2.server.authorization.OA
uth2Authorization' (OnClassCondition)

   OAuth2ClientAutoConfiguration:
      Did not match:
         - @ConditionalOnClass did not find required class 'org.springframework.security.config.annotation.web.configur
ation.EnableWebSecurity' (OnClassCondition)

   OAuth2ResourceServerAutoConfiguration:
      Did not match:
         - @ConditionalOnClass did not find required class 'org.springframework.security.oauth2.server.resource.authent
ication.BearerTokenAuthenticationToken' (OnClassCondition)

   ProjectInfoAutoConfiguration#buildProperties:
      Did not match:
         - @ConditionalOnResource did not find resource '${spring.info.build.location:classpath:META-INF/build-info.pro
perties}' (OnResourceCondition)

   ProjectInfoAutoConfiguration#gitProperties:
      Did not match:
         - GitResource did not find git info at classpath:git.properties (ProjectInfoAutoConfiguration.GitResourceAvail
ableCondition)

   PulsarAutoConfiguration:
      Did not match:
         - @ConditionalOnClass did not find required class 'org.apache.pulsar.client.api.PulsarClient' (OnClassConditio
n)

   PulsarReactiveAutoConfiguration:
      Did not match:
         - @ConditionalOnClass did not find required class 'org.apache.pulsar.client.api.PulsarClient' (OnClassConditio
n)

   QuartzAutoConfiguration:
      Did not match:
         - @ConditionalOnClass did not find required class 'org.quartz.Scheduler' (OnClassCondition)

   R2dbcAutoConfiguration:
      Did not match:
         - @ConditionalOnClass did not find required class 'io.r2dbc.spi.ConnectionFactory' (OnClassCondition)

   R2dbcDataAutoConfiguration:
      Did not match:
         - @ConditionalOnClass did not find required class 'org.springframework.data.r2dbc.core.R2dbcEntityTemplate' (O
nClassCondition)

   R2dbcInitializationConfiguration:
      Did not match:
         - @ConditionalOnClass did not find required classes 'io.r2dbc.spi.ConnectionFactory', 'org.springframework.r2d
bc.connection.init.DatabasePopulator' (OnClassCondition)

   R2dbcRepositoriesAutoConfiguration:
      Did not match:
         - @ConditionalOnClass did not find required class 'io.r2dbc.spi.ConnectionFactory' (OnClassCondition)

   R2dbcTransactionManagerAutoConfiguration:
      Did not match:
         - @ConditionalOnClass did not find required class 'org.springframework.r2dbc.connection.R2dbcTransactionManage
r' (OnClassCondition)

   RSocketGraphQlClientAutoConfiguration:
      Did not match:
         - @ConditionalOnClass did not find required class 'graphql.GraphQL' (OnClassCondition)

   RSocketMessagingAutoConfiguration:
      Did not match:
         - @ConditionalOnClass did not find required class 'io.rsocket.RSocket' (OnClassCondition)

   RSocketRequesterAutoConfiguration:
      Did not match:
         - @ConditionalOnClass did not find required class 'io.rsocket.RSocket' (OnClassCondition)

   RSocketSecurityAutoConfiguration:
      Did not match:
         - @ConditionalOnClass did not find required class 'org.springframework.security.rsocket.core.SecuritySocketAcc
eptorInterceptor' (OnClassCondition)

   RSocketServerAutoConfiguration:
      Did not match:
         - @ConditionalOnClass did not find required class 'io.rsocket.core.RSocketServer' (OnClassCondition)

   RSocketStrategiesAutoConfiguration:
      Did not match:
         - @ConditionalOnClass did not find required class 'io.netty.buffer.PooledByteBufAllocator' (OnClassCondition)

   RabbitAutoConfiguration:
      Did not match:
         - @ConditionalOnClass did not find required class 'com.rabbitmq.client.Channel' (OnClassCondition)

   ReactiveElasticsearchClientAutoConfiguration:
      Did not match:
         - @ConditionalOnClass did not find required class 'co.elastic.clients.transport.ElasticsearchTransport' (OnCla
ssCondition)

   ReactiveElasticsearchRepositoriesAutoConfiguration:
      Did not match:
         - @ConditionalOnClass did not find required class 'org.springframework.data.elasticsearch.client.elc.ReactiveE
lasticsearchClient' (OnClassCondition)

   ReactiveMultipartAutoConfiguration:
      Did not match:
         - not a reactive web application (OnWebApplicationCondition)
      Matched:
         - @ConditionalOnClass found required classes 'org.springframework.http.codec.multipart.DefaultPartHttpMessageR
eader', 'org.springframework.web.reactive.config.WebFluxConfigurer' (OnClassCondition)

   ReactiveOAuth2ClientAutoConfiguration:
      Did not match:
         - @ConditionalOnClass did not find required class 'org.springframework.security.config.annotation.web.reactive
.EnableWebFluxSecurity' (OnClassCondition)

   ReactiveOAuth2ResourceServerAutoConfiguration:
      Did not match:
         - @ConditionalOnClass did not find required class 'org.springframework.security.config.annotation.web.reactive
.EnableWebFluxSecurity' (OnClassCondition)

   ReactiveSecurityAutoConfiguration:
      Did not match:
         - @ConditionalOnClass did not find required class 'org.springframework.security.config.annotation.web.reactive
.EnableWebFluxSecurity' (OnClassCondition)

   ReactiveUserDetailsServiceAutoConfiguration:
      Did not match:
         - @ConditionalOnClass did not find required class 'org.springframework.security.authentication.ReactiveAuthent
icationManager' (OnClassCondition)

   ReactiveWebServerFactoryAutoConfiguration:
      Did not match:
         - not a reactive web application (OnWebApplicationCondition)
      Matched:
         - @ConditionalOnClass found required class 'org.springframework.http.ReactiveHttpInputMessage' (OnClassConditi
on)

   RedisAutoConfiguration:
      Did not match:
         - @ConditionalOnClass did not find required class 'org.springframework.data.redis.core.RedisOperations' (OnCla
ssCondition)

   RedisCacheConfiguration:
      Did not match:
         - @ConditionalOnClass did not find required class 'org.springframework.data.redis.connection.RedisConnectionFa
ctory' (OnClassCondition)

   RedisReactiveAutoConfiguration:
      Did not match:
         - @ConditionalOnClass did not find required class 'org.springframework.data.redis.connection.ReactiveRedisConn
ectionFactory' (OnClassCondition)

   RedisRepositoriesAutoConfiguration:
      Did not match:
         - @ConditionalOnClass did not find required class 'org.springframework.data.redis.repository.configuration.Ena
bleRedisRepositories' (OnClassCondition)

   RepositoryRestMvcAutoConfiguration:
      Did not match:
         - @ConditionalOnClass did not find required class 'org.springframework.data.rest.webmvc.config.RepositoryRestM
vcConfiguration' (OnClassCondition)

   Saml2RelyingPartyAutoConfiguration:
      Did not match:
         - @ConditionalOnClass did not find required class 'org.springframework.security.saml2.provider.service.registr
ation.RelyingPartyRegistrationRepository' (OnClassCondition)

   SecurityAutoConfiguration:
      Did not match:
         - @ConditionalOnClass did not find required class 'org.springframework.security.authentication.DefaultAuthenti
cationEventPublisher' (OnClassCondition)

   SecurityFilterAutoConfiguration:
      Did not match:
         - @ConditionalOnClass did not find required class 'org.springframework.security.config.http.SessionCreationPol
icy' (OnClassCondition)

   SendGridAutoConfiguration:
      Did not match:
         - @ConditionalOnClass did not find required class 'com.sendgrid.SendGrid' (OnClassCondition)

   ServletWebServerFactoryAutoConfiguration.ForwardedHeaderFilterConfiguration:
      Did not match:
         - @ConditionalOnProperty (server.forward-headers-strategy=framework) did not find property 'server.forward-hea
ders-strategy' (OnPropertyCondition)

   ServletWebServerFactoryConfiguration.EmbeddedJetty:
      Did not match:
         - @ConditionalOnClass did not find required classes 'org.eclipse.jetty.server.Server', 'org.eclipse.jetty.util
.Loader', 'org.eclipse.jetty.ee10.webapp.WebAppContext' (OnClassCondition)

   ServletWebServerFactoryConfiguration.EmbeddedUndertow:
      Did not match:
         - @ConditionalOnClass did not find required classes 'io.undertow.Undertow', 'org.xnio.SslClientAuthMode' (OnCl
assCondition)

   SessionAutoConfiguration:
      Did not match:
         - @ConditionalOnClass did not find required class 'org.springframework.session.Session' (OnClassCondition)

   SpringApplicationAdminJmxAutoConfiguration:
      Did not match:
         - @ConditionalOnProperty (spring.application.admin.enabled=true) did not find property 'enabled' (OnPropertyCo
ndition)

   SpringDataWebAutoConfiguration:
      Did not match:
         - @ConditionalOnClass did not find required class 'org.springframework.data.web.PageableHandlerMethodArgumentR
esolver' (OnClassCondition)

   TaskExecutorConfigurations.SimpleAsyncTaskExecutorBuilderConfiguration#simpleAsyncTaskExecutorBuilderVirtualThreads:
      Did not match:
         - @ConditionalOnMissingBean (types: org.springframework.boot.task.SimpleAsyncTaskExecutorBuilder; SearchStrate
gy: all) found beans of type 'org.springframework.boot.task.SimpleAsyncTaskExecutorBuilder' simpleAsyncTaskExecutorBuil
der (OnBeanCondition)

   TaskExecutorConfigurations.TaskExecutorConfiguration#applicationTaskExecutorVirtualThreads:
      Did not match:
         - @ConditionalOnThreading did not find VIRTUAL (OnThreadingCondition)

   TaskSchedulingAutoConfiguration#scheduledBeanLazyInitializationExcludeFilter:
      Did not match:
         - @ConditionalOnBean (names: org.springframework.context.annotation.internalScheduledAnnotationProcessor; Sear
chStrategy: all) did not find any beans named org.springframework.context.annotation.internalScheduledAnnotationProcess
or (OnBeanCondition)

   TaskSchedulingConfigurations.SimpleAsyncTaskSchedulerBuilderConfiguration#simpleAsyncTaskSchedulerBuilderVirtualThre
ads:
      Did not match:
         - @ConditionalOnMissingBean (types: org.springframework.boot.task.SimpleAsyncTaskSchedulerBuilder; SearchStrat
egy: all) found beans of type 'org.springframework.boot.task.SimpleAsyncTaskSchedulerBuilder' simpleAsyncTaskSchedulerB
uilder (OnBeanCondition)

   TaskSchedulingConfigurations.TaskSchedulerConfiguration:
      Did not match:
         - @ConditionalOnBean (names: org.springframework.context.annotation.internalScheduledAnnotationProcessor; Sear
chStrategy: all) did not find any beans named org.springframework.context.annotation.internalScheduledAnnotationProcess
or (OnBeanCondition)

   ThymeleafAutoConfiguration:
      Did not match:
         - @ConditionalOnClass did not find required class 'org.thymeleaf.spring6.SpringTemplateEngine' (OnClassConditi
on)

   ToolCallingAutoConfiguration#toolCallingContentObservationFilter:
      Did not match:
         - @ConditionalOnProperty (spring.ai.tools.observations.include-content=true) did not find property 'include-co
ntent' (OnPropertyCondition)

   TransactionAutoConfiguration#transactionalOperator:
      Did not match:
         - @ConditionalOnSingleCandidate (types: org.springframework.transaction.ReactiveTransactionManager; SearchStra
tegy: all) did not find any beans (OnBeanCondition)

   TransactionAutoConfiguration.AspectJTransactionManagementConfiguration:
      Did not match:
         - @ConditionalOnBean did not find required type 'org.springframework.transaction.aspectj.AbstractTransactionAs
pect' (OnBeanCondition)
         - @ConditionalOnBean (types: org.springframework.transaction.aspectj.AbstractTransactionAspect; SearchStrategy
: all) did not find any beans of type org.springframework.transaction.aspectj.AbstractTransactionAspect (OnBeanConditio
n)

   TransactionAutoConfiguration.EnableTransactionManagementConfiguration.JdkDynamicAutoProxyConfiguration:
      Did not match:
         - @ConditionalOnProperty (spring.aop.proxy-target-class=false) did not find property 'proxy-target-class' (OnP
ropertyCondition)

   UserDetailsServiceAutoConfiguration:
      Did not match:
         - @ConditionalOnClass did not find required class 'org.springframework.security.authentication.AuthenticationM
anager' (OnClassCondition)

   ValidationAutoConfiguration:
      Did not match:
         - @ConditionalOnClass did not find required class 'jakarta.validation.executable.ExecutableValidator' (OnClass
Condition)

   WebFluxAutoConfiguration:
      Did not match:
         - not a reactive web application (OnWebApplicationCondition)
      Matched:
         - @ConditionalOnClass found required class 'org.springframework.web.reactive.config.WebFluxConfigurer' (OnClas
sCondition)

   WebMvcAutoConfiguration#hiddenHttpMethodFilter:
      Did not match:
         - @ConditionalOnProperty (spring.mvc.hiddenmethod.filter.enabled) did not find property 'enabled' (OnPropertyC
ondition)

   WebMvcAutoConfiguration.ProblemDetailsErrorHandlingConfiguration:
      Did not match:
         - @ConditionalOnProperty (spring.mvc.problemdetails.enabled=true) did not find property 'enabled' (OnPropertyC
ondition)

   WebMvcAutoConfiguration.ResourceChainCustomizerConfiguration:
      Did not match:
         - @ConditionalOnEnabledResourceChain did not find class org.webjars.WebJarAssetLocator (OnEnabledResourceChain
Condition)

   WebMvcAutoConfiguration.WebMvcAutoConfigurationAdapter#beanNameViewResolver:
      Did not match:
         - @ConditionalOnMissingBean (types: org.springframework.web.servlet.view.BeanNameViewResolver; SearchStrategy:
 all) found beans of type 'org.springframework.web.servlet.view.BeanNameViewResolver' beanNameViewResolver (OnBeanCondi
tion)

   WebServiceTemplateAutoConfiguration:
[ERROR] Tests run: 7, Failures: 0, Errors: 7, Skipped: 0, Time elapsed: 2.941 s <<< FAILURE! -- in com.tlq.rectagent.agent.CoordinatorAgentRealApiE2ETest
      Did not match:
         - @ConditionalOnClass did not find required class 'org.springframework.oxm.Marshaller' (OnClassCondition)

   WebServicesAutoConfiguration:
      Did not match:
         - @ConditionalOnClass did not find required class 'org.springframework.ws.transport.http.MessageDispatcherServ
let' (OnClassCondition)

   WebSessionIdResolverAutoConfiguration:
      Did not match:
         - not a reactive web application (OnWebApplicationCondition)
      Matched:
[ERROR] com.tlq.rectagent.agent.CoordinatorAgentRealApiE2ETest.textQuery_fullChain -- Time elapsed: 0.011 s <<< ERROR!
java.lang.IllegalStateException: Failed to load ApplicationContext for [WebMergedContextConfiguration@34279b8a testClass = com.tlq.rectagent.agent.CoordinatorAgentRealApiE2ETest, locations = [], classes = [com.tlq.rectagent.RectAgentApplication], contextInitializerClasses = [], activeProfiles = ["integration"], propertySourceDescriptors = [], propertySourceProperties = ["org.springframework.boot.test.context.SpringBootTestContextBootstrapper=true"], contextCustomizers = [org.springframework.boot.test.context.filter.ExcludeFilterContextCustomizer@55493582, org.springframework.boot.test.json.DuplicateJsonObjectContextCustomizerFactory$DuplicateJsonObjectContextCustomizer@34158c08, org.springframework.boot.test.mock.mockito.MockitoContextCustomizer@0, org.springframework.boot.test.web.client.TestRestTemplateContextCustomizer@31dadd46, org.springframework.boot.test.web.reactive.server.WebTestClientContextCustomizer@10cf09e8, org.springframework.boot.test.web.reactor.netty.DisableReactorResourceFactoryGlobalResourcesContextCustomizerFactory$DisableReactorResourceFactoryGlobalResourcesContextCustomizerCustomizer@63787180, org.springframework.boot.test.autoconfigure.OnFailureConditionReportContextCustomizerFactory$OnFailureConditionReportContextCustomizer@2e1ef60, org.springframework.boot.test.autoconfigure.actuate.observability.ObservabilityContextCustomizerFactory$DisableObservabilityContextCustomizer@1f, org.springframework.boot.test.autoconfigure.properties.PropertyMappingContextCustomizer@0, org.springframework.boot.test.autoconfigure.web.servlet.WebDriverContextCustomizer@dbd8e44, org.springframework.boot.test.context.SpringBootTestAnnotation@9f6e4d8], resourceBasePath = "src/main/webapp", contextLoader = org.springframework.boot.test.context.SpringBootContextLoader, parent = null]
	at org.springframework.test.context.cache.DefaultCacheAwareContextLoaderDelegate.loadContext(DefaultCacheAwareContextLoaderDelegate.java:180)
	at org.springframework.test.context.support.DefaultTestContext.getApplicationContext(DefaultTestContext.java:130)
	at org.springframework.test.context.web.ServletTestExecutionListener.setUpRequestContextIfNecessary(ServletTestExecutionListener.java:191)
	at org.springframework.test.context.web.ServletTestExecutionListener.prepareTestInstance(ServletTestExecutionListener.java:130)
	at org.springframework.test.context.TestContextManager.prepareTestInstance(TestContextManager.java:260)
	at org.springframework.test.context.junit.jupiter.SpringExtension.postProcessTestInstance(SpringExtension.java:163)
	at java.base/java.util.stream.ReferencePipeline$3$1.accept(ReferencePipeline.java:197)
	at java.base/java.util.stream.ReferencePipeline$2$1.accept(ReferencePipeline.java:179)
	at java.base/java.util.ArrayList$ArrayListSpliterator.forEachRemaining(ArrayList.java:1708)
	at java.base/java.util.stream.AbstractPipeline.copyInto(AbstractPipeline.java:509)
         - @ConditionalOnClass found required classes 'org.springframework.web.server.session.WebSessionManager', 'reac
tor.core.publisher.Mono' (OnClassCondition)

   WebSocketMessagingAutoConfiguration:
      Did not match:
         - @ConditionalOnClass did not find required class 'org.springframework.web.socket.config.annotation.WebSocketM
essageBrokerConfigurer' (OnClassCondition)

   WebSocketReactiveAutoConfiguration:
      Did not match:
         - not a reactive web application (OnWebApplicationCondition)
      Matched:
         - @ConditionalOnClass found required classes 'jakarta.servlet.Servlet', 'jakarta.websocket.server.ServerContai
ner' (OnClassCondition)

   WebSocketServletAutoConfiguration.JettyWebSocketConfiguration:
      Did not match:
         - @ConditionalOnClass did not find required class 'org.eclipse.jetty.ee10.websocket.jakarta.server.config.Jaka
rtaWebSocketServletContainerInitializer' (OnClassCondition)

	at java.base/java.util.stream.AbstractPipeline.wrapAndCopyInto(AbstractPipeline.java:499)
	at java.base/java.util.stream.StreamSpliterators$WrappingSpliterator.forEachRemaining(StreamSpliterators.java:310)
	at java.base/java.util.stream.Streams$ConcatSpliterator.forEachRemaining(Streams.java:735)
	at java.base/java.util.stream.Streams$ConcatSpliterator.forEachRemaining(Streams.java:734)
	at java.base/java.util.stream.ReferencePipeline$Head.forEach(ReferencePipeline.java:762)
	at java.base/java.util.Optional.orElseGet(Optional.java:364)
	at java.base/java.util.ArrayList.forEach(ArrayList.java:1596)
	at java.base/java.util.ArrayList.forEach(ArrayList.java:1596)
   WebSocketServletAutoConfiguration.UndertowWebSocketConfiguration:
      Did not match:
         - @ConditionalOnClass did not find required class 'io.undertow.websockets.jsr.Bootstrap' (OnClassCondition)

   XADataSourceAutoConfiguration:
      Did not match:
         - @ConditionalOnClass did not find required class 'jakarta.transaction.TransactionManager' (OnClassCondition)


Exclusions:
-----------

Caused by: org.springframework.beans.factory.UnsatisfiedDependencyException: Error creating bean with name 'coordinatorAgent': Unsatisfied dependency expressed through field 'intentRecognitionAgent': Error creating bean with name 'intentRecognitionAgent': Unsatisfied dependency expressed through field 'agentModelRouter': Error creating bean with name 'com.tlq.rectagent.config.ModelAutoConfiguration': Unsatisfied dependency expressed through field 'chatModelPool': Error creating bean with name 'com.tlq.rectagent.config.ModelAutoConfiguration': Requested bean is currently in creation: Is there an unresolvable circular reference?
	at org.springframework.beans.factory.annotation.AutowiredAnnotationBeanPostProcessor$AutowiredFieldElement.resolveFieldValue(AutowiredAnnotationBeanPostProcessor.java:788)
	at org.springframework.beans.factory.annotation.AutowiredAnnotationBeanPostProcessor$AutowiredFieldElement.inject(AutowiredAnnotationBeanPostProcessor.java:768)
	at org.springframework.beans.factory.annotation.InjectionMetadata.inject(InjectionMetadata.java:145)
	at org.springframework.beans.factory.annotation.AutowiredAnnotationBeanPostProcessor.postProcessProperties(AutowiredAnnotationBeanPostProcessor.java:509)
	at org.springframework.beans.factory.support.AbstractAutowireCapableBeanFactory.populateBean(AbstractAutowireCapableBeanFactory.java:1439)
	at org.springframework.beans.factory.support.AbstractAutowireCapableBeanFactory.doCreateBean(AbstractAutowireCapableBeanFactory.java:599)
	at org.springframework.beans.factory.support.AbstractAutowireCapableBeanFactory.createBean(AbstractAutowireCapableBeanFactory.java:522)
	at org.springframework.beans.factory.support.AbstractBeanFactory.lambda$doGetBean$0(AbstractBeanFactory.java:337)
	at org.springframework.beans.factory.support.DefaultSingletonBeanRegistry.getSingleton(DefaultSingletonBeanRegistry.java:234)
    None


Unconditional classes:
----------------------

	at org.springframework.beans.factory.support.AbstractBeanFactory.doGetBean(AbstractBeanFactory.java:335)
	at org.springframework.beans.factory.support.AbstractBeanFactory.getBean(AbstractBeanFactory.java:200)
	at org.springframework.beans.factory.support.DefaultListableBeanFactory.preInstantiateSingletons(DefaultListableBeanFactory.java:975)
	at org.springframework.context.support.AbstractApplicationContext.finishBeanFactoryInitialization(AbstractApplicationContext.java:971)
	at org.springframework.context.support.AbstractApplicationContext.refresh(AbstractApplicationContext.java:625)
	at org.springframework.boot.SpringApplication.refresh(SpringApplication.java:754)
	at org.springframework.boot.SpringApplication.refreshContext(SpringApplication.java:456)
	at org.springframework.boot.SpringApplication.run(SpringApplication.java:335)
	at org.springframework.boot.test.context.SpringBootContextLoader.lambda$loadContext$3(SpringBootContextLoader.java:137)
	at org.springframework.util.function.ThrowingSupplier.get(ThrowingSupplier.java:58)
	at org.springframework.util.function.ThrowingSupplier.get(ThrowingSupplier.java:46)
    org.springframework.boot.autoconfigure.context.ConfigurationPropertiesAutoConfiguration

    org.springframework.boot.autoconfigure.ssl.SslAutoConfiguration

    org.springframework.boot.autoconfigure.context.PropertyPlaceholderAutoConfiguration

	at org.springframework.boot.SpringApplication.withHook(SpringApplication.java:1463)
	at org.springframework.boot.test.context.SpringBootContextLoader$ContextLoaderHook.run(SpringBootContextLoader.java:553)
	at org.springframework.boot.test.context.SpringBootContextLoader.loadContext(SpringBootContextLoader.java:137)
	at org.springframework.boot.test.context.SpringBootContextLoader.loadContext(SpringBootContextLoader.java:108)
	at org.springframework.test.context.cache.DefaultCacheAwareContextLoaderDelegate.loadContextInternal(DefaultCacheAwareContextLoaderDelegate.java:225)
	at org.springframework.test.context.cache.DefaultCacheAwareContextLoaderDelegate.loadContext(DefaultCacheAwareContextLoaderDelegate.java:152)
	... 17 more
Caused by: org.springframework.beans.factory.UnsatisfiedDependencyException: Error creating bean with name 'intentRecognitionAgent': Unsatisfied dependency expressed through field 'agentModelRouter': Error creating bean with name 'com.tlq.rectagent.config.ModelAutoConfiguration': Unsatisfied dependency expressed through field 'chatModelPool': Error creating bean with name 'com.tlq.rectagent.config.ModelAutoConfiguration': Requested bean is currently in creation: Is there an unresolvable circular reference?
    org.springframework.boot.autoconfigure.context.LifecycleAutoConfiguration

    com.tlq.rectagent.config.ModelAutoConfiguration

    org.springframework.boot.autoconfigure.availability.ApplicationAvailabilityAutoConfiguration

    org.springframework.boot.autoconfigure.info.ProjectInfoAutoConfiguration



	at org.springframework.beans.factory.annotation.AutowiredAnnotationBeanPostProcessor$AutowiredFieldElement.resolveFieldValue(AutowiredAnnotationBeanPostProcessor.java:788)
	at org.springframework.beans.factory.annotation.AutowiredAnnotationBeanPostProcessor$AutowiredFieldElement.inject(AutowiredAnnotationBeanPostProcessor.java:768)
	at org.springframework.beans.factory.annotation.InjectionMetadata.inject(InjectionMetadata.java:145)
	at org.springframework.beans.factory.annotation.AutowiredAnnotationBeanPostProcessor.postProcessProperties(AutowiredAnnotationBeanPostProcessor.java:509)
	at org.springframework.beans.factory.support.AbstractAutowireCapableBeanFactory.populateBean(AbstractAutowireCapableBeanFactory.java:1439)
	at org.springframework.beans.factory.support.AbstractAutowireCapableBeanFactory.doCreateBean(AbstractAutowireCapableBeanFactory.java:599)
	at org.springframework.beans.factory.support.AbstractAutowireCapableBeanFactory.createBean(AbstractAutowireCapableBeanFactory.java:522)
	at org.springframework.beans.factory.support.AbstractBeanFactory.lambda$doGetBean$0(AbstractBeanFactory.java:337)
	at org.springframework.beans.factory.support.DefaultSingletonBeanRegistry.getSingleton(DefaultSingletonBeanRegistry.java:234)
	at org.springframework.beans.factory.support.AbstractBeanFactory.doGetBean(AbstractBeanFactory.java:335)
	at org.springframework.beans.factory.support.AbstractBeanFactory.getBean(AbstractBeanFactory.java:200)
	at org.springframework.beans.factory.config.DependencyDescriptor.resolveCandidate(DependencyDescriptor.java:254)
	at org.springframework.beans.factory.support.DefaultListableBeanFactory.doResolveDependency(DefaultListableBeanFactory.java:1443)
	at org.springframework.beans.factory.support.DefaultListableBeanFactory.resolveDependency(DefaultListableBeanFactory.java:1353)
	at org.springframework.beans.factory.annotation.AutowiredAnnotationBeanPostProcessor$AutowiredFieldElement.resolveFieldValue(AutowiredAnnotationBeanPostProcessor.java:785)
	... 42 more
Caused by: org.springframework.beans.factory.UnsatisfiedDependencyException: Error creating bean with name 'com.tlq.rectagent.config.ModelAutoConfiguration': Unsatisfied dependency expressed through field 'chatModelPool': Error creating bean with name 'com.tlq.rectagent.config.ModelAutoConfiguration': Requested bean is currently in creation: Is there an unresolvable circular reference?
	at org.springframework.beans.factory.annotation.AutowiredAnnotationBeanPostProcessor$AutowiredFieldElement.resolveFieldValue(AutowiredAnnotationBeanPostProcessor.java:788)
	at org.springframework.beans.factory.annotation.AutowiredAnnotationBeanPostProcessor$AutowiredFieldElement.inject(AutowiredAnnotationBeanPostProcessor.java:768)
	at org.springframework.beans.factory.annotation.InjectionMetadata.inject(InjectionMetadata.java:145)
	at org.springframework.beans.factory.annotation.AutowiredAnnotationBeanPostProcessor.postProcessProperties(AutowiredAnnotationBeanPostProcessor.java:509)
	at org.springframework.beans.factory.support.AbstractAutowireCapableBeanFactory.populateBean(AbstractAutowireCapableBeanFactory.java:1439)
	at org.springframework.beans.factory.support.AbstractAutowireCapableBeanFactory.doCreateBean(AbstractAutowireCapableBeanFactory.java:599)
	at org.springframework.beans.factory.support.AbstractAutowireCapableBeanFactory.createBean(AbstractAutowireCapableBeanFactory.java:522)
	at org.springframework.beans.factory.support.AbstractBeanFactory.lambda$doGetBean$0(AbstractBeanFactory.java:337)
	at org.springframework.beans.factory.support.DefaultSingletonBeanRegistry.getSingleton(DefaultSingletonBeanRegistry.java:234)
	at org.springframework.beans.factory.support.AbstractBeanFactory.doGetBean(AbstractBeanFactory.java:335)
	at org.springframework.beans.factory.support.AbstractBeanFactory.getBean(AbstractBeanFactory.java:200)
	at org.springframework.beans.factory.support.ConstructorResolver.instantiateUsingFactoryMethod(ConstructorResolver.java:409)
	at org.springframework.beans.factory.support.AbstractAutowireCapableBeanFactory.instantiateUsingFactoryMethod(AbstractAutowireCapableBeanFactory.java:1355)
	at org.springframework.beans.factory.support.AbstractAutowireCapableBeanFactory.createBeanInstance(AbstractAutowireCapableBeanFactory.java:1185)
	at org.springframework.beans.factory.support.AbstractAutowireCapableBeanFactory.doCreateBean(AbstractAutowireCapableBeanFactory.java:562)
	at org.springframework.beans.factory.support.AbstractAutowireCapableBeanFactory.createBean(AbstractAutowireCapableBeanFactory.java:522)
	at org.springframework.beans.factory.support.AbstractBeanFactory.lambda$doGetBean$0(AbstractBeanFactory.java:337)
	at org.springframework.beans.factory.support.DefaultSingletonBeanRegistry.getSingleton(DefaultSingletonBeanRegistry.java:234)
	at org.springframework.beans.factory.support.AbstractBeanFactory.doGetBean(AbstractBeanFactory.java:335)
	at org.springframework.beans.factory.support.AbstractBeanFactory.getBean(AbstractBeanFactory.java:200)
	at org.springframework.beans.factory.config.DependencyDescriptor.resolveCandidate(DependencyDescriptor.java:254)
	at org.springframework.beans.factory.support.DefaultListableBeanFactory.doResolveDependency(DefaultListableBeanFactory.java:1443)
	at org.springframework.beans.factory.support.DefaultListableBeanFactory.resolveDependency(DefaultListableBeanFactory.java:1353)
	at org.springframework.beans.factory.annotation.AutowiredAnnotationBeanPostProcessor$AutowiredFieldElement.resolveFieldValue(AutowiredAnnotationBeanPostProcessor.java:785)
	... 56 more
Caused by: org.springframework.beans.factory.BeanCurrentlyInCreationException: Error creating bean with name 'com.tlq.rectagent.config.ModelAutoConfiguration': Requested bean is currently in creation: Is there an unresolvable circular reference?
	at org.springframework.beans.factory.support.DefaultSingletonBeanRegistry.beforeSingletonCreation(DefaultSingletonBeanRegistry.java:355)
	at org.springframework.beans.factory.support.DefaultSingletonBeanRegistry.getSingleton(DefaultSingletonBeanRegistry.java:227)
	at org.springframework.beans.factory.support.AbstractBeanFactory.doGetBean(AbstractBeanFactory.java:335)
	at org.springframework.beans.factory.support.AbstractBeanFactory.getBean(AbstractBeanFactory.java:200)
	at org.springframework.beans.factory.support.ConstructorResolver.instantiateUsingFactoryMethod(ConstructorResolver.java:409)
	at org.springframework.beans.factory.support.AbstractAutowireCapableBeanFactory.instantiateUsingFactoryMethod(AbstractAutowireCapableBeanFactory.java:1355)
	at org.springframework.beans.factory.support.AbstractAutowireCapableBeanFactory.createBeanInstance(AbstractAutowireCapableBeanFactory.java:1185)
	at org.springframework.beans.factory.support.AbstractAutowireCapableBeanFactory.doCreateBean(AbstractAutowireCapableBeanFactory.java:562)
	at org.springframework.beans.factory.support.AbstractAutowireCapableBeanFactory.createBean(AbstractAutowireCapableBeanFactory.java:522)
	at org.springframework.beans.factory.support.AbstractBeanFactory.lambda$doGetBean$0(AbstractBeanFactory.java:337)
	at org.springframework.beans.factory.support.DefaultSingletonBeanRegistry.getSingleton(DefaultSingletonBeanRegistry.java:234)
	at org.springframework.beans.factory.support.AbstractBeanFactory.doGetBean(AbstractBeanFactory.java:335)
	at org.springframework.beans.factory.support.AbstractBeanFactory.getBean(AbstractBeanFactory.java:200)
	at org.springframework.beans.factory.config.DependencyDescriptor.resolveCandidate(DependencyDescriptor.java:254)
	at org.springframework.beans.factory.support.DefaultListableBeanFactory.doResolveDependency(DefaultListableBeanFactory.java:1443)
	at org.springframework.beans.factory.support.DefaultListableBeanFactory.resolveDependency(DefaultListableBeanFactory.java:1353)
	at org.springframework.beans.factory.annotation.AutowiredAnnotationBeanPostProcessor$AutowiredFieldElement.resolveFieldValue(AutowiredAnnotationBeanPostProcessor.java:785)
	... 79 more

[ERROR] com.tlq.rectagent.agent.CoordinatorAgentRealApiE2ETest.boundaryTest_emptyInput -- Time elapsed: 0.002 s <<< ERROR!
java.lang.IllegalStateException: ApplicationContext failure threshold (1) exceeded: skipping repeated attempt to load context for [WebMergedContextConfiguration@34279b8a testClass = com.tlq.rectagent.agent.CoordinatorAgentRealApiE2ETest, locations = [], classes = [com.tlq.rectagent.RectAgentApplication], contextInitializerClasses = [], activeProfiles = ["integration"], propertySourceDescriptors = [], propertySourceProperties = ["org.springframework.boot.test.context.SpringBootTestContextBootstrapper=true"], contextCustomizers = [org.springframework.boot.test.context.filter.ExcludeFilterContextCustomizer@55493582, org.springframework.boot.test.json.DuplicateJsonObjectContextCustomizerFactory$DuplicateJsonObjectContextCustomizer@34158c08, org.springframework.boot.test.mock.mockito.MockitoContextCustomizer@0, org.springframework.boot.test.web.client.TestRestTemplateContextCustomizer@31dadd46, org.springframework.boot.test.web.reactive.server.WebTestClientContextCustomizer@10cf09e8, org.springframework.boot.test.web.reactor.netty.DisableReactorResourceFactoryGlobalResourcesContextCustomizerFactory$DisableReactorResourceFactoryGlobalResourcesContextCustomizerCustomizer@63787180, org.springframework.boot.test.autoconfigure.OnFailureConditionReportContextCustomizerFactory$OnFailureConditionReportContextCustomizer@2e1ef60, org.springframework.boot.test.autoconfigure.actuate.observability.ObservabilityContextCustomizerFactory$DisableObservabilityContextCustomizer@1f, org.springframework.boot.test.autoconfigure.properties.PropertyMappingContextCustomizer@0, org.springframework.boot.test.autoconfigure.web.servlet.WebDriverContextCustomizer@dbd8e44, org.springframework.boot.test.context.SpringBootTestAnnotation@9f6e4d8], resourceBasePath = "src/main/webapp", contextLoader = org.springframework.boot.test.context.SpringBootContextLoader, parent = null]
	at org.springframework.test.context.cache.DefaultCacheAwareContextLoaderDelegate.loadContext(DefaultCacheAwareContextLoaderDelegate.java:145)
	at org.springframework.test.context.support.DefaultTestContext.getApplicationContext(DefaultTestContext.java:130)
	at org.springframework.test.context.web.ServletTestExecutionListener.setUpRequestContextIfNecessary(ServletTestExecutionListener.java:191)
	at org.springframework.test.context.web.ServletTestExecutionListener.prepareTestInstance(ServletTestExecutionListener.java:130)
	at org.springframework.test.context.TestContextManager.prepareTestInstance(TestContextManager.java:260)
	at org.springframework.test.context.junit.jupiter.SpringExtension.postProcessTestInstance(SpringExtension.java:163)
	at java.base/java.util.stream.ReferencePipeline$3$1.accept(ReferencePipeline.java:197)
	at java.base/java.util.stream.ReferencePipeline$2$1.accept(ReferencePipeline.java:179)
	at java.base/java.util.ArrayList$ArrayListSpliterator.forEachRemaining(ArrayList.java:1708)
	at java.base/java.util.stream.AbstractPipeline.copyInto(AbstractPipeline.java:509)
	at java.base/java.util.stream.AbstractPipeline.wrapAndCopyInto(AbstractPipeline.java:499)
	at java.base/java.util.stream.StreamSpliterators$WrappingSpliterator.forEachRemaining(StreamSpliterators.java:310)
	at java.base/java.util.stream.Streams$ConcatSpliterator.forEachRemaining(Streams.java:735)
	at java.base/java.util.stream.Streams$ConcatSpliterator.forEachRemaining(Streams.java:734)
	at java.base/java.util.stream.ReferencePipeline$Head.forEach(ReferencePipeline.java:762)
	at java.base/java.util.Optional.orElseGet(Optional.java:364)
	at java.base/java.util.ArrayList.forEach(ArrayList.java:1596)
	at java.base/java.util.ArrayList.forEach(ArrayList.java:1596)

[ERROR] com.tlq.rectagent.agent.CoordinatorAgentRealApiE2ETest.singleAgentCall_viaService -- Time elapsed: 0 s <<< ERROR!
java.lang.IllegalStateException: ApplicationContext failure threshold (1) exceeded: skipping repeated attempt to load context for [WebMergedContextConfiguration@34279b8a testClass = com.tlq.rectagent.agent.CoordinatorAgentRealApiE2ETest, locations = [], classes = [com.tlq.rectagent.RectAgentApplication], contextInitializerClasses = [], activeProfiles = ["integration"], propertySourceDescriptors = [], propertySourceProperties = ["org.springframework.boot.test.context.SpringBootTestContextBootstrapper=true"], contextCustomizers = [org.springframework.boot.test.context.filter.ExcludeFilterContextCustomizer@55493582, org.springframework.boot.test.json.DuplicateJsonObjectContextCustomizerFactory$DuplicateJsonObjectContextCustomizer@34158c08, org.springframework.boot.test.mock.mockito.MockitoContextCustomizer@0, org.springframework.boot.test.web.client.TestRestTemplateContextCustomizer@31dadd46, org.springframework.boot.test.web.reactive.server.WebTestClientContextCustomizer@10cf09e8, org.springframework.boot.test.web.reactor.netty.DisableReactorResourceFactoryGlobalResourcesContextCustomizerFactory$DisableReactorResourceFactoryGlobalResourcesContextCustomizerCustomizer@63787180, org.springframework.boot.test.autoconfigure.OnFailureConditionReportContextCustomizerFactory$OnFailureConditionReportContextCustomizer@2e1ef60, org.springframework.boot.test.autoconfigure.actuate.observability.ObservabilityContextCustomizerFactory$DisableObservabilityContextCustomizer@1f, org.springframework.boot.test.autoconfigure.properties.PropertyMappingContextCustomizer@0, org.springframework.boot.test.autoconfigure.web.servlet.WebDriverContextCustomizer@dbd8e44, org.springframework.boot.test.context.SpringBootTestAnnotation@9f6e4d8], resourceBasePath = "src/main/webapp", contextLoader = org.springframework.boot.test.context.SpringBootContextLoader, parent = null]
	at org.springframework.test.context.cache.DefaultCacheAwareContextLoaderDelegate.loadContext(DefaultCacheAwareContextLoaderDelegate.java:145)
	at org.springframework.test.context.support.DefaultTestContext.getApplicationContext(DefaultTestContext.java:130)
	at org.springframework.test.context.web.ServletTestExecutionListener.setUpRequestContextIfNecessary(ServletTestExecutionListener.java:191)
	at org.springframework.test.context.web.ServletTestExecutionListener.prepareTestInstance(ServletTestExecutionListener.java:130)
	at org.springframework.test.context.TestContextManager.prepareTestInstance(TestContextManager.java:260)
	at org.springframework.test.context.junit.jupiter.SpringExtension.postProcessTestInstance(SpringExtension.java:163)
	at java.base/java.util.stream.ReferencePipeline$3$1.accept(ReferencePipeline.java:197)
	at java.base/java.util.stream.ReferencePipeline$2$1.accept(ReferencePipeline.java:179)
	at java.base/java.util.ArrayList$ArrayListSpliterator.forEachRemaining(ArrayList.java:1708)
	at java.base/java.util.stream.AbstractPipeline.copyInto(AbstractPipeline.java:509)
	at java.base/java.util.stream.AbstractPipeline.wrapAndCopyInto(AbstractPipeline.java:499)
	at java.base/java.util.stream.StreamSpliterators$WrappingSpliterator.forEachRemaining(StreamSpliterators.java:310)
	at java.base/java.util.stream.Streams$ConcatSpliterator.forEachRemaining(Streams.java:735)
	at java.base/java.util.stream.Streams$ConcatSpliterator.forEachRemaining(Streams.java:734)
	at java.base/java.util.stream.ReferencePipeline$Head.forEach(ReferencePipeline.java:762)
	at java.base/java.util.Optional.orElseGet(Optional.java:364)
	at java.base/java.util.ArrayList.forEach(ArrayList.java:1596)
	at java.base/java.util.ArrayList.forEach(ArrayList.java:1596)

[ERROR] com.tlq.rectagent.agent.CoordinatorAgentRealApiE2ETest.sequentialExecutor_multiAgent -- Time elapsed: 0 s <<< ERROR!
java.lang.IllegalStateException: ApplicationContext failure threshold (1) exceeded: skipping repeated attempt to load context for [WebMergedContextConfiguration@34279b8a testClass = com.tlq.rectagent.agent.CoordinatorAgentRealApiE2ETest, locations = [], classes = [com.tlq.rectagent.RectAgentApplication], contextInitializerClasses = [], activeProfiles = ["integration"], propertySourceDescriptors = [], propertySourceProperties = ["org.springframework.boot.test.context.SpringBootTestContextBootstrapper=true"], contextCustomizers = [org.springframework.boot.test.context.filter.ExcludeFilterContextCustomizer@55493582, org.springframework.boot.test.json.DuplicateJsonObjectContextCustomizerFactory$DuplicateJsonObjectContextCustomizer@34158c08, org.springframework.boot.test.mock.mockito.MockitoContextCustomizer@0, org.springframework.boot.test.web.client.TestRestTemplateContextCustomizer@31dadd46, org.springframework.boot.test.web.reactive.server.WebTestClientContextCustomizer@10cf09e8, org.springframework.boot.test.web.reactor.netty.DisableReactorResourceFactoryGlobalResourcesContextCustomizerFactory$DisableReactorResourceFactoryGlobalResourcesContextCustomizerCustomizer@63787180, org.springframework.boot.test.autoconfigure.OnFailureConditionReportContextCustomizerFactory$OnFailureConditionReportContextCustomizer@2e1ef60, org.springframework.boot.test.autoconfigure.actuate.observability.ObservabilityContextCustomizerFactory$DisableObservabilityContextCustomizer@1f, org.springframework.boot.test.autoconfigure.properties.PropertyMappingContextCustomizer@0, org.springframework.boot.test.autoconfigure.web.servlet.WebDriverContextCustomizer@dbd8e44, org.springframework.boot.test.context.SpringBootTestAnnotation@9f6e4d8], resourceBasePath = "src/main/webapp", contextLoader = org.springframework.boot.test.context.SpringBootContextLoader, parent = null]
	at org.springframework.test.context.cache.DefaultCacheAwareContextLoaderDelegate.loadContext(DefaultCacheAwareContextLoaderDelegate.java:145)
	at org.springframework.test.context.support.DefaultTestContext.getApplicationContext(DefaultTestContext.java:130)
	at org.springframework.test.context.web.ServletTestExecutionListener.setUpRequestContextIfNecessary(ServletTestExecutionListener.java:191)
	at org.springframework.test.context.web.ServletTestExecutionListener.prepareTestInstance(ServletTestExecutionListener.java:130)
	at org.springframework.test.context.TestContextManager.prepareTestInstance(TestContextManager.java:260)
	at org.springframework.test.context.junit.jupiter.SpringExtension.postProcessTestInstance(SpringExtension.java:163)
	at java.base/java.util.stream.ReferencePipeline$3$1.accept(ReferencePipeline.java:197)
	at java.base/java.util.stream.ReferencePipeline$2$1.accept(ReferencePipeline.java:179)
	at java.base/java.util.ArrayList$ArrayListSpliterator.forEachRemaining(ArrayList.java:1708)
	at java.base/java.util.stream.AbstractPipeline.copyInto(AbstractPipeline.java:509)
	at java.base/java.util.stream.AbstractPipeline.wrapAndCopyInto(AbstractPipeline.java:499)
	at java.base/java.util.stream.StreamSpliterators$WrappingSpliterator.forEachRemaining(StreamSpliterators.java:310)
	at java.base/java.util.stream.Streams$ConcatSpliterator.forEachRemaining(Streams.java:735)
	at java.base/java.util.stream.Streams$ConcatSpliterator.forEachRemaining(Streams.java:734)
	at java.base/java.util.stream.ReferencePipeline$Head.forEach(ReferencePipeline.java:762)
	at java.base/java.util.Optional.orElseGet(Optional.java:364)
	at java.base/java.util.ArrayList.forEach(ArrayList.java:1596)
	at java.base/java.util.ArrayList.forEach(ArrayList.java:1596)

[ERROR] com.tlq.rectagent.agent.CoordinatorAgentRealApiE2ETest.dataSecurityAnalysis_fullChain -- Time elapsed: 0.001 s <<< ERROR!
java.lang.IllegalStateException: ApplicationContext failure threshold (1) exceeded: skipping repeated attempt to load context for [WebMergedContextConfiguration@34279b8a testClass = com.tlq.rectagent.agent.CoordinatorAgentRealApiE2ETest, locations = [], classes = [com.tlq.rectagent.RectAgentApplication], contextInitializerClasses = [], activeProfiles = ["integration"], propertySourceDescriptors = [], propertySourceProperties = ["org.springframework.boot.test.context.SpringBootTestContextBootstrapper=true"], contextCustomizers = [org.springframework.boot.test.context.filter.ExcludeFilterContextCustomizer@55493582, org.springframework.boot.test.json.DuplicateJsonObjectContextCustomizerFactory$DuplicateJsonObjectContextCustomizer@34158c08, org.springframework.boot.test.mock.mockito.MockitoContextCustomizer@0, org.springframework.boot.test.web.client.TestRestTemplateContextCustomizer@31dadd46, org.springframework.boot.test.web.reactive.server.WebTestClientContextCustomizer@10cf09e8, org.springframework.boot.test.web.reactor.netty.DisableReactorResourceFactoryGlobalResourcesContextCustomizerFactory$DisableReactorResourceFactoryGlobalResourcesContextCustomizerCustomizer@63787180, org.springframework.boot.test.autoconfigure.OnFailureConditionReportContextCustomizerFactory$OnFailureConditionReportContextCustomizer@2e1ef60, org.springframework.boot.test.autoconfigure.actuate.observability.ObservabilityContextCustomizerFactory$DisableObservabilityContextCustomizer@1f, org.springframework.boot.test.autoconfigure.properties.PropertyMappingContextCustomizer@0, org.springframework.boot.test.autoconfigure.web.servlet.WebDriverContextCustomizer@dbd8e44, org.springframework.boot.test.context.SpringBootTestAnnotation@9f6e4d8], resourceBasePath = "src/main/webapp", contextLoader = org.springframework.boot.test.context.SpringBootContextLoader, parent = null]
	at org.springframework.test.context.cache.DefaultCacheAwareContextLoaderDelegate.loadContext(DefaultCacheAwareContextLoaderDelegate.java:145)
	at org.springframework.test.context.support.DefaultTestContext.getApplicationContext(DefaultTestContext.java:130)
	at org.springframework.test.context.web.ServletTestExecutionListener.setUpRequestContextIfNecessary(ServletTestExecutionListener.java:191)
	at org.springframework.test.context.web.ServletTestExecutionListener.prepareTestInstance(ServletTestExecutionListener.java:130)
	at org.springframework.test.context.TestContextManager.prepareTestInstance(TestContextManager.java:260)
	at org.springframework.test.context.junit.jupiter.SpringExtension.postProcessTestInstance(SpringExtension.java:163)
	at java.base/java.util.stream.ReferencePipeline$3$1.accept(ReferencePipeline.java:197)
	at java.base/java.util.stream.ReferencePipeline$2$1.accept(ReferencePipeline.java:179)
	at java.base/java.util.ArrayList$ArrayListSpliterator.forEachRemaining(ArrayList.java:1708)
	at java.base/java.util.stream.AbstractPipeline.copyInto(AbstractPipeline.java:509)
	at java.base/java.util.stream.AbstractPipeline.wrapAndCopyInto(AbstractPipeline.java:499)
	at java.base/java.util.stream.StreamSpliterators$WrappingSpliterator.forEachRemaining(StreamSpliterators.java:310)
	at java.base/java.util.stream.Streams$ConcatSpliterator.forEachRemaining(Streams.java:735)
	at java.base/java.util.stream.Streams$ConcatSpliterator.forEachRemaining(Streams.java:734)
	at java.base/java.util.stream.ReferencePipeline$Head.forEach(ReferencePipeline.java:762)
	at java.base/java.util.Optional.orElseGet(Optional.java:364)
	at java.base/java.util.ArrayList.forEach(ArrayList.java:1596)
	at java.base/java.util.ArrayList.forEach(ArrayList.java:1596)

[ERROR] com.tlq.rectagent.agent.CoordinatorAgentRealApiE2ETest.multiIntentRequest_fullChain -- Time elapsed: 0.001 s <<< ERROR!
java.lang.IllegalStateException: ApplicationContext failure threshold (1) exceeded: skipping repeated attempt to load context for [WebMergedContextConfiguration@34279b8a testClass = com.tlq.rectagent.agent.CoordinatorAgentRealApiE2ETest, locations = [], classes = [com.tlq.rectagent.RectAgentApplication], contextInitializerClasses = [], activeProfiles = ["integration"], propertySourceDescriptors = [], propertySourceProperties = ["org.springframework.boot.test.context.SpringBootTestContextBootstrapper=true"], contextCustomizers = [org.springframework.boot.test.context.filter.ExcludeFilterContextCustomizer@55493582, org.springframework.boot.test.json.DuplicateJsonObjectContextCustomizerFactory$DuplicateJsonObjectContextCustomizer@34158c08, org.springframework.boot.test.mock.mockito.MockitoContextCustomizer@0, org.springframework.boot.test.web.client.TestRestTemplateContextCustomizer@31dadd46, org.springframework.boot.test.web.reactive.server.WebTestClientContextCustomizer@10cf09e8, org.springframework.boot.test.web.reactor.netty.DisableReactorResourceFactoryGlobalResourcesContextCustomizerFactory$DisableReactorResourceFactoryGlobalResourcesContextCustomizerCustomizer@63787180, org.springframework.boot.test.autoconfigure.OnFailureConditionReportContextCustomizerFactory$OnFailureConditionReportContextCustomizer@2e1ef60, org.springframework.boot.test.autoconfigure.actuate.observability.ObservabilityContextCustomizerFactory$DisableObservabilityContextCustomizer@1f, org.springframework.boot.test.autoconfigure.properties.PropertyMappingContextCustomizer@0, org.springframework.boot.test.autoconfigure.web.servlet.WebDriverContextCustomizer@dbd8e44, org.springframework.boot.test.context.SpringBootTestAnnotation@9f6e4d8], resourceBasePath = "src/main/webapp", contextLoader = org.springframework.boot.test.context.SpringBootContextLoader, parent = null]
	at org.springframework.test.context.cache.DefaultCacheAwareContextLoaderDelegate.loadContext(DefaultCacheAwareContextLoaderDelegate.java:145)
	at org.springframework.test.context.support.DefaultTestContext.getApplicationContext(DefaultTestContext.java:130)
	at org.springframework.test.context.web.ServletTestExecutionListener.setUpRequestContextIfNecessary(ServletTestExecutionListener.java:191)
	at org.springframework.test.context.web.ServletTestExecutionListener.prepareTestInstance(ServletTestExecutionListener.java:130)
	at org.springframework.test.context.TestContextManager.prepareTestInstance(TestContextManager.java:260)
	at org.springframework.test.context.junit.jupiter.SpringExtension.postProcessTestInstance(SpringExtension.java:163)
	at java.base/java.util.stream.ReferencePipeline$3$1.accept(ReferencePipeline.java:197)
	at java.base/java.util.stream.ReferencePipeline$2$1.accept(ReferencePipeline.java:179)
	at java.base/java.util.ArrayList$ArrayListSpliterator.forEachRemaining(ArrayList.java:1708)
	at java.base/java.util.stream.AbstractPipeline.copyInto(AbstractPipeline.java:509)
	at java.base/java.util.stream.AbstractPipeline.wrapAndCopyInto(AbstractPipeline.java:499)
	at java.base/java.util.stream.StreamSpliterators$WrappingSpliterator.forEachRemaining(StreamSpliterators.java:310)
	at java.base/java.util.stream.Streams$ConcatSpliterator.forEachRemaining(Streams.java:735)
	at java.base/java.util.stream.Streams$ConcatSpliterator.forEachRemaining(Streams.java:734)
	at java.base/java.util.stream.ReferencePipeline$Head.forEach(ReferencePipeline.java:762)
	at java.base/java.util.Optional.orElseGet(Optional.java:364)
	at java.base/java.util.ArrayList.forEach(ArrayList.java:1596)
	at java.base/java.util.ArrayList.forEach(ArrayList.java:1596)

[ERROR] com.tlq.rectagent.agent.CoordinatorAgentRealApiE2ETest.intentRecognition_standalone -- Time elapsed: 0.001 s <<< ERROR!
java.lang.IllegalStateException: ApplicationContext failure threshold (1) exceeded: skipping repeated attempt to load context for [WebMergedContextConfiguration@34279b8a testClass = com.tlq.rectagent.agent.CoordinatorAgentRealApiE2ETest, locations = [], classes = [com.tlq.rectagent.RectAgentApplication], contextInitializerClasses = [], activeProfiles = ["integration"], propertySourceDescriptors = [], propertySourceProperties = ["org.springframework.boot.test.context.SpringBootTestContextBootstrapper=true"], contextCustomizers = [org.springframework.boot.test.context.filter.ExcludeFilterContextCustomizer@55493582, org.springframework.boot.test.json.DuplicateJsonObjectContextCustomizerFactory$DuplicateJsonObjectContextCustomizer@34158c08, org.springframework.boot.test.mock.mockito.MockitoContextCustomizer@0, org.springframework.boot.test.web.client.TestRestTemplateContextCustomizer@31dadd46, org.springframework.boot.test.web.reactive.server.WebTestClientContextCustomizer@10cf09e8, org.springframework.boot.test.web.reactor.netty.DisableReactorResourceFactoryGlobalResourcesContextCustomizerFactory$DisableReactorResourceFactoryGlobalResourcesContextCustomizerCustomizer@63787180, org.springframework.boot.test.autoconfigure.OnFailureConditionReportContextCustomizerFactory$OnFailureConditionReportContextCustomizer@2e1ef60, org.springframework.boot.test.autoconfigure.actuate.observability.ObservabilityContextCustomizerFactory$DisableObservabilityContextCustomizer@1f, org.springframework.boot.test.autoconfigure.properties.PropertyMappingContextCustomizer@0, org.springframework.boot.test.autoconfigure.web.servlet.WebDriverContextCustomizer@dbd8e44, org.springframework.boot.test.context.SpringBootTestAnnotation@9f6e4d8], resourceBasePath = "src/main/webapp", contextLoader = org.springframework.boot.test.context.SpringBootContextLoader, parent = null]
	at org.springframework.test.context.cache.DefaultCacheAwareContextLoaderDelegate.loadContext(DefaultCacheAwareContextLoaderDelegate.java:145)
	at org.springframework.test.context.support.DefaultTestContext.getApplicationContext(DefaultTestContext.java:130)
	at org.springframework.test.context.web.ServletTestExecutionListener.setUpRequestContextIfNecessary(ServletTestExecutionListener.java:191)
	at org.springframework.test.context.web.ServletTestExecutionListener.prepareTestInstance(ServletTestExecutionListener.java:130)
	at org.springframework.test.context.TestContextManager.prepareTestInstance(TestContextManager.java:260)
	at org.springframework.test.context.junit.jupiter.SpringExtension.postProcessTestInstance(SpringExtension.java:163)
	at java.base/java.util.stream.ReferencePipeline$3$1.accept(ReferencePipeline.java:197)
	at java.base/java.util.stream.ReferencePipeline$2$1.accept(ReferencePipeline.java:179)
	at java.base/java.util.ArrayList$ArrayListSpliterator.forEachRemaining(ArrayList.java:1708)
	at java.base/java.util.stream.AbstractPipeline.copyInto(AbstractPipeline.java:509)
	at java.base/java.util.stream.AbstractPipeline.wrapAndCopyInto(AbstractPipeline.java:499)
	at java.base/java.util.stream.StreamSpliterators$WrappingSpliterator.forEachRemaining(StreamSpliterators.java:310)
	at java.base/java.util.stream.Streams$ConcatSpliterator.forEachRemaining(Streams.java:735)
	at java.base/java.util.stream.Streams$ConcatSpliterator.forEachRemaining(Streams.java:734)
	at java.base/java.util.stream.ReferencePipeline$Head.forEach(ReferencePipeline.java:762)
	at java.base/java.util.Optional.orElseGet(Optional.java:364)
	at java.base/java.util.ArrayList.forEach(ArrayList.java:1596)
	at java.base/java.util.ArrayList.forEach(ArrayList.java:1596)

[INFO] Running com.tlq.rectagent.agent.SupervisorAgentFrameworkTest
22:02:52,960 |-INFO in ch.qos.logback.core.joran.util.ConfigurationWatchListUtil@74075134 - Adding [jar:file:/D:/software/maven/.m2/repository/org/springframework/boot/spring-boot/3.3.5/spring-boot-3.3.5.jar!/org/springframework/boot/logging/logback/defaults.xml] to configuration watch list.
22:02:52,960 |-INFO in ConfigurationWatchList(mainURL=file:/D:/project/ai/java/rct-agent/rect-agent-core/target/classes/logback-spring.xml, fileWatchList={D:\project\ai\java\rct-agent\rect-agent-core\target\classes\logback-spring.xml}, urlWatchList=[}) - Cannot watch [jar:file:/D:/software/maven/.m2/repository/org/springframework/boot/spring-boot/3.3.5/spring-boot-3.3.5.jar!/org/springframework/boot/logging/logback/defaults.xml] as its protocol is not one of file, http or https.
22:02:52,963 |-INFO in ch.qos.logback.core.model.processor.ConversionRuleModelHandler - registering conversion word applicationName with class [org.springframework.boot.logging.logback.ApplicationNameConverter]
22:02:52,963 |-INFO in ch.qos.logback.core.model.processor.ConversionRuleModelHandler - registering conversion word clr with class [org.springframework.boot.logging.logback.ColorConverter]
22:02:52,963 |-INFO in ch.qos.logback.core.model.processor.ConversionRuleModelHandler - registering conversion word correlationId with class [org.springframework.boot.logging.logback.CorrelationIdConverter]
22:02:52,963 |-INFO in ch.qos.logback.core.model.processor.ConversionRuleModelHandler - registering conversion word wex with class [org.springframework.boot.logging.logback.WhitespaceThrowableProxyConverter]
22:02:52,963 |-INFO in ch.qos.logback.core.model.processor.ConversionRuleModelHandler - registering conversion word wEx with class [org.springframework.boot.logging.logback.ExtendedWhitespaceThrowableProxyConverter]
22:02:52,963 |-INFO in ch.qos.logback.core.model.processor.ModelInterpretationContext@7cf8f45a - value "%clr(%d{yyyy-MM-dd'T'HH:mm:ss.SSSXXX}){faint} %clr(%5p) %clr(26256){magenta} %clr(---){faint} %clr(%applicationName[%15.15t]){faint} %clr(){faint}%clr(%-40.40logger{39}){cyan} %clr(:){faint} %m%n%wEx" substituted for "${CONSOLE_LOG_PATTERN:-%clr(%d{${LOG_DATEFORMAT_PATTERN:-yyyy-MM-dd'T'HH:mm:ss.SSSXXX}}){faint} %clr(${LOG_LEVEL_PATTERN:-%5p}) %clr(${PID:- }){magenta} %clr(---){faint} %clr(%applicationName[%15.15t]){faint} %clr(${LOG_CORRELATION_PATTERN:-}){faint}%clr(%-40.40logger{39}){cyan} %clr(:){faint} %m%n${LOG_EXCEPTION_CONVERSION_WORD:-%wEx}}"
22:02:52,963 |-INFO in ch.qos.logback.core.model.processor.ModelInterpretationContext@7cf8f45a - value "UTF-8" substituted for "${CONSOLE_LOG_CHARSET:-${file.encoding:-UTF-8}}"
22:02:52,963 |-INFO in ch.qos.logback.core.model.processor.ModelInterpretationContext@7cf8f45a - value "TRACE" substituted for "${CONSOLE_LOG_THRESHOLD:-TRACE}"
22:02:52,963 |-INFO in ch.qos.logback.core.model.processor.ModelInterpretationContext@7cf8f45a - value "%d{yyyy-MM-dd'T'HH:mm:ss.SSSXXX} %5p 26256 --- %applicationName[%t] %-40.40logger{39} : %m%n%wEx" substituted for "${FILE_LOG_PATTERN:-%d{${LOG_DATEFORMAT_PATTERN:-yyyy-MM-dd'T'HH:mm:ss.SSSXXX}} ${LOG_LEVEL_PATTERN:-%5p} ${PID:- } --- %applicationName[%t] ${LOG_CORRELATION_PATTERN:-}%-40.40logger{39} : %m%n${LOG_EXCEPTION_CONVERSION_WORD:-%wEx}}"
22:02:52,963 |-INFO in ch.qos.logback.core.model.processor.ModelInterpretationContext@7cf8f45a - value "UTF-8" substituted for "${FILE_LOG_CHARSET:-${file.encoding:-UTF-8}}"
22:02:52,963 |-INFO in ch.qos.logback.core.model.processor.ModelInterpretationContext@7cf8f45a - value "TRACE" substituted for "${FILE_LOG_THRESHOLD:-TRACE}"
22:02:52,967 |-INFO in ch.qos.logback.classic.model.processor.LoggerModelHandler - Setting level of logger [org.apache.catalina.startup.DigesterFactory] to ERROR
22:02:52,967 |-INFO in ch.qos.logback.classic.jul.LevelChangePropagator@62cf6a84 - Propagating ERROR level on Logger[org.apache.catalina.startup.DigesterFactory] onto the JUL framework
22:02:52,967 |-INFO in ch.qos.logback.classic.model.processor.LoggerModelHandler - Setting level of logger [org.apache.catalina.util.LifecycleBase] to ERROR
22:02:52,967 |-INFO in ch.qos.logback.classic.jul.LevelChangePropagator@62cf6a84 - Propagating ERROR level on Logger[org.apache.catalina.util.LifecycleBase] onto the JUL framework
22:02:52,967 |-INFO in ch.qos.logback.classic.model.processor.LoggerModelHandler - Setting level of logger [org.apache.coyote.http11.Http11NioProtocol] to WARN
22:02:52,967 |-INFO in ch.qos.logback.classic.jul.LevelChangePropagator@62cf6a84 - Propagating WARN level on Logger[org.apache.coyote.http11.Http11NioProtocol] onto the JUL framework
22:02:52,967 |-INFO in ch.qos.logback.classic.model.processor.LoggerModelHandler - Setting level of logger [org.apache.sshd.common.util.SecurityUtils] to WARN
22:02:52,967 |-INFO in ch.qos.logback.classic.jul.LevelChangePropagator@62cf6a84 - Propagating WARN level on Logger[org.apache.sshd.common.util.SecurityUtils] onto the JUL framework
22:02:52,967 |-INFO in ch.qos.logback.classic.model.processor.LoggerModelHandler - Setting level of logger [org.apache.tomcat.util.net.NioSelectorPool] to WARN
22:02:52,967 |-INFO in ch.qos.logback.classic.jul.LevelChangePropagator@62cf6a84 - Propagating WARN level on Logger[org.apache.tomcat.util.net.NioSelectorPool] onto the JUL framework
22:02:52,967 |-INFO in ch.qos.logback.classic.model.processor.LoggerModelHandler - Setting level of logger [org.eclipse.jetty.util.component.AbstractLifeCycle] to ERROR
22:02:52,967 |-INFO in ch.qos.logback.classic.jul.LevelChangePropagator@62cf6a84 - Propagating ERROR level on Logger[org.eclipse.jetty.util.component.AbstractLifeCycle] onto the JUL framework
22:02:52,967 |-INFO in ch.qos.logback.classic.model.processor.LoggerModelHandler - Setting level of logger [org.hibernate.validator.internal.util.Version] to WARN
22:02:52,967 |-INFO in ch.qos.logback.classic.jul.LevelChangePropagator@62cf6a84 - Propagating WARN level on Logger[org.hibernate.validator.internal.util.Version] onto the JUL framework
22:02:52,967 |-INFO in ch.qos.logback.classic.model.processor.LoggerModelHandler - Setting level of logger [org.springframework.boot.actuate.endpoint.jmx] to WARN
22:02:52,967 |-INFO in ch.qos.logback.classic.jul.LevelChangePropagator@62cf6a84 - Propagating WARN level on Logger[org.springframework.boot.actuate.endpoint.jmx] onto the JUL framework
22:02:52,967 |-INFO in ch.qos.logback.core.model.processor.AppenderModelHandler - Processing appender named [CONSOLE]
22:02:52,967 |-INFO in ch.qos.logback.core.model.processor.AppenderModelHandler - About to instantiate appender of type [ch.qos.logback.core.ConsoleAppender]
22:02:52,980 |-INFO in ch.qos.logback.core.model.processor.ImplicitModelHandler - Assuming default type [ch.qos.logback.classic.encoder.PatternLayoutEncoder] for [encoder] property
22:02:52,981 |-INFO in ch.qos.logback.core.model.processor.ModelInterpretationContext@7cf8f45a - value "%d{yyyy-MM-dd HH:mm:ss.SSS} [%thread] [%X{traceId}] %-5level %logger{36} - %msg%n" substituted for "${LOG_PATTERN}"
22:02:53,028 |-WARN in ch.qos.logback.core.model.processor.AppenderModelHandler - Appender named [FILE] not referenced. Skipping further processing.
22:02:53,028 |-INFO in ch.qos.logback.classic.model.processor.LoggerModelHandler - Setting level of logger [com.tlq.rectagent] to DEBUG
22:02:53,028 |-INFO in ch.qos.logback.classic.jul.LevelChangePropagator@62cf6a84 - Propagating DEBUG level on Logger[com.tlq.rectagent] onto the JUL framework
22:02:53,028 |-INFO in ch.qos.logback.classic.model.processor.RootLoggerModelHandler - Setting level of ROOT logger to INFO
22:02:53,028 |-INFO in ch.qos.logback.classic.jul.LevelChangePropagator@62cf6a84 - Propagating INFO level on Logger[ROOT] onto the JUL framework
22:02:53,028 |-INFO in ch.qos.logback.core.model.processor.AppenderRefModelHandler - Attaching appender named [CONSOLE] to Logger[ROOT]
22:02:53,028 |-INFO in ch.qos.logback.core.model.processor.DefaultProcessor@204d9edf - End of configuration.
22:02:53,028 |-INFO in org.springframework.boot.logging.logback.SpringBootJoranConfigurator@6b2aafbc - Registering current configuration as safe fallback point


  .   ____          _            __ _ _
 /\\ / ___'_ __ _ _(_)_ __  __ _ \ \ \ \
( ( )\___ | '_ | '_| | '_ \/ _` | \ \ \ \
 \\/  ___)| |_)| | | | | || (_| |  ) ) ) )
  '  |____| .__|_| |_|_| |_\__, | / / / /
 =========|_|==============|___/=/_/_/_/

 :: Spring Boot ::                (v3.3.5)

2026-03-26 22:02:53.034 [main] [] INFO  c.t.r.a.SupervisorAgentFrameworkTest - Starting SupervisorAgentFrameworkTest using Java 21.0.8 with PID 26256 (started by TanLinRu in D:\project\ai\java\rct-agent\rect-agent-core)
2026-03-26 22:02:53.036 [main] [] DEBUG c.t.r.a.SupervisorAgentFrameworkTest - Running with Spring Boot v3.3.5, Spring v6.1.14
2026-03-26 22:02:53.036 [main] [] INFO  c.t.r.a.SupervisorAgentFrameworkTest - No active profile set, falling back to 1 default profile: "default"
2026-03-26 22:02:53.054 [main] [] WARN  c.t.r.config.ChatModelFactory - OpenAI API key is not configured. ChatModelFactory will run in mock mode. Set spring.ai.openai.api-key or OPENAI_API_KEY environment variable to enable real API calls.
2026-03-26 22:02:53.161 [main] [] INFO  c.t.r.agent.SupervisorAgentFramework - SupervisorAgentFramework initialized with 3 sub-agents
2026-03-26 22:02:53.172 [main] [] INFO  c.t.r.a.SupervisorAgentFrameworkTest - Started SupervisorAgentFrameworkTest in 0.291 seconds (process running for 4.227)
Java HotSpot(TM) 64-Bit Server VM warning: Sharing is only supported for boot loader classes because bootstrap classpat
h has been appended
WARNING: A Java agent has been loaded dynamically (D:\software\maven\.m2\repository\net\bytebuddy\byte-buddy-agent\1.14
.19\byte-buddy-agent-1.14.19.jar)
WARNING: If a serviceability tool is in use, please run with -XX:+EnableDynamicAgentLoading to hide this warning
WARNING: If a serviceability tool is not in use, please run with -Djdk.instrument.traceUsage for more information
WARNING: Dynamic loading of agents will be disallowed by default in a future release
2026-03-26 22:02:56.146 [main] [] INFO  c.t.r.agent.SupervisorAgentFramework - [6b3ed4d6a1bd4b4c] SupervisorAgentFramework 开始处理风控请求: inputLength=10
2026-03-26 22:02:56.180 [main] [] INFO  c.a.c.a.g.internal.node.ParallelNode - Calculated core pool size: 32 (CPU cores: 16)
2026-03-26 22:02:56.180 [main] [] INFO  c.a.c.a.g.internal.node.ParallelNode - Calculated maximum pool size: 64 (CPU cores: 16)
2026-03-26 22:02:56.180 [main] [] INFO  c.a.c.a.g.internal.node.ParallelNode - Calculated queue capacity: 1000
2026-03-26 22:02:56.435 [main] [] INFO  c.a.c.a.g.a.f.n.MainAgentNodeAction - Invoking mainAgent 'main_agent' compiled graph with threadId: Optional[subgraph_main_agent]
2026-03-26 22:02:56.481 [main] [] DEBUG c.tlq.rectagent.config.MockChatModel - [MockChatModel] call: 你是一个智能的风控数据分析监督者，负责协调和管理多个专业Agent来完成风控场景的数据分析需求。

## 你的职责
1. 分析用户的风控数据查询需求，将其分解为合适的子任务
2. 根据任务特性，选择合适的Agent进行处理
3. 监控任务执行状态，决定是否需要继续处理或完成任务
4. 当所有任务完成时，返回FINISH结束流程

## 可用的子Agent及其职责

### intent_recognition_agent
- 功能: 识别用户风控查询意图，返回结构化意图信息
- 适用场景: 用户需要识别查询意图、提取关键实体
- 输出: intent_result

### data_analysis_agent
- 功能: 执行风控数据分析，支持风控分析、用户分析、交易分析等
- 适用场景: 用户需要对风控数据进行分析和处理
- 输出: analysis_result

### risk_assessment_agent
- 功能: 执行风险评估，基于数据分析结果进行风险评级
- 适用场景: 用户需要了解风险等级和风险建议
- 输出: risk_assessment_result

## 决策规则

1. 单一任务判断:
   - 需要识别意图 -> intent_recognition_agent
   - 需要数据分析 -> data_analysis_agent
   - 需要风险评估 -> risk_assessment_agent

2. 多步骤任务处理:
   - 如果需求包含多个步骤，需要分步处理
   - 先路由到第一个合适的Agent，等待完成后再路由下一个
   - 所有步骤完成时返回FINISH

3. 禁止连续两次调用同一Agent
4. 最多调用3次

## 响应格式
只返回Agent名称或FINISH，不要包含其他解释。
请分析用户输入，决定调用哪个Agent：
- 识别意图 -> intent_recognition_agent
- 数据分析 -> data_analysis_agent
- 风险评估 -> risk_assessment_agent
- 完成 -> FINISH
分析项目A的风险情况
2026-03-26 22:02:56.509 [main] [] INFO  c.a.c.a.g.a.f.n.MainAgentNodeAction - MainAgentNodeAction: supervisor_next from last AssistantMessage = [data_analysis_agent]
2026-03-26 22:02:56.522 [main] [] INFO  c.a.c.a.g.a.f.n.SupervisorNodeFromState - SupervisorNodeFromState: routingKey='supervisor_next', value='[data_analysis_agent]', parsed agentNames=[data_analysis_agent], validAgentNames=[data_analysis_agent]
2026-03-26 22:02:56.622 [main] [] ERROR c.t.r.agent.SupervisorAgentFramework - [6b3ed4d6a1bd4b4c] SupervisorAgentFramework 执行失败: Not all variables were replaced in the template. Missing variable names are: [intent_result].
java.lang.IllegalStateException: Not all variables were replaced in the template. Missing variable names are: [intent_result].
	at org.springframework.ai.template.st.StTemplateRenderer.validate(StTemplateRenderer.java:144)
	at org.springframework.ai.template.st.StTemplateRenderer.apply(StTemplateRenderer.java:110)
	at org.springframework.ai.chat.prompt.PromptTemplate.render(PromptTemplate.java:142)
	at com.alibaba.cloud.ai.graph.agent.node.AgentLlmNode.renderPromptTemplate(AgentLlmNode.java:373)
	at com.alibaba.cloud.ai.graph.agent.node.AgentLlmNode.renderTemplatedUserMessage(AgentLlmNode.java:436)
	at com.alibaba.cloud.ai.graph.agent.node.AgentLlmNode.apply(AgentLlmNode.java:165)
	at com.alibaba.cloud.ai.graph.action.AsyncNodeActionWithConfig.lambda$node_async$0(AsyncNodeActionWithConfig.java:41)
	at com.alibaba.cloud.ai.graph.executor.NodeExecutor.executeNode(NodeExecutor.java:123)
	at com.alibaba.cloud.ai.graph.executor.NodeExecutor.execute(NodeExecutor.java:85)
	at com.alibaba.cloud.ai.graph.executor.MainGraphExecutor.execute(MainGraphExecutor.java:108)
	at com.alibaba.cloud.ai.graph.executor.MainGraphExecutor.lambda$handleStartNode$0(MainGraphExecutor.java:135)
	at reactor.core.publisher.FluxDefer.subscribe(FluxDefer.java:46)
	at reactor.core.publisher.Flux.subscribe(Flux.java:8848)
	at reactor.core.publisher.FluxConcatArray$ConcatArraySubscriber.onComplete(FluxConcatArray.java:238)
	at reactor.core.publisher.FluxConcatArray.subscribe(FluxConcatArray.java:79)
	at reactor.core.publisher.FluxDefer.subscribe(FluxDefer.java:54)
	at reactor.core.publisher.Flux.subscribe(Flux.java:8848)
	at reactor.core.publisher.FluxConcatArray$ConcatArraySubscriber.onComplete(FluxConcatArray.java:238)
	at reactor.core.publisher.FluxConcatArray.subscribe(FluxConcatArray.java:79)
	at reactor.core.publisher.Flux.subscribe(Flux.java:8848)
	at reactor.core.publisher.FluxConcatArray$ConcatArraySubscriber.onComplete(FluxConcatArray.java:238)
	at reactor.core.publisher.FluxConcatArray.subscribe(FluxConcatArray.java:79)
	at reactor.core.publisher.Flux.subscribe(Flux.java:8848)
	at reactor.core.publisher.MonoFlatMapMany$FlatMapManyMain.onNext(MonoFlatMapMany.java:196)
	at reactor.core.publisher.MonoCompletionStage$MonoCompletionStageSubscription.apply(MonoCompletionStage.java:121)
	at reactor.core.publisher.MonoCompletionStage$MonoCompletionStageSubscription.apply(MonoCompletionStage.java:67)
	at java.base/java.util.concurrent.CompletableFuture.uniHandle(CompletableFuture.java:934)
	at java.base/java.util.concurrent.CompletableFuture.uniHandleStage(CompletableFuture.java:950)
	at java.base/java.util.concurrent.CompletableFuture.handle(CompletableFuture.java:2372)
	at java.base/java.util.concurrent.CompletableFuture.handle(CompletableFuture.java:144)
	at reactor.core.publisher.MonoCompletionStage$MonoCompletionStageSubscription.request(MonoCompletionStage.java:145)
	at reactor.core.publisher.MonoFlatMapMany$FlatMapManyMain.onSubscribe(MonoFlatMapMany.java:141)
	at reactor.core.publisher.MonoCompletionStage.subscribe(MonoCompletionStage.java:56)
	at reactor.core.publisher.InternalFluxOperator.subscribe(InternalFluxOperator.java:68)
	at reactor.core.publisher.FluxDefer.subscribe(FluxDefer.java:54)
	at reactor.core.publisher.Flux.subscribe(Flux.java:8848)
	at reactor.core.publisher.FluxConcatArray$ConcatArraySubscriber.onComplete(FluxConcatArray.java:238)
	at reactor.core.publisher.FluxConcatArray.subscribe(FluxConcatArray.java:79)
	at reactor.core.publisher.Flux.subscribe(Flux.java:8848)
	at reactor.core.publisher.MonoFlatMapMany$FlatMapManyMain.onNext(MonoFlatMapMany.java:196)
	at reactor.core.publisher.MonoCompletionStage$MonoCompletionStageSubscription.apply(MonoCompletionStage.java:121)
	at reactor.core.publisher.MonoCompletionStage$MonoCompletionStageSubscription.apply(MonoCompletionStage.java:67)
	at java.base/java.util.concurrent.CompletableFuture.uniHandle(CompletableFuture.java:934)
	at java.base/java.util.concurrent.CompletableFuture.uniHandleStage(CompletableFuture.java:950)
	at java.base/java.util.concurrent.CompletableFuture.handle(CompletableFuture.java:2372)
	at java.base/java.util.concurrent.CompletableFuture.handle(CompletableFuture.java:144)
	at reactor.core.publisher.MonoCompletionStage$MonoCompletionStageSubscription.request(MonoCompletionStage.java:145)
	at reactor.core.publisher.MonoFlatMapMany$FlatMapManyMain.onSubscribe(MonoFlatMapMany.java:141)
	at reactor.core.publisher.MonoCompletionStage.subscribe(MonoCompletionStage.java:56)
	at reactor.core.publisher.InternalFluxOperator.subscribe(InternalFluxOperator.java:68)
	at reactor.core.publisher.FluxDefer.subscribe(FluxDefer.java:54)
	at reactor.core.publisher.Flux.subscribe(Flux.java:8848)
	at reactor.core.publisher.FluxConcatArray$ConcatArraySubscriber.onComplete(FluxConcatArray.java:238)
	at reactor.core.publisher.FluxConcatArray.subscribe(FluxConcatArray.java:79)
	at reactor.core.publisher.Flux.subscribe(Flux.java:8848)
	at reactor.core.publisher.FluxConcatArray$ConcatArraySubscriber.onComplete(FluxConcatArray.java:238)
	at reactor.core.publisher.FluxConcatArray.subscribe(FluxConcatArray.java:79)
	at reactor.core.publisher.Flux.subscribe(Flux.java:8848)
	at reactor.core.publisher.MonoFlatMapMany$FlatMapManyMain.onNext(MonoFlatMapMany.java:196)
	at reactor.core.publisher.MonoCompletionStage$MonoCompletionStageSubscription.apply(MonoCompletionStage.java:121)
	at reactor.core.publisher.MonoCompletionStage$MonoCompletionStageSubscription.apply(MonoCompletionStage.java:67)
	at java.base/java.util.concurrent.CompletableFuture.uniHandle(CompletableFuture.java:934)
	at java.base/java.util.concurrent.CompletableFuture.uniHandleStage(CompletableFuture.java:950)
	at java.base/java.util.concurrent.CompletableFuture.handle(CompletableFuture.java:2372)
	at java.base/java.util.concurrent.CompletableFuture.handle(CompletableFuture.java:144)
	at reactor.core.publisher.MonoCompletionStage$MonoCompletionStageSubscription.request(MonoCompletionStage.java:145)
	at reactor.core.publisher.MonoFlatMapMany$FlatMapManyMain.onSubscribe(MonoFlatMapMany.java:141)
	at reactor.core.publisher.MonoCompletionStage.subscribe(MonoCompletionStage.java:56)
	at reactor.core.publisher.InternalFluxOperator.subscribe(InternalFluxOperator.java:68)
	at reactor.core.publisher.FluxDefer.subscribe(FluxDefer.java:54)
	at reactor.core.publisher.Flux.subscribe(Flux.java:8848)
	at reactor.core.publisher.FluxConcatArray$ConcatArraySubscriber.onComplete(FluxConcatArray.java:238)
	at reactor.core.publisher.FluxConcatArray.subscribe(FluxConcatArray.java:79)
	at reactor.core.publisher.FluxDefer.subscribe(FluxDefer.java:54)
	at reactor.core.publisher.Mono.subscribe(Mono.java:4576)
	at reactor.core.publisher.Mono.block(Mono.java:1778)
	at com.alibaba.cloud.ai.graph.CompiledGraph.invoke(CompiledGraph.java:640)
	at com.alibaba.cloud.ai.graph.agent.Agent.doInvoke(Agent.java:499)
	at com.alibaba.cloud.ai.graph.agent.Agent.invoke(Agent.java:165)
	at com.tlq.rectagent.agent.SupervisorAgentFramework.invoke(SupervisorAgentFramework.java:218)
	at com.tlq.rectagent.agent.SupervisorAgentFramework.invoke(SupervisorAgentFramework.java:209)
	at com.tlq.rectagent.agent.SupervisorAgentFrameworkTest.testRiskAnalysisSimple(SupervisorAgentFrameworkTest.java:40)
	at java.base/jdk.internal.reflect.DirectMethodHandleAccessor.invoke(DirectMethodHandleAccessor.java:103)
	at java.base/java.lang.reflect.Method.invoke(Method.java:580)
	at org.junit.platform.commons.util.ReflectionUtils.invokeMethod(ReflectionUtils.java:728)
	at org.junit.jupiter.engine.execution.MethodInvocation.proceed(MethodInvocation.java:60)
	at org.junit.jupiter.engine.execution.InvocationInterceptorChain$ValidatingInvocation.proceed(InvocationInterceptorChain.java:131)
	at org.junit.jupiter.engine.extension.TimeoutExtension.intercept(TimeoutExtension.java:156)
	at org.junit.jupiter.engine.extension.TimeoutExtension.interceptTestableMethod(TimeoutExtension.java:147)
	at org.junit.jupiter.engine.extension.TimeoutExtension.interceptTestMethod(TimeoutExtension.java:86)
	at org.junit.jupiter.engine.execution.InterceptingExecutableInvoker$ReflectiveInterceptorCall.lambda$ofVoidMethod$0(InterceptingExecutableInvoker.java:103)
	at org.junit.jupiter.engine.execution.InterceptingExecutableInvoker.lambda$invoke$0(InterceptingExecutableInvoker.java:93)
	at org.junit.jupiter.engine.execution.InvocationInterceptorChain$InterceptedInvocation.proceed(InvocationInterceptorChain.java:106)
	at org.junit.jupiter.engine.execution.InvocationInterceptorChain.proceed(InvocationInterceptorChain.java:64)
	at org.junit.jupiter.engine.execution.InvocationInterceptorChain.chainAndInvoke(InvocationInterceptorChain.java:45)
	at org.junit.jupiter.engine.execution.InvocationInterceptorChain.invoke(InvocationInterceptorChain.java:37)
	at org.junit.jupiter.engine.execution.InterceptingExecutableInvoker.invoke(InterceptingExecutableInvoker.java:92)
	at org.junit.jupiter.engine.execution.InterceptingExecutableInvoker.invoke(InterceptingExecutableInvoker.java:86)
	at org.junit.jupiter.engine.descriptor.TestMethodTestDescriptor.lambda$invokeTestMethod$7(TestMethodTestDescriptor.java:218)
	at org.junit.platform.engine.support.hierarchical.ThrowableCollector.execute(ThrowableCollector.java:73)
	at org.junit.jupiter.engine.descriptor.TestMethodTestDescriptor.invokeTestMethod(TestMethodTestDescriptor.java:214)
	at org.junit.jupiter.engine.descriptor.TestMethodTestDescriptor.execute(TestMethodTestDescriptor.java:139)
	at org.junit.jupiter.engine.descriptor.TestMethodTestDescriptor.execute(TestMethodTestDescriptor.java:69)
	at org.junit.platform.engine.support.hierarchical.NodeTestTask.lambda$executeRecursively$6(NodeTestTask.java:156)
	at org.junit.platform.engine.support.hierarchical.ThrowableCollector.execute(ThrowableCollector.java:73)
	at org.junit.platform.engine.support.hierarchical.NodeTestTask.lambda$executeRecursively$8(NodeTestTask.java:146)
	at org.junit.platform.engine.support.hierarchical.Node.around(Node.java:137)
	at org.junit.platform.engine.support.hierarchical.NodeTestTask.lambda$executeRecursively$9(NodeTestTask.java:144)
	at org.junit.platform.engine.support.hierarchical.ThrowableCollector.execute(ThrowableCollector.java:73)
	at org.junit.platform.engine.support.hierarchical.NodeTestTask.executeRecursively(NodeTestTask.java:143)
	at org.junit.platform.engine.support.hierarchical.NodeTestTask.execute(NodeTestTask.java:100)
	at java.base/java.util.ArrayList.forEach(ArrayList.java:1596)
	at org.junit.platform.engine.support.hierarchical.SameThreadHierarchicalTestExecutorService.invokeAll(SameThreadHierarchicalTestExecutorService.java:41)
	at org.junit.platform.engine.support.hierarchical.NodeTestTask.lambda$executeRecursively$6(NodeTestTask.java:160)
	at org.junit.platform.engine.support.hierarchical.ThrowableCollector.execute(ThrowableCollector.java:73)
	at org.junit.platform.engine.support.hierarchical.NodeTestTask.lambda$executeRecursively$8(NodeTestTask.java:146)
	at org.junit.platform.engine.support.hierarchical.Node.around(Node.java:137)
	at org.junit.platform.engine.support.hierarchical.NodeTestTask.lambda$executeRecursively$9(NodeTestTask.java:144)
	at org.junit.platform.engine.support.hierarchical.ThrowableCollector.execute(ThrowableCollector.java:73)
	at org.junit.platform.engine.support.hierarchical.NodeTestTask.executeRecursively(NodeTestTask.java:143)
	at org.junit.platform.engine.support.hierarchical.NodeTestTask.execute(NodeTestTask.java:100)
	at java.base/java.util.ArrayList.forEach(ArrayList.java:1596)
	at org.junit.platform.engine.support.hierarchical.SameThreadHierarchicalTestExecutorService.invokeAll(SameThreadHierarchicalTestExecutorService.java:41)
	at org.junit.platform.engine.support.hierarchical.NodeTestTask.lambda$executeRecursively$6(NodeTestTask.java:160)
	at org.junit.platform.engine.support.hierarchical.ThrowableCollector.execute(ThrowableCollector.java:73)
	at org.junit.platform.engine.support.hierarchical.NodeTestTask.lambda$executeRecursively$8(NodeTestTask.java:146)
	at org.junit.platform.engine.support.hierarchical.Node.around(Node.java:137)
	at org.junit.platform.engine.support.hierarchical.NodeTestTask.lambda$executeRecursively$9(NodeTestTask.java:144)
	at org.junit.platform.engine.support.hierarchical.ThrowableCollector.execute(ThrowableCollector.java:73)
	at org.junit.platform.engine.support.hierarchical.NodeTestTask.executeRecursively(NodeTestTask.java:143)
	at org.junit.platform.engine.support.hierarchical.NodeTestTask.execute(NodeTestTask.java:100)
	at org.junit.platform.engine.support.hierarchical.SameThreadHierarchicalTestExecutorService.submit(SameThreadHierarchicalTestExecutorService.java:35)
	at org.junit.platform.engine.support.hierarchical.HierarchicalTestExecutor.execute(HierarchicalTestExecutor.java:57)
	at org.junit.platform.engine.support.hierarchical.HierarchicalTestEngine.execute(HierarchicalTestEngine.java:54)
	at org.junit.platform.launcher.core.EngineExecutionOrchestrator.execute(EngineExecutionOrchestrator.java:198)
	at org.junit.platform.launcher.core.EngineExecutionOrchestrator.execute(EngineExecutionOrchestrator.java:169)
	at org.junit.platform.launcher.core.EngineExecutionOrchestrator.execute(EngineExecutionOrchestrator.java:93)
	at org.junit.platform.launcher.core.EngineExecutionOrchestrator.lambda$execute$0(EngineExecutionOrchestrator.java:58)
	at org.junit.platform.launcher.core.EngineExecutionOrchestrator.withInterceptedStreams(EngineExecutionOrchestrator.java:141)
	at org.junit.platform.launcher.core.EngineExecutionOrchestrator.execute(EngineExecutionOrchestrator.java:57)
	at org.junit.platform.launcher.core.DefaultLauncher.execute(DefaultLauncher.java:103)
	at org.junit.platform.launcher.core.DefaultLauncher.execute(DefaultLauncher.java:85)
	at org.junit.platform.launcher.core.DelegatingLauncher.execute(DelegatingLauncher.java:47)
	at org.apache.maven.surefire.junitplatform.LazyLauncher.execute(LazyLauncher.java:56)
	at org.apache.maven.surefire.junitplatform.JUnitPlatformProvider.execute(JUnitPlatformProvider.java:184)
	at org.apache.maven.surefire.junitplatform.JUnitPlatformProvider.invokeAllTests(JUnitPlatformProvider.java:148)
	at org.apache.maven.surefire.junitplatform.JUnitPlatformProvider.invoke(JUnitPlatformProvider.java:122)
	at org.apache.maven.surefire.booter.ForkedBooter.runSuitesInProcess(ForkedBooter.java:385)
	at org.apache.maven.surefire.booter.ForkedBooter.execute(ForkedBooter.java:162)
	at org.apache.maven.surefire.booter.ForkedBooter.run(ForkedBooter.java:507)
	at org.apache.maven.surefire.booter.ForkedBooter.main(ForkedBooter.java:495)
	Suppressed: java.lang.Exception: #block terminated with an error
		at reactor.core.publisher.BlockingSingleSubscriber.blockingGet(BlockingSingleSubscriber.java:104)
		at reactor.core.publisher.Mono.block(Mono.java:1779)
		... 75 common frames omitted
风控简单分析结果: 执行失败: Not all variables were replaced in the template. Missing variable names are: [intent_result].
2026-03-26 22:02:56.635 [main] [] INFO  c.t.r.agent.SupervisorAgentFramework - [e6f4434ecd6d4c3b] SupervisorAgentFramework 开始处理风控请求: inputLength=10
2026-03-26 22:02:56.648 [main] [] INFO  c.a.c.a.g.a.f.n.MainAgentNodeAction - Invoking mainAgent 'main_agent' compiled graph with threadId: Optional[subgraph_main_agent]
2026-03-26 22:02:56.661 [main] [] DEBUG c.tlq.rectagent.config.MockChatModel - [MockChatModel] call: 你是一个智能的风控数据分析监督者，负责协调和管理多个专业Agent来完成风控场景的数据分析需求。

## 你的职责
1. 分析用户的风控数据查询需求，将其分解为合适的子任务
2. 根据任务特性，选择合适的Agent进行处理
3. 监控任务执行状态，决定是否需要继续处理或完成任务
4. 当所有任务完成时，返回FINISH结束流程

## 可用的子Agent及其职责

### intent_recognition_agent
- 功能: 识别用户风控查询意图，返回结构化意图信息
- 适用场景: 用户需要识别查询意图、提取关键实体
- 输出: intent_result

### data_analysis_agent
- 功能: 执行风控数据分析，支持风控分析、用户分析、交易分析等
- 适用场景: 用户需要对风控数据进行分析和处理
- 输出: analysis_result

### risk_assessment_agent
- 功能: 执行风险评估，基于数据分析结果进行风险评级
- 适用场景: 用户需要了解风险等级和风险建议
- 输出: risk_assessment_result

## 决策规则

1. 单一任务判断:
   - 需要识别意图 -> intent_recognition_agent
   - 需要数据分析 -> data_analysis_agent
   - 需要风险评估 -> risk_assessment_agent

2. 多步骤任务处理:
   - 如果需求包含多个步骤，需要分步处理
   - 先路由到第一个合适的Agent，等待完成后再路由下一个
   - 所有步骤完成时返回FINISH

3. 禁止连续两次调用同一Agent
4. 最多调用3次

## 响应格式
只返回Agent名称或FINISH，不要包含其他解释。
请分析用户输入，决定调用哪个Agent：
- 识别意图 -> intent_recognition_agent
- 数据分析 -> data_analysis_agent
- 风险评估 -> risk_assessment_agent
- 完成 -> FINISH
分析项目A的风险情况["data_analysis_agent"]分析项目A的风险情况["data_analysis_agent"]分析项目C的风险情况
2026-03-26 22:02:56.676 [main] [] INFO  c.a.c.a.g.a.f.n.MainAgentNodeAction - MainAgentNodeAction: supervisor_next from last AssistantMessage = [data_analysis_agent]
2026-03-26 22:02:56.710 [main] [] INFO  c.a.c.a.g.a.f.n.SupervisorNodeFromState - SupervisorNodeFromState: routingKey='supervisor_next', value='[data_analysis_agent]', parsed agentNames=[data_analysis_agent], validAgentNames=[data_analysis_agent]
2026-03-26 22:02:56.719 [main] [] ERROR c.t.r.agent.SupervisorAgentFramework - [e6f4434ecd6d4c3b] SupervisorAgentFramework 执行失败: Not all variables were replaced in the template. Missing variable names are: [intent_result].
java.lang.IllegalStateException: Not all variables were replaced in the template. Missing variable names are: [intent_result].
	at org.springframework.ai.template.st.StTemplateRenderer.validate(StTemplateRenderer.java:144)
	at org.springframework.ai.template.st.StTemplateRenderer.apply(StTemplateRenderer.java:110)
	at org.springframework.ai.chat.prompt.PromptTemplate.render(PromptTemplate.java:142)
	at com.alibaba.cloud.ai.graph.agent.node.AgentLlmNode.renderPromptTemplate(AgentLlmNode.java:373)
	at com.alibaba.cloud.ai.graph.agent.node.AgentLlmNode.renderTemplatedUserMessage(AgentLlmNode.java:436)
	at com.alibaba.cloud.ai.graph.agent.node.AgentLlmNode.apply(AgentLlmNode.java:165)
	at com.alibaba.cloud.ai.graph.action.AsyncNodeActionWithConfig.lambda$node_async$0(AsyncNodeActionWithConfig.java:41)
	at com.alibaba.cloud.ai.graph.executor.NodeExecutor.executeNode(NodeExecutor.java:123)
	at com.alibaba.cloud.ai.graph.executor.NodeExecutor.execute(NodeExecutor.java:85)
	at com.alibaba.cloud.ai.graph.executor.MainGraphExecutor.execute(MainGraphExecutor.java:108)
	at com.alibaba.cloud.ai.graph.executor.MainGraphExecutor.lambda$handleStartNode$0(MainGraphExecutor.java:135)
	at reactor.core.publisher.FluxDefer.subscribe(FluxDefer.java:46)
	at reactor.core.publisher.Flux.subscribe(Flux.java:8848)
	at reactor.core.publisher.FluxConcatArray$ConcatArraySubscriber.onComplete(FluxConcatArray.java:238)
	at reactor.core.publisher.FluxConcatArray.subscribe(FluxConcatArray.java:79)
	at reactor.core.publisher.FluxDefer.subscribe(FluxDefer.java:54)
	at reactor.core.publisher.Flux.subscribe(Flux.java:8848)
	at reactor.core.publisher.FluxConcatArray$ConcatArraySubscriber.onComplete(FluxConcatArray.java:238)
	at reactor.core.publisher.FluxConcatArray.subscribe(FluxConcatArray.java:79)
	at reactor.core.publisher.Flux.subscribe(Flux.java:8848)
	at reactor.core.publisher.FluxConcatArray$ConcatArraySubscriber.onComplete(FluxConcatArray.java:238)
	at reactor.core.publisher.FluxConcatArray.subscribe(FluxConcatArray.java:79)
	at reactor.core.publisher.Flux.subscribe(Flux.java:8848)
	at reactor.core.publisher.MonoFlatMapMany$FlatMapManyMain.onNext(MonoFlatMapMany.java:196)
	at reactor.core.publisher.MonoCompletionStage$MonoCompletionStageSubscription.apply(MonoCompletionStage.java:121)
	at reactor.core.publisher.MonoCompletionStage$MonoCompletionStageSubscription.apply(MonoCompletionStage.java:67)
	at java.base/java.util.concurrent.CompletableFuture.uniHandle(CompletableFuture.java:934)
	at java.base/java.util.concurrent.CompletableFuture.uniHandleStage(CompletableFuture.java:950)
	at java.base/java.util.concurrent.CompletableFuture.handle(CompletableFuture.java:2372)
	at java.base/java.util.concurrent.CompletableFuture.handle(CompletableFuture.java:144)
	at reactor.core.publisher.MonoCompletionStage$MonoCompletionStageSubscription.request(MonoCompletionStage.java:145)
	at reactor.core.publisher.MonoFlatMapMany$FlatMapManyMain.onSubscribe(MonoFlatMapMany.java:141)
	at reactor.core.publisher.MonoCompletionStage.subscribe(MonoCompletionStage.java:56)
	at reactor.core.publisher.InternalFluxOperator.subscribe(InternalFluxOperator.java:68)
	at reactor.core.publisher.FluxDefer.subscribe(FluxDefer.java:54)
	at reactor.core.publisher.Flux.subscribe(Flux.java:8848)
	at reactor.core.publisher.FluxConcatArray$ConcatArraySubscriber.onComplete(FluxConcatArray.java:238)
	at reactor.core.publisher.FluxConcatArray.subscribe(FluxConcatArray.java:79)
	at reactor.core.publisher.Flux.subscribe(Flux.java:8848)
	at reactor.core.publisher.MonoFlatMapMany$FlatMapManyMain.onNext(MonoFlatMapMany.java:196)
	at reactor.core.publisher.MonoCompletionStage$MonoCompletionStageSubscription.apply(MonoCompletionStage.java:121)
	at reactor.core.publisher.MonoCompletionStage$MonoCompletionStageSubscription.apply(MonoCompletionStage.java:67)
	at java.base/java.util.concurrent.CompletableFuture.uniHandle(CompletableFuture.java:934)
	at java.base/java.util.concurrent.CompletableFuture.uniHandleStage(CompletableFuture.java:950)
	at java.base/java.util.concurrent.CompletableFuture.handle(CompletableFuture.java:2372)
	at java.base/java.util.concurrent.CompletableFuture.handle(CompletableFuture.java:144)
	at reactor.core.publisher.MonoCompletionStage$MonoCompletionStageSubscription.request(MonoCompletionStage.java:145)
	at reactor.core.publisher.MonoFlatMapMany$FlatMapManyMain.onSubscribe(MonoFlatMapMany.java:141)
	at reactor.core.publisher.MonoCompletionStage.subscribe(MonoCompletionStage.java:56)
	at reactor.core.publisher.InternalFluxOperator.subscribe(InternalFluxOperator.java:68)
	at reactor.core.publisher.FluxDefer.subscribe(FluxDefer.java:54)
	at reactor.core.publisher.Flux.subscribe(Flux.java:8848)
	at reactor.core.publisher.FluxConcatArray$ConcatArraySubscriber.onComplete(FluxConcatArray.java:238)
	at reactor.core.publisher.FluxConcatArray.subscribe(FluxConcatArray.java:79)
	at reactor.core.publisher.Flux.subscribe(Flux.java:8848)
	at reactor.core.publisher.FluxConcatArray$ConcatArraySubscriber.onComplete(FluxConcatArray.java:238)
	at reactor.core.publisher.FluxConcatArray.subscribe(FluxConcatArray.java:79)
	at reactor.core.publisher.Flux.subscribe(Flux.java:8848)
	at reactor.core.publisher.MonoFlatMapMany$FlatMapManyMain.onNext(MonoFlatMapMany.java:196)
	at reactor.core.publisher.MonoCompletionStage$MonoCompletionStageSubscription.apply(MonoCompletionStage.java:121)
	at reactor.core.publisher.MonoCompletionStage$MonoCompletionStageSubscription.apply(MonoCompletionStage.java:67)
	at java.base/java.util.concurrent.CompletableFuture.uniHandle(CompletableFuture.java:934)
	at java.base/java.util.concurrent.CompletableFuture.uniHandleStage(CompletableFuture.java:950)
	at java.base/java.util.concurrent.CompletableFuture.handle(CompletableFuture.java:2372)
	at java.base/java.util.concurrent.CompletableFuture.handle(CompletableFuture.java:144)
	at reactor.core.publisher.MonoCompletionStage$MonoCompletionStageSubscription.request(MonoCompletionStage.java:145)
	at reactor.core.publisher.MonoFlatMapMany$FlatMapManyMain.onSubscribe(MonoFlatMapMany.java:141)
	at reactor.core.publisher.MonoCompletionStage.subscribe(MonoCompletionStage.java:56)
	at reactor.core.publisher.InternalFluxOperator.subscribe(InternalFluxOperator.java:68)
	at reactor.core.publisher.FluxDefer.subscribe(FluxDefer.java:54)
	at reactor.core.publisher.Flux.subscribe(Flux.java:8848)
	at reactor.core.publisher.FluxConcatArray$ConcatArraySubscriber.onComplete(FluxConcatArray.java:238)
	at reactor.core.publisher.FluxConcatArray.subscribe(FluxConcatArray.java:79)
	at reactor.core.publisher.FluxDefer.subscribe(FluxDefer.java:54)
	at reactor.core.publisher.Mono.subscribe(Mono.java:4576)
	at reactor.core.publisher.Mono.block(Mono.java:1778)
	at com.alibaba.cloud.ai.graph.CompiledGraph.invoke(CompiledGraph.java:640)
	at com.alibaba.cloud.ai.graph.agent.Agent.doInvoke(Agent.java:499)
	at com.alibaba.cloud.ai.graph.agent.Agent.invoke(Agent.java:165)
	at com.tlq.rectagent.agent.SupervisorAgentFramework.invoke(SupervisorAgentFramework.java:218)
	at com.tlq.rectagent.agent.SupervisorAgentFrameworkTest.testSupervisorAgentInvokeWithMetadata(SupervisorAgentFrameworkTest.java:76)
	at java.base/jdk.internal.reflect.DirectMethodHandleAccessor.invoke(DirectMethodHandleAccessor.java:103)
	at java.base/java.lang.reflect.Method.invoke(Method.java:580)
	at org.junit.platform.commons.util.ReflectionUtils.invokeMethod(ReflectionUtils.java:728)
	at org.junit.jupiter.engine.execution.MethodInvocation.proceed(MethodInvocation.java:60)
	at org.junit.jupiter.engine.execution.InvocationInterceptorChain$ValidatingInvocation.proceed(InvocationInterceptorChain.java:131)
	at org.junit.jupiter.engine.extension.TimeoutExtension.intercept(TimeoutExtension.java:156)
	at org.junit.jupiter.engine.extension.TimeoutExtension.interceptTestableMethod(TimeoutExtension.java:147)
	at org.junit.jupiter.engine.extension.TimeoutExtension.interceptTestMethod(TimeoutExtension.java:86)
	at org.junit.jupiter.engine.execution.InterceptingExecutableInvoker$ReflectiveInterceptorCall.lambda$ofVoidMethod$0(InterceptingExecutableInvoker.java:103)
	at org.junit.jupiter.engine.execution.InterceptingExecutableInvoker.lambda$invoke$0(InterceptingExecutableInvoker.java:93)
	at org.junit.jupiter.engine.execution.InvocationInterceptorChain$InterceptedInvocation.proceed(InvocationInterceptorChain.java:106)
	at org.junit.jupiter.engine.execution.InvocationInterceptorChain.proceed(InvocationInterceptorChain.java:64)
	at org.junit.jupiter.engine.execution.InvocationInterceptorChain.chainAndInvoke(InvocationInterceptorChain.java:45)
	at org.junit.jupiter.engine.execution.InvocationInterceptorChain.invoke(InvocationInterceptorChain.java:37)
	at org.junit.jupiter.engine.execution.InterceptingExecutableInvoker.invoke(InterceptingExecutableInvoker.java:92)
	at org.junit.jupiter.engine.execution.InterceptingExecutableInvoker.invoke(InterceptingExecutableInvoker.java:86)
	at org.junit.jupiter.engine.descriptor.TestMethodTestDescriptor.lambda$invokeTestMethod$7(TestMethodTestDescriptor.java:218)
	at org.junit.platform.engine.support.hierarchical.ThrowableCollector.execute(ThrowableCollector.java:73)
	at org.junit.jupiter.engine.descriptor.TestMethodTestDescriptor.invokeTestMethod(TestMethodTestDescriptor.java:214)
	at org.junit.jupiter.engine.descriptor.TestMethodTestDescriptor.execute(TestMethodTestDescriptor.java:139)
	at org.junit.jupiter.engine.descriptor.TestMethodTestDescriptor.execute(TestMethodTestDescriptor.java:69)
	at org.junit.platform.engine.support.hierarchical.NodeTestTask.lambda$executeRecursively$6(NodeTestTask.java:156)
	at org.junit.platform.engine.support.hierarchical.ThrowableCollector.execute(ThrowableCollector.java:73)
	at org.junit.platform.engine.support.hierarchical.NodeTestTask.lambda$executeRecursively$8(NodeTestTask.java:146)
	at org.junit.platform.engine.support.hierarchical.Node.around(Node.java:137)
	at org.junit.platform.engine.support.hierarchical.NodeTestTask.lambda$executeRecursively$9(NodeTestTask.java:144)
	at org.junit.platform.engine.support.hierarchical.ThrowableCollector.execute(ThrowableCollector.java:73)
	at org.junit.platform.engine.support.hierarchical.NodeTestTask.executeRecursively(NodeTestTask.java:143)
	at org.junit.platform.engine.support.hierarchical.NodeTestTask.execute(NodeTestTask.java:100)
	at java.base/java.util.ArrayList.forEach(ArrayList.java:1596)
	at org.junit.platform.engine.support.hierarchical.SameThreadHierarchicalTestExecutorService.invokeAll(SameThreadHierarchicalTestExecutorService.java:41)
	at org.junit.platform.engine.support.hierarchical.NodeTestTask.lambda$executeRecursively$6(NodeTestTask.java:160)
	at org.junit.platform.engine.support.hierarchical.ThrowableCollector.execute(ThrowableCollector.java:73)
	at org.junit.platform.engine.support.hierarchical.NodeTestTask.lambda$executeRecursively$8(NodeTestTask.java:146)
	at org.junit.platform.engine.support.hierarchical.Node.around(Node.java:137)
	at org.junit.platform.engine.support.hierarchical.NodeTestTask.lambda$executeRecursively$9(NodeTestTask.java:144)
	at org.junit.platform.engine.support.hierarchical.ThrowableCollector.execute(ThrowableCollector.java:73)
	at org.junit.platform.engine.support.hierarchical.NodeTestTask.executeRecursively(NodeTestTask.java:143)
	at org.junit.platform.engine.support.hierarchical.NodeTestTask.execute(NodeTestTask.java:100)
	at java.base/java.util.ArrayList.forEach(ArrayList.java:1596)
	at org.junit.platform.engine.support.hierarchical.SameThreadHierarchicalTestExecutorService.invokeAll(SameThreadHierarchicalTestExecutorService.java:41)
	at org.junit.platform.engine.support.hierarchical.NodeTestTask.lambda$executeRecursively$6(NodeTestTask.java:160)
	at org.junit.platform.engine.support.hierarchical.ThrowableCollector.execute(ThrowableCollector.java:73)
	at org.junit.platform.engine.support.hierarchical.NodeTestTask.lambda$executeRecursively$8(NodeTestTask.java:146)
	at org.junit.platform.engine.support.hierarchical.Node.around(Node.java:137)
	at org.junit.platform.engine.support.hierarchical.NodeTestTask.lambda$executeRecursively$9(NodeTestTask.java:144)
	at org.junit.platform.engine.support.hierarchical.ThrowableCollector.execute(ThrowableCollector.java:73)
	at org.junit.platform.engine.support.hierarchical.NodeTestTask.executeRecursively(NodeTestTask.java:143)
	at org.junit.platform.engine.support.hierarchical.NodeTestTask.execute(NodeTestTask.java:100)
	at org.junit.platform.engine.support.hierarchical.SameThreadHierarchicalTestExecutorService.submit(SameThreadHierarchicalTestExecutorService.java:35)
	at org.junit.platform.engine.support.hierarchical.HierarchicalTestExecutor.execute(HierarchicalTestExecutor.java:57)
	at org.junit.platform.engine.support.hierarchical.HierarchicalTestEngine.execute(HierarchicalTestEngine.java:54)
	at org.junit.platform.launcher.core.EngineExecutionOrchestrator.execute(EngineExecutionOrchestrator.java:198)
	at org.junit.platform.launcher.core.EngineExecutionOrchestrator.execute(EngineExecutionOrchestrator.java:169)
	at org.junit.platform.launcher.core.EngineExecutionOrchestrator.execute(EngineExecutionOrchestrator.java:93)
	at org.junit.platform.launcher.core.EngineExecutionOrchestrator.lambda$execute$0(EngineExecutionOrchestrator.java:58)
	at org.junit.platform.launcher.core.EngineExecutionOrchestrator.withInterceptedStreams(EngineExecutionOrchestrator.java:141)
	at org.junit.platform.launcher.core.EngineExecutionOrchestrator.execute(EngineExecutionOrchestrator.java:57)
	at org.junit.platform.launcher.core.DefaultLauncher.execute(DefaultLauncher.java:103)
	at org.junit.platform.launcher.core.DefaultLauncher.execute(DefaultLauncher.java:85)
	at org.junit.platform.launcher.core.DelegatingLauncher.execute(DelegatingLauncher.java:47)
	at org.apache.maven.surefire.junitplatform.LazyLauncher.execute(LazyLauncher.java:56)
	at org.apache.maven.surefire.junitplatform.JUnitPlatformProvider.execute(JUnitPlatformProvider.java:184)
	at org.apache.maven.surefire.junitplatform.JUnitPlatformProvider.invokeAllTests(JUnitPlatformProvider.java:148)
	at org.apache.maven.surefire.junitplatform.JUnitPlatformProvider.invoke(JUnitPlatformProvider.java:122)
	at org.apache.maven.surefire.booter.ForkedBooter.runSuitesInProcess(ForkedBooter.java:385)
	at org.apache.maven.surefire.booter.ForkedBooter.execute(ForkedBooter.java:162)
	at org.apache.maven.surefire.booter.ForkedBooter.run(ForkedBooter.java:507)
	at org.apache.maven.surefire.booter.ForkedBooter.main(ForkedBooter.java:495)
	Suppressed: java.lang.Exception: #block terminated with an error
		at reactor.core.publisher.BlockingSingleSubscriber.blockingGet(BlockingSingleSubscriber.java:104)
		at reactor.core.publisher.Mono.block(Mono.java:1779)
		... 74 common frames omitted
SupervisorAgentFramework result: SupervisorResult[content=执行失败: Not all variables were replaced in the template. Missing variable names are: [intent_result]., traceId=e6f4434ecd6d4c3b, selectedAgent=error, routeHistory=null]
2026-03-26 22:02:56.737 [main] [] INFO  c.t.r.agent.SupervisorAgentFramework - [1be45c329fee43f0] SupervisorAgentFramework 开始处理风控请求: inputLength=26
2026-03-26 22:02:56.748 [main] [] INFO  c.a.c.a.g.a.f.n.MainAgentNodeAction - Invoking mainAgent 'main_agent' compiled graph with threadId: Optional[subgraph_main_agent]
2026-03-26 22:02:56.767 [main] [] DEBUG c.tlq.rectagent.config.MockChatModel - [MockChatModel] call: 你是一个智能的风控数据分析监督者，负责协调和管理多个专业Agent来完成风控场景的数据分析需求。

## 你的职责
1. 分析用户的风控数据查询需求，将其分解为合适的子任务
2. 根据任务特性，选择合适的Agent进行处理
3. 监控任务执行状态，决定是否需要继续处理或完成任务
4. 当所有任务完成时，返回FINISH结束流程

## 可用的子Agent及其职责

### intent_recognition_agent
- 功能: 识别用户风控查询意图，返回结构化意图信息
- 适用场景: 用户需要识别查询意图、提取关键实体
- 输出: intent_result

### data_analysis_agent
- 功能: 执行风控数据分析，支持风控分析、用户分析、交易分析等
- 适用场景: 用户需要对风控数据进行分析和处理
- 输出: analysis_result

### risk_assessment_agent
- 功能: 执行风险评估，基于数据分析结果进行风险评级
- 适用场景: 用户需要了解风险等级和风险建议
- 输出: risk_assessment_result

## 决策规则

1. 单一任务判断:
   - 需要识别意图 -> intent_recognition_agent
   - 需要数据分析 -> data_analysis_agent
   - 需要风险评估 -> risk_assessment_agent

2. 多步骤任务处理:
   - 如果需求包含多个步骤，需要分步处理
   - 先路由到第一个合适的Agent，等待完成后再路由下一个
   - 所有步骤完成时返回FINISH

3. 禁止连续两次调用同一Agent
4. 最多调用3次

## 响应格式
只返回Agent名称或FINISH，不要包含其他解释。
请分析用户输入，决定调用哪个Agent：
- 识别意图 -> intent_recognition_agent
- 数据分析 -> data_analysis_agent
- 风险评估 -> risk_assessment_agent
- 完成 -> FINISH
分析项目A的风险情况["data_analysis_agent"]分析项目A的风险情况["data_analysis_agent"]分析项目C的风险情况["data_analysis_agent"]分析项目A的风险情况["data_analysis_agent"]分析项目C的风险情况分析项目A在2026年1月的交易风险，并给出风险评估
2026-03-26 22:02:56.804 [main] [] INFO  c.a.c.a.g.a.f.n.MainAgentNodeAction - MainAgentNodeAction: supervisor_next from last AssistantMessage = [data_analysis_agent]
2026-03-26 22:02:56.814 [main] [] INFO  c.a.c.a.g.a.f.n.SupervisorNodeFromState - SupervisorNodeFromState: routingKey='supervisor_next', value='[data_analysis_agent]', parsed agentNames=[data_analysis_agent], validAgentNames=[data_analysis_agent]
2026-03-26 22:02:56.830 [main] [] ERROR c.t.r.agent.SupervisorAgentFramework - [1be45c329fee43f0] SupervisorAgentFramework 执行失败: Not all variables were replaced in the template. Missing variable names are: [intent_result].
java.lang.IllegalStateException: Not all variables were replaced in the template. Missing variable names are: [intent_result].
	at org.springframework.ai.template.st.StTemplateRenderer.validate(StTemplateRenderer.java:144)
	at org.springframework.ai.template.st.StTemplateRenderer.apply(StTemplateRenderer.java:110)
	at org.springframework.ai.chat.prompt.PromptTemplate.render(PromptTemplate.java:142)
	at com.alibaba.cloud.ai.graph.agent.node.AgentLlmNode.renderPromptTemplate(AgentLlmNode.java:373)
	at com.alibaba.cloud.ai.graph.agent.node.AgentLlmNode.renderTemplatedUserMessage(AgentLlmNode.java:436)
	at com.alibaba.cloud.ai.graph.agent.node.AgentLlmNode.apply(AgentLlmNode.java:165)
	at com.alibaba.cloud.ai.graph.action.AsyncNodeActionWithConfig.lambda$node_async$0(AsyncNodeActionWithConfig.java:41)
	at com.alibaba.cloud.ai.graph.executor.NodeExecutor.executeNode(NodeExecutor.java:123)
	at com.alibaba.cloud.ai.graph.executor.NodeExecutor.execute(NodeExecutor.java:85)
	at com.alibaba.cloud.ai.graph.executor.MainGraphExecutor.execute(MainGraphExecutor.java:108)
	at com.alibaba.cloud.ai.graph.executor.MainGraphExecutor.lambda$handleStartNode$0(MainGraphExecutor.java:135)
	at reactor.core.publisher.FluxDefer.subscribe(FluxDefer.java:46)
	at reactor.core.publisher.Flux.subscribe(Flux.java:8848)
	at reactor.core.publisher.FluxConcatArray$ConcatArraySubscriber.onComplete(FluxConcatArray.java:238)
	at reactor.core.publisher.FluxConcatArray.subscribe(FluxConcatArray.java:79)
	at reactor.core.publisher.FluxDefer.subscribe(FluxDefer.java:54)
	at reactor.core.publisher.Flux.subscribe(Flux.java:8848)
	at reactor.core.publisher.FluxConcatArray$ConcatArraySubscriber.onComplete(FluxConcatArray.java:238)
	at reactor.core.publisher.FluxConcatArray.subscribe(FluxConcatArray.java:79)
	at reactor.core.publisher.Flux.subscribe(Flux.java:8848)
	at reactor.core.publisher.FluxConcatArray$ConcatArraySubscriber.onComplete(FluxConcatArray.java:238)
	at reactor.core.publisher.FluxConcatArray.subscribe(FluxConcatArray.java:79)
	at reactor.core.publisher.Flux.subscribe(Flux.java:8848)
	at reactor.core.publisher.MonoFlatMapMany$FlatMapManyMain.onNext(MonoFlatMapMany.java:196)
	at reactor.core.publisher.MonoCompletionStage$MonoCompletionStageSubscription.apply(MonoCompletionStage.java:121)
	at reactor.core.publisher.MonoCompletionStage$MonoCompletionStageSubscription.apply(MonoCompletionStage.java:67)
	at java.base/java.util.concurrent.CompletableFuture.uniHandle(CompletableFuture.java:934)
	at java.base/java.util.concurrent.CompletableFuture.uniHandleStage(CompletableFuture.java:950)
	at java.base/java.util.concurrent.CompletableFuture.handle(CompletableFuture.java:2372)
	at java.base/java.util.concurrent.CompletableFuture.handle(CompletableFuture.java:144)
	at reactor.core.publisher.MonoCompletionStage$MonoCompletionStageSubscription.request(MonoCompletionStage.java:145)
	at reactor.core.publisher.MonoFlatMapMany$FlatMapManyMain.onSubscribe(MonoFlatMapMany.java:141)
	at reactor.core.publisher.MonoCompletionStage.subscribe(MonoCompletionStage.java:56)
	at reactor.core.publisher.InternalFluxOperator.subscribe(InternalFluxOperator.java:68)
	at reactor.core.publisher.FluxDefer.subscribe(FluxDefer.java:54)
	at reactor.core.publisher.Flux.subscribe(Flux.java:8848)
	at reactor.core.publisher.FluxConcatArray$ConcatArraySubscriber.onComplete(FluxConcatArray.java:238)
	at reactor.core.publisher.FluxConcatArray.subscribe(FluxConcatArray.java:79)
	at reactor.core.publisher.Flux.subscribe(Flux.java:8848)
	at reactor.core.publisher.MonoFlatMapMany$FlatMapManyMain.onNext(MonoFlatMapMany.java:196)
	at reactor.core.publisher.MonoCompletionStage$MonoCompletionStageSubscription.apply(MonoCompletionStage.java:121)
	at reactor.core.publisher.MonoCompletionStage$MonoCompletionStageSubscription.apply(MonoCompletionStage.java:67)
	at java.base/java.util.concurrent.CompletableFuture.uniHandle(CompletableFuture.java:934)
	at java.base/java.util.concurrent.CompletableFuture.uniHandleStage(CompletableFuture.java:950)
	at java.base/java.util.concurrent.CompletableFuture.handle(CompletableFuture.java:2372)
	at java.base/java.util.concurrent.CompletableFuture.handle(CompletableFuture.java:144)
	at reactor.core.publisher.MonoCompletionStage$MonoCompletionStageSubscription.request(MonoCompletionStage.java:145)
	at reactor.core.publisher.MonoFlatMapMany$FlatMapManyMain.onSubscribe(MonoFlatMapMany.java:141)
	at reactor.core.publisher.MonoCompletionStage.subscribe(MonoCompletionStage.java:56)
	at reactor.core.publisher.InternalFluxOperator.subscribe(InternalFluxOperator.java:68)
	at reactor.core.publisher.FluxDefer.subscribe(FluxDefer.java:54)
	at reactor.core.publisher.Flux.subscribe(Flux.java:8848)
	at reactor.core.publisher.FluxConcatArray$ConcatArraySubscriber.onComplete(FluxConcatArray.java:238)
	at reactor.core.publisher.FluxConcatArray.subscribe(FluxConcatArray.java:79)
	at reactor.core.publisher.Flux.subscribe(Flux.java:8848)
	at reactor.core.publisher.FluxConcatArray$ConcatArraySubscriber.onComplete(FluxConcatArray.java:238)
	at reactor.core.publisher.FluxConcatArray.subscribe(FluxConcatArray.java:79)
	at reactor.core.publisher.Flux.subscribe(Flux.java:8848)
	at reactor.core.publisher.MonoFlatMapMany$FlatMapManyMain.onNext(MonoFlatMapMany.java:196)
	at reactor.core.publisher.MonoCompletionStage$MonoCompletionStageSubscription.apply(MonoCompletionStage.java:121)
	at reactor.core.publisher.MonoCompletionStage$MonoCompletionStageSubscription.apply(MonoCompletionStage.java:67)
	at java.base/java.util.concurrent.CompletableFuture.uniHandle(CompletableFuture.java:934)
	at java.base/java.util.concurrent.CompletableFuture.uniHandleStage(CompletableFuture.java:950)
	at java.base/java.util.concurrent.CompletableFuture.handle(CompletableFuture.java:2372)
	at java.base/java.util.concurrent.CompletableFuture.handle(CompletableFuture.java:144)
	at reactor.core.publisher.MonoCompletionStage$MonoCompletionStageSubscription.request(MonoCompletionStage.java:145)
	at reactor.core.publisher.MonoFlatMapMany$FlatMapManyMain.onSubscribe(MonoFlatMapMany.java:141)
	at reactor.core.publisher.MonoCompletionStage.subscribe(MonoCompletionStage.java:56)
	at reactor.core.publisher.InternalFluxOperator.subscribe(InternalFluxOperator.java:68)
	at reactor.core.publisher.FluxDefer.subscribe(FluxDefer.java:54)
	at reactor.core.publisher.Flux.subscribe(Flux.java:8848)
	at reactor.core.publisher.FluxConcatArray$ConcatArraySubscriber.onComplete(FluxConcatArray.java:238)
	at reactor.core.publisher.FluxConcatArray.subscribe(FluxConcatArray.java:79)
	at reactor.core.publisher.FluxDefer.subscribe(FluxDefer.java:54)
	at reactor.core.publisher.Mono.subscribe(Mono.java:4576)
	at reactor.core.publisher.Mono.block(Mono.java:1778)
	at com.alibaba.cloud.ai.graph.CompiledGraph.invoke(CompiledGraph.java:640)
	at com.alibaba.cloud.ai.graph.agent.Agent.doInvoke(Agent.java:499)
	at com.alibaba.cloud.ai.graph.agent.Agent.invoke(Agent.java:165)
	at com.tlq.rectagent.agent.SupervisorAgentFramework.invoke(SupervisorAgentFramework.java:218)
	at com.tlq.rectagent.agent.SupervisorAgentFramework.invoke(SupervisorAgentFramework.java:209)
	at com.tlq.rectagent.agent.SupervisorAgentFrameworkTest.testRiskAnalysisFullFlow(SupervisorAgentFrameworkTest.java:49)
	at java.base/jdk.internal.reflect.DirectMethodHandleAccessor.invoke(DirectMethodHandleAccessor.java:103)
	at java.base/java.lang.reflect.Method.invoke(Method.java:580)
	at org.junit.platform.commons.util.ReflectionUtils.invokeMethod(ReflectionUtils.java:728)
	at org.junit.jupiter.engine.execution.MethodInvocation.proceed(MethodInvocation.java:60)
	at org.junit.jupiter.engine.execution.InvocationInterceptorChain$ValidatingInvocation.proceed(InvocationInterceptorChain.java:131)
	at org.junit.jupiter.engine.extension.TimeoutExtension.intercept(TimeoutExtension.java:156)
	at org.junit.jupiter.engine.extension.TimeoutExtension.interceptTestableMethod(TimeoutExtension.java:147)
	at org.junit.jupiter.engine.extension.TimeoutExtension.interceptTestMethod(TimeoutExtension.java:86)
	at org.junit.jupiter.engine.execution.InterceptingExecutableInvoker$ReflectiveInterceptorCall.lambda$ofVoidMethod$0(InterceptingExecutableInvoker.java:103)
	at org.junit.jupiter.engine.execution.InterceptingExecutableInvoker.lambda$invoke$0(InterceptingExecutableInvoker.java:93)
	at org.junit.jupiter.engine.execution.InvocationInterceptorChain$InterceptedInvocation.proceed(InvocationInterceptorChain.java:106)
	at org.junit.jupiter.engine.execution.InvocationInterceptorChain.proceed(InvocationInterceptorChain.java:64)
	at org.junit.jupiter.engine.execution.InvocationInterceptorChain.chainAndInvoke(InvocationInterceptorChain.java:45)
	at org.junit.jupiter.engine.execution.InvocationInterceptorChain.invoke(InvocationInterceptorChain.java:37)
	at org.junit.jupiter.engine.execution.InterceptingExecutableInvoker.invoke(InterceptingExecutableInvoker.java:92)
	at org.junit.jupiter.engine.execution.InterceptingExecutableInvoker.invoke(InterceptingExecutableInvoker.java:86)
	at org.junit.jupiter.engine.descriptor.TestMethodTestDescriptor.lambda$invokeTestMethod$7(TestMethodTestDescriptor.java:218)
	at org.junit.platform.engine.support.hierarchical.ThrowableCollector.execute(ThrowableCollector.java:73)
	at org.junit.jupiter.engine.descriptor.TestMethodTestDescriptor.invokeTestMethod(TestMethodTestDescriptor.java:214)
	at org.junit.jupiter.engine.descriptor.TestMethodTestDescriptor.execute(TestMethodTestDescriptor.java:139)
	at org.junit.jupiter.engine.descriptor.TestMethodTestDescriptor.execute(TestMethodTestDescriptor.java:69)
	at org.junit.platform.engine.support.hierarchical.NodeTestTask.lambda$executeRecursively$6(NodeTestTask.java:156)
	at org.junit.platform.engine.support.hierarchical.ThrowableCollector.execute(ThrowableCollector.java:73)
	at org.junit.platform.engine.support.hierarchical.NodeTestTask.lambda$executeRecursively$8(NodeTestTask.java:146)
	at org.junit.platform.engine.support.hierarchical.Node.around(Node.java:137)
	at org.junit.platform.engine.support.hierarchical.NodeTestTask.lambda$executeRecursively$9(NodeTestTask.java:144)
	at org.junit.platform.engine.support.hierarchical.ThrowableCollector.execute(ThrowableCollector.java:73)
	at org.junit.platform.engine.support.hierarchical.NodeTestTask.executeRecursively(NodeTestTask.java:143)
	at org.junit.platform.engine.support.hierarchical.NodeTestTask.execute(NodeTestTask.java:100)
	at java.base/java.util.ArrayList.forEach(ArrayList.java:1596)
	at org.junit.platform.engine.support.hierarchical.SameThreadHierarchicalTestExecutorService.invokeAll(SameThreadHierarchicalTestExecutorService.java:41)
	at org.junit.platform.engine.support.hierarchical.NodeTestTask.lambda$executeRecursively$6(NodeTestTask.java:160)
	at org.junit.platform.engine.support.hierarchical.ThrowableCollector.execute(ThrowableCollector.java:73)
	at org.junit.platform.engine.support.hierarchical.NodeTestTask.lambda$executeRecursively$8(NodeTestTask.java:146)
	at org.junit.platform.engine.support.hierarchical.Node.around(Node.java:137)
	at org.junit.platform.engine.support.hierarchical.NodeTestTask.lambda$executeRecursively$9(NodeTestTask.java:144)
	at org.junit.platform.engine.support.hierarchical.ThrowableCollector.execute(ThrowableCollector.java:73)
	at org.junit.platform.engine.support.hierarchical.NodeTestTask.executeRecursively(NodeTestTask.java:143)
	at org.junit.platform.engine.support.hierarchical.NodeTestTask.execute(NodeTestTask.java:100)
	at java.base/java.util.ArrayList.forEach(ArrayList.java:1596)
	at org.junit.platform.engine.support.hierarchical.SameThreadHierarchicalTestExecutorService.invokeAll(SameThreadHierarchicalTestExecutorService.java:41)
	at org.junit.platform.engine.support.hierarchical.NodeTestTask.lambda$executeRecursively$6(NodeTestTask.java:160)
	at org.junit.platform.engine.support.hierarchical.ThrowableCollector.execute(ThrowableCollector.java:73)
	at org.junit.platform.engine.support.hierarchical.NodeTestTask.lambda$executeRecursively$8(NodeTestTask.java:146)
	at org.junit.platform.engine.support.hierarchical.Node.around(Node.java:137)
	at org.junit.platform.engine.support.hierarchical.NodeTestTask.lambda$executeRecursively$9(NodeTestTask.java:144)
	at org.junit.platform.engine.support.hierarchical.ThrowableCollector.execute(ThrowableCollector.java:73)
	at org.junit.platform.engine.support.hierarchical.NodeTestTask.executeRecursively(NodeTestTask.java:143)
	at org.junit.platform.engine.support.hierarchical.NodeTestTask.execute(NodeTestTask.java:100)
	at org.junit.platform.engine.support.hierarchical.SameThreadHierarchicalTestExecutorService.submit(SameThreadHierarchicalTestExecutorService.java:35)
	at org.junit.platform.engine.support.hierarchical.HierarchicalTestExecutor.execute(HierarchicalTestExecutor.java:57)
	at org.junit.platform.engine.support.hierarchical.HierarchicalTestEngine.execute(HierarchicalTestEngine.java:54)
	at org.junit.platform.launcher.core.EngineExecutionOrchestrator.execute(EngineExecutionOrchestrator.java:198)
	at org.junit.platform.launcher.core.EngineExecutionOrchestrator.execute(EngineExecutionOrchestrator.java:169)
	at org.junit.platform.launcher.core.EngineExecutionOrchestrator.execute(EngineExecutionOrchestrator.java:93)
	at org.junit.platform.launcher.core.EngineExecutionOrchestrator.lambda$execute$0(EngineExecutionOrchestrator.java:58)
	at org.junit.platform.launcher.core.EngineExecutionOrchestrator.withInterceptedStreams(EngineExecutionOrchestrator.java:141)
	at org.junit.platform.launcher.core.EngineExecutionOrchestrator.execute(EngineExecutionOrchestrator.java:57)
	at org.junit.platform.launcher.core.DefaultLauncher.execute(DefaultLauncher.java:103)
	at org.junit.platform.launcher.core.DefaultLauncher.execute(DefaultLauncher.java:85)
	at org.junit.platform.launcher.core.DelegatingLauncher.execute(DelegatingLauncher.java:47)
	at org.apache.maven.surefire.junitplatform.LazyLauncher.execute(LazyLauncher.java:56)
	at org.apache.maven.surefire.junitplatform.JUnitPlatformProvider.execute(JUnitPlatformProvider.java:184)
	at org.apache.maven.surefire.junitplatform.JUnitPlatformProvider.invokeAllTests(JUnitPlatformProvider.java:148)
	at org.apache.maven.surefire.junitplatform.JUnitPlatformProvider.invoke(JUnitPlatformProvider.java:122)
	at org.apache.maven.surefire.booter.ForkedBooter.runSuitesInProcess(ForkedBooter.java:385)
	at org.apache.maven.surefire.booter.ForkedBooter.execute(ForkedBooter.java:162)
	at org.apache.maven.surefire.booter.ForkedBooter.run(ForkedBooter.java:507)
	at org.apache.maven.surefire.booter.ForkedBooter.main(ForkedBooter.java:495)
	Suppressed: java.lang.Exception: #block terminated with an error
		at reactor.core.publisher.BlockingSingleSubscriber.blockingGet(BlockingSingleSubscriber.java:104)
		at reactor.core.publisher.Mono.block(Mono.java:1779)
		... 75 common frames omitted
风控完整分析结果: 执行失败: Not all variables were replaced in the template. Missing variable names are: [intent_result].
2026-03-26 22:02:56.837 [main] [] INFO  c.t.r.agent.SupervisorAgentFramework - [f9d9ff92b9324452] SupervisorAgentFramework 开始处理风控请求: inputLength=17
2026-03-26 22:02:56.845 [main] [] INFO  c.a.c.a.g.a.f.n.MainAgentNodeAction - Invoking mainAgent 'main_agent' compiled graph with threadId: Optional[subgraph_main_agent]
2026-03-26 22:02:56.864 [main] [] DEBUG c.tlq.rectagent.config.MockChatModel - [MockChatModel] call: 你是一个智能的风控数据分析监督者，负责协调和管理多个专业Agent来完成风控场景的数据分析需求。

## 你的职责
1. 分析用户的风控数据查询需求，将其分解为合适的子任务
2. 根据任务特性，选择合适的Agent进行处理
3. 监控任务执行状态，决定是否需要继续处理或完成任务
4. 当所有任务完成时，返回FINISH结束流程

## 可用的子Agent及其职责

### intent_recognition_agent
- 功能: 识别用户风控查询意图，返回结构化意图信息
- 适用场景: 用户需要识别查询意图、提取关键实体
- 输出: intent_result

### data_analysis_agent
- 功能: 执行风控数据分析，支持风控分析、用户分析、交易分析等
- 适用场景: 用户需要对风控数据进行分析和处理
- 输出: analysis_result

### risk_assessment_agent
- 功能: 执行风险评估，基于数据分析结果进行风险评级
- 适用场景: 用户需要了解风险等级和风险建议
- 输出: risk_assessment_result

## 决策规则

1. 单一任务判断:
   - 需要识别意图 -> intent_recognition_agent
   - 需要数据分析 -> data_analysis_agent
   - 需要风险评估 -> risk_assessment_agent

2. 多步骤任务处理:
   - 如果需求包含多个步骤，需要分步处理
   - 先路由到第一个合适的Agent，等待完成后再路由下一个
   - 所有步骤完成时返回FINISH

3. 禁止连续两次调用同一Agent
4. 最多调用3次

## 响应格式
只返回Agent名称或FINISH，不要包含其他解释。
请分析用户输入，决定调用哪个Agent：
- 识别意图 -> intent_recognition_agent
- 数据分析 -> data_analysis_agent
- 风险评估 -> risk_assessment_agent
- 完成 -> FINISH
分析项目A的风险情况["data_analysis_agent"]分析项目A的风险情况["data_analysis_agent"]分析项目C的风险情况["data_analysis_agent"]分析项目A的风险情况["data_analysis_agent"]分析项目C的风险情况分析项目A在2026年1月的交易风险，并给出风险评估["data_analysis_agent"]分析项目A的风险情况["data_analysis_agent"]分析项目C的风险情况分析项目A在2026年1月的交易风险，并给出风险评估查询用户123的风险等级和交易记录
2026-03-26 22:02:56.874 [main] [] INFO  c.a.c.a.g.a.f.n.MainAgentNodeAction - MainAgentNodeAction: supervisor_next from last AssistantMessage = [data_analysis_agent]
2026-03-26 22:02:56.880 [main] [] INFO  c.a.c.a.g.a.f.n.SupervisorNodeFromState - SupervisorNodeFromState: routingKey='supervisor_next', value='[data_analysis_agent]', parsed agentNames=[data_analysis_agent], validAgentNames=[data_analysis_agent]
2026-03-26 22:02:56.894 [main] [] ERROR c.t.r.agent.SupervisorAgentFramework - [f9d9ff92b9324452] SupervisorAgentFramework 执行失败: Not all variables were replaced in the template. Missing variable names are: [intent_result].
java.lang.IllegalStateException: Not all variables were replaced in the template. Missing variable names are: [intent_result].
	at org.springframework.ai.template.st.StTemplateRenderer.validate(StTemplateRenderer.java:144)
	at org.springframework.ai.template.st.StTemplateRenderer.apply(StTemplateRenderer.java:110)
	at org.springframework.ai.chat.prompt.PromptTemplate.render(PromptTemplate.java:142)
	at com.alibaba.cloud.ai.graph.agent.node.AgentLlmNode.renderPromptTemplate(AgentLlmNode.java:373)
	at com.alibaba.cloud.ai.graph.agent.node.AgentLlmNode.renderTemplatedUserMessage(AgentLlmNode.java:436)
	at com.alibaba.cloud.ai.graph.agent.node.AgentLlmNode.apply(AgentLlmNode.java:165)
	at com.alibaba.cloud.ai.graph.action.AsyncNodeActionWithConfig.lambda$node_async$0(AsyncNodeActionWithConfig.java:41)
	at com.alibaba.cloud.ai.graph.executor.NodeExecutor.executeNode(NodeExecutor.java:123)
	at com.alibaba.cloud.ai.graph.executor.NodeExecutor.execute(NodeExecutor.java:85)
	at com.alibaba.cloud.ai.graph.executor.MainGraphExecutor.execute(MainGraphExecutor.java:108)
	at com.alibaba.cloud.ai.graph.executor.MainGraphExecutor.lambda$handleStartNode$0(MainGraphExecutor.java:135)
	at reactor.core.publisher.FluxDefer.subscribe(FluxDefer.java:46)
	at reactor.core.publisher.Flux.subscribe(Flux.java:8848)
	at reactor.core.publisher.FluxConcatArray$ConcatArraySubscriber.onComplete(FluxConcatArray.java:238)
	at reactor.core.publisher.FluxConcatArray.subscribe(FluxConcatArray.java:79)
	at reactor.core.publisher.FluxDefer.subscribe(FluxDefer.java:54)
	at reactor.core.publisher.Flux.subscribe(Flux.java:8848)
	at reactor.core.publisher.FluxConcatArray$ConcatArraySubscriber.onComplete(FluxConcatArray.java:238)
	at reactor.core.publisher.FluxConcatArray.subscribe(FluxConcatArray.java:79)
	at reactor.core.publisher.Flux.subscribe(Flux.java:8848)
	at reactor.core.publisher.FluxConcatArray$ConcatArraySubscriber.onComplete(FluxConcatArray.java:238)
	at reactor.core.publisher.FluxConcatArray.subscribe(FluxConcatArray.java:79)
	at reactor.core.publisher.Flux.subscribe(Flux.java:8848)
	at reactor.core.publisher.MonoFlatMapMany$FlatMapManyMain.onNext(MonoFlatMapMany.java:196)
	at reactor.core.publisher.MonoCompletionStage$MonoCompletionStageSubscription.apply(MonoCompletionStage.java:121)
	at reactor.core.publisher.MonoCompletionStage$MonoCompletionStageSubscription.apply(MonoCompletionStage.java:67)
	at java.base/java.util.concurrent.CompletableFuture.uniHandle(CompletableFuture.java:934)
	at java.base/java.util.concurrent.CompletableFuture.uniHandleStage(CompletableFuture.java:950)
	at java.base/java.util.concurrent.CompletableFuture.handle(CompletableFuture.java:2372)
	at java.base/java.util.concurrent.CompletableFuture.handle(CompletableFuture.java:144)
	at reactor.core.publisher.MonoCompletionStage$MonoCompletionStageSubscription.request(MonoCompletionStage.java:145)
	at reactor.core.publisher.MonoFlatMapMany$FlatMapManyMain.onSubscribe(MonoFlatMapMany.java:141)
	at reactor.core.publisher.MonoCompletionStage.subscribe(MonoCompletionStage.java:56)
	at reactor.core.publisher.InternalFluxOperator.subscribe(InternalFluxOperator.java:68)
	at reactor.core.publisher.FluxDefer.subscribe(FluxDefer.java:54)
	at reactor.core.publisher.Flux.subscribe(Flux.java:8848)
	at reactor.core.publisher.FluxConcatArray$ConcatArraySubscriber.onComplete(FluxConcatArray.java:238)
	at reactor.core.publisher.FluxConcatArray.subscribe(FluxConcatArray.java:79)
	at reactor.core.publisher.Flux.subscribe(Flux.java:8848)
	at reactor.core.publisher.MonoFlatMapMany$FlatMapManyMain.onNext(MonoFlatMapMany.java:196)
	at reactor.core.publisher.MonoCompletionStage$MonoCompletionStageSubscription.apply(MonoCompletionStage.java:121)
	at reactor.core.publisher.MonoCompletionStage$MonoCompletionStageSubscription.apply(MonoCompletionStage.java:67)
	at java.base/java.util.concurrent.CompletableFuture.uniHandle(CompletableFuture.java:934)
	at java.base/java.util.concurrent.CompletableFuture.uniHandleStage(CompletableFuture.java:950)
	at java.base/java.util.concurrent.CompletableFuture.handle(CompletableFuture.java:2372)
	at java.base/java.util.concurrent.CompletableFuture.handle(CompletableFuture.java:144)
	at reactor.core.publisher.MonoCompletionStage$MonoCompletionStageSubscription.request(MonoCompletionStage.java:145)
	at reactor.core.publisher.MonoFlatMapMany$FlatMapManyMain.onSubscribe(MonoFlatMapMany.java:141)
	at reactor.core.publisher.MonoCompletionStage.subscribe(MonoCompletionStage.java:56)
	at reactor.core.publisher.InternalFluxOperator.subscribe(InternalFluxOperator.java:68)
	at reactor.core.publisher.FluxDefer.subscribe(FluxDefer.java:54)
	at reactor.core.publisher.Flux.subscribe(Flux.java:8848)
	at reactor.core.publisher.FluxConcatArray$ConcatArraySubscriber.onComplete(FluxConcatArray.java:238)
	at reactor.core.publisher.FluxConcatArray.subscribe(FluxConcatArray.java:79)
	at reactor.core.publisher.Flux.subscribe(Flux.java:8848)
	at reactor.core.publisher.FluxConcatArray$ConcatArraySubscriber.onComplete(FluxConcatArray.java:238)
	at reactor.core.publisher.FluxConcatArray.subscribe(FluxConcatArray.java:79)
	at reactor.core.publisher.Flux.subscribe(Flux.java:8848)
	at reactor.core.publisher.MonoFlatMapMany$FlatMapManyMain.onNext(MonoFlatMapMany.java:196)
	at reactor.core.publisher.MonoCompletionStage$MonoCompletionStageSubscription.apply(MonoCompletionStage.java:121)
	at reactor.core.publisher.MonoCompletionStage$MonoCompletionStageSubscription.apply(MonoCompletionStage.java:67)
	at java.base/java.util.concurrent.CompletableFuture.uniHandle(CompletableFuture.java:934)
	at java.base/java.util.concurrent.CompletableFuture.uniHandleStage(CompletableFuture.java:950)
	at java.base/java.util.concurrent.CompletableFuture.handle(CompletableFuture.java:2372)
	at java.base/java.util.concurrent.CompletableFuture.handle(CompletableFuture.java:144)
	at reactor.core.publisher.MonoCompletionStage$MonoCompletionStageSubscription.request(MonoCompletionStage.java:145)
	at reactor.core.publisher.MonoFlatMapMany$FlatMapManyMain.onSubscribe(MonoFlatMapMany.java:141)
	at reactor.core.publisher.MonoCompletionStage.subscribe(MonoCompletionStage.java:56)
	at reactor.core.publisher.InternalFluxOperator.subscribe(InternalFluxOperator.java:68)
	at reactor.core.publisher.FluxDefer.subscribe(FluxDefer.java:54)
	at reactor.core.publisher.Flux.subscribe(Flux.java:8848)
	at reactor.core.publisher.FluxConcatArray$ConcatArraySubscriber.onComplete(FluxConcatArray.java:238)
	at reactor.core.publisher.FluxConcatArray.subscribe(FluxConcatArray.java:79)
	at reactor.core.publisher.FluxDefer.subscribe(FluxDefer.java:54)
	at reactor.core.publisher.Mono.subscribe(Mono.java:4576)
	at reactor.core.publisher.Mono.block(Mono.java:1778)
	at com.alibaba.cloud.ai.graph.CompiledGraph.invoke(CompiledGraph.java:640)
	at com.alibaba.cloud.ai.graph.agent.Agent.doInvoke(Agent.java:499)
	at com.alibaba.cloud.ai.graph.agent.Agent.invoke(Agent.java:165)
	at com.tlq.rectagent.agent.SupervisorAgentFramework.invoke(SupervisorAgentFramework.java:218)
	at com.tlq.rectagent.agent.SupervisorAgentFramework.invoke(SupervisorAgentFramework.java:209)
	at com.tlq.rectagent.agent.SupervisorAgentFrameworkTest.testUserRiskQuery(SupervisorAgentFrameworkTest.java:58)
	at java.base/jdk.internal.reflect.DirectMethodHandleAccessor.invoke(DirectMethodHandleAccessor.java:103)
	at java.base/java.lang.reflect.Method.invoke(Method.java:580)
	at org.junit.platform.commons.util.ReflectionUtils.invokeMethod(ReflectionUtils.java:728)
	at org.junit.jupiter.engine.execution.MethodInvocation.proceed(MethodInvocation.java:60)
	at org.junit.jupiter.engine.execution.InvocationInterceptorChain$ValidatingInvocation.proceed(InvocationInterceptorChain.java:131)
	at org.junit.jupiter.engine.extension.TimeoutExtension.intercept(TimeoutExtension.java:156)
	at org.junit.jupiter.engine.extension.TimeoutExtension.interceptTestableMethod(TimeoutExtension.java:147)
	at org.junit.jupiter.engine.extension.TimeoutExtension.interceptTestMethod(TimeoutExtension.java:86)
	at org.junit.jupiter.engine.execution.InterceptingExecutableInvoker$ReflectiveInterceptorCall.lambda$ofVoidMethod$0(InterceptingExecutableInvoker.java:103)
	at org.junit.jupiter.engine.execution.InterceptingExecutableInvoker.lambda$invoke$0(InterceptingExecutableInvoker.java:93)
	at org.junit.jupiter.engine.execution.InvocationInterceptorChain$InterceptedInvocation.proceed(InvocationInterceptorChain.java:106)
	at org.junit.jupiter.engine.execution.InvocationInterceptorChain.proceed(InvocationInterceptorChain.java:64)
	at org.junit.jupiter.engine.execution.InvocationInterceptorChain.chainAndInvoke(InvocationInterceptorChain.java:45)
	at org.junit.jupiter.engine.execution.InvocationInterceptorChain.invoke(InvocationInterceptorChain.java:37)
	at org.junit.jupiter.engine.execution.InterceptingExecutableInvoker.invoke(InterceptingExecutableInvoker.java:92)
	at org.junit.jupiter.engine.execution.InterceptingExecutableInvoker.invoke(InterceptingExecutableInvoker.java:86)
	at org.junit.jupiter.engine.descriptor.TestMethodTestDescriptor.lambda$invokeTestMethod$7(TestMethodTestDescriptor.java:218)
	at org.junit.platform.engine.support.hierarchical.ThrowableCollector.execute(ThrowableCollector.java:73)
	at org.junit.jupiter.engine.descriptor.TestMethodTestDescriptor.invokeTestMethod(TestMethodTestDescriptor.java:214)
	at org.junit.jupiter.engine.descriptor.TestMethodTestDescriptor.execute(TestMethodTestDescriptor.java:139)
	at org.junit.jupiter.engine.descriptor.TestMethodTestDescriptor.execute(TestMethodTestDescriptor.java:69)
	at org.junit.platform.engine.support.hierarchical.NodeTestTask.lambda$executeRecursively$6(NodeTestTask.java:156)
	at org.junit.platform.engine.support.hierarchical.ThrowableCollector.execute(ThrowableCollector.java:73)
	at org.junit.platform.engine.support.hierarchical.NodeTestTask.lambda$executeRecursively$8(NodeTestTask.java:146)
	at org.junit.platform.engine.support.hierarchical.Node.around(Node.java:137)
	at org.junit.platform.engine.support.hierarchical.NodeTestTask.lambda$executeRecursively$9(NodeTestTask.java:144)
	at org.junit.platform.engine.support.hierarchical.ThrowableCollector.execute(ThrowableCollector.java:73)
	at org.junit.platform.engine.support.hierarchical.NodeTestTask.executeRecursively(NodeTestTask.java:143)
	at org.junit.platform.engine.support.hierarchical.NodeTestTask.execute(NodeTestTask.java:100)
	at java.base/java.util.ArrayList.forEach(ArrayList.java:1596)
	at org.junit.platform.engine.support.hierarchical.SameThreadHierarchicalTestExecutorService.invokeAll(SameThreadHierarchicalTestExecutorService.java:41)
	at org.junit.platform.engine.support.hierarchical.NodeTestTask.lambda$executeRecursively$6(NodeTestTask.java:160)
	at org.junit.platform.engine.support.hierarchical.ThrowableCollector.execute(ThrowableCollector.java:73)
	at org.junit.platform.engine.support.hierarchical.NodeTestTask.lambda$executeRecursively$8(NodeTestTask.java:146)
	at org.junit.platform.engine.support.hierarchical.Node.around(Node.java:137)
	at org.junit.platform.engine.support.hierarchical.NodeTestTask.lambda$executeRecursively$9(NodeTestTask.java:144)
	at org.junit.platform.engine.support.hierarchical.ThrowableCollector.execute(ThrowableCollector.java:73)
	at org.junit.platform.engine.support.hierarchical.NodeTestTask.executeRecursively(NodeTestTask.java:143)
	at org.junit.platform.engine.support.hierarchical.NodeTestTask.execute(NodeTestTask.java:100)
	at java.base/java.util.ArrayList.forEach(ArrayList.java:1596)
	at org.junit.platform.engine.support.hierarchical.SameThreadHierarchicalTestExecutorService.invokeAll(SameThreadHierarchicalTestExecutorService.java:41)
	at org.junit.platform.engine.support.hierarchical.NodeTestTask.lambda$executeRecursively$6(NodeTestTask.java:160)
	at org.junit.platform.engine.support.hierarchical.ThrowableCollector.execute(ThrowableCollector.java:73)
	at org.junit.platform.engine.support.hierarchical.NodeTestTask.lambda$executeRecursively$8(NodeTestTask.java:146)
	at org.junit.platform.engine.support.hierarchical.Node.around(Node.java:137)
	at org.junit.platform.engine.support.hierarchical.NodeTestTask.lambda$executeRecursively$9(NodeTestTask.java:144)
	at org.junit.platform.engine.support.hierarchical.ThrowableCollector.execute(ThrowableCollector.java:73)
	at org.junit.platform.engine.support.hierarchical.NodeTestTask.executeRecursively(NodeTestTask.java:143)
	at org.junit.platform.engine.support.hierarchical.NodeTestTask.execute(NodeTestTask.java:100)
	at org.junit.platform.engine.support.hierarchical.SameThreadHierarchicalTestExecutorService.submit(SameThreadHierarchicalTestExecutorService.java:35)
	at org.junit.platform.engine.support.hierarchical.HierarchicalTestExecutor.execute(HierarchicalTestExecutor.java:57)
	at org.junit.platform.engine.support.hierarchical.HierarchicalTestEngine.execute(HierarchicalTestEngine.java:54)
	at org.junit.platform.launcher.core.EngineExecutionOrchestrator.execute(EngineExecutionOrchestrator.java:198)
	at org.junit.platform.launcher.core.EngineExecutionOrchestrator.execute(EngineExecutionOrchestrator.java:169)
	at org.junit.platform.launcher.core.EngineExecutionOrchestrator.execute(EngineExecutionOrchestrator.java:93)
	at org.junit.platform.launcher.core.EngineExecutionOrchestrator.lambda$execute$0(EngineExecutionOrchestrator.java:58)
	at org.junit.platform.launcher.core.EngineExecutionOrchestrator.withInterceptedStreams(EngineExecutionOrchestrator.java:141)
	at org.junit.platform.launcher.core.EngineExecutionOrchestrator.execute(EngineExecutionOrchestrator.java:57)
	at org.junit.platform.launcher.core.DefaultLauncher.execute(DefaultLauncher.java:103)
	at org.junit.platform.launcher.core.DefaultLauncher.execute(DefaultLauncher.java:85)
	at org.junit.platform.launcher.core.DelegatingLauncher.execute(DelegatingLauncher.java:47)
	at org.apache.maven.surefire.junitplatform.LazyLauncher.execute(LazyLauncher.java:56)
	at org.apache.maven.surefire.junitplatform.JUnitPlatformProvider.execute(JUnitPlatformProvider.java:184)
	at org.apache.maven.surefire.junitplatform.JUnitPlatformProvider.invokeAllTests(JUnitPlatformProvider.java:148)
	at org.apache.maven.surefire.junitplatform.JUnitPlatformProvider.invoke(JUnitPlatformProvider.java:122)
	at org.apache.maven.surefire.booter.ForkedBooter.runSuitesInProcess(ForkedBooter.java:385)
	at org.apache.maven.surefire.booter.ForkedBooter.execute(ForkedBooter.java:162)
	at org.apache.maven.surefire.booter.ForkedBooter.run(ForkedBooter.java:507)
	at org.apache.maven.surefire.booter.ForkedBooter.main(ForkedBooter.java:495)
	Suppressed: java.lang.Exception: #block terminated with an error
		at reactor.core.publisher.BlockingSingleSubscriber.blockingGet(BlockingSingleSubscriber.java:104)
		at reactor.core.publisher.Mono.block(Mono.java:1779)
		... 75 common frames omitted
用户风险查询结果: 执行失败: Not all variables were replaced in the template. Missing variable names are: [intent_result].
2026-03-26 22:02:56.898 [main] [] INFO  c.t.r.agent.SupervisorAgentFramework - [b4c675691856439d] SupervisorAgentFramework 开始处理风控请求: inputLength=24
2026-03-26 22:02:56.905 [main] [] INFO  c.a.c.a.g.a.f.n.MainAgentNodeAction - Invoking mainAgent 'main_agent' compiled graph with threadId: Optional[subgraph_main_agent]
2026-03-26 22:02:56.916 [main] [] DEBUG c.tlq.rectagent.config.MockChatModel - [MockChatModel] call: 你是一个智能的风控数据分析监督者，负责协调和管理多个专业Agent来完成风控场景的数据分析需求。

## 你的职责
1. 分析用户的风控数据查询需求，将其分解为合适的子任务
2. 根据任务特性，选择合适的Agent进行处理
3. 监控任务执行状态，决定是否需要继续处理或完成任务
4. 当所有任务完成时，返回FINISH结束流程

## 可用的子Agent及其职责

### intent_recognition_agent
- 功能: 识别用户风控查询意图，返回结构化意图信息
- 适用场景: 用户需要识别查询意图、提取关键实体
- 输出: intent_result

### data_analysis_agent
- 功能: 执行风控数据分析，支持风控分析、用户分析、交易分析等
- 适用场景: 用户需要对风控数据进行分析和处理
- 输出: analysis_result

### risk_assessment_agent
- 功能: 执行风险评估，基于数据分析结果进行风险评级
- 适用场景: 用户需要了解风险等级和风险建议
- 输出: risk_assessment_result

## 决策规则

1. 单一任务判断:
   - 需要识别意图 -> intent_recognition_agent
   - 需要数据分析 -> data_analysis_agent
   - 需要风险评估 -> risk_assessment_agent

2. 多步骤任务处理:
   - 如果需求包含多个步骤，需要分步处理
   - 先路由到第一个合适的Agent，等待完成后再路由下一个
   - 所有步骤完成时返回FINISH

3. 禁止连续两次调用同一Agent
4. 最多调用3次

## 响应格式
只返回Agent名称或FINISH，不要包含其他解释。
请分析用户输入，决定调用哪个Agent：
- 识别意图 -> intent_recognition_agent
- 数据分析 -> data_analysis_agent
- 风险评估 -> risk_assessment_agent
- 完成 -> FINISH
分析项目A的风险情况["data_analysis_agent"]分析项目A的风险情况["data_analysis_agent"]分析项目C的风险情况["data_analysis_agent"]分析项目A的风险情况["data_analysis_agent"]分析项目C的风险情况分析项目A在2026年1月的交易风险，并给出风险评估["data_analysis_agent"]分析项目A的风险情况["data_analysis_agent"]分析项目C的风险情况分析项目A在2026年1月的交易风险，并给出风险评估查询用户123的风险等级和交易记录["data_analysis_agent"]分析项目A的风险情况["data_analysis_agent"]分析项目C的风险情况分析项目A在2026年1月的交易风险，并给出风险评估查询用户123的风险等级和交易记录生成项目B的月度风控报告，包括风险等级和应对建议
2026-03-26 22:02:56.929 [main] [] INFO  c.a.c.a.g.a.f.n.MainAgentNodeAction - MainAgentNodeAction: supervisor_next from last AssistantMessage = [data_analysis_agent]
2026-03-26 22:02:56.937 [main] [] INFO  c.a.c.a.g.a.f.n.SupervisorNodeFromState - SupervisorNodeFromState: routingKey='supervisor_next', value='[data_analysis_agent]', parsed agentNames=[data_analysis_agent], validAgentNames=[data_analysis_agent]
2026-03-26 22:02:56.956 [main] [] ERROR c.t.r.agent.SupervisorAgentFramework - [b4c675691856439d] SupervisorAgentFramework 执行失败: Not all variables were replaced in the template. Missing variable names are: [intent_result].
java.lang.IllegalStateException: Not all variables were replaced in the template. Missing variable names are: [intent_result].
	at org.springframework.ai.template.st.StTemplateRenderer.validate(StTemplateRenderer.java:144)
	at org.springframework.ai.template.st.StTemplateRenderer.apply(StTemplateRenderer.java:110)
	at org.springframework.ai.chat.prompt.PromptTemplate.render(PromptTemplate.java:142)
	at com.alibaba.cloud.ai.graph.agent.node.AgentLlmNode.renderPromptTemplate(AgentLlmNode.java:373)
	at com.alibaba.cloud.ai.graph.agent.node.AgentLlmNode.renderTemplatedUserMessage(AgentLlmNode.java:436)
	at com.alibaba.cloud.ai.graph.agent.node.AgentLlmNode.apply(AgentLlmNode.java:165)
	at com.alibaba.cloud.ai.graph.action.AsyncNodeActionWithConfig.lambda$node_async$0(AsyncNodeActionWithConfig.java:41)
	at com.alibaba.cloud.ai.graph.executor.NodeExecutor.executeNode(NodeExecutor.java:123)
	at com.alibaba.cloud.ai.graph.executor.NodeExecutor.execute(NodeExecutor.java:85)
	at com.alibaba.cloud.ai.graph.executor.MainGraphExecutor.execute(MainGraphExecutor.java:108)
	at com.alibaba.cloud.ai.graph.executor.MainGraphExecutor.lambda$handleStartNode$0(MainGraphExecutor.java:135)
	at reactor.core.publisher.FluxDefer.subscribe(FluxDefer.java:46)
	at reactor.core.publisher.Flux.subscribe(Flux.java:8848)
	at reactor.core.publisher.FluxConcatArray$ConcatArraySubscriber.onComplete(FluxConcatArray.java:238)
	at reactor.core.publisher.FluxConcatArray.subscribe(FluxConcatArray.java:79)
	at reactor.core.publisher.FluxDefer.subscribe(FluxDefer.java:54)
	at reactor.core.publisher.Flux.subscribe(Flux.java:8848)
	at reactor.core.publisher.FluxConcatArray$ConcatArraySubscriber.onComplete(FluxConcatArray.java:238)
	at reactor.core.publisher.FluxConcatArray.subscribe(FluxConcatArray.java:79)
	at reactor.core.publisher.Flux.subscribe(Flux.java:8848)
	at reactor.core.publisher.FluxConcatArray$ConcatArraySubscriber.onComplete(FluxConcatArray.java:238)
	at reactor.core.publisher.FluxConcatArray.subscribe(FluxConcatArray.java:79)
	at reactor.core.publisher.Flux.subscribe(Flux.java:8848)
	at reactor.core.publisher.MonoFlatMapMany$FlatMapManyMain.onNext(MonoFlatMapMany.java:196)
	at reactor.core.publisher.MonoCompletionStage$MonoCompletionStageSubscription.apply(MonoCompletionStage.java:121)
	at reactor.core.publisher.MonoCompletionStage$MonoCompletionStageSubscription.apply(MonoCompletionStage.java:67)
	at java.base/java.util.concurrent.CompletableFuture.uniHandle(CompletableFuture.java:934)
	at java.base/java.util.concurrent.CompletableFuture.uniHandleStage(CompletableFuture.java:950)
	at java.base/java.util.concurrent.CompletableFuture.handle(CompletableFuture.java:2372)
	at java.base/java.util.concurrent.CompletableFuture.handle(CompletableFuture.java:144)
	at reactor.core.publisher.MonoCompletionStage$MonoCompletionStageSubscription.request(MonoCompletionStage.java:145)
	at reactor.core.publisher.MonoFlatMapMany$FlatMapManyMain.onSubscribe(MonoFlatMapMany.java:141)
	at reactor.core.publisher.MonoCompletionStage.subscribe(MonoCompletionStage.java:56)
	at reactor.core.publisher.InternalFluxOperator.subscribe(InternalFluxOperator.java:68)
	at reactor.core.publisher.FluxDefer.subscribe(FluxDefer.java:54)
	at reactor.core.publisher.Flux.subscribe(Flux.java:8848)
	at reactor.core.publisher.FluxConcatArray$ConcatArraySubscriber.onComplete(FluxConcatArray.java:238)
	at reactor.core.publisher.FluxConcatArray.subscribe(FluxConcatArray.java:79)
	at reactor.core.publisher.Flux.subscribe(Flux.java:8848)
	at reactor.core.publisher.MonoFlatMapMany$FlatMapManyMain.onNext(MonoFlatMapMany.java:196)
	at reactor.core.publisher.MonoCompletionStage$MonoCompletionStageSubscription.apply(MonoCompletionStage.java:121)
	at reactor.core.publisher.MonoCompletionStage$MonoCompletionStageSubscription.apply(MonoCompletionStage.java:67)
	at java.base/java.util.concurrent.CompletableFuture.uniHandle(CompletableFuture.java:934)
	at java.base/java.util.concurrent.CompletableFuture.uniHandleStage(CompletableFuture.java:950)
	at java.base/java.util.concurrent.CompletableFuture.handle(CompletableFuture.java:2372)
	at java.base/java.util.concurrent.CompletableFuture.handle(CompletableFuture.java:144)
	at reactor.core.publisher.MonoCompletionStage$MonoCompletionStageSubscription.request(MonoCompletionStage.java:145)
	at reactor.core.publisher.MonoFlatMapMany$FlatMapManyMain.onSubscribe(MonoFlatMapMany.java:141)
	at reactor.core.publisher.MonoCompletionStage.subscribe(MonoCompletionStage.java:56)
	at reactor.core.publisher.InternalFluxOperator.subscribe(InternalFluxOperator.java:68)
	at reactor.core.publisher.FluxDefer.subscribe(FluxDefer.java:54)
	at reactor.core.publisher.Flux.subscribe(Flux.java:8848)
	at reactor.core.publisher.FluxConcatArray$ConcatArraySubscriber.onComplete(FluxConcatArray.java:238)
	at reactor.core.publisher.FluxConcatArray.subscribe(FluxConcatArray.java:79)
	at reactor.core.publisher.Flux.subscribe(Flux.java:8848)
	at reactor.core.publisher.FluxConcatArray$ConcatArraySubscriber.onComplete(FluxConcatArray.java:238)
	at reactor.core.publisher.FluxConcatArray.subscribe(FluxConcatArray.java:79)
	at reactor.core.publisher.Flux.subscribe(Flux.java:8848)
	at reactor.core.publisher.MonoFlatMapMany$FlatMapManyMain.onNext(MonoFlatMapMany.java:196)
	at reactor.core.publisher.MonoCompletionStage$MonoCompletionStageSubscription.apply(MonoCompletionStage.java:121)
	at reactor.core.publisher.MonoCompletionStage$MonoCompletionStageSubscription.apply(MonoCompletionStage.java:67)
	at java.base/java.util.concurrent.CompletableFuture.uniHandle(CompletableFuture.java:934)
	at java.base/java.util.concurrent.CompletableFuture.uniHandleStage(CompletableFuture.java:950)
	at java.base/java.util.concurrent.CompletableFuture.handle(CompletableFuture.java:2372)
	at java.base/java.util.concurrent.CompletableFuture.handle(CompletableFuture.java:144)
	at reactor.core.publisher.MonoCompletionStage$MonoCompletionStageSubscription.request(MonoCompletionStage.java:145)
	at reactor.core.publisher.MonoFlatMapMany$FlatMapManyMain.onSubscribe(MonoFlatMapMany.java:141)
	at reactor.core.publisher.MonoCompletionStage.subscribe(MonoCompletionStage.java:56)
	at reactor.core.publisher.InternalFluxOperator.subscribe(InternalFluxOperator.java:68)
	at reactor.core.publisher.FluxDefer.subscribe(FluxDefer.java:54)
	at reactor.core.publisher.Flux.subscribe(Flux.java:8848)
	at reactor.core.publisher.FluxConcatArray$ConcatArraySubscriber.onComplete(FluxConcatArray.java:238)
	at reactor.core.publisher.FluxConcatArray.subscribe(FluxConcatArray.java:79)
	at reactor.core.publisher.FluxDefer.subscribe(FluxDefer.java:54)
	at reactor.core.publisher.Mono.subscribe(Mono.java:4576)
	at reactor.core.publisher.Mono.block(Mono.java:1778)
	at com.alibaba.cloud.ai.graph.CompiledGraph.invoke(CompiledGraph.java:640)
	at com.alibaba.cloud.ai.graph.agent.Agent.doInvoke(Agent.java:499)
	at com.alibaba.cloud.ai.graph.agent.Agent.invoke(Agent.java:165)
	at com.tlq.rectagent.agent.SupervisorAgentFramework.invoke(SupervisorAgentFramework.java:218)
	at com.tlq.rectagent.agent.SupervisorAgentFramework.invoke(SupervisorAgentFramework.java:209)
	at com.tlq.rectagent.agent.SupervisorAgentFrameworkTest.testRiskAssessmentReport(SupervisorAgentFrameworkTest.java:67)
	at java.base/jdk.internal.reflect.DirectMethodHandleAccessor.invoke(DirectMethodHandleAccessor.java:103)
	at java.base/java.lang.reflect.Method.invoke(Method.java:580)
	at org.junit.platform.commons.util.ReflectionUtils.invokeMethod(ReflectionUtils.java:728)
	at org.junit.jupiter.engine.execution.MethodInvocation.proceed(MethodInvocation.java:60)
	at org.junit.jupiter.engine.execution.InvocationInterceptorChain$ValidatingInvocation.proceed(InvocationInterceptorChain.java:131)
	at org.junit.jupiter.engine.extension.TimeoutExtension.intercept(TimeoutExtension.java:156)
	at org.junit.jupiter.engine.extension.TimeoutExtension.interceptTestableMethod(TimeoutExtension.java:147)
	at org.junit.jupiter.engine.extension.TimeoutExtension.interceptTestMethod(TimeoutExtension.java:86)
	at org.junit.jupiter.engine.execution.InterceptingExecutableInvoker$ReflectiveInterceptorCall.lambda$ofVoidMethod$0(InterceptingExecutableInvoker.java:103)
	at org.junit.jupiter.engine.execution.InterceptingExecutableInvoker.lambda$invoke$0(InterceptingExecutableInvoker.java:93)
	at org.junit.jupiter.engine.execution.InvocationInterceptorChain$InterceptedInvocation.proceed(InvocationInterceptorChain.java:106)
	at org.junit.jupiter.engine.execution.InvocationInterceptorChain.proceed(InvocationInterceptorChain.java:64)
	at org.junit.jupiter.engine.execution.InvocationInterceptorChain.chainAndInvoke(InvocationInterceptorChain.java:45)
	at org.junit.jupiter.engine.execution.InvocationInterceptorChain.invoke(InvocationInterceptorChain.java:37)
	at org.junit.jupiter.engine.execution.InterceptingExecutableInvoker.invoke(InterceptingExecutableInvoker.java:92)
	at org.junit.jupiter.engine.execution.InterceptingExecutableInvoker.invoke(InterceptingExecutableInvoker.java:86)
	at org.junit.jupiter.engine.descriptor.TestMethodTestDescriptor.lambda$invokeTestMethod$7(TestMethodTestDescriptor.java:218)
	at org.junit.platform.engine.support.hierarchical.ThrowableCollector.execute(ThrowableCollector.java:73)
	at org.junit.jupiter.engine.descriptor.TestMethodTestDescriptor.invokeTestMethod(TestMethodTestDescriptor.java:214)
	at org.junit.jupiter.engine.descriptor.TestMethodTestDescriptor.execute(TestMethodTestDescriptor.java:139)
	at org.junit.jupiter.engine.descriptor.TestMethodTestDescriptor.execute(TestMethodTestDescriptor.java:69)
	at org.junit.platform.engine.support.hierarchical.NodeTestTask.lambda$executeRecursively$6(NodeTestTask.java:156)
	at org.junit.platform.engine.support.hierarchical.ThrowableCollector.execute(ThrowableCollector.java:73)
	at org.junit.platform.engine.support.hierarchical.NodeTestTask.lambda$executeRecursively$8(NodeTestTask.java:146)
	at org.junit.platform.engine.support.hierarchical.Node.around(Node.java:137)
	at org.junit.platform.engine.support.hierarchical.NodeTestTask.lambda$executeRecursively$9(NodeTestTask.java:144)
	at org.junit.platform.engine.support.hierarchical.ThrowableCollector.execute(ThrowableCollector.java:73)
	at org.junit.platform.engine.support.hierarchical.NodeTestTask.executeRecursively(NodeTestTask.java:143)
	at org.junit.platform.engine.support.hierarchical.NodeTestTask.execute(NodeTestTask.java:100)
	at java.base/java.util.ArrayList.forEach(ArrayList.java:1596)
	at org.junit.platform.engine.support.hierarchical.SameThreadHierarchicalTestExecutorService.invokeAll(SameThreadHierarchicalTestExecutorService.java:41)
	at org.junit.platform.engine.support.hierarchical.NodeTestTask.lambda$executeRecursively$6(NodeTestTask.java:160)
	at org.junit.platform.engine.support.hierarchical.ThrowableCollector.execute(ThrowableCollector.java:73)
	at org.junit.platform.engine.support.hierarchical.NodeTestTask.lambda$executeRecursively$8(NodeTestTask.java:146)
	at org.junit.platform.engine.support.hierarchical.Node.around(Node.java:137)
	at org.junit.platform.engine.support.hierarchical.NodeTestTask.lambda$executeRecursively$9(NodeTestTask.java:144)
	at org.junit.platform.engine.support.hierarchical.ThrowableCollector.execute(ThrowableCollector.java:73)
	at org.junit.platform.engine.support.hierarchical.NodeTestTask.executeRecursively(NodeTestTask.java:143)
	at org.junit.platform.engine.support.hierarchical.NodeTestTask.execute(NodeTestTask.java:100)
	at java.base/java.util.ArrayList.forEach(ArrayList.java:1596)
	at org.junit.platform.engine.support.hierarchical.SameThreadHierarchicalTestExecutorService.invokeAll(SameThreadHierarchicalTestExecutorService.java:41)
	at org.junit.platform.engine.support.hierarchical.NodeTestTask.lambda$executeRecursively$6(NodeTestTask.java:160)
	at org.junit.platform.engine.support.hierarchical.ThrowableCollector.execute(ThrowableCollector.java:73)
	at org.junit.platform.engine.support.hierarchical.NodeTestTask.lambda$executeRecursively$8(NodeTestTask.java:146)
	at org.junit.platform.engine.support.hierarchical.Node.around(Node.java:137)
	at org.junit.platform.engine.support.hierarchical.NodeTestTask.lambda$executeRecursively$9(NodeTestTask.java:144)
	at org.junit.platform.engine.support.hierarchical.ThrowableCollector.execute(ThrowableCollector.java:73)
	at org.junit.platform.engine.support.hierarchical.NodeTestTask.executeRecursively(NodeTestTask.java:143)
	at org.junit.platform.engine.support.hierarchical.NodeTestTask.execute(NodeTestTask.java:100)
	at org.junit.platform.engine.support.hierarchical.SameThreadHierarchicalTestExecutorService.submit(SameThreadHierarchicalTestExecutorService.java:35)
	at org.junit.platform.engine.support.hierarchical.HierarchicalTestExecutor.execute(HierarchicalTestExecutor.java:57)
	at org.junit.platform.engine.support.hierarchical.HierarchicalTestEngine.execute(HierarchicalTestEngine.java:54)
	at org.junit.platform.launcher.core.EngineExecutionOrchestrator.execute(EngineExecutionOrchestrator.java:198)
	at org.junit.platform.launcher.core.EngineExecutionOrchestrator.execute(EngineExecutionOrchestrator.java:169)
	at org.junit.platform.launcher.core.EngineExecutionOrchestrator.execute(EngineExecutionOrchestrator.java:93)
	at org.junit.platform.launcher.core.EngineExecutionOrchestrator.lambda$execute$0(EngineExecutionOrchestrator.java:58)
	at org.junit.platform.launcher.core.EngineExecutionOrchestrator.withInterceptedStreams(EngineExecutionOrchestrator.java:141)
	at org.junit.platform.launcher.core.EngineExecutionOrchestrator.execute(EngineExecutionOrchestrator.java:57)
	at org.junit.platform.launcher.core.DefaultLauncher.execute(DefaultLauncher.java:103)
	at org.junit.platform.launcher.core.DefaultLauncher.execute(DefaultLauncher.java:85)
	at org.junit.platform.launcher.core.DelegatingLauncher.execute(DelegatingLauncher.java:47)
	at org.apache.maven.surefire.junitplatform.LazyLauncher.execute(LazyLauncher.java:56)
	at org.apache.maven.surefire.junitplatform.JUnitPlatformProvider.execute(JUnitPlatformProvider.java:184)
	at org.apache.maven.surefire.junitplatform.JUnitPlatformProvider.invokeAllTests(JUnitPlatformProvider.java:148)
	at org.apache.maven.surefire.junitplatform.JUnitPlatformProvider.invoke(JUnitPlatformProvider.java:122)
	at org.apache.maven.surefire.booter.ForkedBooter.runSuitesInProcess(ForkedBooter.java:385)
	at org.apache.maven.surefire.booter.ForkedBooter.execute(ForkedBooter.java:162)
	at org.apache.maven.surefire.booter.ForkedBooter.run(ForkedBooter.java:507)
	at org.apache.maven.surefire.booter.ForkedBooter.main(ForkedBooter.java:495)
	Suppressed: java.lang.Exception: #block terminated with an error
		at reactor.core.publisher.BlockingSingleSubscriber.blockingGet(BlockingSingleSubscriber.java:104)
		at reactor.core.publisher.Mono.block(Mono.java:1779)
		... 75 common frames omitted
风险评估报告: 执行失败: Not all variables were replaced in the template. Missing variable names are: [intent_result].
[INFO] Tests run: 5, Failures: 0, Errors: 0, Skipped: 0, Time elapsed: 4.103 s -- in com.tlq.rectagent.agent.SupervisorAgentFrameworkTest
[INFO] Running com.tlq.rectagent.config.ModelAutoConfigurationTest
[INFO] Tests run: 3, Failures: 0, Errors: 0, Skipped: 0, Time elapsed: 0.010 s -- in com.tlq.rectagent.config.ModelAutoConfigurationTest
[INFO] Running com.tlq.rectagent.context.ContextDesignImprovementsTest
2026-03-26 22:02:56.977 [main] [] INFO  o.s.t.c.s.AnnotationConfigContextLoaderUtils - Could not detect default configuration classes for test class [com.tlq.rectagent.context.ContextDesignImprovementsTest]: ContextDesignImprovementsTest does not declare any static, non-private, non-final, nested classes annotated with @Configuration.
2026-03-26 22:02:57.052 [main] [] INFO  o.s.b.t.c.SpringBootTestContextBootstrapper - Found @SpringBootConfiguration com.tlq.rectagent.RectAgentApplication for test class com.tlq.rectagent.context.ContextDesignImprovementsTest

  .   ____          _            __ _ _
 /\\ / ___'_ __ _ _(_)_ __  __ _ \ \ \ \
( ( )\___ | '_ | '_| | '_ \/ _` | \ \ \ \
 \\/  ___)| |_)| | | | | || (_| |  ) ) ) )
  '  |____| .__|_| |_|_| |_\__, | / / / /
 =========|_|==============|___/=/_/_/_/

 :: Spring Boot ::                (v3.3.5)

2026-03-26 22:02:57.102 [main] [] INFO  c.t.r.c.ContextDesignImprovementsTest - Starting ContextDesignImprovementsTest using Java 21.0.8 with PID 26256 (started by TanLinRu in D:\project\ai\java\rct-agent\rect-agent-core)
2026-03-26 22:02:57.102 [main] [] DEBUG c.t.r.c.ContextDesignImprovementsTest - Running with Spring Boot v3.3.5, Spring v6.1.14
2026-03-26 22:02:57.102 [main] [] INFO  c.t.r.c.ContextDesignImprovementsTest - No active profile set, falling back to 1 default profile: "default"
2026-03-26 22:02:57.839 [main] [] INFO  c.t.r.agent.AgentToolRegistry - AgentToolRegistry 初始化完成: 共 0 个工具
2026-03-26 22:02:57.863 [main] [] WARN  o.s.w.c.s.GenericWebApplicationContext - Exception encountered during context initialization - cancelling refresh attempt: org.springframework.beans.factory.UnsatisfiedDependencyException: Error creating bean with name 'coordinatorAgent': Unsatisfied dependency expressed through field 'intentRecognitionAgent': Error creating bean with name 'intentRecognitionAgent': Unsatisfied dependency expressed through field 'agentModelRouter': Error creating bean with name 'com.tlq.rectagent.config.ModelAutoConfiguration': Unsatisfied dependency expressed through field 'chatModelPool': Error creating bean with name 'com.tlq.rectagent.config.ModelAutoConfiguration': Requested bean is currently in creation: Is there an unresolvable circular reference?



============================
CONDITIONS EVALUATION REPORT
============================


Positive matches:
-----------------

   AopAutoConfiguration matched:
      - @ConditionalOnProperty (spring.aop.auto=true) matched (OnPropertyCondition)

   AopAutoConfiguration.ClassProxyingConfiguration matched:
      - @ConditionalOnMissingClass did not find unwanted class 'org.aspectj.weaver.Advice' (OnClassCondition)
      - @ConditionalOnProperty (spring.aop.proxy-target-class=true) matched (OnPropertyCondition)

   ApplicationAvailabilityAutoConfiguration#applicationAvailability matched:
      - @ConditionalOnMissingBean (types: org.springframework.boot.availability.ApplicationAvailability; SearchStrategy
: all) did not find any beans (OnBeanCondition)

   ChatClientAutoConfiguration matched:
      - @ConditionalOnClass found required class 'org.springframework.ai.chat.client.ChatClient' (OnClassCondition)
      - @ConditionalOnProperty (spring.ai.chat.client.enabled=true) matched (OnPropertyCondition)

   ChatClientAutoConfiguration#chatClientBuilder matched:
      - @ConditionalOnMissingBean (types: org.springframework.ai.chat.client.ChatClient$Builder; SearchStrategy: all) d
id not find any beans (OnBeanCondition)

   ChatClientAutoConfiguration#chatClientBuilderConfigurer matched:
      - @ConditionalOnMissingBean (types: org.springframework.ai.model.chat.client.autoconfigure.ChatClientBuilderConfi
gurer; SearchStrategy: all) did not find any beans (OnBeanCondition)

   ChatClientAutoConfiguration.TracerNotPresentObservationConfiguration matched:
      - @ConditionalOnMissingClass did not find unwanted class 'io.micrometer.tracing.Tracer' (OnClassCondition)

   ChatObservationAutoConfiguration matched:
      - @ConditionalOnClass found required class 'org.springframework.ai.chat.model.ChatModel' (OnClassCondition)

   ChatObservationAutoConfiguration.TracerNotPresentObservationConfiguration matched:
      - @ConditionalOnMissingClass did not find unwanted class 'io.micrometer.tracing.Tracer' (OnClassCondition)

   ClientHttpConnectorAutoConfiguration matched:
      - @ConditionalOnClass found required class 'org.springframework.web.reactive.function.client.WebClient' (OnClassC
ondition)

   ClientHttpConnectorAutoConfiguration#webClientHttpConnector matched:
      - @ConditionalOnMissingBean (types: org.springframework.http.client.reactive.ClientHttpConnector; SearchStrategy:
 all) did not find any beans (OnBeanCondition)

   ClientHttpConnectorAutoConfiguration#webClientHttpConnectorCustomizer matched:
      - @ConditionalOnBean (types: org.springframework.http.client.reactive.ClientHttpConnector; SearchStrategy: all) f
ound bean 'webClientHttpConnector' (OnBeanCondition)

   ClientHttpConnectorFactoryConfiguration.JdkClient matched:
      - @ConditionalOnClass found required class 'java.net.http.HttpClient' (OnClassCondition)
      - @ConditionalOnMissingBean (types: org.springframework.boot.autoconfigure.web.reactive.function.client.ClientHtt
pConnectorFactory; SearchStrategy: all) did not find any beans (OnBeanCondition)

   CodecsAutoConfiguration matched:
      - @ConditionalOnClass found required classes 'org.springframework.http.codec.CodecConfigurer', 'org.springframewo
rk.web.reactive.function.client.WebClient' (OnClassCondition)

   CodecsAutoConfiguration.JacksonCodecConfiguration matched:
      - @ConditionalOnClass found required class 'com.fasterxml.jackson.databind.ObjectMapper' (OnClassCondition)

   CodecsAutoConfiguration.JacksonCodecConfiguration#jacksonCodecCustomizer matched:
      - @ConditionalOnBean (types: com.fasterxml.jackson.databind.ObjectMapper; SearchStrategy: all) found bean 'jackso
nObjectMapper' (OnBeanCondition)

   DashScopeAgentAutoConfiguration matched:
      - @ConditionalOnClass found required class 'com.alibaba.cloud.ai.dashscope.api.DashScopeApi' (OnClassCondition)
      - @ConditionalOnProperty (spring.ai.dashscope.agent.enabled=true) matched; @ConditionalOnProperty (spring.ai.dash
scope.enabled) matched (OnPropertyCondition)

   DashScopeAgentAutoConfiguration#dashscopeAgentApi matched:
      - @ConditionalOnMissingBean (types: com.alibaba.cloud.ai.dashscope.api.DashScopeAgentApi; SearchStrategy: all) di
d not find any beans (OnBeanCondition)

   DashScopeAudioSpeechAutoConfiguration matched:
      - @ConditionalOnClass found required class 'com.alibaba.cloud.ai.dashscope.api.DashScopeAudioSpeechApi' (OnClassC
ondition)
      - @ConditionalOnProperty (spring.ai.model.audio.speech=dashscope) matched; @ConditionalOnProperty (spring.ai.dash
scope.enabled) matched (OnPropertyCondition)

   DashScopeAudioSpeechAutoConfiguration#dashScopeSpeechSynthesisModel matched:
      - @ConditionalOnMissingBean (types: com.alibaba.cloud.ai.dashscope.audio.DashScopeAudioSpeechModel; SearchStrateg
y: all) did not find any beans (OnBeanCondition)

   DashScopeAudioTranscriptionAutoConfiguration matched:
      - @ConditionalOnClass found required class 'com.alibaba.cloud.ai.dashscope.api.DashScopeAudioTranscriptionApi' (O
nClassCondition)
      - @ConditionalOnProperty (spring.ai.model.audio.transcription=dashscope) matched; @ConditionalOnProperty (spring.
ai.dashscope.enabled) matched (OnPropertyCondition)

   DashScopeAudioTranscriptionAutoConfiguration#dashScopeAudioTranscriptionModel matched:
      - @ConditionalOnMissingBean (types: com.alibaba.cloud.ai.dashscope.audio.DashScopeAudioTranscriptionModel; Search
Strategy: all) did not find any beans (OnBeanCondition)

   DashScopeChatAutoConfiguration matched:
      - @ConditionalOnClass found required class 'com.alibaba.cloud.ai.dashscope.api.DashScopeApi' (OnClassCondition)
      - @ConditionalOnProperty (spring.ai.model.chat=dashscope) matched; @ConditionalOnProperty (spring.ai.dashscope.en
abled) matched (OnPropertyCondition)

   DashScopeChatAutoConfiguration#dashScopeChatModel matched:
      - @ConditionalOnMissingBean (types: com.alibaba.cloud.ai.dashscope.chat.DashScopeChatModel; SearchStrategy: all) 
did not find any beans (OnBeanCondition)

   DashScopeEmbeddingAutoConfiguration matched:
      - @ConditionalOnClass found required class 'com.alibaba.cloud.ai.dashscope.api.DashScopeApi' (OnClassCondition)
      - @ConditionalOnProperty (spring.ai.model.embedding=dashscope) matched; @ConditionalOnProperty (spring.ai.dashsco
pe.enabled) matched (OnPropertyCondition)

   DashScopeEmbeddingAutoConfiguration#dashscopeEmbeddingModel matched:
      - @ConditionalOnMissingBean (types: com.alibaba.cloud.ai.dashscope.embedding.DashScopeEmbeddingModel; SearchStrat
egy: all) did not find any beans (OnBeanCondition)

   DashScopeImageAutoConfiguration matched:
      - @ConditionalOnClass found required class 'com.alibaba.cloud.ai.dashscope.api.DashScopeImageApi' (OnClassConditi
on)
      - @ConditionalOnProperty (spring.ai.model.image=dashscope) matched; @ConditionalOnProperty (spring.ai.dashscope.e
nabled) matched (OnPropertyCondition)

   DashScopeImageAutoConfiguration#dashScopeImageModel matched:
      - @ConditionalOnMissingBean (types: com.alibaba.cloud.ai.dashscope.image.DashScopeImageModel; SearchStrategy: all
) did not find any beans (OnBeanCondition)

   DashScopeRerankAutoConfiguration matched:
      - @ConditionalOnClass found required class 'com.alibaba.cloud.ai.dashscope.api.DashScopeApi' (OnClassCondition)
      - @ConditionalOnProperty (spring.ai.model.rerank=dashscope) matched; @ConditionalOnProperty (spring.ai.dashscope.
enabled) matched (OnPropertyCondition)

   DashScopeRerankAutoConfiguration#dashscopeRerankModel matched:
      - @ConditionalOnMissingBean (types: com.alibaba.cloud.ai.dashscope.rerank.DashScopeRerankModel; SearchStrategy: a
ll) did not find any beans (OnBeanCondition)

   DashScopeVideoAutoConfiguration matched:
      - @ConditionalOnClass found required class 'com.alibaba.cloud.ai.dashscope.api.DashScopeVideoApi' (OnClassConditi
on)
      - @ConditionalOnProperty (spring.ai.model.video=dashscope) matched; @ConditionalOnProperty (spring.ai.dashscope.e
nabled) matched (OnPropertyCondition)

   DashScopeVideoAutoConfiguration#dashScopeVideoModel matched:
      - @ConditionalOnMissingBean (types: com.alibaba.cloud.ai.dashscope.video.DashScopeVideoModel; SearchStrategy: all
) did not find any beans (OnBeanCondition)

   DataSourceAutoConfiguration matched:
      - @ConditionalOnClass found required classes 'javax.sql.DataSource', 'org.springframework.jdbc.datasource.embedde
d.EmbeddedDatabaseType' (OnClassCondition)
      - @ConditionalOnMissingBean (types: io.r2dbc.spi.ConnectionFactory; SearchStrategy: all) did not find any beans (
OnBeanCondition)

   DataSourceAutoConfiguration.PooledDataSourceConfiguration matched:
      - AnyNestedCondition 1 matched 1 did not; NestedCondition on DataSourceAutoConfiguration.PooledDataSourceConditio
n.PooledDataSourceAvailable PooledDataSource found supported DataSource; NestedCondition on DataSourceAutoConfiguration
.PooledDataSourceCondition.ExplicitType @ConditionalOnProperty (spring.datasource.type) did not find property 'type' (D
ataSourceAutoConfiguration.PooledDataSourceCondition)
      - @ConditionalOnMissingBean (types: javax.sql.DataSource,javax.sql.XADataSource; SearchStrategy: all) did not fin
d any beans (OnBeanCondition)

   DataSourceAutoConfiguration.PooledDataSourceConfiguration#jdbcConnectionDetails matched:
      - @ConditionalOnMissingBean (types: org.springframework.boot.autoconfigure.jdbc.JdbcConnectionDetails; SearchStra
tegy: all) did not find any beans (OnBeanCondition)

   DataSourceConfiguration.Hikari matched:
      - @ConditionalOnClass found required class 'com.zaxxer.hikari.HikariDataSource' (OnClassCondition)
      - @ConditionalOnProperty (spring.datasource.type=com.zaxxer.hikari.HikariDataSource) matched (OnPropertyCondition
)
      - @ConditionalOnMissingBean (types: javax.sql.DataSource; SearchStrategy: all) did not find any beans (OnBeanCond
ition)

   DataSourceInitializationConfiguration matched:
      - @ConditionalOnClass found required class 'org.springframework.jdbc.datasource.init.DatabasePopulator' (OnClassC
ondition)
      - @ConditionalOnSingleCandidate (types: javax.sql.DataSource; SearchStrategy: all) found a single bean 'dataSourc
e'; @ConditionalOnMissingBean (types: org.springframework.boot.autoconfigure.sql.init.SqlDataSourceScriptDatabaseInitia
lizer,org.springframework.boot.autoconfigure.sql.init.SqlR2dbcScriptDatabaseInitializer; SearchStrategy: all) did not f
ind any beans (OnBeanCondition)

   DataSourcePoolMetadataProvidersConfiguration.HikariPoolDataSourceMetadataProviderConfiguration matched:
      - @ConditionalOnClass found required class 'com.zaxxer.hikari.HikariDataSource' (OnClassCondition)

   DataSourceTransactionManagerAutoConfiguration matched:
      - @ConditionalOnClass found required classes 'javax.sql.DataSource', 'org.springframework.jdbc.core.JdbcTemplate'
, 'org.springframework.transaction.TransactionManager' (OnClassCondition)

   DataSourceTransactionManagerAutoConfiguration.JdbcTransactionManagerConfiguration matched:
      - @ConditionalOnSingleCandidate (types: javax.sql.DataSource; SearchStrategy: all) found a single bean 'dataSourc
e' (OnBeanCondition)

   DataSourceTransactionManagerAutoConfiguration.JdbcTransactionManagerConfiguration#transactionManager matched:
      - @ConditionalOnMissingBean (types: org.springframework.transaction.TransactionManager; SearchStrategy: all) did 
not find any beans (OnBeanCondition)

   DdlAutoConfiguration matched:
      - @ConditionalOnClass found required class 'com.baomidou.mybatisplus.extension.ddl.IDdl' (OnClassCondition)

   DispatcherServletAutoConfiguration matched:
      - @ConditionalOnClass found required class 'org.springframework.web.servlet.DispatcherServlet' (OnClassCondition)
      - found 'session' scope (OnWebApplicationCondition)

   DispatcherServletAutoConfiguration.DispatcherServletConfiguration matched:
      - @ConditionalOnClass found required class 'jakarta.servlet.ServletRegistration' (OnClassCondition)
      - Default DispatcherServlet did not find dispatcher servlet beans (DispatcherServletAutoConfiguration.DefaultDisp
atcherServletCondition)

   DispatcherServletAutoConfiguration.DispatcherServletRegistrationConfiguration matched:
      - @ConditionalOnClass found required class 'jakarta.servlet.ServletRegistration' (OnClassCondition)
      - DispatcherServlet Registration did not find servlet registration bean (DispatcherServletAutoConfiguration.Dispa
tcherServletRegistrationCondition)

   DispatcherServletAutoConfiguration.DispatcherServletRegistrationConfiguration#dispatcherServletRegistration matched:
      - @ConditionalOnBean (names: dispatcherServlet types: org.springframework.web.servlet.DispatcherServlet; SearchSt
rategy: all) found bean 'dispatcherServlet' (OnBeanCondition)

   EmbeddingObservationAutoConfiguration matched:
      - @ConditionalOnClass found required class 'org.springframework.ai.embedding.EmbeddingModel' (OnClassCondition)

   ErrorMvcAutoConfiguration matched:
      - @ConditionalOnClass found required classes 'jakarta.servlet.Servlet', 'org.springframework.web.servlet.Dispatch
erServlet' (OnClassCondition)
      - found 'session' scope (OnWebApplicationCondition)

   ErrorMvcAutoConfiguration#basicErrorController matched:
      - @ConditionalOnMissingBean (types: org.springframework.boot.web.servlet.error.ErrorController; SearchStrategy: c
urrent) did not find any beans (OnBeanCondition)

   ErrorMvcAutoConfiguration#errorAttributes matched:
      - @ConditionalOnMissingBean (types: org.springframework.boot.web.servlet.error.ErrorAttributes; SearchStrategy: c
urrent) did not find any beans (OnBeanCondition)

   ErrorMvcAutoConfiguration.DefaultErrorViewResolverConfiguration#conventionErrorViewResolver matched:
      - @ConditionalOnBean (types: org.springframework.web.servlet.DispatcherServlet; SearchStrategy: all) found bean '
dispatcherServlet'; @ConditionalOnMissingBean (types: org.springframework.boot.autoconfigure.web.servlet.error.ErrorVie
wResolver; SearchStrategy: all) did not find any beans (OnBeanCondition)

   ErrorMvcAutoConfiguration.WhitelabelErrorViewConfiguration matched:
      - @ConditionalOnProperty (server.error.whitelabel.enabled) matched (OnPropertyCondition)
      - ErrorTemplate Missing did not find error template view (ErrorMvcAutoConfiguration.ErrorTemplateMissingCondition
)

   ErrorMvcAutoConfiguration.WhitelabelErrorViewConfiguration#beanNameViewResolver matched:
      - @ConditionalOnMissingBean (types: org.springframework.web.servlet.view.BeanNameViewResolver; SearchStrategy: al
l) did not find any beans (OnBeanCondition)

   ErrorMvcAutoConfiguration.WhitelabelErrorViewConfiguration#defaultErrorView matched:
      - @ConditionalOnMissingBean (names: error; SearchStrategy: all) did not find any beans (OnBeanCondition)

   GenericCacheConfiguration matched:
      - Cache org.springframework.boot.autoconfigure.cache.GenericCacheConfiguration automatic cache type (CacheConditi
on)

   H2ConsoleAutoConfiguration matched:
      - @ConditionalOnClass found required class 'org.h2.server.web.JakartaWebServlet' (OnClassCondition)
      - found 'session' scope (OnWebApplicationCondition)
      - @ConditionalOnProperty (spring.h2.console.enabled=true) matched (OnPropertyCondition)

   HttpEncodingAutoConfiguration matched:
      - @ConditionalOnClass found required class 'org.springframework.web.filter.CharacterEncodingFilter' (OnClassCondi
tion)
      - found 'session' scope (OnWebApplicationCondition)
      - @ConditionalOnProperty (server.servlet.encoding.enabled) matched (OnPropertyCondition)

   HttpEncodingAutoConfiguration#characterEncodingFilter matched:
      - @ConditionalOnMissingBean (types: org.springframework.web.filter.CharacterEncodingFilter; SearchStrategy: all) 
did not find any beans (OnBeanCondition)

   HttpMessageConvertersAutoConfiguration matched:
      - @ConditionalOnClass found required class 'org.springframework.http.converter.HttpMessageConverter' (OnClassCond
ition)
      - NoneNestedConditions 0 matched 1 did not; NestedCondition on HttpMessageConvertersAutoConfiguration.NotReactive
WebApplicationCondition.ReactiveWebApplication not a reactive web application (HttpMessageConvertersAutoConfiguration.N
otReactiveWebApplicationCondition)

   HttpMessageConvertersAutoConfiguration#messageConverters matched:
      - @ConditionalOnMissingBean (types: org.springframework.boot.autoconfigure.http.HttpMessageConverters; SearchStra
tegy: all) did not find any beans (OnBeanCondition)

   HttpMessageConvertersAutoConfiguration.StringHttpMessageConverterConfiguration matched:
      - @ConditionalOnClass found required class 'org.springframework.http.converter.StringHttpMessageConverter' (OnCla
ssCondition)

   HttpMessageConvertersAutoConfiguration.StringHttpMessageConverterConfiguration#stringHttpMessageConverter matched:
      - @ConditionalOnMissingBean (types: org.springframework.http.converter.StringHttpMessageConverter; SearchStrategy
: all) did not find any beans (OnBeanCondition)

   ImageObservationAutoConfiguration matched:
      - @ConditionalOnClass found required class 'org.springframework.ai.image.ImageModel' (OnClassCondition)

   ImageObservationAutoConfiguration.TracerNotPresentObservationConfiguration matched:
      - @ConditionalOnMissingClass did not find unwanted class 'io.micrometer.tracing.Tracer' (OnClassCondition)

   JacksonAutoConfiguration matched:
      - @ConditionalOnClass found required class 'com.fasterxml.jackson.databind.ObjectMapper' (OnClassCondition)

   JacksonAutoConfiguration.Jackson2ObjectMapperBuilderCustomizerConfiguration matched:
      - @ConditionalOnClass found required class 'org.springframework.http.converter.json.Jackson2ObjectMapperBuilder' 
(OnClassCondition)

   JacksonAutoConfiguration.JacksonObjectMapperBuilderConfiguration matched:
      - @ConditionalOnClass found required class 'org.springframework.http.converter.json.Jackson2ObjectMapperBuilder' 
(OnClassCondition)

   JacksonAutoConfiguration.JacksonObjectMapperBuilderConfiguration#jacksonObjectMapperBuilder matched:
      - @ConditionalOnMissingBean (types: org.springframework.http.converter.json.Jackson2ObjectMapperBuilder; SearchSt
rategy: all) did not find any beans (OnBeanCondition)

   JacksonAutoConfiguration.JacksonObjectMapperConfiguration matched:
      - @ConditionalOnClass found required class 'org.springframework.http.converter.json.Jackson2ObjectMapperBuilder' 
(OnClassCondition)

   JacksonAutoConfiguration.JacksonObjectMapperConfiguration#jacksonObjectMapper matched:
      - @ConditionalOnMissingBean (types: com.fasterxml.jackson.databind.ObjectMapper; SearchStrategy: all) did not fin
d any beans (OnBeanCondition)

   JacksonAutoConfiguration.ParameterNamesModuleConfiguration matched:
      - @ConditionalOnClass found required class 'com.fasterxml.jackson.module.paramnames.ParameterNamesModule' (OnClas
sCondition)

   JacksonAutoConfiguration.ParameterNamesModuleConfiguration#parameterNamesModule matched:
      - @ConditionalOnMissingBean (types: com.fasterxml.jackson.module.paramnames.ParameterNamesModule; SearchStrategy:
 all) did not find any beans (OnBeanCondition)

   JacksonHttpMessageConvertersConfiguration.MappingJackson2HttpMessageConverterConfiguration matched:
      - @ConditionalOnClass found required class 'com.fasterxml.jackson.databind.ObjectMapper' (OnClassCondition)
      - @ConditionalOnProperty (spring.mvc.converters.preferred-json-mapper=jackson) matched (OnPropertyCondition)
      - @ConditionalOnBean (types: com.fasterxml.jackson.databind.ObjectMapper; SearchStrategy: all) found bean 'jackso
nObjectMapper' (OnBeanCondition)

   JacksonHttpMessageConvertersConfiguration.MappingJackson2HttpMessageConverterConfiguration#mappingJackson2HttpMessag
eConverter matched:
      - @ConditionalOnMissingBean (types: org.springframework.http.converter.json.MappingJackson2HttpMessageConverter i
gnored: org.springframework.hateoas.server.mvc.TypeConstrainedMappingJackson2HttpMessageConverter,org.springframework.d
ata.rest.webmvc.alps.AlpsJsonHttpMessageConverter; SearchStrategy: all) did not find any beans (OnBeanCondition)

   JdbcClientAutoConfiguration matched:
      - @ConditionalOnSingleCandidate (types: org.springframework.jdbc.core.namedparam.NamedParameterJdbcTemplate; Sear
chStrategy: all) found a single bean 'namedParameterJdbcTemplate'; @ConditionalOnMissingBean (types: org.springframewor
k.jdbc.core.simple.JdbcClient; SearchStrategy: all) did not find any beans (OnBeanCondition)

   JdbcTemplateAutoConfiguration matched:
      - @ConditionalOnClass found required classes 'javax.sql.DataSource', 'org.springframework.jdbc.core.JdbcTemplate'
 (OnClassCondition)
      - @ConditionalOnSingleCandidate (types: javax.sql.DataSource; SearchStrategy: all) found a single bean 'dataSourc
e' (OnBeanCondition)

   JdbcTemplateConfiguration matched:
      - @ConditionalOnMissingBean (types: org.springframework.jdbc.core.JdbcOperations; SearchStrategy: all) did not fi
nd any beans (OnBeanCondition)

   LifecycleAutoConfiguration#defaultLifecycleProcessor matched:
      - @ConditionalOnMissingBean (names: lifecycleProcessor; SearchStrategy: current) did not find any beans (OnBeanCo
ndition)

   MultipartAutoConfiguration matched:
      - @ConditionalOnClass found required classes 'jakarta.servlet.Servlet', 'org.springframework.web.multipart.suppor
t.StandardServletMultipartResolver', 'jakarta.servlet.MultipartConfigElement' (OnClassCondition)
      - found 'session' scope (OnWebApplicationCondition)
      - @ConditionalOnProperty (spring.servlet.multipart.enabled) matched (OnPropertyCondition)

   MultipartAutoConfiguration#multipartConfigElement matched:
      - @ConditionalOnMissingBean (types: jakarta.servlet.MultipartConfigElement; SearchStrategy: all) did not find any
 beans (OnBeanCondition)

   MultipartAutoConfiguration#multipartResolver matched:
      - @ConditionalOnMissingBean (types: org.springframework.web.multipart.MultipartResolver; SearchStrategy: all) did
 not find any beans (OnBeanCondition)

   MybatisPlusAutoConfiguration matched:
      - @ConditionalOnClass found required classes 'org.apache.ibatis.session.SqlSessionFactory', 'org.mybatis.spring.S
qlSessionFactoryBean' (OnClassCondition)
      - @ConditionalOnSingleCandidate (types: javax.sql.DataSource; SearchStrategy: all) found a single bean 'dataSourc
e' (OnBeanCondition)

   MybatisPlusAutoConfiguration#sqlSessionFactory matched:
      - @ConditionalOnMissingBean (types: org.apache.ibatis.session.SqlSessionFactory; SearchStrategy: all) did not fin
d any beans (OnBeanCondition)

   MybatisPlusAutoConfiguration#sqlSessionTemplate matched:
      - @ConditionalOnMissingBean (types: org.mybatis.spring.SqlSessionTemplate; SearchStrategy: all) did not find any 
beans (OnBeanCondition)

   MybatisPlusLanguageDriverAutoConfiguration matched:
      - @ConditionalOnClass found required class 'org.apache.ibatis.scripting.LanguageDriver' (OnClassCondition)

   NamedParameterJdbcTemplateConfiguration matched:
      - @ConditionalOnSingleCandidate (types: org.springframework.jdbc.core.JdbcTemplate; SearchStrategy: all) found a 
single bean 'jdbcTemplate'; @ConditionalOnMissingBean (types: org.springframework.jdbc.core.namedparam.NamedParameterJd
bcOperations; SearchStrategy: all) did not find any beans (OnBeanCondition)

   NoOpCacheConfiguration matched:
      - Cache org.springframework.boot.autoconfigure.cache.NoOpCacheConfiguration automatic cache type (CacheCondition)

   PersistenceExceptionTranslationAutoConfiguration matched:
      - @ConditionalOnClass found required class 'org.springframework.dao.annotation.PersistenceExceptionTranslationPos
tProcessor' (OnClassCondition)

   PersistenceExceptionTranslationAutoConfiguration#persistenceExceptionTranslationPostProcessor matched:
      - @ConditionalOnProperty (spring.dao.exceptiontranslation.enabled) matched (OnPropertyCondition)
      - @ConditionalOnMissingBean (types: org.springframework.dao.annotation.PersistenceExceptionTranslationPostProcess
or; SearchStrategy: all) did not find any beans (OnBeanCondition)

   PropertyPlaceholderAutoConfiguration#propertySourcesPlaceholderConfigurer matched:
      - @ConditionalOnMissingBean (types: org.springframework.context.support.PropertySourcesPlaceholderConfigurer; Sea
rchStrategy: current) did not find any beans (OnBeanCondition)

   ReactorAutoConfiguration matched:
      - @ConditionalOnClass found required class 'reactor.core.publisher.Hooks' (OnClassCondition)

   RestClientAutoConfiguration matched:
      - @ConditionalOnClass found required class 'org.springframework.web.client.RestClient' (OnClassCondition)
      - NoneNestedConditions 0 matched 1 did not; NestedCondition on NotReactiveWebApplicationCondition.ReactiveWebAppl
ication not a reactive web application (NotReactiveWebApplicationCondition)

   RestClientAutoConfiguration#httpMessageConvertersRestClientCustomizer matched:
      - @ConditionalOnMissingBean (types: org.springframework.boot.autoconfigure.web.client.HttpMessageConvertersRestCl
ientCustomizer; SearchStrategy: all) did not find any beans (OnBeanCondition)

   RestClientAutoConfiguration#restClientBuilder matched:
      - @ConditionalOnMissingBean (types: org.springframework.web.client.RestClient$Builder; SearchStrategy: all) did n
ot find any beans (OnBeanCondition)

   RestClientAutoConfiguration#restClientBuilderConfigurer matched:
      - @ConditionalOnMissingBean (types: org.springframework.boot.autoconfigure.web.client.RestClientBuilderConfigurer
; SearchStrategy: all) did not find any beans (OnBeanCondition)

   RestClientAutoConfiguration#restClientSsl matched:
      - @ConditionalOnBean (types: org.springframework.boot.ssl.SslBundles; SearchStrategy: all) found bean 'sslBundleR
egistry'; @ConditionalOnMissingBean (types: org.springframework.boot.autoconfigure.web.client.RestClientSsl; SearchStra
tegy: all) did not find any beans (OnBeanCondition)

   RestTemplateAutoConfiguration matched:
      - @ConditionalOnClass found required class 'org.springframework.web.client.RestTemplate' (OnClassCondition)
      - NoneNestedConditions 0 matched 1 did not; NestedCondition on NotReactiveWebApplicationCondition.ReactiveWebAppl
ication not a reactive web application (NotReactiveWebApplicationCondition)

   RestTemplateAutoConfiguration#restTemplateBuilder matched:
      - @ConditionalOnMissingBean (types: org.springframework.boot.web.client.RestTemplateBuilder; SearchStrategy: all)
 did not find any beans (OnBeanCondition)

   ServletWebServerFactoryAutoConfiguration matched:
      - @ConditionalOnClass found required class 'jakarta.servlet.ServletRequest' (OnClassCondition)
      - found 'session' scope (OnWebApplicationCondition)

   ServletWebServerFactoryAutoConfiguration#tomcatServletWebServerFactoryCustomizer matched:
      - @ConditionalOnClass found required class 'org.apache.catalina.startup.Tomcat' (OnClassCondition)

   ServletWebServerFactoryConfiguration.EmbeddedTomcat matched:
      - @ConditionalOnClass found required classes 'jakarta.servlet.Servlet', 'org.apache.catalina.startup.Tomcat', 'or
g.apache.coyote.UpgradeProtocol' (OnClassCondition)
      - @ConditionalOnMissingBean (types: org.springframework.boot.web.servlet.server.ServletWebServerFactory; SearchSt
rategy: current) did not find any beans (OnBeanCondition)

   SimpleCacheConfiguration matched:
      - Cache org.springframework.boot.autoconfigure.cache.SimpleCacheConfiguration automatic cache type (CacheConditio
n)

   SpringAiRetryAutoConfiguration matched:
      - @ConditionalOnClass found required class 'org.springframework.ai.retry.RetryUtils' (OnClassCondition)

   SpringAiRetryAutoConfiguration#responseErrorHandler matched:
      - @ConditionalOnMissingBean (types: org.springframework.web.client.ResponseErrorHandler; SearchStrategy: all) did
 not find any beans (OnBeanCondition)

   SpringAiRetryAutoConfiguration#retryTemplate matched:
      - @ConditionalOnMissingBean (types: org.springframework.retry.support.RetryTemplate; SearchStrategy: all) did not
 find any beans (OnBeanCondition)

   SqlInitializationAutoConfiguration matched:
      - @ConditionalOnProperty (spring.sql.init.enabled) matched (OnPropertyCondition)
      - NoneNestedConditions 0 matched 1 did not; NestedCondition on SqlInitializationAutoConfiguration.SqlInitializati
onModeCondition.ModeIsNever @ConditionalOnProperty (spring.sql.init.mode=never) found different value in property 'mode
' (SqlInitializationAutoConfiguration.SqlInitializationModeCondition)

   SslAutoConfiguration#sslBundleRegistry matched:
      - @ConditionalOnMissingBean (types: org.springframework.boot.ssl.SslBundleRegistry,org.springframework.boot.ssl.S
slBundles; SearchStrategy: all) did not find any beans (OnBeanCondition)

   TaskExecutionAutoConfiguration matched:
      - @ConditionalOnClass found required class 'org.springframework.scheduling.concurrent.ThreadPoolTaskExecutor' (On
ClassCondition)

   TaskExecutorConfigurations.SimpleAsyncTaskExecutorBuilderConfiguration#simpleAsyncTaskExecutorBuilder matched:
      - @ConditionalOnMissingBean (types: org.springframework.boot.task.SimpleAsyncTaskExecutorBuilder; SearchStrategy:
 all) did not find any beans (OnBeanCondition)
      - @ConditionalOnThreading found PLATFORM (OnThreadingCondition)

   TaskExecutorConfigurations.TaskExecutorBuilderConfiguration#taskExecutorBuilder matched:
      - @ConditionalOnMissingBean (types: org.springframework.boot.task.TaskExecutorBuilder; SearchStrategy: all) did n
ot find any beans (OnBeanCondition)

   TaskExecutorConfigurations.TaskExecutorConfiguration matched:
      - @ConditionalOnMissingBean (types: java.util.concurrent.Executor; SearchStrategy: all) did not find any beans (O
nBeanCondition)

   TaskExecutorConfigurations.TaskExecutorConfiguration#applicationTaskExecutor matched:
      - @ConditionalOnThreading found PLATFORM (OnThreadingCondition)

   TaskExecutorConfigurations.ThreadPoolTaskExecutorBuilderConfiguration#threadPoolTaskExecutorBuilder matched:
      - @ConditionalOnMissingBean (types: org.springframework.boot.task.TaskExecutorBuilder,org.springframework.boot.ta
sk.ThreadPoolTaskExecutorBuilder; SearchStrategy: all) did not find any beans (OnBeanCondition)

   TaskSchedulingAutoConfiguration matched:
      - @ConditionalOnClass found required class 'org.springframework.scheduling.concurrent.ThreadPoolTaskScheduler' (O
nClassCondition)

   TaskSchedulingConfigurations.SimpleAsyncTaskSchedulerBuilderConfiguration#simpleAsyncTaskSchedulerBuilder matched:
      - @ConditionalOnMissingBean (types: org.springframework.boot.task.SimpleAsyncTaskSchedulerBuilder; SearchStrategy
: all) did not find any beans (OnBeanCondition)
      - @ConditionalOnThreading found PLATFORM (OnThreadingCondition)

   TaskSchedulingConfigurations.TaskSchedulerBuilderConfiguration#taskSchedulerBuilder matched:
      - @ConditionalOnMissingBean (types: org.springframework.boot.task.TaskSchedulerBuilder; SearchStrategy: all) did 
not find any beans (OnBeanCondition)

   TaskSchedulingConfigurations.ThreadPoolTaskSchedulerBuilderConfiguration#threadPoolTaskSchedulerBuilder matched:
      - @ConditionalOnMissingBean (types: org.springframework.boot.task.TaskSchedulerBuilder,org.springframework.boot.t
ask.ThreadPoolTaskSchedulerBuilder; SearchStrategy: all) did not find any beans (OnBeanCondition)

   ToolCallingAutoConfiguration matched:
      - @ConditionalOnClass found required class 'org.springframework.ai.chat.model.ChatModel' (OnClassCondition)

   ToolCallingAutoConfiguration#toolCallbackResolver matched:
      - @ConditionalOnMissingBean (types: org.springframework.ai.tool.resolution.ToolCallbackResolver; SearchStrategy: 
all) did not find any beans (OnBeanCondition)

   ToolCallingAutoConfiguration#toolCallingManager matched:
      - @ConditionalOnMissingBean (types: org.springframework.ai.model.tool.ToolCallingManager; SearchStrategy: all) di
d not find any beans (OnBeanCondition)

   ToolCallingAutoConfiguration#toolExecutionExceptionProcessor matched:
      - @ConditionalOnMissingBean (types: org.springframework.ai.tool.execution.ToolExecutionExceptionProcessor; Search
Strategy: all) did not find any beans (OnBeanCondition)

   TransactionAutoConfiguration matched:
      - @ConditionalOnClass found required class 'org.springframework.transaction.PlatformTransactionManager' (OnClassC
ondition)

   TransactionAutoConfiguration.EnableTransactionManagementConfiguration matched:
      - @ConditionalOnBean (types: org.springframework.transaction.TransactionManager; SearchStrategy: all) found bean 
'transactionManager'; @ConditionalOnMissingBean (types: org.springframework.transaction.annotation.AbstractTransactionM
anagementConfiguration; SearchStrategy: all) did not find any beans (OnBeanCondition)

   TransactionAutoConfiguration.EnableTransactionManagementConfiguration.CglibAutoProxyConfiguration matched:
      - @ConditionalOnProperty (spring.aop.proxy-target-class=true) matched (OnPropertyCondition)

   TransactionAutoConfiguration.TransactionTemplateConfiguration matched:
      - @ConditionalOnSingleCandidate (types: org.springframework.transaction.PlatformTransactionManager; SearchStrateg
y: all) found a single bean 'transactionManager' (OnBeanCondition)

   TransactionAutoConfiguration.TransactionTemplateConfiguration#transactionTemplate matched:
      - @ConditionalOnMissingBean (types: org.springframework.transaction.support.TransactionOperations; SearchStrategy
: all) did not find any beans (OnBeanCondition)

   TransactionManagerCustomizationAutoConfiguration matched:
      - @ConditionalOnClass found required class 'org.springframework.transaction.PlatformTransactionManager' (OnClassC
ondition)

   TransactionManagerCustomizationAutoConfiguration#platformTransactionManagerCustomizers matched:
      - @ConditionalOnMissingBean (types: org.springframework.boot.autoconfigure.transaction.TransactionManagerCustomiz
ers; SearchStrategy: all) did not find any beans (OnBeanCondition)

   WebClientAutoConfiguration matched:
      - @ConditionalOnClass found required class 'org.springframework.web.reactive.function.client.WebClient' (OnClassC
ondition)

   WebClientAutoConfiguration#webClientBuilder matched:
      - @ConditionalOnMissingBean (types: org.springframework.web.reactive.function.client.WebClient$Builder; SearchStr
ategy: all) did not find any beans (OnBeanCondition)

   WebClientAutoConfiguration#webClientSsl matched:
      - @ConditionalOnBean (types: org.springframework.boot.ssl.SslBundles; SearchStrategy: all) found bean 'sslBundleR
egistry'; @ConditionalOnMissingBean (types: org.springframework.boot.autoconfigure.web.reactive.function.client.WebClie
ntSsl; SearchStrategy: all) did not find any beans (OnBeanCondition)

   WebClientAutoConfiguration.WebClientCodecsConfiguration matched:
      - @ConditionalOnBean (types: org.springframework.boot.web.codec.CodecCustomizer; SearchStrategy: all) found beans
 'jacksonCodecCustomizer', 'defaultCodecCustomizer' (OnBeanCondition)

   WebClientAutoConfiguration.WebClientCodecsConfiguration#exchangeStrategiesCustomizer matched:
      - @ConditionalOnMissingBean (types: org.springframework.boot.autoconfigure.web.reactive.function.client.WebClient
CodecCustomizer; SearchStrategy: all) did not find any beans (OnBeanCondition)

   WebMvcAutoConfiguration matched:
      - @ConditionalOnClass found required classes 'jakarta.servlet.Servlet', 'org.springframework.web.servlet.Dispatch
erServlet', 'org.springframework.web.servlet.config.annotation.WebMvcConfigurer' (OnClassCondition)
      - found 'session' scope (OnWebApplicationCondition)
      - @ConditionalOnMissingBean (types: org.springframework.web.servlet.config.annotation.WebMvcConfigurationSupport;
 SearchStrategy: all) did not find any beans (OnBeanCondition)

   WebMvcAutoConfiguration#formContentFilter matched:
      - @ConditionalOnProperty (spring.mvc.formcontent.filter.enabled) matched (OnPropertyCondition)
      - @ConditionalOnMissingBean (types: org.springframework.web.filter.FormContentFilter; SearchStrategy: all) did no
t find any beans (OnBeanCondition)

   WebMvcAutoConfiguration.EnableWebMvcConfiguration#flashMapManager matched:
      - @ConditionalOnMissingBean (names: flashMapManager; SearchStrategy: all) did not find any beans (OnBeanCondition
)

   WebMvcAutoConfiguration.EnableWebMvcConfiguration#localeResolver matched:
      - @ConditionalOnMissingBean (names: localeResolver; SearchStrategy: all) did not find any beans (OnBeanCondition)

   WebMvcAutoConfiguration.EnableWebMvcConfiguration#themeResolver matched:
      - @ConditionalOnMissingBean (names: themeResolver; SearchStrategy: all) did not find any beans (OnBeanCondition)

   WebMvcAutoConfiguration.WebMvcAutoConfigurationAdapter#defaultViewResolver matched:
      - @ConditionalOnMissingBean (types: org.springframework.web.servlet.view.InternalResourceViewResolver; SearchStra
tegy: all) did not find any beans (OnBeanCondition)

   WebMvcAutoConfiguration.WebMvcAutoConfigurationAdapter#requestContextFilter matched:
      - @ConditionalOnMissingBean (types: org.springframework.web.context.request.RequestContextListener,org.springfram
ework.web.filter.RequestContextFilter; SearchStrategy: all) did not find any beans (OnBeanCondition)

   WebMvcAutoConfiguration.WebMvcAutoConfigurationAdapter#viewResolver matched:
      - @ConditionalOnBean (types: org.springframework.web.servlet.ViewResolver; SearchStrategy: all) found beans 'defa
ultViewResolver', 'beanNameViewResolver', 'mvcViewResolver'; @ConditionalOnMissingBean (names: viewResolver types: org.
springframework.web.servlet.view.ContentNegotiatingViewResolver; SearchStrategy: all) did not find any beans (OnBeanCon
dition)

   WebSocketServletAutoConfiguration matched:
      - @ConditionalOnClass found required classes 'jakarta.servlet.Servlet', 'jakarta.websocket.server.ServerContainer
' (OnClassCondition)
      - found 'session' scope (OnWebApplicationCondition)

   WebSocketServletAutoConfiguration.TomcatWebSocketConfiguration matched:
      - @ConditionalOnClass found required classes 'org.apache.catalina.startup.Tomcat', 'org.apache.tomcat.websocket.s
erver.WsSci' (OnClassCondition)

   WebSocketServletAutoConfiguration.TomcatWebSocketConfiguration#websocketServletWebServerCustomizer matched:
      - @ConditionalOnMissingBean (names: websocketServletWebServerCustomizer; SearchStrategy: all) did not find any be
ans (OnBeanCondition)


Negative matches:
-----------------

   ActiveMQAutoConfiguration:
      Did not match:
         - @ConditionalOnClass did not find required class 'jakarta.jms.ConnectionFactory' (OnClassCondition)

   AopAutoConfiguration.AspectJAutoProxyingConfiguration:
      Did not match:
         - @ConditionalOnClass did not find required class 'org.aspectj.weaver.Advice' (OnClassCondition)

   ArtemisAutoConfiguration:
      Did not match:
         - @ConditionalOnClass did not find required class 'jakarta.jms.ConnectionFactory' (OnClassCondition)

   BatchAutoConfiguration:
      Did not match:
         - @ConditionalOnClass did not find required class 'org.springframework.batch.core.launch.JobLauncher' (OnClass
Condition)

   Cache2kCacheConfiguration:
      Did not match:
         - @ConditionalOnClass did not find required class 'org.cache2k.Cache2kBuilder' (OnClassCondition)

   CacheAutoConfiguration:
      Did not match:
         - @ConditionalOnBean (types: org.springframework.cache.interceptor.CacheAspectSupport; SearchStrategy: all) di
d not find any beans of type org.springframework.cache.interceptor.CacheAspectSupport (OnBeanCondition)
      Matched:
         - @ConditionalOnClass found required class 'org.springframework.cache.CacheManager' (OnClassCondition)

   CacheAutoConfiguration.CacheManagerEntityManagerFactoryDependsOnPostProcessor:
      Did not match:
         - @ConditionalOnClass did not find required class 'org.springframework.orm.jpa.LocalContainerEntityManagerFact
oryBean' (OnClassCondition)
         - Ancestor org.springframework.boot.autoconfigure.cache.CacheAutoConfiguration did not match (ConditionEvaluat
ionReport.AncestorsMatchedCondition)

   CaffeineCacheConfiguration:
      Did not match:
         - @ConditionalOnClass did not find required class 'com.github.benmanes.caffeine.cache.Caffeine' (OnClassCondit
ion)

   CassandraAutoConfiguration:
      Did not match:
         - @ConditionalOnClass did not find required class 'com.datastax.oss.driver.api.core.CqlSession' (OnClassCondit
ion)

   CassandraDataAutoConfiguration:
      Did not match:
         - @ConditionalOnClass did not find required class 'com.datastax.oss.driver.api.core.CqlSession' (OnClassCondit
ion)

   CassandraReactiveDataAutoConfiguration:
      Did not match:
         - @ConditionalOnClass did not find required class 'com.datastax.oss.driver.api.core.CqlSession' (OnClassCondit
ion)

   CassandraReactiveRepositoriesAutoConfiguration:
      Did not match:
         - @ConditionalOnClass did not find required class 'org.springframework.data.cassandra.ReactiveSession' (OnClas
sCondition)

   CassandraRepositoriesAutoConfiguration:
      Did not match:
         - @ConditionalOnClass did not find required class 'com.datastax.oss.driver.api.core.CqlSession' (OnClassCondit
ion)

   ChatClientAutoConfiguration.TracerNotPresentObservationConfiguration#chatClientCompletionObservationHandler:
      Did not match:
         - @ConditionalOnProperty (spring.ai.chat.client.observations.log-completion=true) did not find property 'log-c
ompletion' (OnPropertyCondition)

   ChatClientAutoConfiguration.TracerNotPresentObservationConfiguration#chatClientPromptContentObservationHandler:
      Did not match:
         - @ConditionalOnProperty (spring.ai.chat.client.observations.log-prompt=true) did not find property 'log-promp
t' (OnPropertyCondition)

   ChatClientAutoConfiguration.TracerPresentObservationConfiguration:
      Did not match:
         - @ConditionalOnClass did not find required class 'io.micrometer.tracing.Tracer' (OnClassCondition)

   ChatObservationAutoConfiguration#chatModelMeterObservationHandler:
      Did not match:
         - @ConditionalOnBean (types: io.micrometer.core.instrument.MeterRegistry; SearchStrategy: all) did not find an
y beans of type io.micrometer.core.instrument.MeterRegistry (OnBeanCondition)

   ChatObservationAutoConfiguration.TracerNotPresentObservationConfiguration#chatModelCompletionObservationHandler:
      Did not match:
         - @ConditionalOnProperty (spring.ai.chat.observations.log-completion=true) did not find property 'log-completi
on' (OnPropertyCondition)

   ChatObservationAutoConfiguration.TracerNotPresentObservationConfiguration#chatModelPromptContentObservationHandler:
      Did not match:
         - @ConditionalOnProperty (spring.ai.chat.observations.log-prompt=true) did not find property 'log-prompt' (OnP
ropertyCondition)

   ChatObservationAutoConfiguration.TracerPresentObservationConfiguration:
      Did not match:
         - @ConditionalOnClass did not find required class 'io.micrometer.tracing.Tracer' (OnClassCondition)

   ClientHttpConnectorFactoryConfiguration.HttpClient5:
      Did not match:
         - @ConditionalOnClass did not find required classes 'org.apache.hc.client5.http.impl.async.HttpAsyncClients', 
'org.apache.hc.core5.http.nio.AsyncRequestProducer', 'org.apache.hc.core5.reactive.ReactiveResponseConsumer' (OnClassCo
ndition)

   ClientHttpConnectorFactoryConfiguration.ReactorNetty:
      Did not match:
         - @ConditionalOnClass did not find required class 'reactor.netty.http.client.HttpClient' (OnClassCondition)

   CouchbaseAutoConfiguration:
      Did not match:
         - @ConditionalOnClass did not find required class 'com.couchbase.client.java.Cluster' (OnClassCondition)

   CouchbaseCacheConfiguration:
      Did not match:
         - @ConditionalOnClass did not find required class 'com.couchbase.client.java.Cluster' (OnClassCondition)

   CouchbaseDataAutoConfiguration:
      Did not match:
         - @ConditionalOnClass did not find required class 'com.couchbase.client.java.Bucket' (OnClassCondition)

   CouchbaseReactiveDataAutoConfiguration:
      Did not match:
         - @ConditionalOnClass did not find required class 'com.couchbase.client.java.Cluster' (OnClassCondition)

   CouchbaseReactiveRepositoriesAutoConfiguration:
      Did not match:
         - @ConditionalOnClass did not find required class 'com.couchbase.client.java.Cluster' (OnClassCondition)

   CouchbaseRepositoriesAutoConfiguration:
      Did not match:
         - @ConditionalOnClass did not find required class 'com.couchbase.client.java.Bucket' (OnClassCondition)

   DataSourceAutoConfiguration.EmbeddedDatabaseConfiguration:
      Did not match:
         - EmbeddedDataSource spring.datasource.url is set (DataSourceAutoConfiguration.EmbeddedDatabaseCondition)

   DataSourceCheckpointRestoreConfiguration:
      Did not match:
         - @ConditionalOnClass did not find required class 'org.crac.Resource' (OnClassCondition)

   DataSourceConfiguration.Dbcp2:
      Did not match:
         - @ConditionalOnClass did not find required class 'org.apache.commons.dbcp2.BasicDataSource' (OnClassCondition
)

   DataSourceConfiguration.Generic:
      Did not match:
         - @ConditionalOnProperty (spring.datasource.type) did not find property 'spring.datasource.type' (OnPropertyCo
ndition)

   DataSourceConfiguration.OracleUcp:
      Did not match:
         - @ConditionalOnClass did not find required classes 'oracle.ucp.jdbc.PoolDataSourceImpl', 'oracle.jdbc.OracleC
onnection' (OnClassCondition)

   DataSourceConfiguration.Tomcat:
      Did not match:
         - @ConditionalOnClass did not find required class 'org.apache.tomcat.jdbc.pool.DataSource' (OnClassCondition)

   DataSourceJmxConfiguration:
      Did not match:
         - @ConditionalOnProperty (spring.jmx.enabled=true) found different value in property 'enabled' (OnPropertyCond
ition)

   DataSourcePoolMetadataProvidersConfiguration.CommonsDbcp2PoolDataSourceMetadataProviderConfiguration:
      Did not match:
         - @ConditionalOnClass did not find required class 'org.apache.commons.dbcp2.BasicDataSource' (OnClassCondition
)

   DataSourcePoolMetadataProvidersConfiguration.OracleUcpPoolDataSourceMetadataProviderConfiguration:
      Did not match:
         - @ConditionalOnClass did not find required classes 'oracle.ucp.jdbc.PoolDataSource', 'oracle.jdbc.OracleConne
ction' (OnClassCondition)

   DataSourcePoolMetadataProvidersConfiguration.TomcatDataSourcePoolMetadataProviderConfiguration:
      Did not match:
         - @ConditionalOnClass did not find required class 'org.apache.tomcat.jdbc.pool.DataSource' (OnClassCondition)

   DdlAutoConfiguration#ddlApplicationRunner:
      Did not match:
         - @ConditionalOnBean (types: com.baomidou.mybatisplus.extension.ddl.IDdl; SearchStrategy: all) did not find an
y beans of type com.baomidou.mybatisplus.extension.ddl.IDdl (OnBeanCondition)

   DispatcherServletAutoConfiguration.DispatcherServletConfiguration#multipartResolver:
      Did not match:
         - @ConditionalOnBean (types: org.springframework.web.multipart.MultipartResolver; SearchStrategy: all) did not
 find any beans of type org.springframework.web.multipart.MultipartResolver (OnBeanCondition)

   ElasticsearchClientAutoConfiguration:
      Did not match:
         - @ConditionalOnClass did not find required class 'co.elastic.clients.elasticsearch.ElasticsearchClient' (OnCl
assCondition)

   ElasticsearchDataAutoConfiguration:
      Did not match:
         - @ConditionalOnClass did not find required class 'org.springframework.data.elasticsearch.client.elc.Elasticse
archTemplate' (OnClassCondition)

   ElasticsearchRepositoriesAutoConfiguration:
      Did not match:
         - @ConditionalOnClass did not find required class 'org.springframework.data.elasticsearch.repository.Elasticse
archRepository' (OnClassCondition)

   ElasticsearchRestClientAutoConfiguration:
      Did not match:
         - @ConditionalOnClass did not find required class 'org.elasticsearch.client.RestClientBuilder' (OnClassConditi
on)

   EmbeddedLdapAutoConfiguration:
      Did not match:
         - @ConditionalOnClass did not find required class 'com.unboundid.ldap.listener.InMemoryDirectoryServer' (OnCla
ssCondition)

   EmbeddedWebServerFactoryCustomizerAutoConfiguration:
      Did not match:
         - Application is deployed as a WAR file. (OnWarDeploymentCondition)
      Matched:
         - @ConditionalOnWebApplication (required) found 'session' scope (OnWebApplicationCondition)

   EmbeddingObservationAutoConfiguration#embeddingModelMeterObservationHandler:
      Did not match:
         - @ConditionalOnBean (types: io.micrometer.core.instrument.MeterRegistry; SearchStrategy: all) did not find an
y beans of type io.micrometer.core.instrument.MeterRegistry (OnBeanCondition)

   ErrorWebFluxAutoConfiguration:
      Did not match:
         - not a reactive web application (OnWebApplicationCondition)
      Matched:
         - @ConditionalOnClass found required class 'org.springframework.web.reactive.config.WebFluxConfigurer' (OnClas
sCondition)

   FlywayAutoConfiguration:
      Did not match:
         - @ConditionalOnClass did not find required class 'org.flywaydb.core.Flyway' (OnClassCondition)

   FreeMarkerAutoConfiguration:
      Did not match:
         - @ConditionalOnClass did not find required class 'freemarker.template.Configuration' (OnClassCondition)

   GraphQlAutoConfiguration:
      Did not match:
         - @ConditionalOnClass did not find required class 'graphql.GraphQL' (OnClassCondition)

   GraphQlQueryByExampleAutoConfiguration:
      Did not match:
         - @ConditionalOnClass did not find required class 'graphql.GraphQL' (OnClassCondition)

   GraphQlQuerydslAutoConfiguration:
      Did not match:
         - @ConditionalOnClass did not find required class 'com.querydsl.core.Query' (OnClassCondition)

   GraphQlRSocketAutoConfiguration:
      Did not match:
         - @ConditionalOnClass did not find required class 'graphql.GraphQL' (OnClassCondition)

   GraphQlReactiveQueryByExampleAutoConfiguration:
      Did not match:
         - @ConditionalOnClass did not find required class 'graphql.GraphQL' (OnClassCondition)

   GraphQlReactiveQuerydslAutoConfiguration:
      Did not match:
         - @ConditionalOnClass did not find required class 'com.querydsl.core.Query' (OnClassCondition)

   GraphQlWebFluxAutoConfiguration:
      Did not match:
         - @ConditionalOnClass did not find required class 'graphql.GraphQL' (OnClassCondition)

   GraphQlWebFluxSecurityAutoConfiguration:
      Did not match:
         - @ConditionalOnClass did not find required class 'graphql.GraphQL' (OnClassCondition)

   GraphQlWebMvcAutoConfiguration:
      Did not match:
         - @ConditionalOnClass did not find required class 'graphql.GraphQL' (OnClassCondition)

   GraphQlWebMvcSecurityAutoConfiguration:
      Did not match:
         - @ConditionalOnClass did not find required class 'graphql.GraphQL' (OnClassCondition)

   GroovyTemplateAutoConfiguration:
      Did not match:
         - @ConditionalOnClass did not find required class 'groovy.text.markup.MarkupTemplateEngine' (OnClassCondition)

   GsonAutoConfiguration:
      Did not match:
         - @ConditionalOnClass did not find required class 'com.google.gson.Gson' (OnClassCondition)

   GsonHttpMessageConvertersConfiguration:
      Did not match:
         - @ConditionalOnClass did not find required class 'com.google.gson.Gson' (OnClassCondition)

   HazelcastAutoConfiguration:
      Did not match:
         - @ConditionalOnClass did not find required class 'com.hazelcast.core.HazelcastInstance' (OnClassCondition)

   HazelcastCacheConfiguration:
      Did not match:
         - @ConditionalOnClass did not find required class 'com.hazelcast.core.HazelcastInstance' (OnClassCondition)

   HazelcastJpaDependencyAutoConfiguration:
      Did not match:
         - @ConditionalOnClass did not find required class 'com.hazelcast.core.HazelcastInstance' (OnClassCondition)

   HibernateJpaAutoConfiguration:
      Did not match:
         - @ConditionalOnClass did not find required class 'jakarta.persistence.EntityManager' (OnClassCondition)

   HttpHandlerAutoConfiguration:
      Did not match:
         - not a reactive web application (OnWebApplicationCondition)
      Matched:
         - @ConditionalOnClass found required classes 'org.springframework.web.reactive.DispatcherHandler', 'org.spring
framework.http.server.reactive.HttpHandler' (OnClassCondition)

   HypermediaAutoConfiguration:
      Did not match:
         - @ConditionalOnClass did not find required class 'org.springframework.hateoas.EntityModel' (OnClassCondition)

   IdentifierGeneratorAutoConfiguration:
      Did not match:
         - @ConditionalOnClass did not find required class 'org.springframework.cloud.commons.util.InetUtils' (OnClassC
ondition)

   ImageObservationAutoConfiguration.TracerNotPresentObservationConfiguration#imageModelPromptContentObservationHandler
:
      Did not match:
         - @ConditionalOnProperty (spring.ai.image.observations.log-prompt=true) did not find property 'log-prompt' (On
PropertyCondition)

   ImageObservationAutoConfiguration.TracerPresentObservationConfiguration:
      Did not match:
         - @ConditionalOnClass did not find required class 'io.micrometer.tracing.Tracer' (OnClassCondition)

   InfinispanCacheConfiguration:
      Did not match:
         - @ConditionalOnClass did not find required class 'org.infinispan.spring.embedded.provider.SpringEmbeddedCache
Manager' (OnClassCondition)

   InfluxDbAutoConfiguration:
      Did not match:
         - @ConditionalOnClass did not find required class 'org.influxdb.InfluxDB' (OnClassCondition)

   IntegrationAutoConfiguration:
      Did not match:
         - @ConditionalOnClass did not find required class 'org.springframework.integration.config.EnableIntegration' (
OnClassCondition)

   JCacheCacheConfiguration:
      Did not match:
         - @ConditionalOnClass did not find required class 'javax.cache.Caching' (OnClassCondition)

   JacksonHttpMessageConvertersConfiguration.MappingJackson2XmlHttpMessageConverterConfiguration:
      Did not match:
         - @ConditionalOnClass did not find required class 'com.fasterxml.jackson.dataformat.xml.XmlMapper' (OnClassCon
dition)

   JdbcRepositoriesAutoConfiguration:
      Did not match:
         - @ConditionalOnClass did not find required class 'org.springframework.data.jdbc.repository.config.AbstractJdb
cConfiguration' (OnClassCondition)

   JerseyAutoConfiguration:
      Did not match:
         - @ConditionalOnClass did not find required class 'org.glassfish.jersey.server.spring.SpringComponentProvider'
 (OnClassCondition)

   JmsAutoConfiguration:
      Did not match:
         - @ConditionalOnClass did not find required class 'jakarta.jms.Message' (OnClassCondition)

   JmxAutoConfiguration:
      Did not match:
         - @ConditionalOnProperty (spring.jmx.enabled=true) found different value in property 'enabled' (OnPropertyCond
ition)
      Matched:
         - @ConditionalOnClass found required class 'org.springframework.jmx.export.MBeanExporter' (OnClassCondition)

   JndiConnectionFactoryAutoConfiguration:
      Did not match:
         - @ConditionalOnClass did not find required class 'org.springframework.jms.core.JmsTemplate' (OnClassCondition
)

   JndiDataSourceAutoConfiguration:
      Did not match:
         - @ConditionalOnProperty (spring.datasource.jndi-name) did not find property 'jndi-name' (OnPropertyCondition)
      Matched:
         - @ConditionalOnClass found required classes 'javax.sql.DataSource', 'org.springframework.jdbc.datasource.embe
dded.EmbeddedDatabaseType' (OnClassCondition)

   JooqAutoConfiguration:
      Did not match:
         - @ConditionalOnClass did not find required class 'org.jooq.DSLContext' (OnClassCondition)

   JpaRepositoriesAutoConfiguration:
      Did not match:
         - @ConditionalOnClass did not find required class 'org.springframework.data.jpa.repository.JpaRepository' (OnC
lassCondition)

   JsonbAutoConfiguration:
      Did not match:
         - @ConditionalOnClass did not find required class 'jakarta.json.bind.Jsonb' (OnClassCondition)

   JsonbHttpMessageConvertersConfiguration:
      Did not match:
         - @ConditionalOnClass did not find required class 'jakarta.json.bind.Jsonb' (OnClassCondition)

   JtaAutoConfiguration:
      Did not match:
         - @ConditionalOnClass did not find required class 'jakarta.transaction.Transaction' (OnClassCondition)

   KafkaAutoConfiguration:
      Did not match:
         - @ConditionalOnClass did not find required class 'org.springframework.kafka.core.KafkaTemplate' (OnClassCondi
tion)

   LdapAutoConfiguration:
      Did not match:
         - @ConditionalOnClass did not find required class 'org.springframework.ldap.core.ContextSource' (OnClassCondit
ion)

   LdapRepositoriesAutoConfiguration:
      Did not match:
         - @ConditionalOnClass did not find required class 'org.springframework.data.ldap.repository.LdapRepository' (O
nClassCondition)

   LiquibaseAutoConfiguration:
      Did not match:
         - @ConditionalOnClass did not find required class 'liquibase.change.DatabaseChange' (OnClassCondition)

   MailSenderAutoConfiguration:
      Did not match:
         - @ConditionalOnClass did not find required class 'jakarta.mail.internet.MimeMessage' (OnClassCondition)

   MailSenderValidatorAutoConfiguration:
      Did not match:
         - @ConditionalOnProperty (spring.mail.test-connection) did not find property 'test-connection' (OnPropertyCond
ition)

   MessageSourceAutoConfiguration:
      Did not match:
         - ResourceBundle did not find bundle with basename messages (MessageSourceAutoConfiguration.ResourceBundleCond
ition)

   MongoAutoConfiguration:
      Did not match:
         - @ConditionalOnClass did not find required class 'com.mongodb.client.MongoClient' (OnClassCondition)

   MongoDataAutoConfiguration:
      Did not match:
         - @ConditionalOnClass did not find required class 'com.mongodb.client.MongoClient' (OnClassCondition)

   MongoReactiveAutoConfiguration:
      Did not match:
         - @ConditionalOnClass did not find required class 'com.mongodb.reactivestreams.client.MongoClient' (OnClassCon
dition)

   MongoReactiveDataAutoConfiguration:
      Did not match:
         - @ConditionalOnClass did not find required class 'com.mongodb.reactivestreams.client.MongoClient' (OnClassCon
dition)

   MongoReactiveRepositoriesAutoConfiguration:
      Did not match:
         - @ConditionalOnClass did not find required class 'com.mongodb.reactivestreams.client.MongoClient' (OnClassCon
dition)

   MongoRepositoriesAutoConfiguration:
      Did not match:
         - @ConditionalOnClass did not find required class 'com.mongodb.client.MongoClient' (OnClassCondition)

   MustacheAutoConfiguration:
      Did not match:
         - @ConditionalOnClass did not find required class 'com.samskivert.mustache.Mustache' (OnClassCondition)

   MybatisPlusAutoConfiguration.MapperScannerRegistrarNotFoundConfiguration:
      Did not match:
         - @ConditionalOnMissingBean (types: org.mybatis.spring.mapper.MapperFactoryBean,org.mybatis.spring.mapper.Mapp
erScannerConfigurer; SearchStrategy: all) found beans of type 'org.mybatis.spring.mapper.MapperScannerConfigurer' com.t
lq.rectagent.RectAgentApplication#MapperScannerRegistrar#0 (OnBeanCondition)

   MybatisPlusInnerInterceptorAutoConfiguration:
      Did not match:
         - @ConditionalOnBean (types: com.baomidou.mybatisplus.extension.plugins.inner.InnerInterceptor; SearchStrategy
: all) did not find any beans of type com.baomidou.mybatisplus.extension.plugins.inner.InnerInterceptor (OnBeanConditio
n)

   MybatisPlusLanguageDriverAutoConfiguration.FreeMarkerConfiguration:
      Did not match:
         - @ConditionalOnClass did not find required classes 'org.mybatis.scripting.freemarker.FreeMarkerLanguageDriver
', 'org.mybatis.scripting.freemarker.FreeMarkerLanguageDriverConfig' (OnClassCondition)

   MybatisPlusLanguageDriverAutoConfiguration.LegacyFreeMarkerConfiguration:
      Did not match:
         - @ConditionalOnClass did not find required class 'org.mybatis.scripting.freemarker.FreeMarkerLanguageDriver' 
(OnClassCondition)

   MybatisPlusLanguageDriverAutoConfiguration.LegacyVelocityConfiguration:
      Did not match:
         - @ConditionalOnClass did not find required class 'org.mybatis.scripting.velocity.Driver' (OnClassCondition)

   MybatisPlusLanguageDriverAutoConfiguration.ThymeleafConfiguration:
      Did not match:
         - @ConditionalOnClass did not find required class 'org.mybatis.scripting.thymeleaf.ThymeleafLanguageDriver' (O
nClassCondition)

   MybatisPlusLanguageDriverAutoConfiguration.VelocityConfiguration:
      Did not match:
         - @ConditionalOnClass did not find required classes 'org.mybatis.scripting.velocity.VelocityLanguageDriver', '
org.mybatis.scripting.velocity.VelocityLanguageDriverConfig' (OnClassCondition)

   Neo4jAutoConfiguration:
      Did not match:
         - @ConditionalOnClass did not find required class 'org.neo4j.driver.Driver' (OnClassCondition)

   Neo4jDataAutoConfiguration:
      Did not match:
         - @ConditionalOnClass did not find required class 'org.neo4j.driver.Driver' (OnClassCondition)

   Neo4jReactiveDataAutoConfiguration:
      Did not match:
         - @ConditionalOnClass did not find required class 'org.neo4j.driver.Driver' (OnClassCondition)

   Neo4jReactiveRepositoriesAutoConfiguration:
      Did not match:
         - @ConditionalOnClass did not find required class 'org.neo4j.driver.Driver' (OnClassCondition)

   Neo4jRepositoriesAutoConfiguration:
      Did not match:
         - @ConditionalOnClass did not find required class 'org.neo4j.driver.Driver' (OnClassCondition)

   NettyAutoConfiguration:
      Did not match:
         - @ConditionalOnClass did not find required class 'io.netty.util.NettyRuntime' (OnClassCondition)

   OAuth2AuthorizationServerAutoConfiguration:
      Did not match:
         - @ConditionalOnClass did not find required class 'org.springframework.security.oauth2.server.authorization.OA
uth2Authorization' (OnClassCondition)

   OAuth2AuthorizationServerJwtAutoConfiguration:
      Did not match:
         - @ConditionalOnClass did not find required class 'org.springframework.security.oauth2.server.authorization.OA
uth2Authorization' (OnClassCondition)

   OAuth2ClientAutoConfiguration:
      Did not match:
         - @ConditionalOnClass did not find required class 'org.springframework.security.config.annotation.web.configur
ation.EnableWebSecurity' (OnClassCondition)

   OAuth2ResourceServerAutoConfiguration:
      Did not match:
         - @ConditionalOnClass did not find required class 'org.springframework.security.oauth2.server.resource.authent
ication.BearerTokenAuthenticationToken' (OnClassCondition)

   ProjectInfoAutoConfiguration#buildProperties:
      Did not match:
         - @ConditionalOnResource did not find resource '${spring.info.build.location:classpath:META-INF/build-info.pro
perties}' (OnResourceCondition)

   ProjectInfoAutoConfiguration#gitProperties:
      Did not match:
         - GitResource did not find git info at classpath:git.properties (ProjectInfoAutoConfiguration.GitResourceAvail
ableCondition)

   PulsarAutoConfiguration:
      Did not match:
         - @ConditionalOnClass did not find required class 'org.apache.pulsar.client.api.PulsarClient' (OnClassConditio
n)

   PulsarReactiveAutoConfiguration:
      Did not match:
         - @ConditionalOnClass did not find required class 'org.apache.pulsar.client.api.PulsarClient' (OnClassConditio
n)

   QuartzAutoConfiguration:
      Did not match:
         - @ConditionalOnClass did not find required class 'org.quartz.Scheduler' (OnClassCondition)

   R2dbcAutoConfiguration:
      Did not match:
         - @ConditionalOnClass did not find required class 'io.r2dbc.spi.ConnectionFactory' (OnClassCondition)

   R2dbcDataAutoConfiguration:
      Did not match:
         - @ConditionalOnClass did not find required class 'org.springframework.data.r2dbc.core.R2dbcEntityTemplate' (O
nClassCondition)

   R2dbcInitializationConfiguration:
      Did not match:
         - @ConditionalOnClass did not find required classes 'io.r2dbc.spi.ConnectionFactory', 'org.springframework.r2d
bc.connection.init.DatabasePopulator' (OnClassCondition)

   R2dbcRepositoriesAutoConfiguration:
      Did not match:
         - @ConditionalOnClass did not find required class 'io.r2dbc.spi.ConnectionFactory' (OnClassCondition)

   R2dbcTransactionManagerAutoConfiguration:
      Did not match:
         - @ConditionalOnClass did not find required class 'org.springframework.r2dbc.connection.R2dbcTransactionManage
r' (OnClassCondition)

   RSocketGraphQlClientAutoConfiguration:
      Did not match:
         - @ConditionalOnClass did not find required class 'graphql.GraphQL' (OnClassCondition)

   RSocketMessagingAutoConfiguration:
      Did not match:
         - @ConditionalOnClass did not find required class 'io.rsocket.RSocket' (OnClassCondition)

   RSocketRequesterAutoConfiguration:
      Did not match:
         - @ConditionalOnClass did not find required class 'io.rsocket.RSocket' (OnClassCondition)

   RSocketSecurityAutoConfiguration:
      Did not match:
         - @ConditionalOnClass did not find required class 'org.springframework.security.rsocket.core.SecuritySocketAcc
eptorInterceptor' (OnClassCondition)

   RSocketServerAutoConfiguration:
      Did not match:
         - @ConditionalOnClass did not find required class 'io.rsocket.core.RSocketServer' (OnClassCondition)

   RSocketStrategiesAutoConfiguration:
      Did not match:
         - @ConditionalOnClass did not find required class 'io.netty.buffer.PooledByteBufAllocator' (OnClassCondition)

   RabbitAutoConfiguration:
      Did not match:
         - @ConditionalOnClass did not find required class 'com.rabbitmq.client.Channel' (OnClassCondition)

   ReactiveElasticsearchClientAutoConfiguration:
      Did not match:
         - @ConditionalOnClass did not find required class 'co.elastic.clients.transport.ElasticsearchTransport' (OnCla
ssCondition)

   ReactiveElasticsearchRepositoriesAutoConfiguration:
      Did not match:
         - @ConditionalOnClass did not find required class 'org.springframework.data.elasticsearch.client.elc.ReactiveE
lasticsearchClient' (OnClassCondition)

   ReactiveMultipartAutoConfiguration:
      Did not match:
         - not a reactive web application (OnWebApplicationCondition)
      Matched:
         - @ConditionalOnClass found required classes 'org.springframework.http.codec.multipart.DefaultPartHttpMessageR
eader', 'org.springframework.web.reactive.config.WebFluxConfigurer' (OnClassCondition)

   ReactiveOAuth2ClientAutoConfiguration:
      Did not match:
         - @ConditionalOnClass did not find required class 'org.springframework.security.config.annotation.web.reactive
.EnableWebFluxSecurity' (OnClassCondition)

   ReactiveOAuth2ResourceServerAutoConfiguration:
      Did not match:
         - @ConditionalOnClass did not find required class 'org.springframework.security.config.annotation.web.reactive
.EnableWebFluxSecurity' (OnClassCondition)

   ReactiveSecurityAutoConfiguration:
      Did not match:
         - @ConditionalOnClass did not find required class 'org.springframework.security.config.annotation.web.reactive
.EnableWebFluxSecurity' (OnClassCondition)

   ReactiveUserDetailsServiceAutoConfiguration:
      Did not match:
         - @ConditionalOnClass did not find required class 'org.springframework.security.authentication.ReactiveAuthent
icationManager' (OnClassCondition)

   ReactiveWebServerFactoryAutoConfiguration:
      Did not match:
         - not a reactive web application (OnWebApplicationCondition)
      Matched:
         - @ConditionalOnClass found required class 'org.springframework.http.ReactiveHttpInputMessage' (OnClassConditi
on)

   RedisAutoConfiguration:
      Did not match:
         - @ConditionalOnClass did not find required class 'org.springframework.data.redis.core.RedisOperations' (OnCla
ssCondition)

   RedisCacheConfiguration:
      Did not match:
         - @ConditionalOnClass did not find required class 'org.springframework.data.redis.connection.RedisConnectionFa
ctory' (OnClassCondition)

   RedisReactiveAutoConfiguration:
      Did not match:
         - @ConditionalOnClass did not find required class 'org.springframework.data.redis.connection.ReactiveRedisConn
ectionFactory' (OnClassCondition)

   RedisRepositoriesAutoConfiguration:
      Did not match:
         - @ConditionalOnClass did not find required class 'org.springframework.data.redis.repository.configuration.Ena
bleRedisRepositories' (OnClassCondition)

   RepositoryRestMvcAutoConfiguration:
      Did not match:
         - @ConditionalOnClass did not find required class 'org.springframework.data.rest.webmvc.config.RepositoryRestM
vcConfiguration' (OnClassCondition)

   Saml2RelyingPartyAutoConfiguration:
      Did not match:
         - @ConditionalOnClass did not find required class 'org.springframework.security.saml2.provider.service.registr
ation.RelyingPartyRegistrationRepository' (OnClassCondition)

   SecurityAutoConfiguration:
      Did not match:
         - @ConditionalOnClass did not find required class 'org.springframework.security.authentication.DefaultAuthenti
cationEventPublisher' (OnClassCondition)

   SecurityFilterAutoConfiguration:
      Did not match:
         - @ConditionalOnClass did not find required class 'org.springframework.security.config.http.SessionCreationPol
icy' (OnClassCondition)

   SendGridAutoConfiguration:
      Did not match:
         - @ConditionalOnClass did not find required class 'com.sendgrid.SendGrid' (OnClassCondition)

   ServletWebServerFactoryAutoConfiguration.ForwardedHeaderFilterConfiguration:
      Did not match:
         - @ConditionalOnProperty (server.forward-headers-strategy=framework) did not find property 'server.forward-hea
ders-strategy' (OnPropertyCondition)

   ServletWebServerFactoryConfiguration.EmbeddedJetty:
      Did not match:
         - @ConditionalOnClass did not find required classes 'org.eclipse.jetty.server.Server', 'org.eclipse.jetty.util
.Loader', 'org.eclipse.jetty.ee10.webapp.WebAppContext' (OnClassCondition)

   ServletWebServerFactoryConfiguration.EmbeddedUndertow:
      Did not match:
         - @ConditionalOnClass did not find required classes 'io.undertow.Undertow', 'org.xnio.SslClientAuthMode' (OnCl
assCondition)

   SessionAutoConfiguration:
      Did not match:
         - @ConditionalOnClass did not find required class 'org.springframework.session.Session' (OnClassCondition)

   SpringApplicationAdminJmxAutoConfiguration:
      Did not match:
         - @ConditionalOnProperty (spring.application.admin.enabled=true) did not find property 'enabled' (OnPropertyCo
ndition)

   SpringDataWebAutoConfiguration:
      Did not match:
         - @ConditionalOnClass did not find required class 'org.springframework.data.web.PageableHandlerMethodArgumentR
esolver' (OnClassCondition)

   TaskExecutorConfigurations.SimpleAsyncTaskExecutorBuilderConfiguration#simpleAsyncTaskExecutorBuilderVirtualThreads:
      Did not match:
         - @ConditionalOnMissingBean (types: org.springframework.boot.task.SimpleAsyncTaskExecutorBuilder; SearchStrate
gy: all) found beans of type 'org.springframework.boot.task.SimpleAsyncTaskExecutorBuilder' simpleAsyncTaskExecutorBuil
der (OnBeanCondition)

   TaskExecutorConfigurations.TaskExecutorConfiguration#applicationTaskExecutorVirtualThreads:
      Did not match:
         - @ConditionalOnThreading did not find VIRTUAL (OnThreadingCondition)

   TaskSchedulingAutoConfiguration#scheduledBeanLazyInitializationExcludeFilter:
      Did not match:
         - @ConditionalOnBean (names: org.springframework.context.annotation.internalScheduledAnnotationProcessor; Sear
chStrategy: all) did not find any beans named org.springframework.context.annotation.internalScheduledAnnotationProcess
or (OnBeanCondition)

   TaskSchedulingConfigurations.SimpleAsyncTaskSchedulerBuilderConfiguration#simpleAsyncTaskSchedulerBuilderVirtualThre
ads:
      Did not match:
         - @ConditionalOnMissingBean (types: org.springframework.boot.task.SimpleAsyncTaskSchedulerBuilder; SearchStrat
egy: all) found beans of type 'org.springframework.boot.task.SimpleAsyncTaskSchedulerBuilder' simpleAsyncTaskSchedulerB
uilder (OnBeanCondition)

   TaskSchedulingConfigurations.TaskSchedulerConfiguration:
      Did not match:
         - @ConditionalOnBean (names: org.springframework.context.annotation.internalScheduledAnnotationProcessor; Sear
chStrategy: all) did not find any beans named org.springframework.context.annotation.internalScheduledAnnotationProcess
or (OnBeanCondition)

   ThymeleafAutoConfiguration:
2026-03-26 22:02:57.869 [main] [] INFO  o.s.b.a.l.ConditionEvaluationReportLogger - 

      Did not match:
         - @ConditionalOnClass did not find required class 'org.thymeleaf.spring6.SpringTemplateEngine' (OnClassConditi
on)

   ToolCallingAutoConfiguration#toolCallingContentObservationFilter:
      Did not match:
         - @ConditionalOnProperty (spring.ai.tools.observations.include-content=true) did not find property 'include-co
ntent' (OnPropertyCondition)

   TransactionAutoConfiguration#transactionalOperator:
      Did not match:
         - @ConditionalOnSingleCandidate (types: org.springframework.transaction.ReactiveTransactionManager; SearchStra
tegy: all) did not find any beans (OnBeanCondition)

   TransactionAutoConfiguration.AspectJTransactionManagementConfiguration:
Error starting ApplicationContext. To display the condition evaluation report re-run your application with 'debug' enabled.
2026-03-26 22:02:57.873 [main] [] ERROR o.s.b.d.LoggingFailureAnalysisReporter - 

***************************
APPLICATION FAILED TO START
***************************

Description:

The dependencies of some of the beans in the application context form a cycle:

      Did not match:
         - @ConditionalOnBean did not find required type 'org.springframework.transaction.aspectj.AbstractTransactionAs
pect' (OnBeanCondition)
         - @ConditionalOnBean (types: org.springframework.transaction.aspectj.AbstractTransactionAspect; SearchStrategy
: all) did not find any beans of type org.springframework.transaction.aspectj.AbstractTransactionAspect (OnBeanConditio
n)

   TransactionAutoConfiguration.EnableTransactionManagementConfiguration.JdkDynamicAutoProxyConfiguration:
      Did not match:
         - @ConditionalOnProperty (spring.aop.proxy-target-class=false) did not find property 'proxy-target-class' (OnP
ropertyCondition)

   coordinatorAgent (field private com.tlq.rectagent.agent.IntentRecognitionAgent com.tlq.rectagent.agent.CoordinatorAgent.intentRecognitionAgent)
      ↓
   intentRecognitionAgent (field private com.tlq.rectagent.model.router.AgentModelRouter com.tlq.rectagent.agent.IntentRecognitionAgent.agentModelRouter)
┌─────┐
|  com.tlq.rectagent.config.ModelAutoConfiguration (field private com.tlq.rectagent.model.pool.ChatModelPool com.tlq.rectagent.config.ModelAutoConfiguration.chatModelPool)
└─────┘


   UserDetailsServiceAutoConfiguration:
      Did not match:
         - @ConditionalOnClass did not find required class 'org.springframework.security.authentication.AuthenticationM
anager' (OnClassCondition)

   ValidationAutoConfiguration:
      Did not match:
         - @ConditionalOnClass did not find required class 'jakarta.validation.executable.ExecutableValidator' (OnClass
Condition)

   WebFluxAutoConfiguration:
      Did not match:
Action:

Relying upon circular references is discouraged and they are prohibited by default. Update your application to remove the dependency cycle between beans. As a last resort, it may be possible to break the cycle automatically by setting spring.main.allow-circular-references to true.

2026-03-26 22:02:57.873 [main] [] WARN  o.s.test.context.TestContextManager - Caught exception while allowing TestExecutionListener [org.springframework.test.context.web.ServletTestExecutionListener] to prepare test instance [com.tlq.rectagent.context.ContextDesignImprovementsTest@226e95e9]
java.lang.IllegalStateException: Failed to load ApplicationContext for [WebMergedContextConfiguration@8dedec8 testClass = com.tlq.rectagent.context.ContextDesignImprovementsTest, locations = [], classes = [com.tlq.rectagent.RectAgentApplication], contextInitializerClasses = [], activeProfiles = [], propertySourceDescriptors = [], propertySourceProperties = ["org.springframework.boot.test.context.SpringBootTestContextBootstrapper=true"], contextCustomizers = [org.springframework.boot.test.context.filter.ExcludeFilterContextCustomizer@55493582, org.springframework.boot.test.json.DuplicateJsonObjectContextCustomizerFactory$DuplicateJsonObjectContextCustomizer@34158c08, org.springframework.boot.test.mock.mockito.MockitoContextCustomizer@0, org.springframework.boot.test.web.client.TestRestTemplateContextCustomizer@31dadd46, org.springframework.boot.test.web.reactive.server.WebTestClientContextCustomizer@10cf09e8, org.springframework.boot.test.web.reactor.netty.DisableReactorResourceFactoryGlobalResourcesContextCustomizerFactory$DisableReactorResourceFactoryGlobalResourcesContextCustomizerCustomizer@63787180, org.springframework.boot.test.autoconfigure.OnFailureConditionReportContextCustomizerFactory$OnFailureConditionReportContextCustomizer@2e1ef60, org.springframework.boot.test.autoconfigure.actuate.observability.ObservabilityContextCustomizerFactory$DisableObservabilityContextCustomizer@1f, org.springframework.boot.test.autoconfigure.properties.PropertyMappingContextCustomizer@0, org.springframework.boot.test.autoconfigure.web.servlet.WebDriverContextCustomizer@dbd8e44, org.springframework.boot.test.context.SpringBootTestAnnotation@9f6e4d8], resourceBasePath = "src/main/webapp", contextLoader = org.springframework.boot.test.context.SpringBootContextLoader, parent = null]
	at org.springframework.test.context.cache.DefaultCacheAwareContextLoaderDelegate.loadContext(DefaultCacheAwareContextLoaderDelegate.java:180)
         - not a reactive web application (OnWebApplicationCondition)
      Matched:
         - @ConditionalOnClass found required class 'org.springframework.web.reactive.config.WebFluxConfigurer' (OnClas
sCondition)

   WebMvcAutoConfiguration#hiddenHttpMethodFilter:
      Did not match:
         - @ConditionalOnProperty (spring.mvc.hiddenmethod.filter.enabled) did not find property 'enabled' (OnPropertyC
ondition)

   WebMvcAutoConfiguration.ProblemDetailsErrorHandlingConfiguration:
      Did not match:
         - @ConditionalOnProperty (spring.mvc.problemdetails.enabled=true) did not find property 'enabled' (OnPropertyC
ondition)

	at org.springframework.test.context.support.DefaultTestContext.getApplicationContext(DefaultTestContext.java:130)
	at org.springframework.test.context.web.ServletTestExecutionListener.setUpRequestContextIfNecessary(ServletTestExecutionListener.java:191)
	at org.springframework.test.context.web.ServletTestExecutionListener.prepareTestInstance(ServletTestExecutionListener.java:130)
	at org.springframework.test.context.TestContextManager.prepareTestInstance(TestContextManager.java:260)
	at org.springframework.test.context.junit.jupiter.SpringExtension.postProcessTestInstance(SpringExtension.java:163)
   WebMvcAutoConfiguration.ResourceChainCustomizerConfiguration:
      Did not match:
         - @ConditionalOnEnabledResourceChain did not find class org.webjars.WebJarAssetLocator (OnEnabledResourceChain
Condition)

   WebMvcAutoConfiguration.WebMvcAutoConfigurationAdapter#beanNameViewResolver:
      Did not match:
         - @ConditionalOnMissingBean (types: org.springframework.web.servlet.view.BeanNameViewResolver; SearchStrategy:
 all) found beans of type 'org.springframework.web.servlet.view.BeanNameViewResolver' beanNameViewResolver (OnBeanCondi
tion)

   WebServiceTemplateAutoConfiguration:
      Did not match:
	at org.junit.jupiter.engine.descriptor.ClassBasedTestDescriptor.lambda$invokeTestInstancePostProcessors$10(ClassBasedTestDescriptor.java:378)
	at org.junit.jupiter.engine.descriptor.ClassBasedTestDescriptor.executeAndMaskThrowable(ClassBasedTestDescriptor.java:383)
	at org.junit.jupiter.engine.descriptor.ClassBasedTestDescriptor.lambda$invokeTestInstancePostProcessors$11(ClassBasedTestDescriptor.java:378)
	at java.base/java.util.stream.ReferencePipeline$3$1.accept(ReferencePipeline.java:197)
	at java.base/java.util.stream.ReferencePipeline$2$1.accept(ReferencePipeline.java:179)
	at java.base/java.util.ArrayList$ArrayListSpliterator.forEachRemaining(ArrayList.java:1708)
	at java.base/java.util.stream.AbstractPipeline.copyInto(AbstractPipeline.java:509)
	at java.base/java.util.stream.AbstractPipeline.wrapAndCopyInto(AbstractPipeline.java:499)
         - @ConditionalOnClass did not find required class 'org.springframework.oxm.Marshaller' (OnClassCondition)

   WebServicesAutoConfiguration:
      Did not match:
         - @ConditionalOnClass did not find required class 'org.springframework.ws.transport.http.MessageDispatcherServ
let' (OnClassCondition)

   WebSessionIdResolverAutoConfiguration:
      Did not match:
         - not a reactive web application (OnWebApplicationCondition)
      Matched:
	at java.base/java.util.stream.StreamSpliterators$WrappingSpliterator.forEachRemaining(StreamSpliterators.java:310)
	at java.base/java.util.stream.Streams$ConcatSpliterator.forEachRemaining(Streams.java:735)
	at java.base/java.util.stream.Streams$ConcatSpliterator.forEachRemaining(Streams.java:734)
	at java.base/java.util.stream.ReferencePipeline$Head.forEach(ReferencePipeline.java:762)
	at org.junit.jupiter.engine.descriptor.ClassBasedTestDescriptor.invokeTestInstancePostProcessors(ClassBasedTestDescriptor.java:377)
	at org.junit.jupiter.engine.descriptor.ClassBasedTestDescriptor.lambda$instantiateAndPostProcessTestInstance$6(ClassBasedTestDescriptor.java:290)
	at org.junit.platform.engine.support.hierarchical.ThrowableCollector.execute(ThrowableCollector.java:73)
	at org.junit.jupiter.engine.descriptor.ClassBasedTestDescriptor.instantiateAndPostProcessTestInstance(ClassBasedTestDescriptor.java:289)
         - @ConditionalOnClass found required classes 'org.springframework.web.server.session.WebSessionManager', 'reac
tor.core.publisher.Mono' (OnClassCondition)

   WebSocketMessagingAutoConfiguration:
      Did not match:
         - @ConditionalOnClass did not find required class 'org.springframework.web.socket.config.annotation.WebSocketM
essageBrokerConfigurer' (OnClassCondition)

   WebSocketReactiveAutoConfiguration:
      Did not match:
	at org.junit.jupiter.engine.descriptor.ClassBasedTestDescriptor.lambda$testInstancesProvider$4(ClassBasedTestDescriptor.java:279)
	at java.base/java.util.Optional.orElseGet(Optional.java:364)
	at org.junit.jupiter.engine.descriptor.ClassBasedTestDescriptor.lambda$testInstancesProvider$5(ClassBasedTestDescriptor.java:278)
	at org.junit.jupiter.engine.execution.TestInstancesProvider.getTestInstances(TestInstancesProvider.java:31)
         - not a reactive web application (OnWebApplicationCondition)
      Matched:
         - @ConditionalOnClass found required classes 'jakarta.servlet.Servlet', 'jakarta.websocket.server.ServerContai
ner' (OnClassCondition)

	at org.junit.jupiter.engine.descriptor.TestMethodTestDescriptor.lambda$prepare$0(TestMethodTestDescriptor.java:106)
	at org.junit.platform.engine.support.hierarchical.ThrowableCollector.execute(ThrowableCollector.java:73)
	at org.junit.jupiter.engine.descriptor.TestMethodTestDescriptor.prepare(TestMethodTestDescriptor.java:105)
	at org.junit.jupiter.engine.descriptor.TestMethodTestDescriptor.prepare(TestMethodTestDescriptor.java:69)
	at org.junit.platform.engine.support.hierarchical.NodeTestTask.lambda$prepare$2(NodeTestTask.java:128)
	at org.junit.platform.engine.support.hierarchical.ThrowableCollector.execute(ThrowableCollector.java:73)
	at org.junit.platform.engine.support.hierarchical.NodeTestTask.prepare(NodeTestTask.java:128)
	at org.junit.platform.engine.support.hierarchical.NodeTestTask.execute(NodeTestTask.java:95)
	at java.base/java.util.ArrayList.forEach(ArrayList.java:1596)
	at org.junit.platform.engine.support.hierarchical.SameThreadHierarchicalTestExecutorService.invokeAll(SameThreadHierarchicalTestExecutorService.java:41)
   WebSocketServletAutoConfiguration.JettyWebSocketConfiguration:
      Did not match:
         - @ConditionalOnClass did not find required class 'org.eclipse.jetty.ee10.websocket.jakarta.server.config.Jaka
rtaWebSocketServletContainerInitializer' (OnClassCondition)

   WebSocketServletAutoConfiguration.UndertowWebSocketConfiguration:
      Did not match:
         - @ConditionalOnClass did not find required class 'io.undertow.websockets.jsr.Bootstrap' (OnClassCondition)

   XADataSourceAutoConfiguration:
      Did not match:
         - @ConditionalOnClass did not find required class 'jakarta.transaction.TransactionManager' (OnClassCondition)


Exclusions:
-----------

    None


	at org.junit.platform.engine.support.hierarchical.NodeTestTask.lambda$executeRecursively$6(NodeTestTask.java:160)
Unconditional classes:
----------------------

    org.springframework.boot.autoconfigure.context.ConfigurationPropertiesAutoConfiguration

    org.springframework.boot.autoconfigure.ssl.SslAutoConfiguration

    org.springframework.boot.autoconfigure.context.PropertyPlaceholderAutoConfiguration

    org.springframework.boot.autoconfigure.context.LifecycleAutoConfiguration

    com.tlq.rectagent.config.ModelAutoConfiguration

    org.springframework.boot.autoconfigure.availability.ApplicationAvailabilityAutoConfiguration
	at org.junit.platform.engine.support.hierarchical.ThrowableCollector.execute(ThrowableCollector.java:73)
	at org.junit.platform.engine.support.hierarchical.NodeTestTask.lambda$executeRecursively$8(NodeTestTask.java:146)
	at org.junit.platform.engine.support.hierarchical.Node.around(Node.java:137)
	at org.junit.platform.engine.support.hierarchical.NodeTestTask.lambda$executeRecursively$9(NodeTestTask.java:144)
	at org.junit.platform.engine.support.hierarchical.ThrowableCollector.execute(ThrowableCollector.java:73)
	at org.junit.platform.engine.support.hierarchical.NodeTestTask.executeRecursively(NodeTestTask.java:143)
	at org.junit.platform.engine.support.hierarchical.NodeTestTask.execute(NodeTestTask.java:100)
	at java.base/java.util.ArrayList.forEach(ArrayList.java:1596)

    org.springframework.boot.autoconfigure.info.ProjectInfoAutoConfiguration



	at org.junit.platform.engine.support.hierarchical.SameThreadHierarchicalTestExecutorService.invokeAll(SameThreadHierarchicalTestExecutorService.java:41)
	at org.junit.platform.engine.support.hierarchical.NodeTestTask.lambda$executeRecursively$6(NodeTestTask.java:160)
	at org.junit.platform.engine.support.hierarchical.ThrowableCollector.execute(ThrowableCollector.java:73)
	at org.junit.platform.engine.support.hierarchical.NodeTestTask.lambda$executeRecursively$8(NodeTestTask.java:146)
	at org.junit.platform.engine.support.hierarchical.Node.around(Node.java:137)
	at org.junit.platform.engine.support.hierarchical.NodeTestTask.lambda$executeRecursively$9(NodeTestTask.java:144)
	at org.junit.platform.engine.support.hierarchical.ThrowableCollector.execute(ThrowableCollector.java:73)
	at org.junit.platform.engine.support.hierarchical.NodeTestTask.executeRecursively(NodeTestTask.java:143)
	at org.junit.platform.engine.support.hierarchical.NodeTestTask.execute(NodeTestTask.java:100)
	at org.junit.platform.engine.support.hierarchical.SameThreadHierarchicalTestExecutorService.submit(SameThreadHierarchicalTestExecutorService.java:35)
	at org.junit.platform.engine.support.hierarchical.HierarchicalTestExecutor.execute(HierarchicalTestExecutor.java:57)
	at org.junit.platform.engine.support.hierarchical.HierarchicalTestEngine.execute(HierarchicalTestEngine.java:54)
	at org.junit.platform.launcher.core.EngineExecutionOrchestrator.execute(EngineExecutionOrchestrator.java:198)
	at org.junit.platform.launcher.core.EngineExecutionOrchestrator.execute(EngineExecutionOrchestrator.java:169)
	at org.junit.platform.launcher.core.EngineExecutionOrchestrator.execute(EngineExecutionOrchestrator.java:93)
	at org.junit.platform.launcher.core.EngineExecutionOrchestrator.lambda$execute$0(EngineExecutionOrchestrator.java:58)
	at org.junit.platform.launcher.core.EngineExecutionOrchestrator.withInterceptedStreams(EngineExecutionOrchestrator.java:141)
	at org.junit.platform.launcher.core.EngineExecutionOrchestrator.execute(EngineExecutionOrchestrator.java:57)
	at org.junit.platform.launcher.core.DefaultLauncher.execute(DefaultLauncher.java:103)
	at org.junit.platform.launcher.core.DefaultLauncher.execute(DefaultLauncher.java:85)
	at org.junit.platform.launcher.core.DelegatingLauncher.execute(DelegatingLauncher.java:47)
	at org.apache.maven.surefire.junitplatform.LazyLauncher.execute(LazyLauncher.java:56)
	at org.apache.maven.surefire.junitplatform.JUnitPlatformProvider.execute(JUnitPlatformProvider.java:184)
	at org.apache.maven.surefire.junitplatform.JUnitPlatformProvider.invokeAllTests(JUnitPlatformProvider.java:148)
	at org.apache.maven.surefire.junitplatform.JUnitPlatformProvider.invoke(JUnitPlatformProvider.java:122)
	at org.apache.maven.surefire.booter.ForkedBooter.runSuitesInProcess(ForkedBooter.java:385)
	at org.apache.maven.surefire.booter.ForkedBooter.execute(ForkedBooter.java:162)
	at org.apache.maven.surefire.booter.ForkedBooter.run(ForkedBooter.java:507)
	at org.apache.maven.surefire.booter.ForkedBooter.main(ForkedBooter.java:495)
Caused by: org.springframework.beans.factory.UnsatisfiedDependencyException: Error creating bean with name 'coordinatorAgent': Unsatisfied dependency expressed through field 'intentRecognitionAgent': Error creating bean with name 'intentRecognitionAgent': Unsatisfied dependency expressed through field 'agentModelRouter': Error creating bean with name 'com.tlq.rectagent.config.ModelAutoConfiguration': Unsatisfied dependency expressed through field 'chatModelPool': Error creating bean with name 'com.tlq.rectagent.config.ModelAutoConfiguration': Requested bean is currently in creation: Is there an unresolvable circular reference?
	at org.springframework.beans.factory.annotation.AutowiredAnnotationBeanPostProcessor$AutowiredFieldElement.resolveFieldValue(AutowiredAnnotationBeanPostProcessor.java:788)
	at org.springframework.beans.factory.annotation.AutowiredAnnotationBeanPostProcessor$AutowiredFieldElement.inject(AutowiredAnnotationBeanPostProcessor.java:768)
	at org.springframework.beans.factory.annotation.InjectionMetadata.inject(InjectionMetadata.java:145)
	at org.springframework.beans.factory.annotation.AutowiredAnnotationBeanPostProcessor.postProcessProperties(AutowiredAnnotationBeanPostProcessor.java:509)
	at org.springframework.beans.factory.support.AbstractAutowireCapableBeanFactory.populateBean(AbstractAutowireCapableBeanFactory.java:1439)
	at org.springframework.beans.factory.support.AbstractAutowireCapableBeanFactory.doCreateBean(AbstractAutowireCapableBeanFactory.java:599)
	at org.springframework.beans.factory.support.AbstractAutowireCapableBeanFactory.createBean(AbstractAutowireCapableBeanFactory.java:522)
	at org.springframework.beans.factory.support.AbstractBeanFactory.lambda$doGetBean$0(AbstractBeanFactory.java:337)
	at org.springframework.beans.factory.support.DefaultSingletonBeanRegistry.getSingleton(DefaultSingletonBeanRegistry.java:234)
	at org.springframework.beans.factory.support.AbstractBeanFactory.doGetBean(AbstractBeanFactory.java:335)
	at org.springframework.beans.factory.support.AbstractBeanFactory.getBean(AbstractBeanFactory.java:200)
	at org.springframework.beans.factory.support.DefaultListableBeanFactory.preInstantiateSingletons(DefaultListableBeanFactory.java:975)
	at org.springframework.context.support.AbstractApplicationContext.finishBeanFactoryInitialization(AbstractApplicationContext.java:971)
	at org.springframework.context.support.AbstractApplicationContext.refresh(AbstractApplicationContext.java:625)
	at org.springframework.boot.SpringApplication.refresh(SpringApplication.java:754)
	at org.springframework.boot.SpringApplication.refreshContext(SpringApplication.java:456)
	at org.springframework.boot.SpringApplication.run(SpringApplication.java:335)
	at org.springframework.boot.test.context.SpringBootContextLoader.lambda$loadContext$3(SpringBootContextLoader.java:137)
	at org.springframework.util.function.ThrowingSupplier.get(ThrowingSupplier.java:58)
	at org.springframework.util.function.ThrowingSupplier.get(ThrowingSupplier.java:46)
	at org.springframework.boot.SpringApplication.withHook(SpringApplication.java:1463)
	at org.springframework.boot.test.context.SpringBootContextLoader$ContextLoaderHook.run(SpringBootContextLoader.java:553)
	at org.springframework.boot.test.context.SpringBootContextLoader.loadContext(SpringBootContextLoader.java:137)
	at org.springframework.boot.test.context.SpringBootContextLoader.loadContext(SpringBootContextLoader.java:108)
	at org.springframework.test.context.cache.DefaultCacheAwareContextLoaderDelegate.loadContextInternal(DefaultCacheAwareContextLoaderDelegate.java:225)
	at org.springframework.test.context.cache.DefaultCacheAwareContextLoaderDelegate.loadContext(DefaultCacheAwareContextLoaderDelegate.java:152)
	... 73 common frames omitted
Caused by: org.springframework.beans.factory.UnsatisfiedDependencyException: Error creating bean with name 'intentRecognitionAgent': Unsatisfied dependency expressed through field 'agentModelRouter': Error creating bean with name 'com.tlq.rectagent.config.ModelAutoConfiguration': Unsatisfied dependency expressed through field 'chatModelPool': Error creating bean with name 'com.tlq.rectagent.config.ModelAutoConfiguration': Requested bean is currently in creation: Is there an unresolvable circular reference?
	at org.springframework.beans.factory.annotation.AutowiredAnnotationBeanPostProcessor$AutowiredFieldElement.resolveFieldValue(AutowiredAnnotationBeanPostProcessor.java:788)
	at org.springframework.beans.factory.annotation.AutowiredAnnotationBeanPostProcessor$AutowiredFieldElement.inject(AutowiredAnnotationBeanPostProcessor.java:768)
	at org.springframework.beans.factory.annotation.InjectionMetadata.inject(InjectionMetadata.java:145)
	at org.springframework.beans.factory.annotation.AutowiredAnnotationBeanPostProcessor.postProcessProperties(AutowiredAnnotationBeanPostProcessor.java:509)
	at org.springframework.beans.factory.support.AbstractAutowireCapableBeanFactory.populateBean(AbstractAutowireCapableBeanFactory.java:1439)
	at org.springframework.beans.factory.support.AbstractAutowireCapableBeanFactory.doCreateBean(AbstractAutowireCapableBeanFactory.java:599)
	at org.springframework.beans.factory.support.AbstractAutowireCapableBeanFactory.createBean(AbstractAutowireCapableBeanFactory.java:522)
	at org.springframework.beans.factory.support.AbstractBeanFactory.lambda$doGetBean$0(AbstractBeanFactory.java:337)
	at org.springframework.beans.factory.support.DefaultSingletonBeanRegistry.getSingleton(DefaultSingletonBeanRegistry.java:234)
	at org.springframework.beans.factory.support.AbstractBeanFactory.doGetBean(AbstractBeanFactory.java:335)
	at org.springframework.beans.factory.support.AbstractBeanFactory.getBean(AbstractBeanFactory.java:200)
	at org.springframework.beans.factory.config.DependencyDescriptor.resolveCandidate(DependencyDescriptor.java:254)
	at org.springframework.beans.factory.support.DefaultListableBeanFactory.doResolveDependency(DefaultListableBeanFactory.java:1443)
	at org.springframework.beans.factory.support.DefaultListableBeanFactory.resolveDependency(DefaultListableBeanFactory.java:1353)
	at org.springframework.beans.factory.annotation.AutowiredAnnotationBeanPostProcessor$AutowiredFieldElement.resolveFieldValue(AutowiredAnnotationBeanPostProcessor.java:785)
	... 98 common frames omitted
Caused by: org.springframework.beans.factory.UnsatisfiedDependencyException: Error creating bean with name 'com.tlq.rectagent.config.ModelAutoConfiguration': Unsatisfied dependency expressed through field 'chatModelPool': Error creating bean with name 'com.tlq.rectagent.config.ModelAutoConfiguration': Requested bean is currently in creation: Is there an unresolvable circular reference?
	at org.springframework.beans.factory.annotation.AutowiredAnnotationBeanPostProcessor$AutowiredFieldElement.resolveFieldValue(AutowiredAnnotationBeanPostProcessor.java:788)
	at org.springframework.beans.factory.annotation.AutowiredAnnotationBeanPostProcessor$AutowiredFieldElement.inject(AutowiredAnnotationBeanPostProcessor.java:768)
	at org.springframework.beans.factory.annotation.InjectionMetadata.inject(InjectionMetadata.java:145)
	at org.springframework.beans.factory.annotation.AutowiredAnnotationBeanPostProcessor.postProcessProperties(AutowiredAnnotationBeanPostProcessor.java:509)
	at org.springframework.beans.factory.support.AbstractAutowireCapableBeanFactory.populateBean(AbstractAutowireCapableBeanFactory.java:1439)
	at org.springframework.beans.factory.support.AbstractAutowireCapableBeanFactory.doCreateBean(AbstractAutowireCapableBeanFactory.java:599)
	at org.springframework.beans.factory.support.AbstractAutowireCapableBeanFactory.createBean(AbstractAutowireCapableBeanFactory.java:522)
	at org.springframework.beans.factory.support.AbstractBeanFactory.lambda$doGetBean$0(AbstractBeanFactory.java:337)
	at org.springframework.beans.factory.support.DefaultSingletonBeanRegistry.getSingleton(DefaultSingletonBeanRegistry.java:234)
	at org.springframework.beans.factory.support.AbstractBeanFactory.doGetBean(AbstractBeanFactory.java:335)
	at org.springframework.beans.factory.support.AbstractBeanFactory.getBean(AbstractBeanFactory.java:200)
	at org.springframework.beans.factory.support.ConstructorResolver.instantiateUsingFactoryMethod(ConstructorResolver.java:409)
	at org.springframework.beans.factory.support.AbstractAutowireCapableBeanFactory.instantiateUsingFactoryMethod(AbstractAutowireCapableBeanFactory.java:1355)
	at org.springframework.beans.factory.support.AbstractAutowireCapableBeanFactory.createBeanInstance(AbstractAutowireCapableBeanFactory.java:1185)
	at org.springframework.beans.factory.support.AbstractAutowireCapableBeanFactory.doCreateBean(AbstractAutowireCapableBeanFactory.java:562)
	at org.springframework.beans.factory.support.AbstractAutowireCapableBeanFactory.createBean(AbstractAutowireCapableBeanFactory.java:522)
	at org.springframework.beans.factory.support.AbstractBeanFactory.lambda$doGetBean$0(AbstractBeanFactory.java:337)
	at org.springframework.beans.factory.support.DefaultSingletonBeanRegistry.getSingleton(DefaultSingletonBeanRegistry.java:234)
	at org.springframework.beans.factory.support.AbstractBeanFactory.doGetBean(AbstractBeanFactory.java:335)
	at org.springframework.beans.factory.support.AbstractBeanFactory.getBean(AbstractBeanFactory.java:200)
	at org.springframework.beans.factory.config.DependencyDescriptor.resolveCandidate(DependencyDescriptor.java:254)
	at org.springframework.beans.factory.support.DefaultListableBeanFactory.doResolveDependency(DefaultListableBeanFactory.java:1443)
	at org.springframework.beans.factory.support.DefaultListableBeanFactory.resolveDependency(DefaultListableBeanFactory.java:1353)
	at org.springframework.beans.factory.annotation.AutowiredAnnotationBeanPostProcessor$AutowiredFieldElement.resolveFieldValue(AutowiredAnnotationBeanPostProcessor.java:785)
	... 112 common frames omitted
Caused by: org.springframework.beans.factory.BeanCurrentlyInCreationException: Error creating bean with name 'com.tlq.rectagent.config.ModelAutoConfiguration': Requested bean is currently in creation: Is there an unresolvable circular reference?
	at org.springframework.beans.factory.support.DefaultSingletonBeanRegistry.beforeSingletonCreation(DefaultSingletonBeanRegistry.java:355)
	at org.springframework.beans.factory.support.DefaultSingletonBeanRegistry.getSingleton(DefaultSingletonBeanRegistry.java:227)
	at org.springframework.beans.factory.support.AbstractBeanFactory.doGetBean(AbstractBeanFactory.java:335)
	at org.springframework.beans.factory.support.AbstractBeanFactory.getBean(AbstractBeanFactory.java:200)
	at org.springframework.beans.factory.support.ConstructorResolver.instantiateUsingFactoryMethod(ConstructorResolver.java:409)
	at org.springframework.beans.factory.support.AbstractAutowireCapableBeanFactory.instantiateUsingFactoryMethod(AbstractAutowireCapableBeanFactory.java:1355)
	at org.springframework.beans.factory.support.AbstractAutowireCapableBeanFactory.createBeanInstance(AbstractAutowireCapableBeanFactory.java:1185)
	at org.springframework.beans.factory.support.AbstractAutowireCapableBeanFactory.doCreateBean(AbstractAutowireCapableBeanFactory.java:562)
	at org.springframework.beans.factory.support.AbstractAutowireCapableBeanFactory.createBean(AbstractAutowireCapableBeanFactory.java:522)
	at org.springframework.beans.factory.support.AbstractBeanFactory.lambda$doGetBean$0(AbstractBeanFactory.java:337)
	at org.springframework.beans.factory.support.DefaultSingletonBeanRegistry.getSingleton(DefaultSingletonBeanRegistry.java:234)
	at org.springframework.beans.factory.support.AbstractBeanFactory.doGetBean(AbstractBeanFactory.java:335)
	at org.springframework.beans.factory.support.AbstractBeanFactory.getBean(AbstractBeanFactory.java:200)
	at org.springframework.beans.factory.config.DependencyDescriptor.resolveCandidate(DependencyDescriptor.java:254)
	at org.springframework.beans.factory.support.DefaultListableBeanFactory.doResolveDependency(DefaultListableBeanFactory.java:1443)
	at org.springframework.beans.factory.support.DefaultListableBeanFactory.resolveDependency(DefaultListableBeanFactory.java:1353)
	at org.springframework.beans.factory.annotation.AutowiredAnnotationBeanPostProcessor$AutowiredFieldElement.resolveFieldValue(AutowiredAnnotationBeanPostProcessor.java:785)
	... 135 common frames omitted
2026-03-26 22:02:57.879 [main] [] WARN  o.s.test.context.TestContextManager - Caught exception while allowing TestExecutionListener [org.springframework.test.context.web.ServletTestExecutionListener] to prepare test instance [com.tlq.rectagent.context.ContextDesignImprovementsTest@2d02a066]
java.lang.IllegalStateException: ApplicationContext failure threshold (1) exceeded: skipping repeated attempt to load context for [WebMergedContextConfiguration@8dedec8 testClass = com.tlq.rectagent.context.ContextDesignImprovementsTest, locations = [], classes = [com.tlq.rectagent.RectAgentApplication], contextInitializerClasses = [], activeProfiles = [], propertySourceDescriptors = [], propertySourceProperties = ["org.springframework.boot.test.context.SpringBootTestContextBootstrapper=true"], contextCustomizers = [org.springframework.boot.test.context.filter.ExcludeFilterContextCustomizer@55493582, org.springframework.boot.test.json.DuplicateJsonObjectContextCustomizerFactory$DuplicateJsonObjectContextCustomizer@34158c08, org.springframework.boot.test.mock.mockito.MockitoContextCustomizer@0, org.springframework.boot.test.web.client.TestRestTemplateContextCustomizer@31dadd46, org.springframework.boot.test.web.reactive.server.WebTestClientContextCustomizer@10cf09e8, org.springframework.boot.test.web.reactor.netty.DisableReactorResourceFactoryGlobalResourcesContextCustomizerFactory$DisableReactorResourceFactoryGlobalResourcesContextCustomizerCustomizer@63787180, org.springframework.boot.test.autoconfigure.OnFailureConditionReportContextCustomizerFactory$OnFailureConditionReportContextCustomizer@2e1ef60, org.springframework.boot.test.autoconfigure.actuate.observability.ObservabilityContextCustomizerFactory$DisableObservabilityContextCustomizer@1f, org.springframework.boot.test.autoconfigure.properties.PropertyMappingContextCustomizer@0, org.springframework.boot.test.autoconfigure.web.servlet.WebDriverContextCustomizer@dbd8e44, org.springframework.boot.test.context.SpringBootTestAnnotation@9f6e4d8], resourceBasePath = "src/main/webapp", contextLoader = org.springframework.boot.test.context.SpringBootContextLoader, parent = null]
	at org.springframework.test.context.cache.DefaultCacheAwareContextLoaderDelegate.loadContext(DefaultCacheAwareContextLoaderDelegate.java:145)
	at org.springframework.test.context.support.DefaultTestContext.getApplicationContext(DefaultTestContext.java:130)
	at org.springframework.test.context.web.ServletTestExecutionListener.setUpRequestContextIfNecessary(ServletTestExecutionListener.java:191)
	at org.springframework.test.context.web.ServletTestExecutionListener.prepareTestInstance(ServletTestExecutionListener.java:130)
	at org.springframework.test.context.TestContextManager.prepareTestInstance(TestContextManager.java:260)
	at org.springframework.test.context.junit.jupiter.SpringExtension.postProcessTestInstance(SpringExtension.java:163)
	at org.junit.jupiter.engine.descriptor.ClassBasedTestDescriptor.lambda$invokeTestInstancePostProcessors$10(ClassBasedTestDescriptor.java:378)
	at org.junit.jupiter.engine.descriptor.ClassBasedTestDescriptor.executeAndMaskThrowable(ClassBasedTestDescriptor.java:383)
	at org.junit.jupiter.engine.descriptor.ClassBasedTestDescriptor.lambda$invokeTestInstancePostProcessors$11(ClassBasedTestDescriptor.java:378)
	at java.base/java.util.stream.ReferencePipeline$3$1.accept(ReferencePipeline.java:197)
	at java.base/java.util.stream.ReferencePipeline$2$1.accept(ReferencePipeline.java:179)
	at java.base/java.util.ArrayList$ArrayListSpliterator.forEachRemaining(ArrayList.java:1708)
	at java.base/java.util.stream.AbstractPipeline.copyInto(AbstractPipeline.java:509)
	at java.base/java.util.stream.AbstractPipeline.wrapAndCopyInto(AbstractPipeline.java:499)
	at java.base/java.util.stream.StreamSpliterators$WrappingSpliterator.forEachRemaining(StreamSpliterators.java:310)
	at java.base/java.util.stream.Streams$ConcatSpliterator.forEachRemaining(Streams.java:735)
	at java.base/java.util.stream.Streams$ConcatSpliterator.forEachRemaining(Streams.java:734)
	at java.base/java.util.stream.ReferencePipeline$Head.forEach(ReferencePipeline.java:762)
	at org.junit.jupiter.engine.descriptor.ClassBasedTestDescriptor.invokeTestInstancePostProcessors(ClassBasedTestDescriptor.java:377)
	at org.junit.jupiter.engine.descriptor.ClassBasedTestDescriptor.lambda$instantiateAndPostProcessTestInstance$6(ClassBasedTestDescriptor.java:290)
	at org.junit.platform.engine.support.hierarchical.ThrowableCollector.execute(ThrowableCollector.java:73)
	at org.junit.jupiter.engine.descriptor.ClassBasedTestDescriptor.instantiateAndPostProcessTestInstance(ClassBasedTestDescriptor.java:289)
	at org.junit.jupiter.engine.descriptor.ClassBasedTestDescriptor.lambda$testInstancesProvider$4(ClassBasedTestDescriptor.java:279)
	at java.base/java.util.Optional.orElseGet(Optional.java:364)
	at org.junit.jupiter.engine.descriptor.ClassBasedTestDescriptor.lambda$testInstancesProvider$5(ClassBasedTestDescriptor.java:278)
	at org.junit.jupiter.engine.execution.TestInstancesProvider.getTestInstances(TestInstancesProvider.java:31)
	at org.junit.jupiter.engine.descriptor.TestMethodTestDescriptor.lambda$prepare$0(TestMethodTestDescriptor.java:106)
	at org.junit.platform.engine.support.hierarchical.ThrowableCollector.execute(ThrowableCollector.java:73)
	at org.junit.jupiter.engine.descriptor.TestMethodTestDescriptor.prepare(TestMethodTestDescriptor.java:105)
	at org.junit.jupiter.engine.descriptor.TestMethodTestDescriptor.prepare(TestMethodTestDescriptor.java:69)
	at org.junit.platform.engine.support.hierarchical.NodeTestTask.lambda$prepare$2(NodeTestTask.java:128)
	at org.junit.platform.engine.support.hierarchical.ThrowableCollector.execute(ThrowableCollector.java:73)
	at org.junit.platform.engine.support.hierarchical.NodeTestTask.prepare(NodeTestTask.java:128)
	at org.junit.platform.engine.support.hierarchical.NodeTestTask.execute(NodeTestTask.java:95)
	at java.base/java.util.ArrayList.forEach(ArrayList.java:1596)
	at org.junit.platform.engine.support.hierarchical.SameThreadHierarchicalTestExecutorService.invokeAll(SameThreadHierarchicalTestExecutorService.java:41)
	at org.junit.platform.engine.support.hierarchical.NodeTestTask.lambda$executeRecursively$6(NodeTestTask.java:160)
	at org.junit.platform.engine.support.hierarchical.ThrowableCollector.execute(ThrowableCollector.java:73)
	at org.junit.platform.engine.support.hierarchical.NodeTestTask.lambda$executeRecursively$8(NodeTestTask.java:146)
	at org.junit.platform.engine.support.hierarchical.Node.around(Node.java:137)
	at org.junit.platform.engine.support.hierarchical.NodeTestTask.lambda$executeRecursively$9(NodeTestTask.java:144)
	at org.junit.platform.engine.support.hierarchical.ThrowableCollector.execute(ThrowableCollector.java:73)
	at org.junit.platform.engine.support.hierarchical.NodeTestTask.executeRecursively(NodeTestTask.java:143)
	at org.junit.platform.engine.support.hierarchical.NodeTestTask.execute(NodeTestTask.java:100)
	at java.base/java.util.ArrayList.forEach(ArrayList.java:1596)
	at org.junit.platform.engine.support.hierarchical.SameThreadHierarchicalTestExecutorService.invokeAll(SameThreadHierarchicalTestExecutorService.java:41)
	at org.junit.platform.engine.support.hierarchical.NodeTestTask.lambda$executeRecursively$6(NodeTestTask.java:160)
	at org.junit.platform.engine.support.hierarchical.ThrowableCollector.execute(ThrowableCollector.java:73)
	at org.junit.platform.engine.support.hierarchical.NodeTestTask.lambda$executeRecursively$8(NodeTestTask.java:146)
	at org.junit.platform.engine.support.hierarchical.Node.around(Node.java:137)
	at org.junit.platform.engine.support.hierarchical.NodeTestTask.lambda$executeRecursively$9(NodeTestTask.java:144)
	at org.junit.platform.engine.support.hierarchical.ThrowableCollector.execute(ThrowableCollector.java:73)
	at org.junit.platform.engine.support.hierarchical.NodeTestTask.executeRecursively(NodeTestTask.java:143)
	at org.junit.platform.engine.support.hierarchical.NodeTestTask.execute(NodeTestTask.java:100)
	at org.junit.platform.engine.support.hierarchical.SameThreadHierarchicalTestExecutorService.submit(SameThreadHierarchicalTestExecutorService.java:35)
	at org.junit.platform.engine.support.hierarchical.HierarchicalTestExecutor.execute(HierarchicalTestExecutor.java:57)
	at org.junit.platform.engine.support.hierarchical.HierarchicalTestEngine.execute(HierarchicalTestEngine.java:54)
	at org.junit.platform.launcher.core.EngineExecutionOrchestrator.execute(EngineExecutionOrchestrator.java:198)
	at org.junit.platform.launcher.core.EngineExecutionOrchestrator.execute(EngineExecutionOrchestrator.java:169)
	at org.junit.platform.launcher.core.EngineExecutionOrchestrator.execute(EngineExecutionOrchestrator.java:93)
	at org.junit.platform.launcher.core.EngineExecutionOrchestrator.lambda$execute$0(EngineExecutionOrchestrator.java:58)
	at org.junit.platform.launcher.core.EngineExecutionOrchestrator.withInterceptedStreams(EngineExecutionOrchestrator.java:141)
	at org.junit.platform.launcher.core.EngineExecutionOrchestrator.execute(EngineExecutionOrchestrator.java:57)
	at org.junit.platform.launcher.core.DefaultLauncher.execute(DefaultLauncher.java:103)
	at org.junit.platform.launcher.core.DefaultLauncher.execute(DefaultLauncher.java:85)
	at org.junit.platform.launcher.core.DelegatingLauncher.execute(DelegatingLauncher.java:47)
	at org.apache.maven.surefire.junitplatform.LazyLauncher.execute(LazyLauncher.java:56)
	at org.apache.maven.surefire.junitplatform.JUnitPlatformProvider.execute(JUnitPlatformProvider.java:184)
	at org.apache.maven.surefire.junitplatform.JUnitPlatformProvider.invokeAllTests(JUnitPlatformProvider.java:148)
	at org.apache.maven.surefire.junitplatform.JUnitPlatformProvider.invoke(JUnitPlatformProvider.java:122)
	at org.apache.maven.surefire.booter.ForkedBooter.runSuitesInProcess(ForkedBooter.java:385)
	at org.apache.maven.surefire.booter.ForkedBooter.execute(ForkedBooter.java:162)
	at org.apache.maven.surefire.booter.ForkedBooter.run(ForkedBooter.java:507)
	at org.apache.maven.surefire.booter.ForkedBooter.main(ForkedBooter.java:495)
2026-03-26 22:02:57.881 [main] [] WARN  o.s.test.context.TestContextManager - Caught exception while allowing TestExecutionListener [org.springframework.test.context.web.ServletTestExecutionListener] to prepare test instance [com.tlq.rectagent.context.ContextDesignImprovementsTest@43a8bd35]
java.lang.IllegalStateException: ApplicationContext failure threshold (1) exceeded: skipping repeated attempt to load context for [WebMergedContextConfiguration@8dedec8 testClass = com.tlq.rectagent.context.ContextDesignImprovementsTest, locations = [], classes = [com.tlq.rectagent.RectAgentApplication], contextInitializerClasses = [], activeProfiles = [], propertySourceDescriptors = [], propertySourceProperties = ["org.springframework.boot.test.context.SpringBootTestContextBootstrapper=true"], contextCustomizers = [org.springframework.boot.test.context.filter.ExcludeFilterContextCustomizer@55493582, org.springframework.boot.test.json.DuplicateJsonObjectContextCustomizerFactory$DuplicateJsonObjectContextCustomizer@34158c08, org.springframework.boot.test.mock.mockito.MockitoContextCustomizer@0, org.springframework.boot.test.web.client.TestRestTemplateContextCustomizer@31dadd46, org.springframework.boot.test.web.reactive.server.WebTestClientContextCustomizer@10cf09e8, org.springframework.boot.test.web.reactor.netty.DisableReactorResourceFactoryGlobalResourcesContextCustomizerFactory$DisableReactorResourceFactoryGlobalResourcesContextCustomizerCustomizer@63787180, org.springframework.boot.test.autoconfigure.OnFailureConditionReportContextCustomizerFactory$OnFailureConditionReportContextCustomizer@2e1ef60, org.springframework.boot.test.autoconfigure.actuate.observability.ObservabilityContextCustomizerFactory$DisableObservabilityContextCustomizer@1f, org.springframework.boot.test.autoconfigure.properties.PropertyMappingContextCustomizer@0, org.springframework.boot.test.autoconfigure.web.servlet.WebDriverContextCustomizer@dbd8e44, org.springframework.boot.test.context.SpringBootTestAnnotation@9f6e4d8], resourceBasePath = "src/main/webapp", contextLoader = org.springframework.boot.test.context.SpringBootContextLoader, parent = null]
	at org.springframework.test.context.cache.DefaultCacheAwareContextLoaderDelegate.loadContext(DefaultCacheAwareContextLoaderDelegate.java:145)
	at org.springframework.test.context.support.DefaultTestContext.getApplicationContext(DefaultTestContext.java:130)
	at org.springframework.test.context.web.ServletTestExecutionListener.setUpRequestContextIfNecessary(ServletTestExecutionListener.java:191)
	at org.springframework.test.context.web.ServletTestExecutionListener.prepareTestInstance(ServletTestExecutionListener.java:130)
	at org.springframework.test.context.TestContextManager.prepareTestInstance(TestContextManager.java:260)
	at org.springframework.test.context.junit.jupiter.SpringExtension.postProcessTestInstance(SpringExtension.java:163)
	at org.junit.jupiter.engine.descriptor.ClassBasedTestDescriptor.lambda$invokeTestInstancePostProcessors$10(ClassBasedTestDescriptor.java:378)
	at org.junit.jupiter.engine.descriptor.ClassBasedTestDescriptor.executeAndMaskThrowable(ClassBasedTestDescriptor.java:383)
	at org.junit.jupiter.engine.descriptor.ClassBasedTestDescriptor.lambda$invokeTestInstancePostProcessors$11(ClassBasedTestDescriptor.java:378)
	at java.base/java.util.stream.ReferencePipeline$3$1.accept(ReferencePipeline.java:197)
	at java.base/java.util.stream.ReferencePipeline$2$1.accept(ReferencePipeline.java:179)
	at java.base/java.util.ArrayList$ArrayListSpliterator.forEachRemaining(ArrayList.java:1708)
	at java.base/java.util.stream.AbstractPipeline.copyInto(AbstractPipeline.java:509)
	at java.base/java.util.stream.AbstractPipeline.wrapAndCopyInto(AbstractPipeline.java:499)
	at java.base/java.util.stream.StreamSpliterators$WrappingSpliterator.forEachRemaining(StreamSpliterators.java:310)
	at java.base/java.util.stream.Streams$ConcatSpliterator.forEachRemaining(Streams.java:735)
	at java.base/java.util.stream.Streams$ConcatSpliterator.forEachRemaining(Streams.java:734)
	at java.base/java.util.stream.ReferencePipeline$Head.forEach(ReferencePipeline.java:762)
	at org.junit.jupiter.engine.descriptor.ClassBasedTestDescriptor.invokeTestInstancePostProcessors(ClassBasedTestDescriptor.java:377)
	at org.junit.jupiter.engine.descriptor.ClassBasedTestDescriptor.lambda$instantiateAndPostProcessTestInstance$6(ClassBasedTestDescriptor.java:290)
	at org.junit.platform.engine.support.hierarchical.ThrowableCollector.execute(ThrowableCollector.java:73)
	at org.junit.jupiter.engine.descriptor.ClassBasedTestDescriptor.instantiateAndPostProcessTestInstance(ClassBasedTestDescriptor.java:289)
	at org.junit.jupiter.engine.descriptor.ClassBasedTestDescriptor.lambda$testInstancesProvider$4(ClassBasedTestDescriptor.java:279)
	at java.base/java.util.Optional.orElseGet(Optional.java:364)
	at org.junit.jupiter.engine.descriptor.ClassBasedTestDescriptor.lambda$testInstancesProvider$5(ClassBasedTestDescriptor.java:278)
	at org.junit.jupiter.engine.execution.TestInstancesProvider.getTestInstances(TestInstancesProvider.java:31)
	at org.junit.jupiter.engine.descriptor.TestMethodTestDescriptor.lambda$prepare$0(TestMethodTestDescriptor.java:106)
	at org.junit.platform.engine.support.hierarchical.ThrowableCollector.execute(ThrowableCollector.java:73)
	at org.junit.jupiter.engine.descriptor.TestMethodTestDescriptor.prepare(TestMethodTestDescriptor.java:105)
	at org.junit.jupiter.engine.descriptor.TestMethodTestDescriptor.prepare(TestMethodTestDescriptor.java:69)
	at org.junit.platform.engine.support.hierarchical.NodeTestTask.lambda$prepare$2(NodeTestTask.java:128)
	at org.junit.platform.engine.support.hierarchical.ThrowableCollector.execute(ThrowableCollector.java:73)
	at org.junit.platform.engine.support.hierarchical.NodeTestTask.prepare(NodeTestTask.java:128)
	at org.junit.platform.engine.support.hierarchical.NodeTestTask.execute(NodeTestTask.java:95)
	at java.base/java.util.ArrayList.forEach(ArrayList.java:1596)
	at org.junit.platform.engine.support.hierarchical.SameThreadHierarchicalTestExecutorService.invokeAll(SameThreadHierarchicalTestExecutorService.java:41)
	at org.junit.platform.engine.support.hierarchical.NodeTestTask.lambda$executeRecursively$6(NodeTestTask.java:160)
	at org.junit.platform.engine.support.hierarchical.ThrowableCollector.execute(ThrowableCollector.java:73)
	at org.junit.platform.engine.support.hierarchical.NodeTestTask.lambda$executeRecursively$8(NodeTestTask.java:146)
	at org.junit.platform.engine.support.hierarchical.Node.around(Node.java:137)
	at org.junit.platform.engine.support.hierarchical.NodeTestTask.lambda$executeRecursively$9(NodeTestTask.java:144)
	at org.junit.platform.engine.support.hierarchical.ThrowableCollector.execute(ThrowableCollector.java:73)
	at org.junit.platform.engine.support.hierarchical.NodeTestTask.executeRecursively(NodeTestTask.java:143)
	at org.junit.platform.engine.support.hierarchical.NodeTestTask.execute(NodeTestTask.java:100)
	at java.base/java.util.ArrayList.forEach(ArrayList.java:1596)
	at org.junit.platform.engine.support.hierarchical.SameThreadHierarchicalTestExecutorService.invokeAll(SameThreadHierarchicalTestExecutorService.java:41)
	at org.junit.platform.engine.support.hierarchical.NodeTestTask.lambda$executeRecursively$6(NodeTestTask.java:160)
	at org.junit.platform.engine.support.hierarchical.ThrowableCollector.execute(ThrowableCollector.java:73)
	at org.junit.platform.engine.support.hierarchical.NodeTestTask.lambda$executeRecursively$8(NodeTestTask.java:146)
	at org.junit.platform.engine.support.hierarchical.Node.around(Node.java:137)
	at org.junit.platform.engine.support.hierarchical.NodeTestTask.lambda$executeRecursively$9(NodeTestTask.java:144)
	at org.junit.platform.engine.support.hierarchical.ThrowableCollector.execute(ThrowableCollector.java:73)
	at org.junit.platform.engine.support.hierarchical.NodeTestTask.executeRecursively(NodeTestTask.java:143)
	at org.junit.platform.engine.support.hierarchical.NodeTestTask.execute(NodeTestTask.java:100)
	at org.junit.platform.engine.support.hierarchical.SameThreadHierarchicalTestExecutorService.submit(SameThreadHierarchicalTestExecutorService.java:35)
	at org.junit.platform.engine.support.hierarchical.HierarchicalTestExecutor.execute(HierarchicalTestExecutor.java:57)
	at org.junit.platform.engine.support.hierarchical.HierarchicalTestEngine.execute(HierarchicalTestEngine.java:54)
	at org.junit.platform.launcher.core.EngineExecutionOrchestrator.execute(EngineExecutionOrchestrator.java:198)
	at org.junit.platform.launcher.core.EngineExecutionOrchestrator.execute(EngineExecutionOrchestrator.java:169)
	at org.junit.platform.launcher.core.EngineExecutionOrchestrator.execute(EngineExecutionOrchestrator.java:93)
	at org.junit.platform.launcher.core.EngineExecutionOrchestrator.lambda$execute$0(EngineExecutionOrchestrator.java:58)
	at org.junit.platform.launcher.core.EngineExecutionOrchestrator.withInterceptedStreams(EngineExecutionOrchestrator.java:141)
	at org.junit.platform.launcher.core.EngineExecutionOrchestrator.execute(EngineExecutionOrchestrator.java:57)
	at org.junit.platform.launcher.core.DefaultLauncher.execute(DefaultLauncher.java:103)
	at org.junit.platform.launcher.core.DefaultLauncher.execute(DefaultLauncher.java:85)
	at org.junit.platform.launcher.core.DelegatingLauncher.execute(DelegatingLauncher.java:47)
	at org.apache.maven.surefire.junitplatform.LazyLauncher.execute(LazyLauncher.java:56)
	at org.apache.maven.surefire.junitplatform.JUnitPlatformProvider.execute(JUnitPlatformProvider.java:184)
	at org.apache.maven.surefire.junitplatform.JUnitPlatformProvider.invokeAllTests(JUnitPlatformProvider.java:148)
	at org.apache.maven.surefire.junitplatform.JUnitPlatformProvider.invoke(JUnitPlatformProvider.java:122)
	at org.apache.maven.surefire.booter.ForkedBooter.runSuitesInProcess(ForkedBooter.java:385)
	at org.apache.maven.surefire.booter.ForkedBooter.execute(ForkedBooter.java:162)
	at org.apache.maven.surefire.booter.ForkedBooter.run(ForkedBooter.java:507)
	at org.apache.maven.surefire.booter.ForkedBooter.main(ForkedBooter.java:495)
2026-03-26 22:02:57.884 [main] [] WARN  o.s.test.context.TestContextManager - Caught exception while allowing TestExecutionListener [org.springframework.test.context.web.ServletTestExecutionListener] to prepare test instance [com.tlq.rectagent.context.ContextDesignImprovementsTest@570b85dd]
java.lang.IllegalStateException: ApplicationContext failure threshold (1) exceeded: skipping repeated attempt to load context for [WebMergedContextConfiguration@8dedec8 testClass = com.tlq.rectagent.context.ContextDesignImprovementsTest, locations = [], classes = [com.tlq.rectagent.RectAgentApplication], contextInitializerClasses = [], activeProfiles = [], propertySourceDescriptors = [], propertySourceProperties = ["org.springframework.boot.test.context.SpringBootTestContextBootstrapper=true"], contextCustomizers = [org.springframework.boot.test.context.filter.ExcludeFilterContextCustomizer@55493582, org.springframework.boot.test.json.DuplicateJsonObjectContextCustomizerFactory$DuplicateJsonObjectContextCustomizer@34158c08, org.springframework.boot.test.mock.mockito.MockitoContextCustomizer@0, org.springframework.boot.test.web.client.TestRestTemplateContextCustomizer@31dadd46, org.springframework.boot.test.web.reactive.server.WebTestClientContextCustomizer@10cf09e8, org.springframework.boot.test.web.reactor.netty.DisableReactorResourceFactoryGlobalResourcesContextCustomizerFactory$DisableReactorResourceFactoryGlobalResourcesContextCustomizerCustomizer@63787180, org.springframework.boot.test.autoconfigure.OnFailureConditionReportContextCustomizerFactory$OnFailureConditionReportContextCustomizer@2e1ef60, org.springframework.boot.test.autoconfigure.actuate.observability.ObservabilityContextCustomizerFactory$DisableObservabilityContextCustomizer@1f, org.springframework.boot.test.autoconfigure.properties.PropertyMappingContextCustomizer@0, org.springframework.boot.test.autoconfigure.web.servlet.WebDriverContextCustomizer@dbd8e44, org.springframework.boot.test.context.SpringBootTestAnnotation@9f6e4d8], resourceBasePath = "src/main/webapp", contextLoader = org.springframework.boot.test.context.SpringBootContextLoader, parent = null]
	at org.springframework.test.context.cache.DefaultCacheAwareContextLoaderDelegate.loadContext(DefaultCacheAwareContextLoaderDelegate.java:145)
	at org.springframework.test.context.support.DefaultTestContext.getApplicationContext(DefaultTestContext.java:130)
	at org.springframework.test.context.web.ServletTestExecutionListener.setUpRequestContextIfNecessary(ServletTestExecutionListener.java:191)
	at org.springframework.test.context.web.ServletTestExecutionListener.prepareTestInstance(ServletTestExecutionListener.java:130)
	at org.springframework.test.context.TestContextManager.prepareTestInstance(TestContextManager.java:260)
	at org.springframework.test.context.junit.jupiter.SpringExtension.postProcessTestInstance(SpringExtension.java:163)
	at org.junit.jupiter.engine.descriptor.ClassBasedTestDescriptor.lambda$invokeTestInstancePostProcessors$10(ClassBasedTestDescriptor.java:378)
	at org.junit.jupiter.engine.descriptor.ClassBasedTestDescriptor.executeAndMaskThrowable(ClassBasedTestDescriptor.java:383)
	at org.junit.jupiter.engine.descriptor.ClassBasedTestDescriptor.lambda$invokeTestInstancePostProcessors$11(ClassBasedTestDescriptor.java:378)
	at java.base/java.util.stream.ReferencePipeline$3$1.accept(ReferencePipeline.java:197)
	at java.base/java.util.stream.ReferencePipeline$2$1.accept(ReferencePipeline.java:179)
	at java.base/java.util.ArrayList$ArrayListSpliterator.forEachRemaining(ArrayList.java:1708)
	at java.base/java.util.stream.AbstractPipeline.copyInto(AbstractPipeline.java:509)
	at java.base/java.util.stream.AbstractPipeline.wrapAndCopyInto(AbstractPipeline.java:499)
	at java.base/java.util.stream.StreamSpliterators$WrappingSpliterator.forEachRemaining(StreamSpliterators.java:310)
	at java.base/java.util.stream.Streams$ConcatSpliterator.forEachRemaining(Streams.java:735)
	at java.base/java.util.stream.Streams$ConcatSpliterator.forEachRemaining(Streams.java:734)
	at java.base/java.util.stream.ReferencePipeline$Head.forEach(ReferencePipeline.java:762)
	at org.junit.jupiter.engine.descriptor.ClassBasedTestDescriptor.invokeTestInstancePostProcessors(ClassBasedTestDescriptor.java:377)
	at org.junit.jupiter.engine.descriptor.ClassBasedTestDescriptor.lambda$instantiateAndPostProcessTestInstance$6(ClassBasedTestDescriptor.java:290)
	at org.junit.platform.engine.support.hierarchical.ThrowableCollector.execute(ThrowableCollector.java:73)
	at org.junit.jupiter.engine.descriptor.ClassBasedTestDescriptor.instantiateAndPostProcessTestInstance(ClassBasedTestDescriptor.java:289)
	at org.junit.jupiter.engine.descriptor.ClassBasedTestDescriptor.lambda$testInstancesProvider$4(ClassBasedTestDescriptor.java:279)
	at java.base/java.util.Optional.orElseGet(Optional.java:364)
	at org.junit.jupiter.engine.descriptor.ClassBasedTestDescriptor.lambda$testInstancesProvider$5(ClassBasedTestDescriptor.java:278)
	at org.junit.jupiter.engine.execution.TestInstancesProvider.getTestInstances(TestInstancesProvider.java:31)
	at org.junit.jupiter.engine.descriptor.TestMethodTestDescriptor.lambda$prepare$0(TestMethodTestDescriptor.java:106)
	at org.junit.platform.engine.support.hierarchical.ThrowableCollector.execute(ThrowableCollector.java:73)
	at org.junit.jupiter.engine.descriptor.TestMethodTestDescriptor.prepare(TestMethodTestDescriptor.java:105)
	at org.junit.jupiter.engine.descriptor.TestMethodTestDescriptor.prepare(TestMethodTestDescriptor.java:69)
	at org.junit.platform.engine.support.hierarchical.NodeTestTask.lambda$prepare$2(NodeTestTask.java:128)
	at org.junit.platform.engine.support.hierarchical.ThrowableCollector.execute(ThrowableCollector.java:73)
	at org.junit.platform.engine.support.hierarchical.NodeTestTask.prepare(NodeTestTask.java:128)
	at org.junit.platform.engine.support.hierarchical.NodeTestTask.execute(NodeTestTask.java:95)
	at java.base/java.util.ArrayList.forEach(ArrayList.java:1596)
	at org.junit.platform.engine.support.hierarchical.SameThreadHierarchicalTestExecutorService.invokeAll(SameThreadHierarchicalTestExecutorService.java:41)
	at org.junit.platform.engine.support.hierarchical.NodeTestTask.lambda$executeRecursively$6(NodeTestTask.java:160)
	at org.junit.platform.engine.support.hierarchical.ThrowableCollector.execute(ThrowableCollector.java:73)
	at org.junit.platform.engine.support.hierarchical.NodeTestTask.lambda$executeRecursively$8(NodeTestTask.java:146)
	at org.junit.platform.engine.support.hierarchical.Node.around(Node.java:137)
	at org.junit.platform.engine.support.hierarchical.NodeTestTask.lambda$executeRecursively$9(NodeTestTask.java:144)
	at org.junit.platform.engine.support.hierarchical.ThrowableCollector.execute(ThrowableCollector.java:73)
	at org.junit.platform.engine.support.hierarchical.NodeTestTask.executeRecursively(NodeTestTask.java:143)
	at org.junit.platform.engine.support.hierarchical.NodeTestTask.execute(NodeTestTask.java:100)
	at java.base/java.util.ArrayList.forEach(ArrayList.java:1596)
	at org.junit.platform.engine.support.hierarchical.SameThreadHierarchicalTestExecutorService.invokeAll(SameThreadHierarchicalTestExecutorService.java:41)
	at org.junit.platform.engine.support.hierarchical.NodeTestTask.lambda$executeRecursively$6(NodeTestTask.java:160)
	at org.junit.platform.engine.support.hierarchical.ThrowableCollector.execute(ThrowableCollector.java:73)
	at org.junit.platform.engine.support.hierarchical.NodeTestTask.lambda$executeRecursively$8(NodeTestTask.java:146)
	at org.junit.platform.engine.support.hierarchical.Node.around(Node.java:137)
	at org.junit.platform.engine.support.hierarchical.NodeTestTask.lambda$executeRecursively$9(NodeTestTask.java:144)
	at org.junit.platform.engine.support.hierarchical.ThrowableCollector.execute(ThrowableCollector.java:73)
	at org.junit.platform.engine.support.hierarchical.NodeTestTask.executeRecursively(NodeTestTask.java:143)
	at org.junit.platform.engine.support.hierarchical.NodeTestTask.execute(NodeTestTask.java:100)
	at org.junit.platform.engine.support.hierarchical.SameThreadHierarchicalTestExecutorService.submit(SameThreadHierarchicalTestExecutorService.java:35)
	at org.junit.platform.engine.support.hierarchical.HierarchicalTestExecutor.execute(HierarchicalTestExecutor.java:57)
	at org.junit.platform.engine.support.hierarchical.HierarchicalTestEngine.execute(HierarchicalTestEngine.java:54)
	at org.junit.platform.launcher.core.EngineExecutionOrchestrator.execute(EngineExecutionOrchestrator.java:198)
	at org.junit.platform.launcher.core.EngineExecutionOrchestrator.execute(EngineExecutionOrchestrator.java:169)
	at org.junit.platform.launcher.core.EngineExecutionOrchestrator.execute(EngineExecutionOrchestrator.java:93)
	at org.junit.platform.launcher.core.EngineExecutionOrchestrator.lambda$execute$0(EngineExecutionOrchestrator.java:58)
	at org.junit.platform.launcher.core.EngineExecutionOrchestrator.withInterceptedStreams(EngineExecutionOrchestrator.java:141)
	at org.junit.platform.launcher.core.EngineExecutionOrchestrator.execute(EngineExecutionOrchestrator.java:57)
	at org.junit.platform.launcher.core.DefaultLauncher.execute(DefaultLauncher.java:103)
	at org.junit.platform.launcher.core.DefaultLauncher.execute(DefaultLauncher.java:85)
	at org.junit.platform.launcher.core.DelegatingLauncher.execute(DelegatingLauncher.java:47)
	at org.apache.maven.surefire.junitplatform.LazyLauncher.execute(LazyLauncher.java:56)
	at org.apache.maven.surefire.junitplatform.JUnitPlatformProvider.execute(JUnitPlatformProvider.java:184)
	at org.apache.maven.surefire.junitplatform.JUnitPlatformProvider.invokeAllTests(JUnitPlatformProvider.java:148)
	at org.apache.maven.surefire.junitplatform.JUnitPlatformProvider.invoke(JUnitPlatformProvider.java:122)
	at org.apache.maven.surefire.booter.ForkedBooter.runSuitesInProcess(ForkedBooter.java:385)
	at org.apache.maven.surefire.booter.ForkedBooter.execute(ForkedBooter.java:162)
	at org.apache.maven.surefire.booter.ForkedBooter.run(ForkedBooter.java:507)
	at org.apache.maven.surefire.booter.ForkedBooter.main(ForkedBooter.java:495)
2026-03-26 22:02:57.888 [main] [] WARN  o.s.test.context.TestContextManager - Caught exception while allowing TestExecutionListener [org.springframework.test.context.web.ServletTestExecutionListener] to prepare test instance [com.tlq.rectagent.context.ContextDesignImprovementsTest@2e09e367]
java.lang.IllegalStateException: ApplicationContext failure threshold (1) exceeded: skipping repeated attempt to load context for [WebMergedContextConfiguration@8dedec8 testClass = com.tlq.rectagent.context.ContextDesignImprovementsTest, locations = [], classes = [com.tlq.rectagent.RectAgentApplication], contextInitializerClasses = [], activeProfiles = [], propertySourceDescriptors = [], propertySourceProperties = ["org.springframework.boot.test.context.SpringBootTestContextBootstrapper=true"], contextCustomizers = [org.springframework.boot.test.context.filter.ExcludeFilterContextCustomizer@55493582, org.springframework.boot.test.json.DuplicateJsonObjectContextCustomizerFactory$DuplicateJsonObjectContextCustomizer@34158c08, org.springframework.boot.test.mock.mockito.MockitoContextCustomizer@0, org.springframework.boot.test.web.client.TestRestTemplateContextCustomizer@31dadd46, org.springframework.boot.test.web.reactive.server.WebTestClientContextCustomizer@10cf09e8, org.springframework.boot.test.web.reactor.netty.DisableReactorResourceFactoryGlobalResourcesContextCustomizerFactory$DisableReactorResourceFactoryGlobalResourcesContextCustomizerCustomizer@63787180, org.springframework.boot.test.autoconfigure.OnFailureConditionReportContextCustomizerFactory$OnFailureConditionReportContextCustomizer@2e1ef60, org.springframework.boot.test.autoconfigure.actuate.observability.ObservabilityContextCustomizerFactory$DisableObservabilityContextCustomizer@1f, org.springframework.boot.test.autoconfigure.properties.PropertyMappingContextCustomizer@0, org.springframework.boot.test.autoconfigure.web.servlet.WebDriverContextCustomizer@dbd8e44, org.springframework.boot.test.context.SpringBootTestAnnotation@9f6e4d8], resourceBasePath = "src/main/webapp", contextLoader = org.springframework.boot.test.context.SpringBootContextLoader, parent = null]
	at org.springframework.test.context.cache.DefaultCacheAwareContextLoaderDelegate.loadContext(DefaultCacheAwareContextLoaderDelegate.java:145)
	at org.springframework.test.context.support.DefaultTestContext.getApplicationContext(DefaultTestContext.java:130)
	at org.springframework.test.context.web.ServletTestExecutionListener.setUpRequestContextIfNecessary(ServletTestExecutionListener.java:191)
	at org.springframework.test.context.web.ServletTestExecutionListener.prepareTestInstance(ServletTestExecutionListener.java:130)
	at org.springframework.test.context.TestContextManager.prepareTestInstance(TestContextManager.java:260)
	at org.springframework.test.context.junit.jupiter.SpringExtension.postProcessTestInstance(SpringExtension.java:163)
	at org.junit.jupiter.engine.descriptor.ClassBasedTestDescriptor.lambda$invokeTestInstancePostProcessors$10(ClassBasedTestDescriptor.java:378)
	at org.junit.jupiter.engine.descriptor.ClassBasedTestDescriptor.executeAndMaskThrowable(ClassBasedTestDescriptor.java:383)
	at org.junit.jupiter.engine.descriptor.ClassBasedTestDescriptor.lambda$invokeTestInstancePostProcessors$11(ClassBasedTestDescriptor.java:378)
	at java.base/java.util.stream.ReferencePipeline$3$1.accept(ReferencePipeline.java:197)
	at java.base/java.util.stream.ReferencePipeline$2$1.accept(ReferencePipeline.java:179)
	at java.base/java.util.ArrayList$ArrayListSpliterator.forEachRemaining(ArrayList.java:1708)
	at java.base/java.util.stream.AbstractPipeline.copyInto(AbstractPipeline.java:509)
	at java.base/java.util.stream.AbstractPipeline.wrapAndCopyInto(AbstractPipeline.java:499)
	at java.base/java.util.stream.StreamSpliterators$WrappingSpliterator.forEachRemaining(StreamSpliterators.java:310)
	at java.base/java.util.stream.Streams$ConcatSpliterator.forEachRemaining(Streams.java:735)
	at java.base/java.util.stream.Streams$ConcatSpliterator.forEachRemaining(Streams.java:734)
	at java.base/java.util.stream.ReferencePipeline$Head.forEach(ReferencePipeline.java:762)
	at org.junit.jupiter.engine.descriptor.ClassBasedTestDescriptor.invokeTestInstancePostProcessors(ClassBasedTestDescriptor.java:377)
	at org.junit.jupiter.engine.descriptor.ClassBasedTestDescriptor.lambda$instantiateAndPostProcessTestInstance$6(ClassBasedTestDescriptor.java:290)
	at org.junit.platform.engine.support.hierarchical.ThrowableCollector.execute(ThrowableCollector.java:73)
	at org.junit.jupiter.engine.descriptor.ClassBasedTestDescriptor.instantiateAndPostProcessTestInstance(ClassBasedTestDescriptor.java:289)
	at org.junit.jupiter.engine.descriptor.ClassBasedTestDescriptor.lambda$testInstancesProvider$4(ClassBasedTestDescriptor.java:279)
	at java.base/java.util.Optional.orElseGet(Optional.java:364)
	at org.junit.jupiter.engine.descriptor.ClassBasedTestDescriptor.lambda$testInstancesProvider$5(ClassBasedTestDescriptor.java:278)
	at org.junit.jupiter.engine.execution.TestInstancesProvider.getTestInstances(TestInstancesProvider.java:31)
	at org.junit.jupiter.engine.descriptor.TestMethodTestDescriptor.lambda$prepare$0(TestMethodTestDescriptor.java:106)
	at org.junit.platform.engine.support.hierarchical.ThrowableCollector.execute(ThrowableCollector.java:73)
	at org.junit.jupiter.engine.descriptor.TestMethodTestDescriptor.prepare(TestMethodTestDescriptor.java:105)
	at org.junit.jupiter.engine.descriptor.TestMethodTestDescriptor.prepare(TestMethodTestDescriptor.java:69)
	at org.junit.platform.engine.support.hierarchical.NodeTestTask.lambda$prepare$2(NodeTestTask.java:128)
	at org.junit.platform.engine.support.hierarchical.ThrowableCollector.execute(ThrowableCollector.java:73)
	at org.junit.platform.engine.support.hierarchical.NodeTestTask.prepare(NodeTestTask.java:128)
	at org.junit.platform.engine.support.hierarchical.NodeTestTask.execute(NodeTestTask.java:95)
	at java.base/java.util.ArrayList.forEach(ArrayList.java:1596)
	at org.junit.platform.engine.support.hierarchical.SameThreadHierarchicalTestExecutorService.invokeAll(SameThreadHierarchicalTestExecutorService.java:41)
	at org.junit.platform.engine.support.hierarchical.NodeTestTask.lambda$executeRecursively$6(NodeTestTask.java:160)
	at org.junit.platform.engine.support.hierarchical.ThrowableCollector.execute(ThrowableCollector.java:73)
	at org.junit.platform.engine.support.hierarchical.NodeTestTask.lambda$executeRecursively$8(NodeTestTask.java:146)
	at org.junit.platform.engine.support.hierarchical.Node.around(Node.java:137)
	at org.junit.platform.engine.support.hierarchical.NodeTestTask.lambda$executeRecursively$9(NodeTestTask.java:144)
	at org.junit.platform.engine.support.hierarchical.ThrowableCollector.execute(ThrowableCollector.java:73)
	at org.junit.platform.engine.support.hierarchical.NodeTestTask.executeRecursively(NodeTestTask.java:143)
	at org.junit.platform.engine.support.hierarchical.NodeTestTask.execute(NodeTestTask.java:100)
	at java.base/java.util.ArrayList.forEach(ArrayList.java:1596)
	at org.junit.platform.engine.support.hierarchical.SameThreadHierarchicalTestExecutorService.invokeAll(SameThreadHierarchicalTestExecutorService.java:41)
	at org.junit.platform.engine.support.hierarchical.NodeTestTask.lambda$executeRecursively$6(NodeTestTask.java:160)
	at org.junit.platform.engine.support.hierarchical.ThrowableCollector.execute(ThrowableCollector.java:73)
	at org.junit.platform.engine.support.hierarchical.NodeTestTask.lambda$executeRecursively$8(NodeTestTask.java:146)
	at org.junit.platform.engine.support.hierarchical.Node.around(Node.java:137)
	at org.junit.platform.engine.support.hierarchical.NodeTestTask.lambda$executeRecursively$9(NodeTestTask.java:144)
	at org.junit.platform.engine.support.hierarchical.ThrowableCollector.execute(ThrowableCollector.java:73)
	at org.junit.platform.engine.support.hierarchical.NodeTestTask.executeRecursively(NodeTestTask.java:143)
	at org.junit.platform.engine.support.hierarchical.NodeTestTask.execute(NodeTestTask.java:100)
	at org.junit.platform.engine.support.hierarchical.SameThreadHierarchicalTestExecutorService.submit(SameThreadHierarchicalTestExecutorService.java:35)
	at org.junit.platform.engine.support.hierarchical.HierarchicalTestExecutor.execute(HierarchicalTestExecutor.java:57)
	at org.junit.platform.engine.support.hierarchical.HierarchicalTestEngine.execute(HierarchicalTestEngine.java:54)
	at org.junit.platform.launcher.core.EngineExecutionOrchestrator.execute(EngineExecutionOrchestrator.java:198)
	at org.junit.platform.launcher.core.EngineExecutionOrchestrator.execute(EngineExecutionOrchestrator.java:169)
	at org.junit.platform.launcher.core.EngineExecutionOrchestrator.execute(EngineExecutionOrchestrator.java:93)
	at org.junit.platform.launcher.core.EngineExecutionOrchestrator.lambda$execute$0(EngineExecutionOrchestrator.java:58)
	at org.junit.platform.launcher.core.EngineExecutionOrchestrator.withInterceptedStreams(EngineExecutionOrchestrator.java:141)
	at org.junit.platform.launcher.core.EngineExecutionOrchestrator.execute(EngineExecutionOrchestrator.java:57)
	at org.junit.platform.launcher.core.DefaultLauncher.execute(DefaultLauncher.java:103)
	at org.junit.platform.launcher.core.DefaultLauncher.execute(DefaultLauncher.java:85)
	at org.junit.platform.launcher.core.DelegatingLauncher.execute(DelegatingLauncher.java:47)
	at org.apache.maven.surefire.junitplatform.LazyLauncher.execute(LazyLauncher.java:56)
	at org.apache.maven.surefire.junitplatform.JUnitPlatformProvider.execute(JUnitPlatformProvider.java:184)
	at org.apache.maven.surefire.junitplatform.JUnitPlatformProvider.invokeAllTests(JUnitPlatformProvider.java:148)
	at org.apache.maven.surefire.junitplatform.JUnitPlatformProvider.invoke(JUnitPlatformProvider.java:122)
	at org.apache.maven.surefire.booter.ForkedBooter.runSuitesInProcess(ForkedBooter.java:385)
	at org.apache.maven.surefire.booter.ForkedBooter.execute(ForkedBooter.java:162)
	at org.apache.maven.surefire.booter.ForkedBooter.run(ForkedBooter.java:507)
	at org.apache.maven.surefire.booter.ForkedBooter.main(ForkedBooter.java:495)
2026-03-26 22:02:57.889 [main] [] WARN  o.s.test.context.TestContextManager - Caught exception while allowing TestExecutionListener [org.springframework.test.context.web.ServletTestExecutionListener] to prepare test instance [com.tlq.rectagent.context.ContextDesignImprovementsTest@5a24390b]
java.lang.IllegalStateException: ApplicationContext failure threshold (1) exceeded: skipping repeated attempt to load context for [WebMergedContextConfiguration@8dedec8 testClass = com.tlq.rectagent.context.ContextDesignImprovementsTest, locations = [], classes = [com.tlq.rectagent.RectAgentApplication], contextInitializerClasses = [], activeProfiles = [], propertySourceDescriptors = [], propertySourceProperties = ["org.springframework.boot.test.context.SpringBootTestContextBootstrapper=true"], contextCustomizers = [org.springframework.boot.test.context.filter.ExcludeFilterContextCustomizer@55493582, org.springframework.boot.test.json.DuplicateJsonObjectContextCustomizerFactory$DuplicateJsonObjectContextCustomizer@34158c08, org.springframework.boot.test.mock.mockito.MockitoContextCustomizer@0, org.springframework.boot.test.web.client.TestRestTemplateContextCustomizer@31dadd46, org.springframework.boot.test.web.reactive.server.WebTestClientContextCustomizer@10cf09e8, org.springframework.boot.test.web.reactor.netty.DisableReactorResourceFactoryGlobalResourcesContextCustomizerFactory$DisableReactorResourceFactoryGlobalResourcesContextCustomizerCustomizer@63787180, org.springframework.boot.test.autoconfigure.OnFailureConditionReportContextCustomizerFactory$OnFailureConditionReportContextCustomizer@2e1ef60, org.springframework.boot.test.autoconfigure.actuate.observability.ObservabilityContextCustomizerFactory$DisableObservabilityContextCustomizer@1f, org.springframework.boot.test.autoconfigure.properties.PropertyMappingContextCustomizer@0, org.springframework.boot.test.autoconfigure.web.servlet.WebDriverContextCustomizer@dbd8e44, org.springframework.boot.test.context.SpringBootTestAnnotation@9f6e4d8], resourceBasePath = "src/main/webapp", contextLoader = org.springframework.boot.test.context.SpringBootContextLoader, parent = null]
	at org.springframework.test.context.cache.DefaultCacheAwareContextLoaderDelegate.loadContext(DefaultCacheAwareContextLoaderDelegate.java:145)
	at org.springframework.test.context.support.DefaultTestContext.getApplicationContext(DefaultTestContext.java:130)
	at org.springframework.test.context.web.ServletTestExecutionListener.setUpRequestContextIfNecessary(ServletTestExecutionListener.java:191)
	at org.springframework.test.context.web.ServletTestExecutionListener.prepareTestInstance(ServletTestExecutionListener.java:130)
	at org.springframework.test.context.TestContextManager.prepareTestInstance(TestContextManager.java:260)
	at org.springframework.test.context.junit.jupiter.SpringExtension.postProcessTestInstance(SpringExtension.java:163)
	at org.junit.jupiter.engine.descriptor.ClassBasedTestDescriptor.lambda$invokeTestInstancePostProcessors$10(ClassBasedTestDescriptor.java:378)
	at org.junit.jupiter.engine.descriptor.ClassBasedTestDescriptor.executeAndMaskThrowable(ClassBasedTestDescriptor.java:383)
	at org.junit.jupiter.engine.descriptor.ClassBasedTestDescriptor.lambda$invokeTestInstancePostProcessors$11(ClassBasedTestDescriptor.java:378)
	at java.base/java.util.stream.ReferencePipeline$3$1.accept(ReferencePipeline.java:197)
	at java.base/java.util.stream.ReferencePipeline$2$1.accept(ReferencePipeline.java:179)
	at java.base/java.util.ArrayList$ArrayListSpliterator.forEachRemaining(ArrayList.java:1708)
	at java.base/java.util.stream.AbstractPipeline.copyInto(AbstractPipeline.java:509)
	at java.base/java.util.stream.AbstractPipeline.wrapAndCopyInto(AbstractPipeline.java:499)
	at java.base/java.util.stream.StreamSpliterators$WrappingSpliterator.forEachRemaining(StreamSpliterators.java:310)
	at java.base/java.util.stream.Streams$ConcatSpliterator.forEachRemaining(Streams.java:735)
	at java.base/java.util.stream.Streams$ConcatSpliterator.forEachRemaining(Streams.java:734)
	at java.base/java.util.stream.ReferencePipeline$Head.forEach(ReferencePipeline.java:762)
	at org.junit.jupiter.engine.descriptor.ClassBasedTestDescriptor.invokeTestInstancePostProcessors(ClassBasedTestDescriptor.java:377)
	at org.junit.jupiter.engine.descriptor.ClassBasedTestDescriptor.lambda$instantiateAndPostProcessTestInstance$6(ClassBasedTestDescriptor.java:290)
	at org.junit.platform.engine.support.hierarchical.ThrowableCollector.execute(ThrowableCollector.java:73)
	at org.junit.jupiter.engine.descriptor.ClassBasedTestDescriptor.instantiateAndPostProcessTestInstance(ClassBasedTestDescriptor.java:289)
	at org.junit.jupiter.engine.descriptor.ClassBasedTestDescriptor.lambda$testInstancesProvider$4(ClassBasedTestDescriptor.java:279)
	at java.base/java.util.Optional.orElseGet(Optional.java:364)
	at org.junit.jupiter.engine.descriptor.ClassBasedTestDescriptor.lambda$testInstancesProvider$5(ClassBasedTestDescriptor.java:278)
	at org.junit.jupiter.engine.execution.TestInstancesProvider.getTestInstances(TestInstancesProvider.java:31)
	at org.junit.jupiter.engine.descriptor.TestMethodTestDescriptor.lambda$prepare$0(TestMethodTestDescriptor.java:106)
	at org.junit.platform.engine.support.hierarchical.ThrowableCollector.execute(ThrowableCollector.java:73)
	at org.junit.jupiter.engine.descriptor.TestMethodTestDescriptor.prepare(TestMethodTestDescriptor.java:105)
	at org.junit.jupiter.engine.descriptor.TestMethodTestDescriptor.prepare(TestMethodTestDescriptor.java:69)
	at org.junit.platform.engine.support.hierarchical.NodeTestTask.lambda$prepare$2(NodeTestTask.java:128)
	at org.junit.platform.engine.support.hierarchical.ThrowableCollector.execute(ThrowableCollector.java:73)
	at org.junit.platform.engine.support.hierarchical.NodeTestTask.prepare(NodeTestTask.java:128)
	at org.junit.platform.engine.support.hierarchical.NodeTestTask.execute(NodeTestTask.java:95)
	at java.base/java.util.ArrayList.forEach(ArrayList.java:1596)
	at org.junit.platform.engine.support.hierarchical.SameThreadHierarchicalTestExecutorService.invokeAll(SameThreadHierarchicalTestExecutorService.java:41)
	at org.junit.platform.engine.support.hierarchical.NodeTestTask.lambda$executeRecursively$6(NodeTestTask.java:160)
	at org.junit.platform.engine.support.hierarchical.ThrowableCollector.execute(ThrowableCollector.java:73)
	at org.junit.platform.engine.support.hierarchical.NodeTestTask.lambda$executeRecursively$8(NodeTestTask.java:146)
	at org.junit.platform.engine.support.hierarchical.Node.around(Node.java:137)
	at org.junit.platform.engine.support.hierarchical.NodeTestTask.lambda$executeRecursively$9(NodeTestTask.java:144)
	at org.junit.platform.engine.support.hierarchical.ThrowableCollector.execute(ThrowableCollector.java:73)
	at org.junit.platform.engine.support.hierarchical.NodeTestTask.executeRecursively(NodeTestTask.java:143)
	at org.junit.platform.engine.support.hierarchical.NodeTestTask.execute(NodeTestTask.java:100)
	at java.base/java.util.ArrayList.forEach(ArrayList.java:1596)
	at org.junit.platform.engine.support.hierarchical.SameThreadHierarchicalTestExecutorService.invokeAll(SameThreadHierarchicalTestExecutorService.java:41)
	at org.junit.platform.engine.support.hierarchical.NodeTestTask.lambda$executeRecursively$6(NodeTestTask.java:160)
	at org.junit.platform.engine.support.hierarchical.ThrowableCollector.execute(ThrowableCollector.java:73)
	at org.junit.platform.engine.support.hierarchical.NodeTestTask.lambda$executeRecursively$8(NodeTestTask.java:146)
	at org.junit.platform.engine.support.hierarchical.Node.around(Node.java:137)
	at org.junit.platform.engine.support.hierarchical.NodeTestTask.lambda$executeRecursively$9(NodeTestTask.java:144)
	at org.junit.platform.engine.support.hierarchical.ThrowableCollector.execute(ThrowableCollector.java:73)
	at org.junit.platform.engine.support.hierarchical.NodeTestTask.executeRecursively(NodeTestTask.java:143)
	at org.junit.platform.engine.support.hierarchical.NodeTestTask.execute(NodeTestTask.java:100)
	at org.junit.platform.engine.support.hierarchical.SameThreadHierarchicalTestExecutorService.submit(SameThreadHierarchicalTestExecutorService.java:35)
	at org.junit.platform.engine.support.hierarchical.HierarchicalTestExecutor.execute(HierarchicalTestExecutor.java:57)
	at org.junit.platform.engine.support.hierarchical.HierarchicalTestEngine.execute(HierarchicalTestEngine.java:54)
	at org.junit.platform.launcher.core.EngineExecutionOrchestrator.execute(EngineExecutionOrchestrator.java:198)
	at org.junit.platform.launcher.core.EngineExecutionOrchestrator.execute(EngineExecutionOrchestrator.java:169)
	at org.junit.platform.launcher.core.EngineExecutionOrchestrator.execute(EngineExecutionOrchestrator.java:93)
	at org.junit.platform.launcher.core.EngineExecutionOrchestrator.lambda$execute$0(EngineExecutionOrchestrator.java:58)
	at org.junit.platform.launcher.core.EngineExecutionOrchestrator.withInterceptedStreams(EngineExecutionOrchestrator.java:141)
	at org.junit.platform.launcher.core.EngineExecutionOrchestrator.execute(EngineExecutionOrchestrator.java:57)
	at org.junit.platform.launcher.core.DefaultLauncher.execute(DefaultLauncher.java:103)
	at org.junit.platform.launcher.core.DefaultLauncher.execute(DefaultLauncher.java:85)
	at org.junit.platform.launcher.core.DelegatingLauncher.execute(DelegatingLauncher.java:47)
	at org.apache.maven.surefire.junitplatform.LazyLauncher.execute(LazyLauncher.java:56)
	at org.apache.maven.surefire.junitplatform.JUnitPlatformProvider.execute(JUnitPlatformProvider.java:184)
	at org.apache.maven.surefire.junitplatform.JUnitPlatformProvider.invokeAllTests(JUnitPlatformProvider.java:148)
	at org.apache.maven.surefire.junitplatform.JUnitPlatformProvider.invoke(JUnitPlatformProvider.java:122)
	at org.apache.maven.surefire.booter.ForkedBooter.runSuitesInProcess(ForkedBooter.java:385)
	at org.apache.maven.surefire.booter.ForkedBooter.execute(ForkedBooter.java:162)
	at org.apache.maven.surefire.booter.ForkedBooter.run(ForkedBooter.java:507)
	at org.apache.maven.surefire.booter.ForkedBooter.main(ForkedBooter.java:495)
[ERROR] Tests run: 6, Failures: 0, Errors: 6, Skipped: 0, Time elapsed: 0.925 s <<< FAILURE! -- in com.tlq.rectagent.context.ContextDesignImprovementsTest
[ERROR] com.tlq.rectagent.context.ContextDesignImprovementsTest.testMessagePurifier -- Time elapsed: 0.002 s <<< ERROR!
java.lang.IllegalStateException: Failed to load ApplicationContext for [WebMergedContextConfiguration@8dedec8 testClass = com.tlq.rectagent.context.ContextDesignImprovementsTest, locations = [], classes = [com.tlq.rectagent.RectAgentApplication], contextInitializerClasses = [], activeProfiles = [], propertySourceDescriptors = [], propertySourceProperties = ["org.springframework.boot.test.context.SpringBootTestContextBootstrapper=true"], contextCustomizers = [org.springframework.boot.test.context.filter.ExcludeFilterContextCustomizer@55493582, org.springframework.boot.test.json.DuplicateJsonObjectContextCustomizerFactory$DuplicateJsonObjectContextCustomizer@34158c08, org.springframework.boot.test.mock.mockito.MockitoContextCustomizer@0, org.springframework.boot.test.web.client.TestRestTemplateContextCustomizer@31dadd46, org.springframework.boot.test.web.reactive.server.WebTestClientContextCustomizer@10cf09e8, org.springframework.boot.test.web.reactor.netty.DisableReactorResourceFactoryGlobalResourcesContextCustomizerFactory$DisableReactorResourceFactoryGlobalResourcesContextCustomizerCustomizer@63787180, org.springframework.boot.test.autoconfigure.OnFailureConditionReportContextCustomizerFactory$OnFailureConditionReportContextCustomizer@2e1ef60, org.springframework.boot.test.autoconfigure.actuate.observability.ObservabilityContextCustomizerFactory$DisableObservabilityContextCustomizer@1f, org.springframework.boot.test.autoconfigure.properties.PropertyMappingContextCustomizer@0, org.springframework.boot.test.autoconfigure.web.servlet.WebDriverContextCustomizer@dbd8e44, org.springframework.boot.test.context.SpringBootTestAnnotation@9f6e4d8], resourceBasePath = "src/main/webapp", contextLoader = org.springframework.boot.test.context.SpringBootContextLoader, parent = null]
	at org.springframework.test.context.cache.DefaultCacheAwareContextLoaderDelegate.loadContext(DefaultCacheAwareContextLoaderDelegate.java:180)
	at org.springframework.test.context.support.DefaultTestContext.getApplicationContext(DefaultTestContext.java:130)
	at org.springframework.test.context.web.ServletTestExecutionListener.setUpRequestContextIfNecessary(ServletTestExecutionListener.java:191)
	at org.springframework.test.context.web.ServletTestExecutionListener.prepareTestInstance(ServletTestExecutionListener.java:130)
	at org.springframework.test.context.TestContextManager.prepareTestInstance(TestContextManager.java:260)
	at org.springframework.test.context.junit.jupiter.SpringExtension.postProcessTestInstance(SpringExtension.java:163)
	at java.base/java.util.stream.ReferencePipeline$3$1.accept(ReferencePipeline.java:197)
	at java.base/java.util.stream.ReferencePipeline$2$1.accept(ReferencePipeline.java:179)
	at java.base/java.util.ArrayList$ArrayListSpliterator.forEachRemaining(ArrayList.java:1708)
	at java.base/java.util.stream.AbstractPipeline.copyInto(AbstractPipeline.java:509)
	at java.base/java.util.stream.AbstractPipeline.wrapAndCopyInto(AbstractPipeline.java:499)
	at java.base/java.util.stream.StreamSpliterators$WrappingSpliterator.forEachRemaining(StreamSpliterators.java:310)
	at java.base/java.util.stream.Streams$ConcatSpliterator.forEachRemaining(Streams.java:735)
	at java.base/java.util.stream.Streams$ConcatSpliterator.forEachRemaining(Streams.java:734)
	at java.base/java.util.stream.ReferencePipeline$Head.forEach(ReferencePipeline.java:762)
	at java.base/java.util.Optional.orElseGet(Optional.java:364)
	at java.base/java.util.ArrayList.forEach(ArrayList.java:1596)
	at java.base/java.util.ArrayList.forEach(ArrayList.java:1596)
Caused by: org.springframework.beans.factory.UnsatisfiedDependencyException: Error creating bean with name 'coordinatorAgent': Unsatisfied dependency expressed through field 'intentRecognitionAgent': Error creating bean with name 'intentRecognitionAgent': Unsatisfied dependency expressed through field 'agentModelRouter': Error creating bean with name 'com.tlq.rectagent.config.ModelAutoConfiguration': Unsatisfied dependency expressed through field 'chatModelPool': Error creating bean with name 'com.tlq.rectagent.config.ModelAutoConfiguration': Requested bean is currently in creation: Is there an unresolvable circular reference?
	at org.springframework.beans.factory.annotation.AutowiredAnnotationBeanPostProcessor$AutowiredFieldElement.resolveFieldValue(AutowiredAnnotationBeanPostProcessor.java:788)
	at org.springframework.beans.factory.annotation.AutowiredAnnotationBeanPostProcessor$AutowiredFieldElement.inject(AutowiredAnnotationBeanPostProcessor.java:768)
	at org.springframework.beans.factory.annotation.InjectionMetadata.inject(InjectionMetadata.java:145)
	at org.springframework.beans.factory.annotation.AutowiredAnnotationBeanPostProcessor.postProcessProperties(AutowiredAnnotationBeanPostProcessor.java:509)
	at org.springframework.beans.factory.support.AbstractAutowireCapableBeanFactory.populateBean(AbstractAutowireCapableBeanFactory.java:1439)
	at org.springframework.beans.factory.support.AbstractAutowireCapableBeanFactory.doCreateBean(AbstractAutowireCapableBeanFactory.java:599)
	at org.springframework.beans.factory.support.AbstractAutowireCapableBeanFactory.createBean(AbstractAutowireCapableBeanFactory.java:522)
	at org.springframework.beans.factory.support.AbstractBeanFactory.lambda$doGetBean$0(AbstractBeanFactory.java:337)
	at org.springframework.beans.factory.support.DefaultSingletonBeanRegistry.getSingleton(DefaultSingletonBeanRegistry.java:234)
	at org.springframework.beans.factory.support.AbstractBeanFactory.doGetBean(AbstractBeanFactory.java:335)
	at org.springframework.beans.factory.support.AbstractBeanFactory.getBean(AbstractBeanFactory.java:200)
	at org.springframework.beans.factory.support.DefaultListableBeanFactory.preInstantiateSingletons(DefaultListableBeanFactory.java:975)
	at org.springframework.context.support.AbstractApplicationContext.finishBeanFactoryInitialization(AbstractApplicationContext.java:971)
	at org.springframework.context.support.AbstractApplicationContext.refresh(AbstractApplicationContext.java:625)
	at org.springframework.boot.SpringApplication.refresh(SpringApplication.java:754)
	at org.springframework.boot.SpringApplication.refreshContext(SpringApplication.java:456)
	at org.springframework.boot.SpringApplication.run(SpringApplication.java:335)
	at org.springframework.boot.test.context.SpringBootContextLoader.lambda$loadContext$3(SpringBootContextLoader.java:137)
	at org.springframework.util.function.ThrowingSupplier.get(ThrowingSupplier.java:58)
	at org.springframework.util.function.ThrowingSupplier.get(ThrowingSupplier.java:46)
	at org.springframework.boot.SpringApplication.withHook(SpringApplication.java:1463)
	at org.springframework.boot.test.context.SpringBootContextLoader$ContextLoaderHook.run(SpringBootContextLoader.java:553)
	at org.springframework.boot.test.context.SpringBootContextLoader.loadContext(SpringBootContextLoader.java:137)
	at org.springframework.boot.test.context.SpringBootContextLoader.loadContext(SpringBootContextLoader.java:108)
	at org.springframework.test.context.cache.DefaultCacheAwareContextLoaderDelegate.loadContextInternal(DefaultCacheAwareContextLoaderDelegate.java:225)
	at org.springframework.test.context.cache.DefaultCacheAwareContextLoaderDelegate.loadContext(DefaultCacheAwareContextLoaderDelegate.java:152)
	... 17 more
Caused by: org.springframework.beans.factory.UnsatisfiedDependencyException: Error creating bean with name 'intentRecognitionAgent': Unsatisfied dependency expressed through field 'agentModelRouter': Error creating bean with name 'com.tlq.rectagent.config.ModelAutoConfiguration': Unsatisfied dependency expressed through field 'chatModelPool': Error creating bean with name 'com.tlq.rectagent.config.ModelAutoConfiguration': Requested bean is currently in creation: Is there an unresolvable circular reference?
	at org.springframework.beans.factory.annotation.AutowiredAnnotationBeanPostProcessor$AutowiredFieldElement.resolveFieldValue(AutowiredAnnotationBeanPostProcessor.java:788)
	at org.springframework.beans.factory.annotation.AutowiredAnnotationBeanPostProcessor$AutowiredFieldElement.inject(AutowiredAnnotationBeanPostProcessor.java:768)
	at org.springframework.beans.factory.annotation.InjectionMetadata.inject(InjectionMetadata.java:145)
	at org.springframework.beans.factory.annotation.AutowiredAnnotationBeanPostProcessor.postProcessProperties(AutowiredAnnotationBeanPostProcessor.java:509)
	at org.springframework.beans.factory.support.AbstractAutowireCapableBeanFactory.populateBean(AbstractAutowireCapableBeanFactory.java:1439)
	at org.springframework.beans.factory.support.AbstractAutowireCapableBeanFactory.doCreateBean(AbstractAutowireCapableBeanFactory.java:599)
	at org.springframework.beans.factory.support.AbstractAutowireCapableBeanFactory.createBean(AbstractAutowireCapableBeanFactory.java:522)
	at org.springframework.beans.factory.support.AbstractBeanFactory.lambda$doGetBean$0(AbstractBeanFactory.java:337)
	at org.springframework.beans.factory.support.DefaultSingletonBeanRegistry.getSingleton(DefaultSingletonBeanRegistry.java:234)
	at org.springframework.beans.factory.support.AbstractBeanFactory.doGetBean(AbstractBeanFactory.java:335)
	at org.springframework.beans.factory.support.AbstractBeanFactory.getBean(AbstractBeanFactory.java:200)
	at org.springframework.beans.factory.config.DependencyDescriptor.resolveCandidate(DependencyDescriptor.java:254)
	at org.springframework.beans.factory.support.DefaultListableBeanFactory.doResolveDependency(DefaultListableBeanFactory.java:1443)
	at org.springframework.beans.factory.support.DefaultListableBeanFactory.resolveDependency(DefaultListableBeanFactory.java:1353)
	at org.springframework.beans.factory.annotation.AutowiredAnnotationBeanPostProcessor$AutowiredFieldElement.resolveFieldValue(AutowiredAnnotationBeanPostProcessor.java:785)
	... 42 more
Caused by: org.springframework.beans.factory.UnsatisfiedDependencyException: Error creating bean with name 'com.tlq.rectagent.config.ModelAutoConfiguration': Unsatisfied dependency expressed through field 'chatModelPool': Error creating bean with name 'com.tlq.rectagent.config.ModelAutoConfiguration': Requested bean is currently in creation: Is there an unresolvable circular reference?
	at org.springframework.beans.factory.annotation.AutowiredAnnotationBeanPostProcessor$AutowiredFieldElement.resolveFieldValue(AutowiredAnnotationBeanPostProcessor.java:788)
	at org.springframework.beans.factory.annotation.AutowiredAnnotationBeanPostProcessor$AutowiredFieldElement.inject(AutowiredAnnotationBeanPostProcessor.java:768)
	at org.springframework.beans.factory.annotation.InjectionMetadata.inject(InjectionMetadata.java:145)
	at org.springframework.beans.factory.annotation.AutowiredAnnotationBeanPostProcessor.postProcessProperties(AutowiredAnnotationBeanPostProcessor.java:509)
	at org.springframework.beans.factory.support.AbstractAutowireCapableBeanFactory.populateBean(AbstractAutowireCapableBeanFactory.java:1439)
	at org.springframework.beans.factory.support.AbstractAutowireCapableBeanFactory.doCreateBean(AbstractAutowireCapableBeanFactory.java:599)
	at org.springframework.beans.factory.support.AbstractAutowireCapableBeanFactory.createBean(AbstractAutowireCapableBeanFactory.java:522)
	at org.springframework.beans.factory.support.AbstractBeanFactory.lambda$doGetBean$0(AbstractBeanFactory.java:337)
	at org.springframework.beans.factory.support.DefaultSingletonBeanRegistry.getSingleton(DefaultSingletonBeanRegistry.java:234)
	at org.springframework.beans.factory.support.AbstractBeanFactory.doGetBean(AbstractBeanFactory.java:335)
	at org.springframework.beans.factory.support.AbstractBeanFactory.getBean(AbstractBeanFactory.java:200)
	at org.springframework.beans.factory.support.ConstructorResolver.instantiateUsingFactoryMethod(ConstructorResolver.java:409)
	at org.springframework.beans.factory.support.AbstractAutowireCapableBeanFactory.instantiateUsingFactoryMethod(AbstractAutowireCapableBeanFactory.java:1355)
	at org.springframework.beans.factory.support.AbstractAutowireCapableBeanFactory.createBeanInstance(AbstractAutowireCapableBeanFactory.java:1185)
	at org.springframework.beans.factory.support.AbstractAutowireCapableBeanFactory.doCreateBean(AbstractAutowireCapableBeanFactory.java:562)
	at org.springframework.beans.factory.support.AbstractAutowireCapableBeanFactory.createBean(AbstractAutowireCapableBeanFactory.java:522)
	at org.springframework.beans.factory.support.AbstractBeanFactory.lambda$doGetBean$0(AbstractBeanFactory.java:337)
	at org.springframework.beans.factory.support.DefaultSingletonBeanRegistry.getSingleton(DefaultSingletonBeanRegistry.java:234)
	at org.springframework.beans.factory.support.AbstractBeanFactory.doGetBean(AbstractBeanFactory.java:335)
	at org.springframework.beans.factory.support.AbstractBeanFactory.getBean(AbstractBeanFactory.java:200)
	at org.springframework.beans.factory.config.DependencyDescriptor.resolveCandidate(DependencyDescriptor.java:254)
	at org.springframework.beans.factory.support.DefaultListableBeanFactory.doResolveDependency(DefaultListableBeanFactory.java:1443)
	at org.springframework.beans.factory.support.DefaultListableBeanFactory.resolveDependency(DefaultListableBeanFactory.java:1353)
	at org.springframework.beans.factory.annotation.AutowiredAnnotationBeanPostProcessor$AutowiredFieldElement.resolveFieldValue(AutowiredAnnotationBeanPostProcessor.java:785)
	... 56 more
Caused by: org.springframework.beans.factory.BeanCurrentlyInCreationException: Error creating bean with name 'com.tlq.rectagent.config.ModelAutoConfiguration': Requested bean is currently in creation: Is there an unresolvable circular reference?
	at org.springframework.beans.factory.support.DefaultSingletonBeanRegistry.beforeSingletonCreation(DefaultSingletonBeanRegistry.java:355)
	at org.springframework.beans.factory.support.DefaultSingletonBeanRegistry.getSingleton(DefaultSingletonBeanRegistry.java:227)
	at org.springframework.beans.factory.support.AbstractBeanFactory.doGetBean(AbstractBeanFactory.java:335)
	at org.springframework.beans.factory.support.AbstractBeanFactory.getBean(AbstractBeanFactory.java:200)
	at org.springframework.beans.factory.support.ConstructorResolver.instantiateUsingFactoryMethod(ConstructorResolver.java:409)
	at org.springframework.beans.factory.support.AbstractAutowireCapableBeanFactory.instantiateUsingFactoryMethod(AbstractAutowireCapableBeanFactory.java:1355)
	at org.springframework.beans.factory.support.AbstractAutowireCapableBeanFactory.createBeanInstance(AbstractAutowireCapableBeanFactory.java:1185)
	at org.springframework.beans.factory.support.AbstractAutowireCapableBeanFactory.doCreateBean(AbstractAutowireCapableBeanFactory.java:562)
	at org.springframework.beans.factory.support.AbstractAutowireCapableBeanFactory.createBean(AbstractAutowireCapableBeanFactory.java:522)
	at org.springframework.beans.factory.support.AbstractBeanFactory.lambda$doGetBean$0(AbstractBeanFactory.java:337)
	at org.springframework.beans.factory.support.DefaultSingletonBeanRegistry.getSingleton(DefaultSingletonBeanRegistry.java:234)
	at org.springframework.beans.factory.support.AbstractBeanFactory.doGetBean(AbstractBeanFactory.java:335)
	at org.springframework.beans.factory.support.AbstractBeanFactory.getBean(AbstractBeanFactory.java:200)
	at org.springframework.beans.factory.config.DependencyDescriptor.resolveCandidate(DependencyDescriptor.java:254)
	at org.springframework.beans.factory.support.DefaultListableBeanFactory.doResolveDependency(DefaultListableBeanFactory.java:1443)
	at org.springframework.beans.factory.support.DefaultListableBeanFactory.resolveDependency(DefaultListableBeanFactory.java:1353)
	at org.springframework.beans.factory.annotation.AutowiredAnnotationBeanPostProcessor$AutowiredFieldElement.resolveFieldValue(AutowiredAnnotationBeanPostProcessor.java:785)
	... 79 more

[ERROR] com.tlq.rectagent.context.ContextDesignImprovementsTest.testLayeredContextLoading -- Time elapsed: 0 s <<< ERROR!
java.lang.IllegalStateException: ApplicationContext failure threshold (1) exceeded: skipping repeated attempt to load context for [WebMergedContextConfiguration@8dedec8 testClass = com.tlq.rectagent.context.ContextDesignImprovementsTest, locations = [], classes = [com.tlq.rectagent.RectAgentApplication], contextInitializerClasses = [], activeProfiles = [], propertySourceDescriptors = [], propertySourceProperties = ["org.springframework.boot.test.context.SpringBootTestContextBootstrapper=true"], contextCustomizers = [org.springframework.boot.test.context.filter.ExcludeFilterContextCustomizer@55493582, org.springframework.boot.test.json.DuplicateJsonObjectContextCustomizerFactory$DuplicateJsonObjectContextCustomizer@34158c08, org.springframework.boot.test.mock.mockito.MockitoContextCustomizer@0, org.springframework.boot.test.web.client.TestRestTemplateContextCustomizer@31dadd46, org.springframework.boot.test.web.reactive.server.WebTestClientContextCustomizer@10cf09e8, org.springframework.boot.test.web.reactor.netty.DisableReactorResourceFactoryGlobalResourcesContextCustomizerFactory$DisableReactorResourceFactoryGlobalResourcesContextCustomizerCustomizer@63787180, org.springframework.boot.test.autoconfigure.OnFailureConditionReportContextCustomizerFactory$OnFailureConditionReportContextCustomizer@2e1ef60, org.springframework.boot.test.autoconfigure.actuate.observability.ObservabilityContextCustomizerFactory$DisableObservabilityContextCustomizer@1f, org.springframework.boot.test.autoconfigure.properties.PropertyMappingContextCustomizer@0, org.springframework.boot.test.autoconfigure.web.servlet.WebDriverContextCustomizer@dbd8e44, org.springframework.boot.test.context.SpringBootTestAnnotation@9f6e4d8], resourceBasePath = "src/main/webapp", contextLoader = org.springframework.boot.test.context.SpringBootContextLoader, parent = null]
	at org.springframework.test.context.cache.DefaultCacheAwareContextLoaderDelegate.loadContext(DefaultCacheAwareContextLoaderDelegate.java:145)
	at org.springframework.test.context.support.DefaultTestContext.getApplicationContext(DefaultTestContext.java:130)
	at org.springframework.test.context.web.ServletTestExecutionListener.setUpRequestContextIfNecessary(ServletTestExecutionListener.java:191)
	at org.springframework.test.context.web.ServletTestExecutionListener.prepareTestInstance(ServletTestExecutionListener.java:130)
	at org.springframework.test.context.TestContextManager.prepareTestInstance(TestContextManager.java:260)
	at org.springframework.test.context.junit.jupiter.SpringExtension.postProcessTestInstance(SpringExtension.java:163)
	at java.base/java.util.stream.ReferencePipeline$3$1.accept(ReferencePipeline.java:197)
	at java.base/java.util.stream.ReferencePipeline$2$1.accept(ReferencePipeline.java:179)
	at java.base/java.util.ArrayList$ArrayListSpliterator.forEachRemaining(ArrayList.java:1708)
	at java.base/java.util.stream.AbstractPipeline.copyInto(AbstractPipeline.java:509)
	at java.base/java.util.stream.AbstractPipeline.wrapAndCopyInto(AbstractPipeline.java:499)
	at java.base/java.util.stream.StreamSpliterators$WrappingSpliterator.forEachRemaining(StreamSpliterators.java:310)
	at java.base/java.util.stream.Streams$ConcatSpliterator.forEachRemaining(Streams.java:735)
	at java.base/java.util.stream.Streams$ConcatSpliterator.forEachRemaining(Streams.java:734)
	at java.base/java.util.stream.ReferencePipeline$Head.forEach(ReferencePipeline.java:762)
	at java.base/java.util.Optional.orElseGet(Optional.java:364)
	at java.base/java.util.ArrayList.forEach(ArrayList.java:1596)
	at java.base/java.util.ArrayList.forEach(ArrayList.java:1596)

[ERROR] com.tlq.rectagent.context.ContextDesignImprovementsTest.testTokenBudgetCompression -- Time elapsed: 0 s <<< ERROR!
java.lang.IllegalStateException: ApplicationContext failure threshold (1) exceeded: skipping repeated attempt to load context for [WebMergedContextConfiguration@8dedec8 testClass = com.tlq.rectagent.context.ContextDesignImprovementsTest, locations = [], classes = [com.tlq.rectagent.RectAgentApplication], contextInitializerClasses = [], activeProfiles = [], propertySourceDescriptors = [], propertySourceProperties = ["org.springframework.boot.test.context.SpringBootTestContextBootstrapper=true"], contextCustomizers = [org.springframework.boot.test.context.filter.ExcludeFilterContextCustomizer@55493582, org.springframework.boot.test.json.DuplicateJsonObjectContextCustomizerFactory$DuplicateJsonObjectContextCustomizer@34158c08, org.springframework.boot.test.mock.mockito.MockitoContextCustomizer@0, org.springframework.boot.test.web.client.TestRestTemplateContextCustomizer@31dadd46, org.springframework.boot.test.web.reactive.server.WebTestClientContextCustomizer@10cf09e8, org.springframework.boot.test.web.reactor.netty.DisableReactorResourceFactoryGlobalResourcesContextCustomizerFactory$DisableReactorResourceFactoryGlobalResourcesContextCustomizerCustomizer@63787180, org.springframework.boot.test.autoconfigure.OnFailureConditionReportContextCustomizerFactory$OnFailureConditionReportContextCustomizer@2e1ef60, org.springframework.boot.test.autoconfigure.actuate.observability.ObservabilityContextCustomizerFactory$DisableObservabilityContextCustomizer@1f, org.springframework.boot.test.autoconfigure.properties.PropertyMappingContextCustomizer@0, org.springframework.boot.test.autoconfigure.web.servlet.WebDriverContextCustomizer@dbd8e44, org.springframework.boot.test.context.SpringBootTestAnnotation@9f6e4d8], resourceBasePath = "src/main/webapp", contextLoader = org.springframework.boot.test.context.SpringBootContextLoader, parent = null]
	at org.springframework.test.context.cache.DefaultCacheAwareContextLoaderDelegate.loadContext(DefaultCacheAwareContextLoaderDelegate.java:145)
	at org.springframework.test.context.support.DefaultTestContext.getApplicationContext(DefaultTestContext.java:130)
	at org.springframework.test.context.web.ServletTestExecutionListener.setUpRequestContextIfNecessary(ServletTestExecutionListener.java:191)
	at org.springframework.test.context.web.ServletTestExecutionListener.prepareTestInstance(ServletTestExecutionListener.java:130)
	at org.springframework.test.context.TestContextManager.prepareTestInstance(TestContextManager.java:260)
	at org.springframework.test.context.junit.jupiter.SpringExtension.postProcessTestInstance(SpringExtension.java:163)
	at java.base/java.util.stream.ReferencePipeline$3$1.accept(ReferencePipeline.java:197)
	at java.base/java.util.stream.ReferencePipeline$2$1.accept(ReferencePipeline.java:179)
	at java.base/java.util.ArrayList$ArrayListSpliterator.forEachRemaining(ArrayList.java:1708)
	at java.base/java.util.stream.AbstractPipeline.copyInto(AbstractPipeline.java:509)
	at java.base/java.util.stream.AbstractPipeline.wrapAndCopyInto(AbstractPipeline.java:499)
	at java.base/java.util.stream.StreamSpliterators$WrappingSpliterator.forEachRemaining(StreamSpliterators.java:310)
	at java.base/java.util.stream.Streams$ConcatSpliterator.forEachRemaining(Streams.java:735)
	at java.base/java.util.stream.Streams$ConcatSpliterator.forEachRemaining(Streams.java:734)
	at java.base/java.util.stream.ReferencePipeline$Head.forEach(ReferencePipeline.java:762)
	at java.base/java.util.Optional.orElseGet(Optional.java:364)
	at java.base/java.util.ArrayList.forEach(ArrayList.java:1596)
	at java.base/java.util.ArrayList.forEach(ArrayList.java:1596)

[ERROR] com.tlq.rectagent.context.ContextDesignImprovementsTest.testFullContextFlow -- Time elapsed: 0.002 s <<< ERROR!
java.lang.IllegalStateException: ApplicationContext failure threshold (1) exceeded: skipping repeated attempt to load context for [WebMergedContextConfiguration@8dedec8 testClass = com.tlq.rectagent.context.ContextDesignImprovementsTest, locations = [], classes = [com.tlq.rectagent.RectAgentApplication], contextInitializerClasses = [], activeProfiles = [], propertySourceDescriptors = [], propertySourceProperties = ["org.springframework.boot.test.context.SpringBootTestContextBootstrapper=true"], contextCustomizers = [org.springframework.boot.test.context.filter.ExcludeFilterContextCustomizer@55493582, org.springframework.boot.test.json.DuplicateJsonObjectContextCustomizerFactory$DuplicateJsonObjectContextCustomizer@34158c08, org.springframework.boot.test.mock.mockito.MockitoContextCustomizer@0, org.springframework.boot.test.web.client.TestRestTemplateContextCustomizer@31dadd46, org.springframework.boot.test.web.reactive.server.WebTestClientContextCustomizer@10cf09e8, org.springframework.boot.test.web.reactor.netty.DisableReactorResourceFactoryGlobalResourcesContextCustomizerFactory$DisableReactorResourceFactoryGlobalResourcesContextCustomizerCustomizer@63787180, org.springframework.boot.test.autoconfigure.OnFailureConditionReportContextCustomizerFactory$OnFailureConditionReportContextCustomizer@2e1ef60, org.springframework.boot.test.autoconfigure.actuate.observability.ObservabilityContextCustomizerFactory$DisableObservabilityContextCustomizer@1f, org.springframework.boot.test.autoconfigure.properties.PropertyMappingContextCustomizer@0, org.springframework.boot.test.autoconfigure.web.servlet.WebDriverContextCustomizer@dbd8e44, org.springframework.boot.test.context.SpringBootTestAnnotation@9f6e4d8], resourceBasePath = "src/main/webapp", contextLoader = org.springframework.boot.test.context.SpringBootContextLoader, parent = null]
	at org.springframework.test.context.cache.DefaultCacheAwareContextLoaderDelegate.loadContext(DefaultCacheAwareContextLoaderDelegate.java:145)
	at org.springframework.test.context.support.DefaultTestContext.getApplicationContext(DefaultTestContext.java:130)
	at org.springframework.test.context.web.ServletTestExecutionListener.setUpRequestContextIfNecessary(ServletTestExecutionListener.java:191)
	at org.springframework.test.context.web.ServletTestExecutionListener.prepareTestInstance(ServletTestExecutionListener.java:130)
	at org.springframework.test.context.TestContextManager.prepareTestInstance(TestContextManager.java:260)
	at org.springframework.test.context.junit.jupiter.SpringExtension.postProcessTestInstance(SpringExtension.java:163)
	at java.base/java.util.stream.ReferencePipeline$3$1.accept(ReferencePipeline.java:197)
	at java.base/java.util.stream.ReferencePipeline$2$1.accept(ReferencePipeline.java:179)
	at java.base/java.util.ArrayList$ArrayListSpliterator.forEachRemaining(ArrayList.java:1708)
	at java.base/java.util.stream.AbstractPipeline.copyInto(AbstractPipeline.java:509)
	at java.base/java.util.stream.AbstractPipeline.wrapAndCopyInto(AbstractPipeline.java:499)
	at java.base/java.util.stream.StreamSpliterators$WrappingSpliterator.forEachRemaining(StreamSpliterators.java:310)
	at java.base/java.util.stream.Streams$ConcatSpliterator.forEachRemaining(Streams.java:735)
	at java.base/java.util.stream.Streams$ConcatSpliterator.forEachRemaining(Streams.java:734)
	at java.base/java.util.stream.ReferencePipeline$Head.forEach(ReferencePipeline.java:762)
	at java.base/java.util.Optional.orElseGet(Optional.java:364)
	at java.base/java.util.ArrayList.forEach(ArrayList.java:1596)
	at java.base/java.util.ArrayList.forEach(ArrayList.java:1596)

[ERROR] com.tlq.rectagent.context.ContextDesignImprovementsTest.testPromptVersionManagement -- Time elapsed: 0.001 s <<< ERROR!
java.lang.IllegalStateException: ApplicationContext failure threshold (1) exceeded: skipping repeated attempt to load context for [WebMergedContextConfiguration@8dedec8 testClass = com.tlq.rectagent.context.ContextDesignImprovementsTest, locations = [], classes = [com.tlq.rectagent.RectAgentApplication], contextInitializerClasses = [], activeProfiles = [], propertySourceDescriptors = [], propertySourceProperties = ["org.springframework.boot.test.context.SpringBootTestContextBootstrapper=true"], contextCustomizers = [org.springframework.boot.test.context.filter.ExcludeFilterContextCustomizer@55493582, org.springframework.boot.test.json.DuplicateJsonObjectContextCustomizerFactory$DuplicateJsonObjectContextCustomizer@34158c08, org.springframework.boot.test.mock.mockito.MockitoContextCustomizer@0, org.springframework.boot.test.web.client.TestRestTemplateContextCustomizer@31dadd46, org.springframework.boot.test.web.reactive.server.WebTestClientContextCustomizer@10cf09e8, org.springframework.boot.test.web.reactor.netty.DisableReactorResourceFactoryGlobalResourcesContextCustomizerFactory$DisableReactorResourceFactoryGlobalResourcesContextCustomizerCustomizer@63787180, org.springframework.boot.test.autoconfigure.OnFailureConditionReportContextCustomizerFactory$OnFailureConditionReportContextCustomizer@2e1ef60, org.springframework.boot.test.autoconfigure.actuate.observability.ObservabilityContextCustomizerFactory$DisableObservabilityContextCustomizer@1f, org.springframework.boot.test.autoconfigure.properties.PropertyMappingContextCustomizer@0, org.springframework.boot.test.autoconfigure.web.servlet.WebDriverContextCustomizer@dbd8e44, org.springframework.boot.test.context.SpringBootTestAnnotation@9f6e4d8], resourceBasePath = "src/main/webapp", contextLoader = org.springframework.boot.test.context.SpringBootContextLoader, parent = null]
	at org.springframework.test.context.cache.DefaultCacheAwareContextLoaderDelegate.loadContext(DefaultCacheAwareContextLoaderDelegate.java:145)
	at org.springframework.test.context.support.DefaultTestContext.getApplicationContext(DefaultTestContext.java:130)
	at org.springframework.test.context.web.ServletTestExecutionListener.setUpRequestContextIfNecessary(ServletTestExecutionListener.java:191)
	at org.springframework.test.context.web.ServletTestExecutionListener.prepareTestInstance(ServletTestExecutionListener.java:130)
	at org.springframework.test.context.TestContextManager.prepareTestInstance(TestContextManager.java:260)
	at org.springframework.test.context.junit.jupiter.SpringExtension.postProcessTestInstance(SpringExtension.java:163)
	at java.base/java.util.stream.ReferencePipeline$3$1.accept(ReferencePipeline.java:197)
	at java.base/java.util.stream.ReferencePipeline$2$1.accept(ReferencePipeline.java:179)
	at java.base/java.util.ArrayList$ArrayListSpliterator.forEachRemaining(ArrayList.java:1708)
	at java.base/java.util.stream.AbstractPipeline.copyInto(AbstractPipeline.java:509)
	at java.base/java.util.stream.AbstractPipeline.wrapAndCopyInto(AbstractPipeline.java:499)
	at java.base/java.util.stream.StreamSpliterators$WrappingSpliterator.forEachRemaining(StreamSpliterators.java:310)
	at java.base/java.util.stream.Streams$ConcatSpliterator.forEachRemaining(Streams.java:735)
	at java.base/java.util.stream.Streams$ConcatSpliterator.forEachRemaining(Streams.java:734)
	at java.base/java.util.stream.ReferencePipeline$Head.forEach(ReferencePipeline.java:762)
	at java.base/java.util.Optional.orElseGet(Optional.java:364)
	at java.base/java.util.ArrayList.forEach(ArrayList.java:1596)
	at java.base/java.util.ArrayList.forEach(ArrayList.java:1596)

[ERROR] com.tlq.rectagent.context.ContextDesignImprovementsTest.testCheckpointRecovery -- Time elapsed: 0 s <<< ERROR!
java.lang.IllegalStateException: ApplicationContext failure threshold (1) exceeded: skipping repeated attempt to load context for [WebMergedContextConfiguration@8dedec8 testClass = com.tlq.rectagent.context.ContextDesignImprovementsTest, locations = [], classes = [com.tlq.rectagent.RectAgentApplication], contextInitializerClasses = [], activeProfiles = [], propertySourceDescriptors = [], propertySourceProperties = ["org.springframework.boot.test.context.SpringBootTestContextBootstrapper=true"], contextCustomizers = [org.springframework.boot.test.context.filter.ExcludeFilterContextCustomizer@55493582, org.springframework.boot.test.json.DuplicateJsonObjectContextCustomizerFactory$DuplicateJsonObjectContextCustomizer@34158c08, org.springframework.boot.test.mock.mockito.MockitoContextCustomizer@0, org.springframework.boot.test.web.client.TestRestTemplateContextCustomizer@31dadd46, org.springframework.boot.test.web.reactive.server.WebTestClientContextCustomizer@10cf09e8, org.springframework.boot.test.web.reactor.netty.DisableReactorResourceFactoryGlobalResourcesContextCustomizerFactory$DisableReactorResourceFactoryGlobalResourcesContextCustomizerCustomizer@63787180, org.springframework.boot.test.autoconfigure.OnFailureConditionReportContextCustomizerFactory$OnFailureConditionReportContextCustomizer@2e1ef60, org.springframework.boot.test.autoconfigure.actuate.observability.ObservabilityContextCustomizerFactory$DisableObservabilityContextCustomizer@1f, org.springframework.boot.test.autoconfigure.properties.PropertyMappingContextCustomizer@0, org.springframework.boot.test.autoconfigure.web.servlet.WebDriverContextCustomizer@dbd8e44, org.springframework.boot.test.context.SpringBootTestAnnotation@9f6e4d8], resourceBasePath = "src/main/webapp", contextLoader = org.springframework.boot.test.context.SpringBootContextLoader, parent = null]
	at org.springframework.test.context.cache.DefaultCacheAwareContextLoaderDelegate.loadContext(DefaultCacheAwareContextLoaderDelegate.java:145)
	at org.springframework.test.context.support.DefaultTestContext.getApplicationContext(DefaultTestContext.java:130)
	at org.springframework.test.context.web.ServletTestExecutionListener.setUpRequestContextIfNecessary(ServletTestExecutionListener.java:191)
	at org.springframework.test.context.web.ServletTestExecutionListener.prepareTestInstance(ServletTestExecutionListener.java:130)
	at org.springframework.test.context.TestContextManager.prepareTestInstance(TestContextManager.java:260)
	at org.springframework.test.context.junit.jupiter.SpringExtension.postProcessTestInstance(SpringExtension.java:163)
	at java.base/java.util.stream.ReferencePipeline$3$1.accept(ReferencePipeline.java:197)
	at java.base/java.util.stream.ReferencePipeline$2$1.accept(ReferencePipeline.java:179)
	at java.base/java.util.ArrayList$ArrayListSpliterator.forEachRemaining(ArrayList.java:1708)
	at java.base/java.util.stream.AbstractPipeline.copyInto(AbstractPipeline.java:509)
	at java.base/java.util.stream.AbstractPipeline.wrapAndCopyInto(AbstractPipeline.java:499)
	at java.base/java.util.stream.StreamSpliterators$WrappingSpliterator.forEachRemaining(StreamSpliterators.java:310)
	at java.base/java.util.stream.Streams$ConcatSpliterator.forEachRemaining(Streams.java:735)
	at java.base/java.util.stream.Streams$ConcatSpliterator.forEachRemaining(Streams.java:734)
	at java.base/java.util.stream.ReferencePipeline$Head.forEach(ReferencePipeline.java:762)
	at java.base/java.util.Optional.orElseGet(Optional.java:364)
	at java.base/java.util.ArrayList.forEach(ArrayList.java:1596)
	at java.base/java.util.ArrayList.forEach(ArrayList.java:1596)

[INFO] Running com.tlq.rectagent.data.DataGovernanceFullFlowTest
2026-03-26 22:02:57.904 [main] [] INFO  o.s.t.c.s.AnnotationConfigContextLoaderUtils - Could not detect default configuration classes for test class [com.tlq.rectagent.data.DataGovernanceFullFlowTest]: DataGovernanceFullFlowTest does not declare any static, non-private, non-final, nested classes annotated with @Configuration.
2026-03-26 22:02:57.954 [main] [] INFO  o.s.b.t.c.SpringBootTestContextBootstrapper - Found @SpringBootConfiguration com.tlq.rectagent.RectAgentApplication for test class com.tlq.rectagent.data.DataGovernanceFullFlowTest
2026-03-26 22:02:57.956 [main] [] WARN  o.s.test.context.TestContextManager - Caught exception while allowing TestExecutionListener [org.springframework.test.context.web.ServletTestExecutionListener] to prepare test instance [com.tlq.rectagent.data.DataGovernanceFullFlowTest@46ff1aad]
java.lang.IllegalStateException: ApplicationContext failure threshold (1) exceeded: skipping repeated attempt to load context for [WebMergedContextConfiguration@619854a3 testClass = com.tlq.rectagent.data.DataGovernanceFullFlowTest, locations = [], classes = [com.tlq.rectagent.RectAgentApplication], contextInitializerClasses = [], activeProfiles = [], propertySourceDescriptors = [], propertySourceProperties = ["org.springframework.boot.test.context.SpringBootTestContextBootstrapper=true"], contextCustomizers = [org.springframework.boot.test.context.filter.ExcludeFilterContextCustomizer@55493582, org.springframework.boot.test.json.DuplicateJsonObjectContextCustomizerFactory$DuplicateJsonObjectContextCustomizer@34158c08, org.springframework.boot.test.mock.mockito.MockitoContextCustomizer@0, org.springframework.boot.test.web.client.TestRestTemplateContextCustomizer@31dadd46, org.springframework.boot.test.web.reactive.server.WebTestClientContextCustomizer@10cf09e8, org.springframework.boot.test.web.reactor.netty.DisableReactorResourceFactoryGlobalResourcesContextCustomizerFactory$DisableReactorResourceFactoryGlobalResourcesContextCustomizerCustomizer@63787180, org.springframework.boot.test.autoconfigure.OnFailureConditionReportContextCustomizerFactory$OnFailureConditionReportContextCustomizer@2e1ef60, org.springframework.boot.test.autoconfigure.actuate.observability.ObservabilityContextCustomizerFactory$DisableObservabilityContextCustomizer@1f, org.springframework.boot.test.autoconfigure.properties.PropertyMappingContextCustomizer@0, org.springframework.boot.test.autoconfigure.web.servlet.WebDriverContextCustomizer@dbd8e44, org.springframework.boot.test.context.SpringBootTestAnnotation@9f6e4d8], resourceBasePath = "src/main/webapp", contextLoader = org.springframework.boot.test.context.SpringBootContextLoader, parent = null]
	at org.springframework.test.context.cache.DefaultCacheAwareContextLoaderDelegate.loadContext(DefaultCacheAwareContextLoaderDelegate.java:145)
	at org.springframework.test.context.support.DefaultTestContext.getApplicationContext(DefaultTestContext.java:130)
	at org.springframework.test.context.web.ServletTestExecutionListener.setUpRequestContextIfNecessary(ServletTestExecutionListener.java:191)
	at org.springframework.test.context.web.ServletTestExecutionListener.prepareTestInstance(ServletTestExecutionListener.java:130)
	at org.springframework.test.context.TestContextManager.prepareTestInstance(TestContextManager.java:260)
	at org.springframework.test.context.junit.jupiter.SpringExtension.postProcessTestInstance(SpringExtension.java:163)
	at org.junit.jupiter.engine.descriptor.ClassBasedTestDescriptor.lambda$invokeTestInstancePostProcessors$10(ClassBasedTestDescriptor.java:378)
	at org.junit.jupiter.engine.descriptor.ClassBasedTestDescriptor.executeAndMaskThrowable(ClassBasedTestDescriptor.java:383)
	at org.junit.jupiter.engine.descriptor.ClassBasedTestDescriptor.lambda$invokeTestInstancePostProcessors$11(ClassBasedTestDescriptor.java:378)
	at java.base/java.util.stream.ReferencePipeline$3$1.accept(ReferencePipeline.java:197)
	at java.base/java.util.stream.ReferencePipeline$2$1.accept(ReferencePipeline.java:179)
	at java.base/java.util.ArrayList$ArrayListSpliterator.forEachRemaining(ArrayList.java:1708)
	at java.base/java.util.stream.AbstractPipeline.copyInto(AbstractPipeline.java:509)
	at java.base/java.util.stream.AbstractPipeline.wrapAndCopyInto(AbstractPipeline.java:499)
	at java.base/java.util.stream.StreamSpliterators$WrappingSpliterator.forEachRemaining(StreamSpliterators.java:310)
	at java.base/java.util.stream.Streams$ConcatSpliterator.forEachRemaining(Streams.java:735)
	at java.base/java.util.stream.Streams$ConcatSpliterator.forEachRemaining(Streams.java:734)
	at java.base/java.util.stream.ReferencePipeline$Head.forEach(ReferencePipeline.java:762)
	at org.junit.jupiter.engine.descriptor.ClassBasedTestDescriptor.invokeTestInstancePostProcessors(ClassBasedTestDescriptor.java:377)
	at org.junit.jupiter.engine.descriptor.ClassBasedTestDescriptor.lambda$instantiateAndPostProcessTestInstance$6(ClassBasedTestDescriptor.java:290)
	at org.junit.platform.engine.support.hierarchical.ThrowableCollector.execute(ThrowableCollector.java:73)
	at org.junit.jupiter.engine.descriptor.ClassBasedTestDescriptor.instantiateAndPostProcessTestInstance(ClassBasedTestDescriptor.java:289)
	at org.junit.jupiter.engine.descriptor.ClassBasedTestDescriptor.lambda$testInstancesProvider$4(ClassBasedTestDescriptor.java:279)
	at java.base/java.util.Optional.orElseGet(Optional.java:364)
	at org.junit.jupiter.engine.descriptor.ClassBasedTestDescriptor.lambda$testInstancesProvider$5(ClassBasedTestDescriptor.java:278)
	at org.junit.jupiter.engine.execution.TestInstancesProvider.getTestInstances(TestInstancesProvider.java:31)
	at org.junit.jupiter.engine.descriptor.TestMethodTestDescriptor.lambda$prepare$0(TestMethodTestDescriptor.java:106)
	at org.junit.platform.engine.support.hierarchical.ThrowableCollector.execute(ThrowableCollector.java:73)
	at org.junit.jupiter.engine.descriptor.TestMethodTestDescriptor.prepare(TestMethodTestDescriptor.java:105)
	at org.junit.jupiter.engine.descriptor.TestMethodTestDescriptor.prepare(TestMethodTestDescriptor.java:69)
	at org.junit.platform.engine.support.hierarchical.NodeTestTask.lambda$prepare$2(NodeTestTask.java:128)
	at org.junit.platform.engine.support.hierarchical.ThrowableCollector.execute(ThrowableCollector.java:73)
	at org.junit.platform.engine.support.hierarchical.NodeTestTask.prepare(NodeTestTask.java:128)
	at org.junit.platform.engine.support.hierarchical.NodeTestTask.execute(NodeTestTask.java:95)
	at java.base/java.util.ArrayList.forEach(ArrayList.java:1596)
	at org.junit.platform.engine.support.hierarchical.SameThreadHierarchicalTestExecutorService.invokeAll(SameThreadHierarchicalTestExecutorService.java:41)
	at org.junit.platform.engine.support.hierarchical.NodeTestTask.lambda$executeRecursively$6(NodeTestTask.java:160)
	at org.junit.platform.engine.support.hierarchical.ThrowableCollector.execute(ThrowableCollector.java:73)
	at org.junit.platform.engine.support.hierarchical.NodeTestTask.lambda$executeRecursively$8(NodeTestTask.java:146)
	at org.junit.platform.engine.support.hierarchical.Node.around(Node.java:137)
	at org.junit.platform.engine.support.hierarchical.NodeTestTask.lambda$executeRecursively$9(NodeTestTask.java:144)
	at org.junit.platform.engine.support.hierarchical.ThrowableCollector.execute(ThrowableCollector.java:73)
	at org.junit.platform.engine.support.hierarchical.NodeTestTask.executeRecursively(NodeTestTask.java:143)
	at org.junit.platform.engine.support.hierarchical.NodeTestTask.execute(NodeTestTask.java:100)
	at java.base/java.util.ArrayList.forEach(ArrayList.java:1596)
	at org.junit.platform.engine.support.hierarchical.SameThreadHierarchicalTestExecutorService.invokeAll(SameThreadHierarchicalTestExecutorService.java:41)
	at org.junit.platform.engine.support.hierarchical.NodeTestTask.lambda$executeRecursively$6(NodeTestTask.java:160)
	at org.junit.platform.engine.support.hierarchical.ThrowableCollector.execute(ThrowableCollector.java:73)
	at org.junit.platform.engine.support.hierarchical.NodeTestTask.lambda$executeRecursively$8(NodeTestTask.java:146)
	at org.junit.platform.engine.support.hierarchical.Node.around(Node.java:137)
	at org.junit.platform.engine.support.hierarchical.NodeTestTask.lambda$executeRecursively$9(NodeTestTask.java:144)
	at org.junit.platform.engine.support.hierarchical.ThrowableCollector.execute(ThrowableCollector.java:73)
	at org.junit.platform.engine.support.hierarchical.NodeTestTask.executeRecursively(NodeTestTask.java:143)
	at org.junit.platform.engine.support.hierarchical.NodeTestTask.execute(NodeTestTask.java:100)
	at org.junit.platform.engine.support.hierarchical.SameThreadHierarchicalTestExecutorService.submit(SameThreadHierarchicalTestExecutorService.java:35)
	at org.junit.platform.engine.support.hierarchical.HierarchicalTestExecutor.execute(HierarchicalTestExecutor.java:57)
	at org.junit.platform.engine.support.hierarchical.HierarchicalTestEngine.execute(HierarchicalTestEngine.java:54)
	at org.junit.platform.launcher.core.EngineExecutionOrchestrator.execute(EngineExecutionOrchestrator.java:198)
	at org.junit.platform.launcher.core.EngineExecutionOrchestrator.execute(EngineExecutionOrchestrator.java:169)
	at org.junit.platform.launcher.core.EngineExecutionOrchestrator.execute(EngineExecutionOrchestrator.java:93)
	at org.junit.platform.launcher.core.EngineExecutionOrchestrator.lambda$execute$0(EngineExecutionOrchestrator.java:58)
	at org.junit.platform.launcher.core.EngineExecutionOrchestrator.withInterceptedStreams(EngineExecutionOrchestrator.java:141)
	at org.junit.platform.launcher.core.EngineExecutionOrchestrator.execute(EngineExecutionOrchestrator.java:57)
	at org.junit.platform.launcher.core.DefaultLauncher.execute(DefaultLauncher.java:103)
	at org.junit.platform.launcher.core.DefaultLauncher.execute(DefaultLauncher.java:85)
	at org.junit.platform.launcher.core.DelegatingLauncher.execute(DelegatingLauncher.java:47)
	at org.apache.maven.surefire.junitplatform.LazyLauncher.execute(LazyLauncher.java:56)
	at org.apache.maven.surefire.junitplatform.JUnitPlatformProvider.execute(JUnitPlatformProvider.java:184)
	at org.apache.maven.surefire.junitplatform.JUnitPlatformProvider.invokeAllTests(JUnitPlatformProvider.java:148)
	at org.apache.maven.surefire.junitplatform.JUnitPlatformProvider.invoke(JUnitPlatformProvider.java:122)
	at org.apache.maven.surefire.booter.ForkedBooter.runSuitesInProcess(ForkedBooter.java:385)
	at org.apache.maven.surefire.booter.ForkedBooter.execute(ForkedBooter.java:162)
	at org.apache.maven.surefire.booter.ForkedBooter.run(ForkedBooter.java:507)
	at org.apache.maven.surefire.booter.ForkedBooter.main(ForkedBooter.java:495)
2026-03-26 22:02:57.958 [main] [] WARN  o.s.test.context.TestContextManager - Caught exception while allowing TestExecutionListener [org.springframework.test.context.web.ServletTestExecutionListener] to prepare test instance [com.tlq.rectagent.data.DataGovernanceFullFlowTest@6ed87ccf]
java.lang.IllegalStateException: ApplicationContext failure threshold (1) exceeded: skipping repeated attempt to load context for [WebMergedContextConfiguration@619854a3 testClass = com.tlq.rectagent.data.DataGovernanceFullFlowTest, locations = [], classes = [com.tlq.rectagent.RectAgentApplication], contextInitializerClasses = [], activeProfiles = [], propertySourceDescriptors = [], propertySourceProperties = ["org.springframework.boot.test.context.SpringBootTestContextBootstrapper=true"], contextCustomizers = [org.springframework.boot.test.context.filter.ExcludeFilterContextCustomizer@55493582, org.springframework.boot.test.json.DuplicateJsonObjectContextCustomizerFactory$DuplicateJsonObjectContextCustomizer@34158c08, org.springframework.boot.test.mock.mockito.MockitoContextCustomizer@0, org.springframework.boot.test.web.client.TestRestTemplateContextCustomizer@31dadd46, org.springframework.boot.test.web.reactive.server.WebTestClientContextCustomizer@10cf09e8, org.springframework.boot.test.web.reactor.netty.DisableReactorResourceFactoryGlobalResourcesContextCustomizerFactory$DisableReactorResourceFactoryGlobalResourcesContextCustomizerCustomizer@63787180, org.springframework.boot.test.autoconfigure.OnFailureConditionReportContextCustomizerFactory$OnFailureConditionReportContextCustomizer@2e1ef60, org.springframework.boot.test.autoconfigure.actuate.observability.ObservabilityContextCustomizerFactory$DisableObservabilityContextCustomizer@1f, org.springframework.boot.test.autoconfigure.properties.PropertyMappingContextCustomizer@0, org.springframework.boot.test.autoconfigure.web.servlet.WebDriverContextCustomizer@dbd8e44, org.springframework.boot.test.context.SpringBootTestAnnotation@9f6e4d8], resourceBasePath = "src/main/webapp", contextLoader = org.springframework.boot.test.context.SpringBootContextLoader, parent = null]
	at org.springframework.test.context.cache.DefaultCacheAwareContextLoaderDelegate.loadContext(DefaultCacheAwareContextLoaderDelegate.java:145)
	at org.springframework.test.context.support.DefaultTestContext.getApplicationContext(DefaultTestContext.java:130)
	at org.springframework.test.context.web.ServletTestExecutionListener.setUpRequestContextIfNecessary(ServletTestExecutionListener.java:191)
	at org.springframework.test.context.web.ServletTestExecutionListener.prepareTestInstance(ServletTestExecutionListener.java:130)
	at org.springframework.test.context.TestContextManager.prepareTestInstance(TestContextManager.java:260)
	at org.springframework.test.context.junit.jupiter.SpringExtension.postProcessTestInstance(SpringExtension.java:163)
	at org.junit.jupiter.engine.descriptor.ClassBasedTestDescriptor.lambda$invokeTestInstancePostProcessors$10(ClassBasedTestDescriptor.java:378)
	at org.junit.jupiter.engine.descriptor.ClassBasedTestDescriptor.executeAndMaskThrowable(ClassBasedTestDescriptor.java:383)
	at org.junit.jupiter.engine.descriptor.ClassBasedTestDescriptor.lambda$invokeTestInstancePostProcessors$11(ClassBasedTestDescriptor.java:378)
	at java.base/java.util.stream.ReferencePipeline$3$1.accept(ReferencePipeline.java:197)
	at java.base/java.util.stream.ReferencePipeline$2$1.accept(ReferencePipeline.java:179)
	at java.base/java.util.ArrayList$ArrayListSpliterator.forEachRemaining(ArrayList.java:1708)
	at java.base/java.util.stream.AbstractPipeline.copyInto(AbstractPipeline.java:509)
	at java.base/java.util.stream.AbstractPipeline.wrapAndCopyInto(AbstractPipeline.java:499)
	at java.base/java.util.stream.StreamSpliterators$WrappingSpliterator.forEachRemaining(StreamSpliterators.java:310)
	at java.base/java.util.stream.Streams$ConcatSpliterator.forEachRemaining(Streams.java:735)
	at java.base/java.util.stream.Streams$ConcatSpliterator.forEachRemaining(Streams.java:734)
	at java.base/java.util.stream.ReferencePipeline$Head.forEach(ReferencePipeline.java:762)
	at org.junit.jupiter.engine.descriptor.ClassBasedTestDescriptor.invokeTestInstancePostProcessors(ClassBasedTestDescriptor.java:377)
	at org.junit.jupiter.engine.descriptor.ClassBasedTestDescriptor.lambda$instantiateAndPostProcessTestInstance$6(ClassBasedTestDescriptor.java:290)
	at org.junit.platform.engine.support.hierarchical.ThrowableCollector.execute(ThrowableCollector.java:73)
	at org.junit.jupiter.engine.descriptor.ClassBasedTestDescriptor.instantiateAndPostProcessTestInstance(ClassBasedTestDescriptor.java:289)
	at org.junit.jupiter.engine.descriptor.ClassBasedTestDescriptor.lambda$testInstancesProvider$4(ClassBasedTestDescriptor.java:279)
	at java.base/java.util.Optional.orElseGet(Optional.java:364)
	at org.junit.jupiter.engine.descriptor.ClassBasedTestDescriptor.lambda$testInstancesProvider$5(ClassBasedTestDescriptor.java:278)
	at org.junit.jupiter.engine.execution.TestInstancesProvider.getTestInstances(TestInstancesProvider.java:31)
	at org.junit.jupiter.engine.descriptor.TestMethodTestDescriptor.lambda$prepare$0(TestMethodTestDescriptor.java:106)
	at org.junit.platform.engine.support.hierarchical.ThrowableCollector.execute(ThrowableCollector.java:73)
	at org.junit.jupiter.engine.descriptor.TestMethodTestDescriptor.prepare(TestMethodTestDescriptor.java:105)
	at org.junit.jupiter.engine.descriptor.TestMethodTestDescriptor.prepare(TestMethodTestDescriptor.java:69)
	at org.junit.platform.engine.support.hierarchical.NodeTestTask.lambda$prepare$2(NodeTestTask.java:128)
	at org.junit.platform.engine.support.hierarchical.ThrowableCollector.execute(ThrowableCollector.java:73)
	at org.junit.platform.engine.support.hierarchical.NodeTestTask.prepare(NodeTestTask.java:128)
	at org.junit.platform.engine.support.hierarchical.NodeTestTask.execute(NodeTestTask.java:95)
	at java.base/java.util.ArrayList.forEach(ArrayList.java:1596)
	at org.junit.platform.engine.support.hierarchical.SameThreadHierarchicalTestExecutorService.invokeAll(SameThreadHierarchicalTestExecutorService.java:41)
	at org.junit.platform.engine.support.hierarchical.NodeTestTask.lambda$executeRecursively$6(NodeTestTask.java:160)
	at org.junit.platform.engine.support.hierarchical.ThrowableCollector.execute(ThrowableCollector.java:73)
	at org.junit.platform.engine.support.hierarchical.NodeTestTask.lambda$executeRecursively$8(NodeTestTask.java:146)
	at org.junit.platform.engine.support.hierarchical.Node.around(Node.java:137)
	at org.junit.platform.engine.support.hierarchical.NodeTestTask.lambda$executeRecursively$9(NodeTestTask.java:144)
	at org.junit.platform.engine.support.hierarchical.ThrowableCollector.execute(ThrowableCollector.java:73)
	at org.junit.platform.engine.support.hierarchical.NodeTestTask.executeRecursively(NodeTestTask.java:143)
	at org.junit.platform.engine.support.hierarchical.NodeTestTask.execute(NodeTestTask.java:100)
	at java.base/java.util.ArrayList.forEach(ArrayList.java:1596)
	at org.junit.platform.engine.support.hierarchical.SameThreadHierarchicalTestExecutorService.invokeAll(SameThreadHierarchicalTestExecutorService.java:41)
	at org.junit.platform.engine.support.hierarchical.NodeTestTask.lambda$executeRecursively$6(NodeTestTask.java:160)
	at org.junit.platform.engine.support.hierarchical.ThrowableCollector.execute(ThrowableCollector.java:73)
	at org.junit.platform.engine.support.hierarchical.NodeTestTask.lambda$executeRecursively$8(NodeTestTask.java:146)
	at org.junit.platform.engine.support.hierarchical.Node.around(Node.java:137)
	at org.junit.platform.engine.support.hierarchical.NodeTestTask.lambda$executeRecursively$9(NodeTestTask.java:144)
	at org.junit.platform.engine.support.hierarchical.ThrowableCollector.execute(ThrowableCollector.java:73)
	at org.junit.platform.engine.support.hierarchical.NodeTestTask.executeRecursively(NodeTestTask.java:143)
	at org.junit.platform.engine.support.hierarchical.NodeTestTask.execute(NodeTestTask.java:100)
	at org.junit.platform.engine.support.hierarchical.SameThreadHierarchicalTestExecutorService.submit(SameThreadHierarchicalTestExecutorService.java:35)
	at org.junit.platform.engine.support.hierarchical.HierarchicalTestExecutor.execute(HierarchicalTestExecutor.java:57)
	at org.junit.platform.engine.support.hierarchical.HierarchicalTestEngine.execute(HierarchicalTestEngine.java:54)
	at org.junit.platform.launcher.core.EngineExecutionOrchestrator.execute(EngineExecutionOrchestrator.java:198)
	at org.junit.platform.launcher.core.EngineExecutionOrchestrator.execute(EngineExecutionOrchestrator.java:169)
	at org.junit.platform.launcher.core.EngineExecutionOrchestrator.execute(EngineExecutionOrchestrator.java:93)
	at org.junit.platform.launcher.core.EngineExecutionOrchestrator.lambda$execute$0(EngineExecutionOrchestrator.java:58)
	at org.junit.platform.launcher.core.EngineExecutionOrchestrator.withInterceptedStreams(EngineExecutionOrchestrator.java:141)
	at org.junit.platform.launcher.core.EngineExecutionOrchestrator.execute(EngineExecutionOrchestrator.java:57)
	at org.junit.platform.launcher.core.DefaultLauncher.execute(DefaultLauncher.java:103)
	at org.junit.platform.launcher.core.DefaultLauncher.execute(DefaultLauncher.java:85)
	at org.junit.platform.launcher.core.DelegatingLauncher.execute(DelegatingLauncher.java:47)
	at org.apache.maven.surefire.junitplatform.LazyLauncher.execute(LazyLauncher.java:56)
	at org.apache.maven.surefire.junitplatform.JUnitPlatformProvider.execute(JUnitPlatformProvider.java:184)
	at org.apache.maven.surefire.junitplatform.JUnitPlatformProvider.invokeAllTests(JUnitPlatformProvider.java:148)
	at org.apache.maven.surefire.junitplatform.JUnitPlatformProvider.invoke(JUnitPlatformProvider.java:122)
	at org.apache.maven.surefire.booter.ForkedBooter.runSuitesInProcess(ForkedBooter.java:385)
	at org.apache.maven.surefire.booter.ForkedBooter.execute(ForkedBooter.java:162)
	at org.apache.maven.surefire.booter.ForkedBooter.run(ForkedBooter.java:507)
	at org.apache.maven.surefire.booter.ForkedBooter.main(ForkedBooter.java:495)
2026-03-26 22:02:57.961 [main] [] WARN  o.s.test.context.TestContextManager - Caught exception while allowing TestExecutionListener [org.springframework.test.context.web.ServletTestExecutionListener] to prepare test instance [com.tlq.rectagent.data.DataGovernanceFullFlowTest@7352418c]
java.lang.IllegalStateException: ApplicationContext failure threshold (1) exceeded: skipping repeated attempt to load context for [WebMergedContextConfiguration@619854a3 testClass = com.tlq.rectagent.data.DataGovernanceFullFlowTest, locations = [], classes = [com.tlq.rectagent.RectAgentApplication], contextInitializerClasses = [], activeProfiles = [], propertySourceDescriptors = [], propertySourceProperties = ["org.springframework.boot.test.context.SpringBootTestContextBootstrapper=true"], contextCustomizers = [org.springframework.boot.test.context.filter.ExcludeFilterContextCustomizer@55493582, org.springframework.boot.test.json.DuplicateJsonObjectContextCustomizerFactory$DuplicateJsonObjectContextCustomizer@34158c08, org.springframework.boot.test.mock.mockito.MockitoContextCustomizer@0, org.springframework.boot.test.web.client.TestRestTemplateContextCustomizer@31dadd46, org.springframework.boot.test.web.reactive.server.WebTestClientContextCustomizer@10cf09e8, org.springframework.boot.test.web.reactor.netty.DisableReactorResourceFactoryGlobalResourcesContextCustomizerFactory$DisableReactorResourceFactoryGlobalResourcesContextCustomizerCustomizer@63787180, org.springframework.boot.test.autoconfigure.OnFailureConditionReportContextCustomizerFactory$OnFailureConditionReportContextCustomizer@2e1ef60, org.springframework.boot.test.autoconfigure.actuate.observability.ObservabilityContextCustomizerFactory$DisableObservabilityContextCustomizer@1f, org.springframework.boot.test.autoconfigure.properties.PropertyMappingContextCustomizer@0, org.springframework.boot.test.autoconfigure.web.servlet.WebDriverContextCustomizer@dbd8e44, org.springframework.boot.test.context.SpringBootTestAnnotation@9f6e4d8], resourceBasePath = "src/main/webapp", contextLoader = org.springframework.boot.test.context.SpringBootContextLoader, parent = null]
	at org.springframework.test.context.cache.DefaultCacheAwareContextLoaderDelegate.loadContext(DefaultCacheAwareContextLoaderDelegate.java:145)
	at org.springframework.test.context.support.DefaultTestContext.getApplicationContext(DefaultTestContext.java:130)
	at org.springframework.test.context.web.ServletTestExecutionListener.setUpRequestContextIfNecessary(ServletTestExecutionListener.java:191)
	at org.springframework.test.context.web.ServletTestExecutionListener.prepareTestInstance(ServletTestExecutionListener.java:130)
	at org.springframework.test.context.TestContextManager.prepareTestInstance(TestContextManager.java:260)
	at org.springframework.test.context.junit.jupiter.SpringExtension.postProcessTestInstance(SpringExtension.java:163)
	at org.junit.jupiter.engine.descriptor.ClassBasedTestDescriptor.lambda$invokeTestInstancePostProcessors$10(ClassBasedTestDescriptor.java:378)
	at org.junit.jupiter.engine.descriptor.ClassBasedTestDescriptor.executeAndMaskThrowable(ClassBasedTestDescriptor.java:383)
	at org.junit.jupiter.engine.descriptor.ClassBasedTestDescriptor.lambda$invokeTestInstancePostProcessors$11(ClassBasedTestDescriptor.java:378)
	at java.base/java.util.stream.ReferencePipeline$3$1.accept(ReferencePipeline.java:197)
	at java.base/java.util.stream.ReferencePipeline$2$1.accept(ReferencePipeline.java:179)
	at java.base/java.util.ArrayList$ArrayListSpliterator.forEachRemaining(ArrayList.java:1708)
	at java.base/java.util.stream.AbstractPipeline.copyInto(AbstractPipeline.java:509)
	at java.base/java.util.stream.AbstractPipeline.wrapAndCopyInto(AbstractPipeline.java:499)
	at java.base/java.util.stream.StreamSpliterators$WrappingSpliterator.forEachRemaining(StreamSpliterators.java:310)
	at java.base/java.util.stream.Streams$ConcatSpliterator.forEachRemaining(Streams.java:735)
	at java.base/java.util.stream.Streams$ConcatSpliterator.forEachRemaining(Streams.java:734)
	at java.base/java.util.stream.ReferencePipeline$Head.forEach(ReferencePipeline.java:762)
	at org.junit.jupiter.engine.descriptor.ClassBasedTestDescriptor.invokeTestInstancePostProcessors(ClassBasedTestDescriptor.java:377)
	at org.junit.jupiter.engine.descriptor.ClassBasedTestDescriptor.lambda$instantiateAndPostProcessTestInstance$6(ClassBasedTestDescriptor.java:290)
	at org.junit.platform.engine.support.hierarchical.ThrowableCollector.execute(ThrowableCollector.java:73)
	at org.junit.jupiter.engine.descriptor.ClassBasedTestDescriptor.instantiateAndPostProcessTestInstance(ClassBasedTestDescriptor.java:289)
	at org.junit.jupiter.engine.descriptor.ClassBasedTestDescriptor.lambda$testInstancesProvider$4(ClassBasedTestDescriptor.java:279)
	at java.base/java.util.Optional.orElseGet(Optional.java:364)
	at org.junit.jupiter.engine.descriptor.ClassBasedTestDescriptor.lambda$testInstancesProvider$5(ClassBasedTestDescriptor.java:278)
	at org.junit.jupiter.engine.execution.TestInstancesProvider.getTestInstances(TestInstancesProvider.java:31)
	at org.junit.jupiter.engine.descriptor.TestMethodTestDescriptor.lambda$prepare$0(TestMethodTestDescriptor.java:106)
	at org.junit.platform.engine.support.hierarchical.ThrowableCollector.execute(ThrowableCollector.java:73)
	at org.junit.jupiter.engine.descriptor.TestMethodTestDescriptor.prepare(TestMethodTestDescriptor.java:105)
	at org.junit.jupiter.engine.descriptor.TestMethodTestDescriptor.prepare(TestMethodTestDescriptor.java:69)
	at org.junit.platform.engine.support.hierarchical.NodeTestTask.lambda$prepare$2(NodeTestTask.java:128)
	at org.junit.platform.engine.support.hierarchical.ThrowableCollector.execute(ThrowableCollector.java:73)
	at org.junit.platform.engine.support.hierarchical.NodeTestTask.prepare(NodeTestTask.java:128)
	at org.junit.platform.engine.support.hierarchical.NodeTestTask.execute(NodeTestTask.java:95)
	at java.base/java.util.ArrayList.forEach(ArrayList.java:1596)
	at org.junit.platform.engine.support.hierarchical.SameThreadHierarchicalTestExecutorService.invokeAll(SameThreadHierarchicalTestExecutorService.java:41)
	at org.junit.platform.engine.support.hierarchical.NodeTestTask.lambda$executeRecursively$6(NodeTestTask.java:160)
	at org.junit.platform.engine.support.hierarchical.ThrowableCollector.execute(ThrowableCollector.java:73)
	at org.junit.platform.engine.support.hierarchical.NodeTestTask.lambda$executeRecursively$8(NodeTestTask.java:146)
	at org.junit.platform.engine.support.hierarchical.Node.around(Node.java:137)
	at org.junit.platform.engine.support.hierarchical.NodeTestTask.lambda$executeRecursively$9(NodeTestTask.java:144)
	at org.junit.platform.engine.support.hierarchical.ThrowableCollector.execute(ThrowableCollector.java:73)
	at org.junit.platform.engine.support.hierarchical.NodeTestTask.executeRecursively(NodeTestTask.java:143)
	at org.junit.platform.engine.support.hierarchical.NodeTestTask.execute(NodeTestTask.java:100)
	at java.base/java.util.ArrayList.forEach(ArrayList.java:1596)
	at org.junit.platform.engine.support.hierarchical.SameThreadHierarchicalTestExecutorService.invokeAll(SameThreadHierarchicalTestExecutorService.java:41)
	at org.junit.platform.engine.support.hierarchical.NodeTestTask.lambda$executeRecursively$6(NodeTestTask.java:160)
	at org.junit.platform.engine.support.hierarchical.ThrowableCollector.execute(ThrowableCollector.java:73)
	at org.junit.platform.engine.support.hierarchical.NodeTestTask.lambda$executeRecursively$8(NodeTestTask.java:146)
	at org.junit.platform.engine.support.hierarchical.Node.around(Node.java:137)
	at org.junit.platform.engine.support.hierarchical.NodeTestTask.lambda$executeRecursively$9(NodeTestTask.java:144)
	at org.junit.platform.engine.support.hierarchical.ThrowableCollector.execute(ThrowableCollector.java:73)
	at org.junit.platform.engine.support.hierarchical.NodeTestTask.executeRecursively(NodeTestTask.java:143)
	at org.junit.platform.engine.support.hierarchical.NodeTestTask.execute(NodeTestTask.java:100)
	at org.junit.platform.engine.support.hierarchical.SameThreadHierarchicalTestExecutorService.submit(SameThreadHierarchicalTestExecutorService.java:35)
	at org.junit.platform.engine.support.hierarchical.HierarchicalTestExecutor.execute(HierarchicalTestExecutor.java:57)
	at org.junit.platform.engine.support.hierarchical.HierarchicalTestEngine.execute(HierarchicalTestEngine.java:54)
	at org.junit.platform.launcher.core.EngineExecutionOrchestrator.execute(EngineExecutionOrchestrator.java:198)
	at org.junit.platform.launcher.core.EngineExecutionOrchestrator.execute(EngineExecutionOrchestrator.java:169)
	at org.junit.platform.launcher.core.EngineExecutionOrchestrator.execute(EngineExecutionOrchestrator.java:93)
	at org.junit.platform.launcher.core.EngineExecutionOrchestrator.lambda$execute$0(EngineExecutionOrchestrator.java:58)
	at org.junit.platform.launcher.core.EngineExecutionOrchestrator.withInterceptedStreams(EngineExecutionOrchestrator.java:141)
	at org.junit.platform.launcher.core.EngineExecutionOrchestrator.execute(EngineExecutionOrchestrator.java:57)
	at org.junit.platform.launcher.core.DefaultLauncher.execute(DefaultLauncher.java:103)
	at org.junit.platform.launcher.core.DefaultLauncher.execute(DefaultLauncher.java:85)
	at org.junit.platform.launcher.core.DelegatingLauncher.execute(DelegatingLauncher.java:47)
	at org.apache.maven.surefire.junitplatform.LazyLauncher.execute(LazyLauncher.java:56)
	at org.apache.maven.surefire.junitplatform.JUnitPlatformProvider.execute(JUnitPlatformProvider.java:184)
	at org.apache.maven.surefire.junitplatform.JUnitPlatformProvider.invokeAllTests(JUnitPlatformProvider.java:148)
	at org.apache.maven.surefire.junitplatform.JUnitPlatformProvider.invoke(JUnitPlatformProvider.java:122)
	at org.apache.maven.surefire.booter.ForkedBooter.runSuitesInProcess(ForkedBooter.java:385)
	at org.apache.maven.surefire.booter.ForkedBooter.execute(ForkedBooter.java:162)
	at org.apache.maven.surefire.booter.ForkedBooter.run(ForkedBooter.java:507)
	at org.apache.maven.surefire.booter.ForkedBooter.main(ForkedBooter.java:495)
2026-03-26 22:02:57.964 [main] [] WARN  o.s.test.context.TestContextManager - Caught exception while allowing TestExecutionListener [org.springframework.test.context.web.ServletTestExecutionListener] to prepare test instance [com.tlq.rectagent.data.DataGovernanceFullFlowTest@4d2950ed]
java.lang.IllegalStateException: ApplicationContext failure threshold (1) exceeded: skipping repeated attempt to load context for [WebMergedContextConfiguration@619854a3 testClass = com.tlq.rectagent.data.DataGovernanceFullFlowTest, locations = [], classes = [com.tlq.rectagent.RectAgentApplication], contextInitializerClasses = [], activeProfiles = [], propertySourceDescriptors = [], propertySourceProperties = ["org.springframework.boot.test.context.SpringBootTestContextBootstrapper=true"], contextCustomizers = [org.springframework.boot.test.context.filter.ExcludeFilterContextCustomizer@55493582, org.springframework.boot.test.json.DuplicateJsonObjectContextCustomizerFactory$DuplicateJsonObjectContextCustomizer@34158c08, org.springframework.boot.test.mock.mockito.MockitoContextCustomizer@0, org.springframework.boot.test.web.client.TestRestTemplateContextCustomizer@31dadd46, org.springframework.boot.test.web.reactive.server.WebTestClientContextCustomizer@10cf09e8, org.springframework.boot.test.web.reactor.netty.DisableReactorResourceFactoryGlobalResourcesContextCustomizerFactory$DisableReactorResourceFactoryGlobalResourcesContextCustomizerCustomizer@63787180, org.springframework.boot.test.autoconfigure.OnFailureConditionReportContextCustomizerFactory$OnFailureConditionReportContextCustomizer@2e1ef60, org.springframework.boot.test.autoconfigure.actuate.observability.ObservabilityContextCustomizerFactory$DisableObservabilityContextCustomizer@1f, org.springframework.boot.test.autoconfigure.properties.PropertyMappingContextCustomizer@0, org.springframework.boot.test.autoconfigure.web.servlet.WebDriverContextCustomizer@dbd8e44, org.springframework.boot.test.context.SpringBootTestAnnotation@9f6e4d8], resourceBasePath = "src/main/webapp", contextLoader = org.springframework.boot.test.context.SpringBootContextLoader, parent = null]
	at org.springframework.test.context.cache.DefaultCacheAwareContextLoaderDelegate.loadContext(DefaultCacheAwareContextLoaderDelegate.java:145)
	at org.springframework.test.context.support.DefaultTestContext.getApplicationContext(DefaultTestContext.java:130)
	at org.springframework.test.context.web.ServletTestExecutionListener.setUpRequestContextIfNecessary(ServletTestExecutionListener.java:191)
	at org.springframework.test.context.web.ServletTestExecutionListener.prepareTestInstance(ServletTestExecutionListener.java:130)
	at org.springframework.test.context.TestContextManager.prepareTestInstance(TestContextManager.java:260)
	at org.springframework.test.context.junit.jupiter.SpringExtension.postProcessTestInstance(SpringExtension.java:163)
	at org.junit.jupiter.engine.descriptor.ClassBasedTestDescriptor.lambda$invokeTestInstancePostProcessors$10(ClassBasedTestDescriptor.java:378)
	at org.junit.jupiter.engine.descriptor.ClassBasedTestDescriptor.executeAndMaskThrowable(ClassBasedTestDescriptor.java:383)
	at org.junit.jupiter.engine.descriptor.ClassBasedTestDescriptor.lambda$invokeTestInstancePostProcessors$11(ClassBasedTestDescriptor.java:378)
	at java.base/java.util.stream.ReferencePipeline$3$1.accept(ReferencePipeline.java:197)
	at java.base/java.util.stream.ReferencePipeline$2$1.accept(ReferencePipeline.java:179)
	at java.base/java.util.ArrayList$ArrayListSpliterator.forEachRemaining(ArrayList.java:1708)
	at java.base/java.util.stream.AbstractPipeline.copyInto(AbstractPipeline.java:509)
	at java.base/java.util.stream.AbstractPipeline.wrapAndCopyInto(AbstractPipeline.java:499)
	at java.base/java.util.stream.StreamSpliterators$WrappingSpliterator.forEachRemaining(StreamSpliterators.java:310)
	at java.base/java.util.stream.Streams$ConcatSpliterator.forEachRemaining(Streams.java:735)
	at java.base/java.util.stream.Streams$ConcatSpliterator.forEachRemaining(Streams.java:734)
	at java.base/java.util.stream.ReferencePipeline$Head.forEach(ReferencePipeline.java:762)
	at org.junit.jupiter.engine.descriptor.ClassBasedTestDescriptor.invokeTestInstancePostProcessors(ClassBasedTestDescriptor.java:377)
	at org.junit.jupiter.engine.descriptor.ClassBasedTestDescriptor.lambda$instantiateAndPostProcessTestInstance$6(ClassBasedTestDescriptor.java:290)
	at org.junit.platform.engine.support.hierarchical.ThrowableCollector.execute(ThrowableCollector.java:73)
	at org.junit.jupiter.engine.descriptor.ClassBasedTestDescriptor.instantiateAndPostProcessTestInstance(ClassBasedTestDescriptor.java:289)
	at org.junit.jupiter.engine.descriptor.ClassBasedTestDescriptor.lambda$testInstancesProvider$4(ClassBasedTestDescriptor.java:279)
	at java.base/java.util.Optional.orElseGet(Optional.java:364)
	at org.junit.jupiter.engine.descriptor.ClassBasedTestDescriptor.lambda$testInstancesProvider$5(ClassBasedTestDescriptor.java:278)
	at org.junit.jupiter.engine.execution.TestInstancesProvider.getTestInstances(TestInstancesProvider.java:31)
	at org.junit.jupiter.engine.descriptor.TestMethodTestDescriptor.lambda$prepare$0(TestMethodTestDescriptor.java:106)
	at org.junit.platform.engine.support.hierarchical.ThrowableCollector.execute(ThrowableCollector.java:73)
	at org.junit.jupiter.engine.descriptor.TestMethodTestDescriptor.prepare(TestMethodTestDescriptor.java:105)
	at org.junit.jupiter.engine.descriptor.TestMethodTestDescriptor.prepare(TestMethodTestDescriptor.java:69)
	at org.junit.platform.engine.support.hierarchical.NodeTestTask.lambda$prepare$2(NodeTestTask.java:128)
	at org.junit.platform.engine.support.hierarchical.ThrowableCollector.execute(ThrowableCollector.java:73)
	at org.junit.platform.engine.support.hierarchical.NodeTestTask.prepare(NodeTestTask.java:128)
	at org.junit.platform.engine.support.hierarchical.NodeTestTask.execute(NodeTestTask.java:95)
	at java.base/java.util.ArrayList.forEach(ArrayList.java:1596)
	at org.junit.platform.engine.support.hierarchical.SameThreadHierarchicalTestExecutorService.invokeAll(SameThreadHierarchicalTestExecutorService.java:41)
	at org.junit.platform.engine.support.hierarchical.NodeTestTask.lambda$executeRecursively$6(NodeTestTask.java:160)
	at org.junit.platform.engine.support.hierarchical.ThrowableCollector.execute(ThrowableCollector.java:73)
	at org.junit.platform.engine.support.hierarchical.NodeTestTask.lambda$executeRecursively$8(NodeTestTask.java:146)
	at org.junit.platform.engine.support.hierarchical.Node.around(Node.java:137)
	at org.junit.platform.engine.support.hierarchical.NodeTestTask.lambda$executeRecursively$9(NodeTestTask.java:144)
	at org.junit.platform.engine.support.hierarchical.ThrowableCollector.execute(ThrowableCollector.java:73)
	at org.junit.platform.engine.support.hierarchical.NodeTestTask.executeRecursively(NodeTestTask.java:143)
	at org.junit.platform.engine.support.hierarchical.NodeTestTask.execute(NodeTestTask.java:100)
	at java.base/java.util.ArrayList.forEach(ArrayList.java:1596)
	at org.junit.platform.engine.support.hierarchical.SameThreadHierarchicalTestExecutorService.invokeAll(SameThreadHierarchicalTestExecutorService.java:41)
	at org.junit.platform.engine.support.hierarchical.NodeTestTask.lambda$executeRecursively$6(NodeTestTask.java:160)
	at org.junit.platform.engine.support.hierarchical.ThrowableCollector.execute(ThrowableCollector.java:73)
	at org.junit.platform.engine.support.hierarchical.NodeTestTask.lambda$executeRecursively$8(NodeTestTask.java:146)
	at org.junit.platform.engine.support.hierarchical.Node.around(Node.java:137)
	at org.junit.platform.engine.support.hierarchical.NodeTestTask.lambda$executeRecursively$9(NodeTestTask.java:144)
	at org.junit.platform.engine.support.hierarchical.ThrowableCollector.execute(ThrowableCollector.java:73)
	at org.junit.platform.engine.support.hierarchical.NodeTestTask.executeRecursively(NodeTestTask.java:143)
	at org.junit.platform.engine.support.hierarchical.NodeTestTask.execute(NodeTestTask.java:100)
	at org.junit.platform.engine.support.hierarchical.SameThreadHierarchicalTestExecutorService.submit(SameThreadHierarchicalTestExecutorService.java:35)
	at org.junit.platform.engine.support.hierarchical.HierarchicalTestExecutor.execute(HierarchicalTestExecutor.java:57)
	at org.junit.platform.engine.support.hierarchical.HierarchicalTestEngine.execute(HierarchicalTestEngine.java:54)
	at org.junit.platform.launcher.core.EngineExecutionOrchestrator.execute(EngineExecutionOrchestrator.java:198)
	at org.junit.platform.launcher.core.EngineExecutionOrchestrator.execute(EngineExecutionOrchestrator.java:169)
	at org.junit.platform.launcher.core.EngineExecutionOrchestrator.execute(EngineExecutionOrchestrator.java:93)
	at org.junit.platform.launcher.core.EngineExecutionOrchestrator.lambda$execute$0(EngineExecutionOrchestrator.java:58)
	at org.junit.platform.launcher.core.EngineExecutionOrchestrator.withInterceptedStreams(EngineExecutionOrchestrator.java:141)
	at org.junit.platform.launcher.core.EngineExecutionOrchestrator.execute(EngineExecutionOrchestrator.java:57)
	at org.junit.platform.launcher.core.DefaultLauncher.execute(DefaultLauncher.java:103)
	at org.junit.platform.launcher.core.DefaultLauncher.execute(DefaultLauncher.java:85)
	at org.junit.platform.launcher.core.DelegatingLauncher.execute(DelegatingLauncher.java:47)
	at org.apache.maven.surefire.junitplatform.LazyLauncher.execute(LazyLauncher.java:56)
	at org.apache.maven.surefire.junitplatform.JUnitPlatformProvider.execute(JUnitPlatformProvider.java:184)
	at org.apache.maven.surefire.junitplatform.JUnitPlatformProvider.invokeAllTests(JUnitPlatformProvider.java:148)
	at org.apache.maven.surefire.junitplatform.JUnitPlatformProvider.invoke(JUnitPlatformProvider.java:122)
	at org.apache.maven.surefire.booter.ForkedBooter.runSuitesInProcess(ForkedBooter.java:385)
	at org.apache.maven.surefire.booter.ForkedBooter.execute(ForkedBooter.java:162)
	at org.apache.maven.surefire.booter.ForkedBooter.run(ForkedBooter.java:507)
	at org.apache.maven.surefire.booter.ForkedBooter.main(ForkedBooter.java:495)
[ERROR] Tests run: 4, Failures: 0, Errors: 4, Skipped: 0, Time elapsed: 0.066 s <<< FAILURE! -- in com.tlq.rectagent.data.DataGovernanceFullFlowTest
[ERROR] com.tlq.rectagent.data.DataGovernanceFullFlowTest.testFullConversationFlow -- Time elapsed: 0.002 s <<< ERROR!
java.lang.IllegalStateException: ApplicationContext failure threshold (1) exceeded: skipping repeated attempt to load context for [WebMergedContextConfiguration@619854a3 testClass = com.tlq.rectagent.data.DataGovernanceFullFlowTest, locations = [], classes = [com.tlq.rectagent.RectAgentApplication], contextInitializerClasses = [], activeProfiles = [], propertySourceDescriptors = [], propertySourceProperties = ["org.springframework.boot.test.context.SpringBootTestContextBootstrapper=true"], contextCustomizers = [org.springframework.boot.test.context.filter.ExcludeFilterContextCustomizer@55493582, org.springframework.boot.test.json.DuplicateJsonObjectContextCustomizerFactory$DuplicateJsonObjectContextCustomizer@34158c08, org.springframework.boot.test.mock.mockito.MockitoContextCustomizer@0, org.springframework.boot.test.web.client.TestRestTemplateContextCustomizer@31dadd46, org.springframework.boot.test.web.reactive.server.WebTestClientContextCustomizer@10cf09e8, org.springframework.boot.test.web.reactor.netty.DisableReactorResourceFactoryGlobalResourcesContextCustomizerFactory$DisableReactorResourceFactoryGlobalResourcesContextCustomizerCustomizer@63787180, org.springframework.boot.test.autoconfigure.OnFailureConditionReportContextCustomizerFactory$OnFailureConditionReportContextCustomizer@2e1ef60, org.springframework.boot.test.autoconfigure.actuate.observability.ObservabilityContextCustomizerFactory$DisableObservabilityContextCustomizer@1f, org.springframework.boot.test.autoconfigure.properties.PropertyMappingContextCustomizer@0, org.springframework.boot.test.autoconfigure.web.servlet.WebDriverContextCustomizer@dbd8e44, org.springframework.boot.test.context.SpringBootTestAnnotation@9f6e4d8], resourceBasePath = "src/main/webapp", contextLoader = org.springframework.boot.test.context.SpringBootContextLoader, parent = null]
	at org.springframework.test.context.cache.DefaultCacheAwareContextLoaderDelegate.loadContext(DefaultCacheAwareContextLoaderDelegate.java:145)
	at org.springframework.test.context.support.DefaultTestContext.getApplicationContext(DefaultTestContext.java:130)
	at org.springframework.test.context.web.ServletTestExecutionListener.setUpRequestContextIfNecessary(ServletTestExecutionListener.java:191)
	at org.springframework.test.context.web.ServletTestExecutionListener.prepareTestInstance(ServletTestExecutionListener.java:130)
	at org.springframework.test.context.TestContextManager.prepareTestInstance(TestContextManager.java:260)
	at org.springframework.test.context.junit.jupiter.SpringExtension.postProcessTestInstance(SpringExtension.java:163)
	at java.base/java.util.stream.ReferencePipeline$3$1.accept(ReferencePipeline.java:197)
	at java.base/java.util.stream.ReferencePipeline$2$1.accept(ReferencePipeline.java:179)
	at java.base/java.util.ArrayList$ArrayListSpliterator.forEachRemaining(ArrayList.java:1708)
	at java.base/java.util.stream.AbstractPipeline.copyInto(AbstractPipeline.java:509)
	at java.base/java.util.stream.AbstractPipeline.wrapAndCopyInto(AbstractPipeline.java:499)
	at java.base/java.util.stream.StreamSpliterators$WrappingSpliterator.forEachRemaining(StreamSpliterators.java:310)
	at java.base/java.util.stream.Streams$ConcatSpliterator.forEachRemaining(Streams.java:735)
	at java.base/java.util.stream.Streams$ConcatSpliterator.forEachRemaining(Streams.java:734)
	at java.base/java.util.stream.ReferencePipeline$Head.forEach(ReferencePipeline.java:762)
	at java.base/java.util.Optional.orElseGet(Optional.java:364)
	at java.base/java.util.ArrayList.forEach(ArrayList.java:1596)
	at java.base/java.util.ArrayList.forEach(ArrayList.java:1596)

[ERROR] com.tlq.rectagent.data.DataGovernanceFullFlowTest.testTokenBudgetingScenario -- Time elapsed: 0 s <<< ERROR!
java.lang.IllegalStateException: ApplicationContext failure threshold (1) exceeded: skipping repeated attempt to load context for [WebMergedContextConfiguration@619854a3 testClass = com.tlq.rectagent.data.DataGovernanceFullFlowTest, locations = [], classes = [com.tlq.rectagent.RectAgentApplication], contextInitializerClasses = [], activeProfiles = [], propertySourceDescriptors = [], propertySourceProperties = ["org.springframework.boot.test.context.SpringBootTestContextBootstrapper=true"], contextCustomizers = [org.springframework.boot.test.context.filter.ExcludeFilterContextCustomizer@55493582, org.springframework.boot.test.json.DuplicateJsonObjectContextCustomizerFactory$DuplicateJsonObjectContextCustomizer@34158c08, org.springframework.boot.test.mock.mockito.MockitoContextCustomizer@0, org.springframework.boot.test.web.client.TestRestTemplateContextCustomizer@31dadd46, org.springframework.boot.test.web.reactive.server.WebTestClientContextCustomizer@10cf09e8, org.springframework.boot.test.web.reactor.netty.DisableReactorResourceFactoryGlobalResourcesContextCustomizerFactory$DisableReactorResourceFactoryGlobalResourcesContextCustomizerCustomizer@63787180, org.springframework.boot.test.autoconfigure.OnFailureConditionReportContextCustomizerFactory$OnFailureConditionReportContextCustomizer@2e1ef60, org.springframework.boot.test.autoconfigure.actuate.observability.ObservabilityContextCustomizerFactory$DisableObservabilityContextCustomizer@1f, org.springframework.boot.test.autoconfigure.properties.PropertyMappingContextCustomizer@0, org.springframework.boot.test.autoconfigure.web.servlet.WebDriverContextCustomizer@dbd8e44, org.springframework.boot.test.context.SpringBootTestAnnotation@9f6e4d8], resourceBasePath = "src/main/webapp", contextLoader = org.springframework.boot.test.context.SpringBootContextLoader, parent = null]
	at org.springframework.test.context.cache.DefaultCacheAwareContextLoaderDelegate.loadContext(DefaultCacheAwareContextLoaderDelegate.java:145)
	at org.springframework.test.context.support.DefaultTestContext.getApplicationContext(DefaultTestContext.java:130)
	at org.springframework.test.context.web.ServletTestExecutionListener.setUpRequestContextIfNecessary(ServletTestExecutionListener.java:191)
	at org.springframework.test.context.web.ServletTestExecutionListener.prepareTestInstance(ServletTestExecutionListener.java:130)
	at org.springframework.test.context.TestContextManager.prepareTestInstance(TestContextManager.java:260)
	at org.springframework.test.context.junit.jupiter.SpringExtension.postProcessTestInstance(SpringExtension.java:163)
	at java.base/java.util.stream.ReferencePipeline$3$1.accept(ReferencePipeline.java:197)
	at java.base/java.util.stream.ReferencePipeline$2$1.accept(ReferencePipeline.java:179)
	at java.base/java.util.ArrayList$ArrayListSpliterator.forEachRemaining(ArrayList.java:1708)
	at java.base/java.util.stream.AbstractPipeline.copyInto(AbstractPipeline.java:509)
	at java.base/java.util.stream.AbstractPipeline.wrapAndCopyInto(AbstractPipeline.java:499)
	at java.base/java.util.stream.StreamSpliterators$WrappingSpliterator.forEachRemaining(StreamSpliterators.java:310)
	at java.base/java.util.stream.Streams$ConcatSpliterator.forEachRemaining(Streams.java:735)
	at java.base/java.util.stream.Streams$ConcatSpliterator.forEachRemaining(Streams.java:734)
	at java.base/java.util.stream.ReferencePipeline$Head.forEach(ReferencePipeline.java:762)
	at java.base/java.util.Optional.orElseGet(Optional.java:364)
	at java.base/java.util.ArrayList.forEach(ArrayList.java:1596)
	at java.base/java.util.ArrayList.forEach(ArrayList.java:1596)

[ERROR] com.tlq.rectagent.data.DataGovernanceFullFlowTest.testSessionRecoveryFromAborted -- Time elapsed: 0.001 s <<< ERROR!
java.lang.IllegalStateException: ApplicationContext failure threshold (1) exceeded: skipping repeated attempt to load context for [WebMergedContextConfiguration@619854a3 testClass = com.tlq.rectagent.data.DataGovernanceFullFlowTest, locations = [], classes = [com.tlq.rectagent.RectAgentApplication], contextInitializerClasses = [], activeProfiles = [], propertySourceDescriptors = [], propertySourceProperties = ["org.springframework.boot.test.context.SpringBootTestContextBootstrapper=true"], contextCustomizers = [org.springframework.boot.test.context.filter.ExcludeFilterContextCustomizer@55493582, org.springframework.boot.test.json.DuplicateJsonObjectContextCustomizerFactory$DuplicateJsonObjectContextCustomizer@34158c08, org.springframework.boot.test.mock.mockito.MockitoContextCustomizer@0, org.springframework.boot.test.web.client.TestRestTemplateContextCustomizer@31dadd46, org.springframework.boot.test.web.reactive.server.WebTestClientContextCustomizer@10cf09e8, org.springframework.boot.test.web.reactor.netty.DisableReactorResourceFactoryGlobalResourcesContextCustomizerFactory$DisableReactorResourceFactoryGlobalResourcesContextCustomizerCustomizer@63787180, org.springframework.boot.test.autoconfigure.OnFailureConditionReportContextCustomizerFactory$OnFailureConditionReportContextCustomizer@2e1ef60, org.springframework.boot.test.autoconfigure.actuate.observability.ObservabilityContextCustomizerFactory$DisableObservabilityContextCustomizer@1f, org.springframework.boot.test.autoconfigure.properties.PropertyMappingContextCustomizer@0, org.springframework.boot.test.autoconfigure.web.servlet.WebDriverContextCustomizer@dbd8e44, org.springframework.boot.test.context.SpringBootTestAnnotation@9f6e4d8], resourceBasePath = "src/main/webapp", contextLoader = org.springframework.boot.test.context.SpringBootContextLoader, parent = null]
	at org.springframework.test.context.cache.DefaultCacheAwareContextLoaderDelegate.loadContext(DefaultCacheAwareContextLoaderDelegate.java:145)
	at org.springframework.test.context.support.DefaultTestContext.getApplicationContext(DefaultTestContext.java:130)
	at org.springframework.test.context.web.ServletTestExecutionListener.setUpRequestContextIfNecessary(ServletTestExecutionListener.java:191)
	at org.springframework.test.context.web.ServletTestExecutionListener.prepareTestInstance(ServletTestExecutionListener.java:130)
	at org.springframework.test.context.TestContextManager.prepareTestInstance(TestContextManager.java:260)
	at org.springframework.test.context.junit.jupiter.SpringExtension.postProcessTestInstance(SpringExtension.java:163)
	at java.base/java.util.stream.ReferencePipeline$3$1.accept(ReferencePipeline.java:197)
	at java.base/java.util.stream.ReferencePipeline$2$1.accept(ReferencePipeline.java:179)
	at java.base/java.util.ArrayList$ArrayListSpliterator.forEachRemaining(ArrayList.java:1708)
	at java.base/java.util.stream.AbstractPipeline.copyInto(AbstractPipeline.java:509)
	at java.base/java.util.stream.AbstractPipeline.wrapAndCopyInto(AbstractPipeline.java:499)
	at java.base/java.util.stream.StreamSpliterators$WrappingSpliterator.forEachRemaining(StreamSpliterators.java:310)
	at java.base/java.util.stream.Streams$ConcatSpliterator.forEachRemaining(Streams.java:735)
	at java.base/java.util.stream.Streams$ConcatSpliterator.forEachRemaining(Streams.java:734)
	at java.base/java.util.stream.ReferencePipeline$Head.forEach(ReferencePipeline.java:762)
	at java.base/java.util.Optional.orElseGet(Optional.java:364)
	at java.base/java.util.ArrayList.forEach(ArrayList.java:1596)
	at java.base/java.util.ArrayList.forEach(ArrayList.java:1596)

[ERROR] com.tlq.rectagent.data.DataGovernanceFullFlowTest.testMultiUserIsolation -- Time elapsed: 0 s <<< ERROR!
java.lang.IllegalStateException: ApplicationContext failure threshold (1) exceeded: skipping repeated attempt to load context for [WebMergedContextConfiguration@619854a3 testClass = com.tlq.rectagent.data.DataGovernanceFullFlowTest, locations = [], classes = [com.tlq.rectagent.RectAgentApplication], contextInitializerClasses = [], activeProfiles = [], propertySourceDescriptors = [], propertySourceProperties = ["org.springframework.boot.test.context.SpringBootTestContextBootstrapper=true"], contextCustomizers = [org.springframework.boot.test.context.filter.ExcludeFilterContextCustomizer@55493582, org.springframework.boot.test.json.DuplicateJsonObjectContextCustomizerFactory$DuplicateJsonObjectContextCustomizer@34158c08, org.springframework.boot.test.mock.mockito.MockitoContextCustomizer@0, org.springframework.boot.test.web.client.TestRestTemplateContextCustomizer@31dadd46, org.springframework.boot.test.web.reactive.server.WebTestClientContextCustomizer@10cf09e8, org.springframework.boot.test.web.reactor.netty.DisableReactorResourceFactoryGlobalResourcesContextCustomizerFactory$DisableReactorResourceFactoryGlobalResourcesContextCustomizerCustomizer@63787180, org.springframework.boot.test.autoconfigure.OnFailureConditionReportContextCustomizerFactory$OnFailureConditionReportContextCustomizer@2e1ef60, org.springframework.boot.test.autoconfigure.actuate.observability.ObservabilityContextCustomizerFactory$DisableObservabilityContextCustomizer@1f, org.springframework.boot.test.autoconfigure.properties.PropertyMappingContextCustomizer@0, org.springframework.boot.test.autoconfigure.web.servlet.WebDriverContextCustomizer@dbd8e44, org.springframework.boot.test.context.SpringBootTestAnnotation@9f6e4d8], resourceBasePath = "src/main/webapp", contextLoader = org.springframework.boot.test.context.SpringBootContextLoader, parent = null]
	at org.springframework.test.context.cache.DefaultCacheAwareContextLoaderDelegate.loadContext(DefaultCacheAwareContextLoaderDelegate.java:145)
	at org.springframework.test.context.support.DefaultTestContext.getApplicationContext(DefaultTestContext.java:130)
	at org.springframework.test.context.web.ServletTestExecutionListener.setUpRequestContextIfNecessary(ServletTestExecutionListener.java:191)
	at org.springframework.test.context.web.ServletTestExecutionListener.prepareTestInstance(ServletTestExecutionListener.java:130)
	at org.springframework.test.context.TestContextManager.prepareTestInstance(TestContextManager.java:260)
	at org.springframework.test.context.junit.jupiter.SpringExtension.postProcessTestInstance(SpringExtension.java:163)
	at java.base/java.util.stream.ReferencePipeline$3$1.accept(ReferencePipeline.java:197)
	at java.base/java.util.stream.ReferencePipeline$2$1.accept(ReferencePipeline.java:179)
	at java.base/java.util.ArrayList$ArrayListSpliterator.forEachRemaining(ArrayList.java:1708)
	at java.base/java.util.stream.AbstractPipeline.copyInto(AbstractPipeline.java:509)
	at java.base/java.util.stream.AbstractPipeline.wrapAndCopyInto(AbstractPipeline.java:499)
	at java.base/java.util.stream.StreamSpliterators$WrappingSpliterator.forEachRemaining(StreamSpliterators.java:310)
	at java.base/java.util.stream.Streams$ConcatSpliterator.forEachRemaining(Streams.java:735)
	at java.base/java.util.stream.Streams$ConcatSpliterator.forEachRemaining(Streams.java:734)
	at java.base/java.util.stream.ReferencePipeline$Head.forEach(ReferencePipeline.java:762)
	at java.base/java.util.Optional.orElseGet(Optional.java:364)
	at java.base/java.util.ArrayList.forEach(ArrayList.java:1596)
	at java.base/java.util.ArrayList.forEach(ArrayList.java:1596)

[INFO] Running com.tlq.rectagent.FullSystemE2ETest
2026-03-26 22:02:57.974 [main] [] INFO  o.s.t.c.s.AnnotationConfigContextLoaderUtils - Could not detect default configuration classes for test class [com.tlq.rectagent.FullSystemE2ETest]: FullSystemE2ETest does not declare any static, non-private, non-final, nested classes annotated with @Configuration.
2026-03-26 22:02:58.018 [main] [] INFO  o.s.b.t.c.SpringBootTestContextBootstrapper - Found @SpringBootConfiguration com.tlq.rectagent.RectAgentApplication for test class com.tlq.rectagent.FullSystemE2ETest
22:02:58,065 |-INFO in ch.qos.logback.core.joran.util.ConfigurationWatchListUtil@74075134 - Adding [jar:file:/D:/software/maven/.m2/repository/org/springframework/boot/spring-boot/3.3.5/spring-boot-3.3.5.jar!/org/springframework/boot/logging/logback/defaults.xml] to configuration watch list.
22:02:58,065 |-INFO in ConfigurationWatchList(mainURL=file:/D:/project/ai/java/rct-agent/rect-agent-core/target/classes/logback-spring.xml, fileWatchList={D:\project\ai\java\rct-agent\rect-agent-core\target\classes\logback-spring.xml}, urlWatchList=[}) - Cannot watch [jar:file:/D:/software/maven/.m2/repository/org/springframework/boot/spring-boot/3.3.5/spring-boot-3.3.5.jar!/org/springframework/boot/logging/logback/defaults.xml] as its protocol is not one of file, http or https.
22:02:58,070 |-INFO in ch.qos.logback.core.model.processor.ConversionRuleModelHandler - registering conversion word applicationName with class [org.springframework.boot.logging.logback.ApplicationNameConverter]
22:02:58,070 |-INFO in ch.qos.logback.core.model.processor.ConversionRuleModelHandler - registering conversion word clr with class [org.springframework.boot.logging.logback.ColorConverter]
22:02:58,070 |-INFO in ch.qos.logback.core.model.processor.ConversionRuleModelHandler - registering conversion word correlationId with class [org.springframework.boot.logging.logback.CorrelationIdConverter]
22:02:58,070 |-INFO in ch.qos.logback.core.model.processor.ConversionRuleModelHandler - registering conversion word wex with class [org.springframework.boot.logging.logback.WhitespaceThrowableProxyConverter]
22:02:58,070 |-INFO in ch.qos.logback.core.model.processor.ConversionRuleModelHandler - registering conversion word wEx with class [org.springframework.boot.logging.logback.ExtendedWhitespaceThrowableProxyConverter]
22:02:58,070 |-INFO in ch.qos.logback.core.model.processor.ModelInterpretationContext@4271b748 - value "%clr(%d{yyyy-MM-dd'T'HH:mm:ss.SSSXXX}){faint} %clr(%5p) %clr(26256){magenta} %clr(---){faint} %clr(%applicationName[%15.15t]){faint} %clr(){faint}%clr(%-40.40logger{39}){cyan} %clr(:){faint} %m%n%wEx" substituted for "${CONSOLE_LOG_PATTERN:-%clr(%d{${LOG_DATEFORMAT_PATTERN:-yyyy-MM-dd'T'HH:mm:ss.SSSXXX}}){faint} %clr(${LOG_LEVEL_PATTERN:-%5p}) %clr(${PID:- }){magenta} %clr(---){faint} %clr(%applicationName[%15.15t]){faint} %clr(${LOG_CORRELATION_PATTERN:-}){faint}%clr(%-40.40logger{39}){cyan} %clr(:){faint} %m%n${LOG_EXCEPTION_CONVERSION_WORD:-%wEx}}"
22:02:58,070 |-INFO in ch.qos.logback.core.model.processor.ModelInterpretationContext@4271b748 - value "UTF-8" substituted for "${CONSOLE_LOG_CHARSET:-${file.encoding:-UTF-8}}"
22:02:58,070 |-INFO in ch.qos.logback.core.model.processor.ModelInterpretationContext@4271b748 - value "TRACE" substituted for "${CONSOLE_LOG_THRESHOLD:-TRACE}"
22:02:58,070 |-INFO in ch.qos.logback.core.model.processor.ModelInterpretationContext@4271b748 - value "%d{yyyy-MM-dd'T'HH:mm:ss.SSSXXX} %5p 26256 --- %applicationName[%t] %-40.40logger{39} : %m%n%wEx" substituted for "${FILE_LOG_PATTERN:-%d{${LOG_DATEFORMAT_PATTERN:-yyyy-MM-dd'T'HH:mm:ss.SSSXXX}} ${LOG_LEVEL_PATTERN:-%5p} ${PID:- } --- %applicationName[%t] ${LOG_CORRELATION_PATTERN:-}%-40.40logger{39} : %m%n${LOG_EXCEPTION_CONVERSION_WORD:-%wEx}}"
22:02:58,070 |-INFO in ch.qos.logback.core.model.processor.ModelInterpretationContext@4271b748 - value "UTF-8" substituted for "${FILE_LOG_CHARSET:-${file.encoding:-UTF-8}}"
22:02:58,070 |-INFO in ch.qos.logback.core.model.processor.ModelInterpretationContext@4271b748 - value "TRACE" substituted for "${FILE_LOG_THRESHOLD:-TRACE}"
22:02:58,070 |-INFO in ch.qos.logback.classic.model.processor.LoggerModelHandler - Setting level of logger [org.apache.catalina.startup.DigesterFactory] to ERROR
22:02:58,070 |-INFO in ch.qos.logback.classic.jul.LevelChangePropagator@56d6e2e1 - Propagating ERROR level on Logger[org.apache.catalina.startup.DigesterFactory] onto the JUL framework
22:02:58,070 |-INFO in ch.qos.logback.classic.model.processor.LoggerModelHandler - Setting level of logger [org.apache.catalina.util.LifecycleBase] to ERROR
22:02:58,070 |-INFO in ch.qos.logback.classic.jul.LevelChangePropagator@56d6e2e1 - Propagating ERROR level on Logger[org.apache.catalina.util.LifecycleBase] onto the JUL framework
22:02:58,070 |-INFO in ch.qos.logback.classic.model.processor.LoggerModelHandler - Setting level of logger [org.apache.coyote.http11.Http11NioProtocol] to WARN
22:02:58,070 |-INFO in ch.qos.logback.classic.jul.LevelChangePropagator@56d6e2e1 - Propagating WARN level on Logger[org.apache.coyote.http11.Http11NioProtocol] onto the JUL framework
22:02:58,070 |-INFO in ch.qos.logback.classic.model.processor.LoggerModelHandler - Setting level of logger [org.apache.sshd.common.util.SecurityUtils] to WARN
22:02:58,070 |-INFO in ch.qos.logback.classic.jul.LevelChangePropagator@56d6e2e1 - Propagating WARN level on Logger[org.apache.sshd.common.util.SecurityUtils] onto the JUL framework
22:02:58,070 |-INFO in ch.qos.logback.classic.model.processor.LoggerModelHandler - Setting level of logger [org.apache.tomcat.util.net.NioSelectorPool] to WARN
22:02:58,070 |-INFO in ch.qos.logback.classic.jul.LevelChangePropagator@56d6e2e1 - Propagating WARN level on Logger[org.apache.tomcat.util.net.NioSelectorPool] onto the JUL framework
22:02:58,070 |-INFO in ch.qos.logback.classic.model.processor.LoggerModelHandler - Setting level of logger [org.eclipse.jetty.util.component.AbstractLifeCycle] to ERROR
22:02:58,070 |-INFO in ch.qos.logback.classic.jul.LevelChangePropagator@56d6e2e1 - Propagating ERROR level on Logger[org.eclipse.jetty.util.component.AbstractLifeCycle] onto the JUL framework
22:02:58,070 |-INFO in ch.qos.logback.classic.model.processor.LoggerModelHandler - Setting level of logger [org.hibernate.validator.internal.util.Version] to WARN
22:02:58,070 |-INFO in ch.qos.logback.classic.jul.LevelChangePropagator@56d6e2e1 - Propagating WARN level on Logger[org.hibernate.validator.internal.util.Version] onto the JUL framework
22:02:58,070 |-INFO in ch.qos.logback.classic.model.processor.LoggerModelHandler - Setting level of logger [org.springframework.boot.actuate.endpoint.jmx] to WARN
22:02:58,070 |-INFO in ch.qos.logback.classic.jul.LevelChangePropagator@56d6e2e1 - Propagating WARN level on Logger[org.springframework.boot.actuate.endpoint.jmx] onto the JUL framework
22:02:58,070 |-INFO in ch.qos.logback.core.model.processor.AppenderModelHandler - Processing appender named [CONSOLE]
22:02:58,070 |-INFO in ch.qos.logback.core.model.processor.AppenderModelHandler - About to instantiate appender of type [ch.qos.logback.core.ConsoleAppender]
22:02:58,070 |-INFO in ch.qos.logback.core.model.processor.ImplicitModelHandler - Assuming default type [ch.qos.logback.classic.encoder.PatternLayoutEncoder] for [encoder] property
22:02:58,070 |-INFO in ch.qos.logback.core.model.processor.ModelInterpretationContext@4271b748 - value "%d{yyyy-MM-dd HH:mm:ss.SSS} [%thread] [%X{traceId}] %-5level %logger{36} - %msg%n" substituted for "${LOG_PATTERN}"
22:02:58,071 |-WARN in ch.qos.logback.core.model.processor.AppenderModelHandler - Appender named [FILE] not referenced. Skipping further processing.
22:02:58,071 |-INFO in ch.qos.logback.classic.model.processor.LoggerModelHandler - Setting level of logger [com.tlq.rectagent] to DEBUG
22:02:58,071 |-INFO in ch.qos.logback.classic.jul.LevelChangePropagator@56d6e2e1 - Propagating DEBUG level on Logger[com.tlq.rectagent] onto the JUL framework
22:02:58,071 |-INFO in ch.qos.logback.classic.model.processor.RootLoggerModelHandler - Setting level of ROOT logger to INFO
22:02:58,071 |-INFO in ch.qos.logback.classic.jul.LevelChangePropagator@56d6e2e1 - Propagating INFO level on Logger[ROOT] onto the JUL framework
22:02:58,071 |-INFO in ch.qos.logback.core.model.processor.AppenderRefModelHandler - Attaching appender named [CONSOLE] to Logger[ROOT]
22:02:58,071 |-INFO in ch.qos.logback.core.model.processor.DefaultProcessor@4e9695cf - End of configuration.
22:02:58,071 |-INFO in org.springframework.boot.logging.logback.SpringBootJoranConfigurator@43e86c0c - Registering current configuration as safe fallback point


  .   ____          _            __ _ _
 /\\ / ___'_ __ _ _(_)_ __  __ _ \ \ \ \
( ( )\___ | '_ | '_| | '_ \/ _` | \ \ \ \
 \\/  ___)| |_)| | | | | || (_| |  ) ) ) )
  '  |____| .__|_| |_|_| |_\__, | / / / /
 =========|_|==============|___/=/_/_/_/

 :: Spring Boot ::                (v3.3.5)

2026-03-26 22:02:58.077 [main] [] INFO  com.tlq.rectagent.FullSystemE2ETest - Starting FullSystemE2ETest using Java 21.0.8 with PID 26256 (started by TanLinRu in D:\project\ai\java\rct-agent\rect-agent-core)
2026-03-26 22:02:58.077 [main] [] DEBUG com.tlq.rectagent.FullSystemE2ETest - Running with Spring Boot v3.3.5, Spring v6.1.14
2026-03-26 22:02:58.078 [main] [] INFO  com.tlq.rectagent.FullSystemE2ETest - No active profile set, falling back to 1 default profile: "default"
2026-03-26 22:02:59.147 [main] [] INFO  c.t.r.agent.AgentToolRegistry - AgentToolRegistry 初始化完成: 共 0 个工具
Logging initialized using 'class org.apache.ibatis.logging.stdout.StdOutImpl' adapter.
Get /192.168.2.186 network interface 
Get network interface info: name:wireless_32768 (Intel(R) Wi-Fi 6 AX200 160MHz)
Initialization Sequence datacenterId:9 workerId:22
 _ _   |_  _ _|_. ___ _ |    _ 
| | |\/|_)(_| | |_\  |_)||_|_\ 
     /               |         
                        3.5.7 
2026-03-26 22:03:00.190 [main] [] INFO  com.zaxxer.hikari.HikariDataSource - HikariPool-1 - Starting...
2026-03-26 22:03:00.697 [main] [] INFO  com.zaxxer.hikari.pool.HikariPool - HikariPool-1 - Added connection conn0: url=jdbc:h2:mem:agentdb user=SA
2026-03-26 22:03:00.700 [main] [] INFO  com.zaxxer.hikari.HikariDataSource - HikariPool-1 - Start completed.
2026-03-26 22:03:01.695 [main] [] WARN  c.t.r.config.ChatModelFactory - OpenAI API key is not configured. ChatModelFactory will run in mock mode. Set spring.ai.openai.api-key or OPENAI_API_KEY environment variable to enable real API calls.
2026-03-26 22:03:01.700 [main] [] INFO  c.t.r.agent.SupervisorAgentFramework - SupervisorAgentFramework initialized with 3 sub-agents
2026-03-26 22:03:01.784 [main] [] INFO  c.t.rectagent.hook.HookConfiguration - SummarizationHook initialized: maxTokens=4000, messagesToKeep=20
2026-03-26 22:03:01.789 [main] [] INFO  c.t.rectagent.hook.HookConfiguration - ModelCallLimitHook initialized: runLimit=10
2026-03-26 22:03:01.828 [main] [] WARN  o.s.w.c.s.GenericWebApplicationContext - Exception encountered during context initialization - cancelling refresh attempt: org.springframework.beans.factory.UnsatisfiedDependencyException: Error creating bean with name 'capabilityRoutingStrategy': Unsatisfied dependency expressed through field 'modelPool': Error creating bean with name 'com.tlq.rectagent.config.ModelAutoConfiguration': Unsatisfied dependency expressed through field 'chatModelPool': Error creating bean with name 'chatModelPool': Requested bean is currently in creation: Is there an unresolvable circular reference?
2026-03-26 22:03:01.828 [main] [] INFO  c.t.r.config.ChatModelFactory - ChatModelFactory shutting down
2026-03-26 22:03:01.829 [main] [] INFO  com.zaxxer.hikari.HikariDataSource - HikariPool-1 - Shutdown initiated...
2026-03-26 22:03:01.834 [main] [] INFO  com.zaxxer.hikari.HikariDataSource - HikariPool-1 - Shutdown completed.



============================
CONDITIONS EVALUATION REPORT
============================


Positive matches:
-----------------

   AopAutoConfiguration matched:
      - @ConditionalOnProperty (spring.aop.auto=true) matched (OnPropertyCondition)

   AopAutoConfiguration.ClassProxyingConfiguration matched:
      - @ConditionalOnMissingClass did not find unwanted class 'org.aspectj.weaver.Advice' (OnClassCondition)
      - @ConditionalOnProperty (spring.aop.proxy-target-class=true) matched (OnPropertyCondition)

   ApplicationAvailabilityAutoConfiguration#applicationAvailability matched:
      - @ConditionalOnMissingBean (types: org.springframework.boot.availability.ApplicationAvailability; SearchStrategy
: all) did not find any beans (OnBeanCondition)

   ChatClientAutoConfiguration matched:
      - @ConditionalOnClass found required class 'org.springframework.ai.chat.client.ChatClient' (OnClassCondition)
      - @ConditionalOnProperty (spring.ai.chat.client.enabled=true) matched (OnPropertyCondition)

   ChatClientAutoConfiguration#chatClientBuilder matched:
      - @ConditionalOnMissingBean (types: org.springframework.ai.chat.client.ChatClient$Builder; SearchStrategy: all) d
id not find any beans (OnBeanCondition)

   ChatClientAutoConfiguration#chatClientBuilderConfigurer matched:
      - @ConditionalOnMissingBean (types: org.springframework.ai.model.chat.client.autoconfigure.ChatClientBuilderConfi
gurer; SearchStrategy: all) did not find any beans (OnBeanCondition)

   ChatClientAutoConfiguration.TracerNotPresentObservationConfiguration matched:
      - @ConditionalOnMissingClass did not find unwanted class 'io.micrometer.tracing.Tracer' (OnClassCondition)

   ChatObservationAutoConfiguration matched:
      - @ConditionalOnClass found required class 'org.springframework.ai.chat.model.ChatModel' (OnClassCondition)

   ChatObservationAutoConfiguration.TracerNotPresentObservationConfiguration matched:
      - @ConditionalOnMissingClass did not find unwanted class 'io.micrometer.tracing.Tracer' (OnClassCondition)

   ClientHttpConnectorAutoConfiguration matched:
      - @ConditionalOnClass found required class 'org.springframework.web.reactive.function.client.WebClient' (OnClassC
ondition)

   ClientHttpConnectorAutoConfiguration#webClientHttpConnector matched:
      - @ConditionalOnMissingBean (types: org.springframework.http.client.reactive.ClientHttpConnector; SearchStrategy:
 all) did not find any beans (OnBeanCondition)

   ClientHttpConnectorAutoConfiguration#webClientHttpConnectorCustomizer matched:
      - @ConditionalOnBean (types: org.springframework.http.client.reactive.ClientHttpConnector; SearchStrategy: all) f
ound bean 'webClientHttpConnector' (OnBeanCondition)

   ClientHttpConnectorFactoryConfiguration.JdkClient matched:
      - @ConditionalOnClass found required class 'java.net.http.HttpClient' (OnClassCondition)
      - @ConditionalOnMissingBean (types: org.springframework.boot.autoconfigure.web.reactive.function.client.ClientHtt
pConnectorFactory; SearchStrategy: all) did not find any beans (OnBeanCondition)

   CodecsAutoConfiguration matched:
      - @ConditionalOnClass found required classes 'org.springframework.http.codec.CodecConfigurer', 'org.springframewo
rk.web.reactive.function.client.WebClient' (OnClassCondition)

   CodecsAutoConfiguration.JacksonCodecConfiguration matched:
      - @ConditionalOnClass found required class 'com.fasterxml.jackson.databind.ObjectMapper' (OnClassCondition)

   CodecsAutoConfiguration.JacksonCodecConfiguration#jacksonCodecCustomizer matched:
      - @ConditionalOnBean (types: com.fasterxml.jackson.databind.ObjectMapper; SearchStrategy: all) found bean 'jackso
nObjectMapper' (OnBeanCondition)

   DashScopeAgentAutoConfiguration matched:
      - @ConditionalOnClass found required class 'com.alibaba.cloud.ai.dashscope.api.DashScopeApi' (OnClassCondition)
      - @ConditionalOnProperty (spring.ai.dashscope.agent.enabled=true) matched; @ConditionalOnProperty (spring.ai.dash
scope.enabled) matched (OnPropertyCondition)

   DashScopeAgentAutoConfiguration#dashscopeAgentApi matched:
      - @ConditionalOnMissingBean (types: com.alibaba.cloud.ai.dashscope.api.DashScopeAgentApi; SearchStrategy: all) di
d not find any beans (OnBeanCondition)

   DashScopeAudioSpeechAutoConfiguration matched:
      - @ConditionalOnClass found required class 'com.alibaba.cloud.ai.dashscope.api.DashScopeAudioSpeechApi' (OnClassC
ondition)
      - @ConditionalOnProperty (spring.ai.model.audio.speech=dashscope) matched; @ConditionalOnProperty (spring.ai.dash
scope.enabled) matched (OnPropertyCondition)

   DashScopeAudioSpeechAutoConfiguration#dashScopeSpeechSynthesisModel matched:
      - @ConditionalOnMissingBean (types: com.alibaba.cloud.ai.dashscope.audio.DashScopeAudioSpeechModel; SearchStrateg
y: all) did not find any beans (OnBeanCondition)

   DashScopeAudioTranscriptionAutoConfiguration matched:
      - @ConditionalOnClass found required class 'com.alibaba.cloud.ai.dashscope.api.DashScopeAudioTranscriptionApi' (O
nClassCondition)
      - @ConditionalOnProperty (spring.ai.model.audio.transcription=dashscope) matched; @ConditionalOnProperty (spring.
ai.dashscope.enabled) matched (OnPropertyCondition)

   DashScopeAudioTranscriptionAutoConfiguration#dashScopeAudioTranscriptionModel matched:
      - @ConditionalOnMissingBean (types: com.alibaba.cloud.ai.dashscope.audio.DashScopeAudioTranscriptionModel; Search
Strategy: all) did not find any beans (OnBeanCondition)

   DashScopeChatAutoConfiguration matched:
      - @ConditionalOnClass found required class 'com.alibaba.cloud.ai.dashscope.api.DashScopeApi' (OnClassCondition)
      - @ConditionalOnProperty (spring.ai.model.chat=dashscope) matched; @ConditionalOnProperty (spring.ai.dashscope.en
abled) matched (OnPropertyCondition)

   DashScopeChatAutoConfiguration#dashScopeChatModel matched:
      - @ConditionalOnMissingBean (types: com.alibaba.cloud.ai.dashscope.chat.DashScopeChatModel; SearchStrategy: all) 
did not find any beans (OnBeanCondition)

   DashScopeEmbeddingAutoConfiguration matched:
      - @ConditionalOnClass found required class 'com.alibaba.cloud.ai.dashscope.api.DashScopeApi' (OnClassCondition)
      - @ConditionalOnProperty (spring.ai.model.embedding=dashscope) matched; @ConditionalOnProperty (spring.ai.dashsco
pe.enabled) matched (OnPropertyCondition)

   DashScopeEmbeddingAutoConfiguration#dashscopeEmbeddingModel matched:
      - @ConditionalOnMissingBean (types: com.alibaba.cloud.ai.dashscope.embedding.DashScopeEmbeddingModel; SearchStrat
egy: all) did not find any beans (OnBeanCondition)

   DashScopeImageAutoConfiguration matched:
      - @ConditionalOnClass found required class 'com.alibaba.cloud.ai.dashscope.api.DashScopeImageApi' (OnClassConditi
on)
      - @ConditionalOnProperty (spring.ai.model.image=dashscope) matched; @ConditionalOnProperty (spring.ai.dashscope.e
nabled) matched (OnPropertyCondition)

   DashScopeImageAutoConfiguration#dashScopeImageModel matched:
      - @ConditionalOnMissingBean (types: com.alibaba.cloud.ai.dashscope.image.DashScopeImageModel; SearchStrategy: all
) did not find any beans (OnBeanCondition)

   DashScopeRerankAutoConfiguration matched:
      - @ConditionalOnClass found required class 'com.alibaba.cloud.ai.dashscope.api.DashScopeApi' (OnClassCondition)
      - @ConditionalOnProperty (spring.ai.model.rerank=dashscope) matched; @ConditionalOnProperty (spring.ai.dashscope.
enabled) matched (OnPropertyCondition)

   DashScopeRerankAutoConfiguration#dashscopeRerankModel matched:
      - @ConditionalOnMissingBean (types: com.alibaba.cloud.ai.dashscope.rerank.DashScopeRerankModel; SearchStrategy: a
ll) did not find any beans (OnBeanCondition)

   DashScopeVideoAutoConfiguration matched:
      - @ConditionalOnClass found required class 'com.alibaba.cloud.ai.dashscope.api.DashScopeVideoApi' (OnClassConditi
on)
      - @ConditionalOnProperty (spring.ai.model.video=dashscope) matched; @ConditionalOnProperty (spring.ai.dashscope.e
nabled) matched (OnPropertyCondition)

   DashScopeVideoAutoConfiguration#dashScopeVideoModel matched:
      - @ConditionalOnMissingBean (types: com.alibaba.cloud.ai.dashscope.video.DashScopeVideoModel; SearchStrategy: all
) did not find any beans (OnBeanCondition)

   DataSourceAutoConfiguration matched:
      - @ConditionalOnClass found required classes 'javax.sql.DataSource', 'org.springframework.jdbc.datasource.embedde
d.EmbeddedDatabaseType' (OnClassCondition)
      - @ConditionalOnMissingBean (types: io.r2dbc.spi.ConnectionFactory; SearchStrategy: all) did not find any beans (
OnBeanCondition)

   DataSourceAutoConfiguration.PooledDataSourceConfiguration matched:
      - AnyNestedCondition 1 matched 1 did not; NestedCondition on DataSourceAutoConfiguration.PooledDataSourceConditio
n.PooledDataSourceAvailable PooledDataSource found supported DataSource; NestedCondition on DataSourceAutoConfiguration
.PooledDataSourceCondition.ExplicitType @ConditionalOnProperty (spring.datasource.type) did not find property 'type' (D
ataSourceAutoConfiguration.PooledDataSourceCondition)
      - @ConditionalOnMissingBean (types: javax.sql.DataSource,javax.sql.XADataSource; SearchStrategy: all) did not fin
d any beans (OnBeanCondition)

   DataSourceAutoConfiguration.PooledDataSourceConfiguration#jdbcConnectionDetails matched:
      - @ConditionalOnMissingBean (types: org.springframework.boot.autoconfigure.jdbc.JdbcConnectionDetails; SearchStra
tegy: all) did not find any beans (OnBeanCondition)

   DataSourceConfiguration.Hikari matched:
      - @ConditionalOnClass found required class 'com.zaxxer.hikari.HikariDataSource' (OnClassCondition)
      - @ConditionalOnProperty (spring.datasource.type=com.zaxxer.hikari.HikariDataSource) matched (OnPropertyCondition
)
      - @ConditionalOnMissingBean (types: javax.sql.DataSource; SearchStrategy: all) did not find any beans (OnBeanCond
ition)

   DataSourceInitializationConfiguration matched:
      - @ConditionalOnClass found required class 'org.springframework.jdbc.datasource.init.DatabasePopulator' (OnClassC
ondition)
      - @ConditionalOnSingleCandidate (types: javax.sql.DataSource; SearchStrategy: all) found a single bean 'dataSourc
e'; @ConditionalOnMissingBean (types: org.springframework.boot.autoconfigure.sql.init.SqlDataSourceScriptDatabaseInitia
lizer,org.springframework.boot.autoconfigure.sql.init.SqlR2dbcScriptDatabaseInitializer; SearchStrategy: all) did not f
ind any beans (OnBeanCondition)

   DataSourcePoolMetadataProvidersConfiguration.HikariPoolDataSourceMetadataProviderConfiguration matched:
      - @ConditionalOnClass found required class 'com.zaxxer.hikari.HikariDataSource' (OnClassCondition)

   DataSourceTransactionManagerAutoConfiguration matched:
      - @ConditionalOnClass found required classes 'javax.sql.DataSource', 'org.springframework.jdbc.core.JdbcTemplate'
, 'org.springframework.transaction.TransactionManager' (OnClassCondition)

   DataSourceTransactionManagerAutoConfiguration.JdbcTransactionManagerConfiguration matched:
      - @ConditionalOnSingleCandidate (types: javax.sql.DataSource; SearchStrategy: all) found a single bean 'dataSourc
e' (OnBeanCondition)

   DataSourceTransactionManagerAutoConfiguration.JdbcTransactionManagerConfiguration#transactionManager matched:
      - @ConditionalOnMissingBean (types: org.springframework.transaction.TransactionManager; SearchStrategy: all) did 
not find any beans (OnBeanCondition)

   DdlAutoConfiguration matched:
      - @ConditionalOnClass found required class 'com.baomidou.mybatisplus.extension.ddl.IDdl' (OnClassCondition)

   DispatcherServletAutoConfiguration matched:
      - @ConditionalOnClass found required class 'org.springframework.web.servlet.DispatcherServlet' (OnClassCondition)
      - found 'session' scope (OnWebApplicationCondition)

   DispatcherServletAutoConfiguration.DispatcherServletConfiguration matched:
      - @ConditionalOnClass found required class 'jakarta.servlet.ServletRegistration' (OnClassCondition)
      - Default DispatcherServlet did not find dispatcher servlet beans (DispatcherServletAutoConfiguration.DefaultDisp
atcherServletCondition)

   DispatcherServletAutoConfiguration.DispatcherServletRegistrationConfiguration matched:
      - @ConditionalOnClass found required class 'jakarta.servlet.ServletRegistration' (OnClassCondition)
      - DispatcherServlet Registration did not find servlet registration bean (DispatcherServletAutoConfiguration.Dispa
tcherServletRegistrationCondition)

   DispatcherServletAutoConfiguration.DispatcherServletRegistrationConfiguration#dispatcherServletRegistration matched:
      - @ConditionalOnBean (names: dispatcherServlet types: org.springframework.web.servlet.DispatcherServlet; SearchSt
rategy: all) found bean 'dispatcherServlet' (OnBeanCondition)

   EmbeddingObservationAutoConfiguration matched:
      - @ConditionalOnClass found required class 'org.springframework.ai.embedding.EmbeddingModel' (OnClassCondition)

   ErrorMvcAutoConfiguration matched:
      - @ConditionalOnClass found required classes 'jakarta.servlet.Servlet', 'org.springframework.web.servlet.Dispatch
erServlet' (OnClassCondition)
      - found 'session' scope (OnWebApplicationCondition)

   ErrorMvcAutoConfiguration#basicErrorController matched:
      - @ConditionalOnMissingBean (types: org.springframework.boot.web.servlet.error.ErrorController; SearchStrategy: c
urrent) did not find any beans (OnBeanCondition)

   ErrorMvcAutoConfiguration#errorAttributes matched:
      - @ConditionalOnMissingBean (types: org.springframework.boot.web.servlet.error.ErrorAttributes; SearchStrategy: c
urrent) did not find any beans (OnBeanCondition)

   ErrorMvcAutoConfiguration.DefaultErrorViewResolverConfiguration#conventionErrorViewResolver matched:
      - @ConditionalOnBean (types: org.springframework.web.servlet.DispatcherServlet; SearchStrategy: all) found bean '
dispatcherServlet'; @ConditionalOnMissingBean (types: org.springframework.boot.autoconfigure.web.servlet.error.ErrorVie
wResolver; SearchStrategy: all) did not find any beans (OnBeanCondition)

   ErrorMvcAutoConfiguration.WhitelabelErrorViewConfiguration matched:
      - @ConditionalOnProperty (server.error.whitelabel.enabled) matched (OnPropertyCondition)
      - ErrorTemplate Missing did not find error template view (ErrorMvcAutoConfiguration.ErrorTemplateMissingCondition
)

   ErrorMvcAutoConfiguration.WhitelabelErrorViewConfiguration#beanNameViewResolver matched:
      - @ConditionalOnMissingBean (types: org.springframework.web.servlet.view.BeanNameViewResolver; SearchStrategy: al
l) did not find any beans (OnBeanCondition)

   ErrorMvcAutoConfiguration.WhitelabelErrorViewConfiguration#defaultErrorView matched:
      - @ConditionalOnMissingBean (names: error; SearchStrategy: all) did not find any beans (OnBeanCondition)

   GenericCacheConfiguration matched:
      - Cache org.springframework.boot.autoconfigure.cache.GenericCacheConfiguration automatic cache type (CacheConditi
on)

   H2ConsoleAutoConfiguration matched:
      - @ConditionalOnClass found required class 'org.h2.server.web.JakartaWebServlet' (OnClassCondition)
      - found 'session' scope (OnWebApplicationCondition)
      - @ConditionalOnProperty (spring.h2.console.enabled=true) matched (OnPropertyCondition)

   HttpEncodingAutoConfiguration matched:
      - @ConditionalOnClass found required class 'org.springframework.web.filter.CharacterEncodingFilter' (OnClassCondi
tion)
      - found 'session' scope (OnWebApplicationCondition)
      - @ConditionalOnProperty (server.servlet.encoding.enabled) matched (OnPropertyCondition)

   HttpEncodingAutoConfiguration#characterEncodingFilter matched:
      - @ConditionalOnMissingBean (types: org.springframework.web.filter.CharacterEncodingFilter; SearchStrategy: all) 
did not find any beans (OnBeanCondition)

   HttpMessageConvertersAutoConfiguration matched:
      - @ConditionalOnClass found required class 'org.springframework.http.converter.HttpMessageConverter' (OnClassCond
ition)
      - NoneNestedConditions 0 matched 1 did not; NestedCondition on HttpMessageConvertersAutoConfiguration.NotReactive
WebApplicationCondition.ReactiveWebApplication not a reactive web application (HttpMessageConvertersAutoConfiguration.N
otReactiveWebApplicationCondition)

   HttpMessageConvertersAutoConfiguration#messageConverters matched:
      - @ConditionalOnMissingBean (types: org.springframework.boot.autoconfigure.http.HttpMessageConverters; SearchStra
tegy: all) did not find any beans (OnBeanCondition)

   HttpMessageConvertersAutoConfiguration.StringHttpMessageConverterConfiguration matched:
      - @ConditionalOnClass found required class 'org.springframework.http.converter.StringHttpMessageConverter' (OnCla
ssCondition)

   HttpMessageConvertersAutoConfiguration.StringHttpMessageConverterConfiguration#stringHttpMessageConverter matched:
      - @ConditionalOnMissingBean (types: org.springframework.http.converter.StringHttpMessageConverter; SearchStrategy
: all) did not find any beans (OnBeanCondition)

   ImageObservationAutoConfiguration matched:
      - @ConditionalOnClass found required class 'org.springframework.ai.image.ImageModel' (OnClassCondition)

   ImageObservationAutoConfiguration.TracerNotPresentObservationConfiguration matched:
      - @ConditionalOnMissingClass did not find unwanted class 'io.micrometer.tracing.Tracer' (OnClassCondition)

   JacksonAutoConfiguration matched:
      - @ConditionalOnClass found required class 'com.fasterxml.jackson.databind.ObjectMapper' (OnClassCondition)

   JacksonAutoConfiguration.Jackson2ObjectMapperBuilderCustomizerConfiguration matched:
      - @ConditionalOnClass found required class 'org.springframework.http.converter.json.Jackson2ObjectMapperBuilder' 
(OnClassCondition)

   JacksonAutoConfiguration.JacksonObjectMapperBuilderConfiguration matched:
      - @ConditionalOnClass found required class 'org.springframework.http.converter.json.Jackson2ObjectMapperBuilder' 
(OnClassCondition)

   JacksonAutoConfiguration.JacksonObjectMapperBuilderConfiguration#jacksonObjectMapperBuilder matched:
      - @ConditionalOnMissingBean (types: org.springframework.http.converter.json.Jackson2ObjectMapperBuilder; SearchSt
rategy: all) did not find any beans (OnBeanCondition)

   JacksonAutoConfiguration.JacksonObjectMapperConfiguration matched:
      - @ConditionalOnClass found required class 'org.springframework.http.converter.json.Jackson2ObjectMapperBuilder' 
(OnClassCondition)

   JacksonAutoConfiguration.JacksonObjectMapperConfiguration#jacksonObjectMapper matched:
      - @ConditionalOnMissingBean (types: com.fasterxml.jackson.databind.ObjectMapper; SearchStrategy: all) did not fin
d any beans (OnBeanCondition)

   JacksonAutoConfiguration.ParameterNamesModuleConfiguration matched:
      - @ConditionalOnClass found required class 'com.fasterxml.jackson.module.paramnames.ParameterNamesModule' (OnClas
sCondition)

   JacksonAutoConfiguration.ParameterNamesModuleConfiguration#parameterNamesModule matched:
      - @ConditionalOnMissingBean (types: com.fasterxml.jackson.module.paramnames.ParameterNamesModule; SearchStrategy:
 all) did not find any beans (OnBeanCondition)

   JacksonHttpMessageConvertersConfiguration.MappingJackson2HttpMessageConverterConfiguration matched:
      - @ConditionalOnClass found required class 'com.fasterxml.jackson.databind.ObjectMapper' (OnClassCondition)
      - @ConditionalOnProperty (spring.mvc.converters.preferred-json-mapper=jackson) matched (OnPropertyCondition)
      - @ConditionalOnBean (types: com.fasterxml.jackson.databind.ObjectMapper; SearchStrategy: all) found bean 'jackso
nObjectMapper' (OnBeanCondition)

   JacksonHttpMessageConvertersConfiguration.MappingJackson2HttpMessageConverterConfiguration#mappingJackson2HttpMessag
eConverter matched:
      - @ConditionalOnMissingBean (types: org.springframework.http.converter.json.MappingJackson2HttpMessageConverter i
gnored: org.springframework.hateoas.server.mvc.TypeConstrainedMappingJackson2HttpMessageConverter,org.springframework.d
ata.rest.webmvc.alps.AlpsJsonHttpMessageConverter; SearchStrategy: all) did not find any beans (OnBeanCondition)

   JdbcClientAutoConfiguration matched:
      - @ConditionalOnSingleCandidate (types: org.springframework.jdbc.core.namedparam.NamedParameterJdbcTemplate; Sear
chStrategy: all) found a single bean 'namedParameterJdbcTemplate'; @ConditionalOnMissingBean (types: org.springframewor
k.jdbc.core.simple.JdbcClient; SearchStrategy: all) did not find any beans (OnBeanCondition)

   JdbcTemplateAutoConfiguration matched:
      - @ConditionalOnClass found required classes 'javax.sql.DataSource', 'org.springframework.jdbc.core.JdbcTemplate'
 (OnClassCondition)
      - @ConditionalOnSingleCandidate (types: javax.sql.DataSource; SearchStrategy: all) found a single bean 'dataSourc
e' (OnBeanCondition)

   JdbcTemplateConfiguration matched:
      - @ConditionalOnMissingBean (types: org.springframework.jdbc.core.JdbcOperations; SearchStrategy: all) did not fi
nd any beans (OnBeanCondition)

   LifecycleAutoConfiguration#defaultLifecycleProcessor matched:
      - @ConditionalOnMissingBean (names: lifecycleProcessor; SearchStrategy: current) did not find any beans (OnBeanCo
ndition)

   MultipartAutoConfiguration matched:
      - @ConditionalOnClass found required classes 'jakarta.servlet.Servlet', 'org.springframework.web.multipart.suppor
t.StandardServletMultipartResolver', 'jakarta.servlet.MultipartConfigElement' (OnClassCondition)
      - found 'session' scope (OnWebApplicationCondition)
      - @ConditionalOnProperty (spring.servlet.multipart.enabled) matched (OnPropertyCondition)

   MultipartAutoConfiguration#multipartConfigElement matched:
      - @ConditionalOnMissingBean (types: jakarta.servlet.MultipartConfigElement; SearchStrategy: all) did not find any
 beans (OnBeanCondition)

   MultipartAutoConfiguration#multipartResolver matched:
      - @ConditionalOnMissingBean (types: org.springframework.web.multipart.MultipartResolver; SearchStrategy: all) did
 not find any beans (OnBeanCondition)

   MybatisPlusAutoConfiguration matched:
      - @ConditionalOnClass found required classes 'org.apache.ibatis.session.SqlSessionFactory', 'org.mybatis.spring.S
qlSessionFactoryBean' (OnClassCondition)
      - @ConditionalOnSingleCandidate (types: javax.sql.DataSource; SearchStrategy: all) found a single bean 'dataSourc
e' (OnBeanCondition)

   MybatisPlusAutoConfiguration#sqlSessionFactory matched:
      - @ConditionalOnMissingBean (types: org.apache.ibatis.session.SqlSessionFactory; SearchStrategy: all) did not fin
d any beans (OnBeanCondition)

   MybatisPlusAutoConfiguration#sqlSessionTemplate matched:
      - @ConditionalOnMissingBean (types: org.mybatis.spring.SqlSessionTemplate; SearchStrategy: all) did not find any 
beans (OnBeanCondition)

   MybatisPlusLanguageDriverAutoConfiguration matched:
      - @ConditionalOnClass found required class 'org.apache.ibatis.scripting.LanguageDriver' (OnClassCondition)

   NamedParameterJdbcTemplateConfiguration matched:
      - @ConditionalOnSingleCandidate (types: org.springframework.jdbc.core.JdbcTemplate; SearchStrategy: all) found a 
single bean 'jdbcTemplate'; @ConditionalOnMissingBean (types: org.springframework.jdbc.core.namedparam.NamedParameterJd
bcOperations; SearchStrategy: all) did not find any beans (OnBeanCondition)

   NoOpCacheConfiguration matched:
      - Cache org.springframework.boot.autoconfigure.cache.NoOpCacheConfiguration automatic cache type (CacheCondition)

   PersistenceExceptionTranslationAutoConfiguration matched:
      - @ConditionalOnClass found required class 'org.springframework.dao.annotation.PersistenceExceptionTranslationPos
tProcessor' (OnClassCondition)

   PersistenceExceptionTranslationAutoConfiguration#persistenceExceptionTranslationPostProcessor matched:
      - @ConditionalOnProperty (spring.dao.exceptiontranslation.enabled) matched (OnPropertyCondition)
      - @ConditionalOnMissingBean (types: org.springframework.dao.annotation.PersistenceExceptionTranslationPostProcess
or; SearchStrategy: all) did not find any beans (OnBeanCondition)

   PropertyPlaceholderAutoConfiguration#propertySourcesPlaceholderConfigurer matched:
      - @ConditionalOnMissingBean (types: org.springframework.context.support.PropertySourcesPlaceholderConfigurer; Sea
rchStrategy: current) did not find any beans (OnBeanCondition)

   ReactorAutoConfiguration matched:
      - @ConditionalOnClass found required class 'reactor.core.publisher.Hooks' (OnClassCondition)

   RestClientAutoConfiguration matched:
      - @ConditionalOnClass found required class 'org.springframework.web.client.RestClient' (OnClassCondition)
      - NoneNestedConditions 0 matched 1 did not; NestedCondition on NotReactiveWebApplicationCondition.ReactiveWebAppl
ication not a reactive web application (NotReactiveWebApplicationCondition)

   RestClientAutoConfiguration#httpMessageConvertersRestClientCustomizer matched:
      - @ConditionalOnMissingBean (types: org.springframework.boot.autoconfigure.web.client.HttpMessageConvertersRestCl
ientCustomizer; SearchStrategy: all) did not find any beans (OnBeanCondition)

   RestClientAutoConfiguration#restClientBuilder matched:
      - @ConditionalOnMissingBean (types: org.springframework.web.client.RestClient$Builder; SearchStrategy: all) did n
ot find any beans (OnBeanCondition)

   RestClientAutoConfiguration#restClientBuilderConfigurer matched:
      - @ConditionalOnMissingBean (types: org.springframework.boot.autoconfigure.web.client.RestClientBuilderConfigurer
; SearchStrategy: all) did not find any beans (OnBeanCondition)

   RestClientAutoConfiguration#restClientSsl matched:
      - @ConditionalOnBean (types: org.springframework.boot.ssl.SslBundles; SearchStrategy: all) found bean 'sslBundleR
egistry'; @ConditionalOnMissingBean (types: org.springframework.boot.autoconfigure.web.client.RestClientSsl; SearchStra
tegy: all) did not find any beans (OnBeanCondition)

   RestTemplateAutoConfiguration matched:
      - @ConditionalOnClass found required class 'org.springframework.web.client.RestTemplate' (OnClassCondition)
      - NoneNestedConditions 0 matched 1 did not; NestedCondition on NotReactiveWebApplicationCondition.ReactiveWebAppl
ication not a reactive web application (NotReactiveWebApplicationCondition)

   RestTemplateAutoConfiguration#restTemplateBuilder matched:
      - @ConditionalOnMissingBean (types: org.springframework.boot.web.client.RestTemplateBuilder; SearchStrategy: all)
 did not find any beans (OnBeanCondition)

   ServletWebServerFactoryAutoConfiguration matched:
      - @ConditionalOnClass found required class 'jakarta.servlet.ServletRequest' (OnClassCondition)
      - found 'session' scope (OnWebApplicationCondition)

   ServletWebServerFactoryAutoConfiguration#tomcatServletWebServerFactoryCustomizer matched:
      - @ConditionalOnClass found required class 'org.apache.catalina.startup.Tomcat' (OnClassCondition)

   ServletWebServerFactoryConfiguration.EmbeddedTomcat matched:
      - @ConditionalOnClass found required classes 'jakarta.servlet.Servlet', 'org.apache.catalina.startup.Tomcat', 'or
g.apache.coyote.UpgradeProtocol' (OnClassCondition)
      - @ConditionalOnMissingBean (types: org.springframework.boot.web.servlet.server.ServletWebServerFactory; SearchSt
rategy: current) did not find any beans (OnBeanCondition)

   SimpleCacheConfiguration matched:
      - Cache org.springframework.boot.autoconfigure.cache.SimpleCacheConfiguration automatic cache type (CacheConditio
n)

   SpringAiRetryAutoConfiguration matched:
      - @ConditionalOnClass found required class 'org.springframework.ai.retry.RetryUtils' (OnClassCondition)

   SpringAiRetryAutoConfiguration#responseErrorHandler matched:
      - @ConditionalOnMissingBean (types: org.springframework.web.client.ResponseErrorHandler; SearchStrategy: all) did
 not find any beans (OnBeanCondition)

   SpringAiRetryAutoConfiguration#retryTemplate matched:
      - @ConditionalOnMissingBean (types: org.springframework.retry.support.RetryTemplate; SearchStrategy: all) did not
 find any beans (OnBeanCondition)

   SqlInitializationAutoConfiguration matched:
      - @ConditionalOnProperty (spring.sql.init.enabled) matched (OnPropertyCondition)
      - NoneNestedConditions 0 matched 1 did not; NestedCondition on SqlInitializationAutoConfiguration.SqlInitializati
onModeCondition.ModeIsNever @ConditionalOnProperty (spring.sql.init.mode=never) found different value in property 'mode
' (SqlInitializationAutoConfiguration.SqlInitializationModeCondition)

   SslAutoConfiguration#sslBundleRegistry matched:
      - @ConditionalOnMissingBean (types: org.springframework.boot.ssl.SslBundleRegistry,org.springframework.boot.ssl.S
slBundles; SearchStrategy: all) did not find any beans (OnBeanCondition)

   TaskExecutionAutoConfiguration matched:
      - @ConditionalOnClass found required class 'org.springframework.scheduling.concurrent.ThreadPoolTaskExecutor' (On
ClassCondition)

   TaskExecutorConfigurations.SimpleAsyncTaskExecutorBuilderConfiguration#simpleAsyncTaskExecutorBuilder matched:
      - @ConditionalOnMissingBean (types: org.springframework.boot.task.SimpleAsyncTaskExecutorBuilder; SearchStrategy:
 all) did not find any beans (OnBeanCondition)
      - @ConditionalOnThreading found PLATFORM (OnThreadingCondition)

   TaskExecutorConfigurations.TaskExecutorBuilderConfiguration#taskExecutorBuilder matched:
      - @ConditionalOnMissingBean (types: org.springframework.boot.task.TaskExecutorBuilder; SearchStrategy: all) did n
ot find any beans (OnBeanCondition)

   TaskExecutorConfigurations.TaskExecutorConfiguration matched:
      - @ConditionalOnMissingBean (types: java.util.concurrent.Executor; SearchStrategy: all) did not find any beans (O
nBeanCondition)

   TaskExecutorConfigurations.TaskExecutorConfiguration#applicationTaskExecutor matched:
      - @ConditionalOnThreading found PLATFORM (OnThreadingCondition)

   TaskExecutorConfigurations.ThreadPoolTaskExecutorBuilderConfiguration#threadPoolTaskExecutorBuilder matched:
      - @ConditionalOnMissingBean (types: org.springframework.boot.task.TaskExecutorBuilder,org.springframework.boot.ta
sk.ThreadPoolTaskExecutorBuilder; SearchStrategy: all) did not find any beans (OnBeanCondition)

   TaskSchedulingAutoConfiguration matched:
      - @ConditionalOnClass found required class 'org.springframework.scheduling.concurrent.ThreadPoolTaskScheduler' (O
nClassCondition)

   TaskSchedulingConfigurations.SimpleAsyncTaskSchedulerBuilderConfiguration#simpleAsyncTaskSchedulerBuilder matched:
      - @ConditionalOnMissingBean (types: org.springframework.boot.task.SimpleAsyncTaskSchedulerBuilder; SearchStrategy
: all) did not find any beans (OnBeanCondition)
      - @ConditionalOnThreading found PLATFORM (OnThreadingCondition)

   TaskSchedulingConfigurations.TaskSchedulerBuilderConfiguration#taskSchedulerBuilder matched:
      - @ConditionalOnMissingBean (types: org.springframework.boot.task.TaskSchedulerBuilder; SearchStrategy: all) did 
not find any beans (OnBeanCondition)

   TaskSchedulingConfigurations.ThreadPoolTaskSchedulerBuilderConfiguration#threadPoolTaskSchedulerBuilder matched:
      - @ConditionalOnMissingBean (types: org.springframework.boot.task.TaskSchedulerBuilder,org.springframework.boot.t
ask.ThreadPoolTaskSchedulerBuilder; SearchStrategy: all) did not find any beans (OnBeanCondition)

   ToolCallingAutoConfiguration matched:
      - @ConditionalOnClass found required class 'org.springframework.ai.chat.model.ChatModel' (OnClassCondition)

   ToolCallingAutoConfiguration#toolCallbackResolver matched:
      - @ConditionalOnMissingBean (types: org.springframework.ai.tool.resolution.ToolCallbackResolver; SearchStrategy: 
all) did not find any beans (OnBeanCondition)

   ToolCallingAutoConfiguration#toolCallingManager matched:
      - @ConditionalOnMissingBean (types: org.springframework.ai.model.tool.ToolCallingManager; SearchStrategy: all) di
d not find any beans (OnBeanCondition)

   ToolCallingAutoConfiguration#toolExecutionExceptionProcessor matched:
      - @ConditionalOnMissingBean (types: org.springframework.ai.tool.execution.ToolExecutionExceptionProcessor; Search
Strategy: all) did not find any beans (OnBeanCondition)

   TransactionAutoConfiguration matched:
      - @ConditionalOnClass found required class 'org.springframework.transaction.PlatformTransactionManager' (OnClassC
ondition)

   TransactionAutoConfiguration.EnableTransactionManagementConfiguration matched:
      - @ConditionalOnBean (types: org.springframework.transaction.TransactionManager; SearchStrategy: all) found bean 
'transactionManager'; @ConditionalOnMissingBean (types: org.springframework.transaction.annotation.AbstractTransactionM
anagementConfiguration; SearchStrategy: all) did not find any beans (OnBeanCondition)

   TransactionAutoConfiguration.EnableTransactionManagementConfiguration.CglibAutoProxyConfiguration matched:
      - @ConditionalOnProperty (spring.aop.proxy-target-class=true) matched (OnPropertyCondition)

   TransactionAutoConfiguration.TransactionTemplateConfiguration matched:
      - @ConditionalOnSingleCandidate (types: org.springframework.transaction.PlatformTransactionManager; SearchStrateg
y: all) found a single bean 'transactionManager' (OnBeanCondition)

   TransactionAutoConfiguration.TransactionTemplateConfiguration#transactionTemplate matched:
      - @ConditionalOnMissingBean (types: org.springframework.transaction.support.TransactionOperations; SearchStrategy
: all) did not find any beans (OnBeanCondition)

   TransactionManagerCustomizationAutoConfiguration matched:
      - @ConditionalOnClass found required class 'org.springframework.transaction.PlatformTransactionManager' (OnClassC
ondition)

   TransactionManagerCustomizationAutoConfiguration#platformTransactionManagerCustomizers matched:
      - @ConditionalOnMissingBean (types: org.springframework.boot.autoconfigure.transaction.TransactionManagerCustomiz
ers; SearchStrategy: all) did not find any beans (OnBeanCondition)

   WebClientAutoConfiguration matched:
      - @ConditionalOnClass found required class 'org.springframework.web.reactive.function.client.WebClient' (OnClassC
ondition)

   WebClientAutoConfiguration#webClientBuilder matched:
      - @ConditionalOnMissingBean (types: org.springframework.web.reactive.function.client.WebClient$Builder; SearchStr
ategy: all) did not find any beans (OnBeanCondition)

   WebClientAutoConfiguration#webClientSsl matched:
      - @ConditionalOnBean (types: org.springframework.boot.ssl.SslBundles; SearchStrategy: all) found bean 'sslBundleR
egistry'; @ConditionalOnMissingBean (types: org.springframework.boot.autoconfigure.web.reactive.function.client.WebClie
ntSsl; SearchStrategy: all) did not find any beans (OnBeanCondition)

   WebClientAutoConfiguration.WebClientCodecsConfiguration matched:
      - @ConditionalOnBean (types: org.springframework.boot.web.codec.CodecCustomizer; SearchStrategy: all) found beans
 'jacksonCodecCustomizer', 'defaultCodecCustomizer' (OnBeanCondition)

   WebClientAutoConfiguration.WebClientCodecsConfiguration#exchangeStrategiesCustomizer matched:
      - @ConditionalOnMissingBean (types: org.springframework.boot.autoconfigure.web.reactive.function.client.WebClient
CodecCustomizer; SearchStrategy: all) did not find any beans (OnBeanCondition)

   WebMvcAutoConfiguration matched:
      - @ConditionalOnClass found required classes 'jakarta.servlet.Servlet', 'org.springframework.web.servlet.Dispatch
erServlet', 'org.springframework.web.servlet.config.annotation.WebMvcConfigurer' (OnClassCondition)
      - found 'session' scope (OnWebApplicationCondition)
      - @ConditionalOnMissingBean (types: org.springframework.web.servlet.config.annotation.WebMvcConfigurationSupport;
 SearchStrategy: all) did not find any beans (OnBeanCondition)

   WebMvcAutoConfiguration#formContentFilter matched:
      - @ConditionalOnProperty (spring.mvc.formcontent.filter.enabled) matched (OnPropertyCondition)
      - @ConditionalOnMissingBean (types: org.springframework.web.filter.FormContentFilter; SearchStrategy: all) did no
t find any beans (OnBeanCondition)

   WebMvcAutoConfiguration.EnableWebMvcConfiguration#flashMapManager matched:
      - @ConditionalOnMissingBean (names: flashMapManager; SearchStrategy: all) did not find any beans (OnBeanCondition
)

   WebMvcAutoConfiguration.EnableWebMvcConfiguration#localeResolver matched:
      - @ConditionalOnMissingBean (names: localeResolver; SearchStrategy: all) did not find any beans (OnBeanCondition)

   WebMvcAutoConfiguration.EnableWebMvcConfiguration#themeResolver matched:
      - @ConditionalOnMissingBean (names: themeResolver; SearchStrategy: all) did not find any beans (OnBeanCondition)

   WebMvcAutoConfiguration.WebMvcAutoConfigurationAdapter#defaultViewResolver matched:
      - @ConditionalOnMissingBean (types: org.springframework.web.servlet.view.InternalResourceViewResolver; SearchStra
tegy: all) did not find any beans (OnBeanCondition)

   WebMvcAutoConfiguration.WebMvcAutoConfigurationAdapter#requestContextFilter matched:
      - @ConditionalOnMissingBean (types: org.springframework.web.context.request.RequestContextListener,org.springfram
ework.web.filter.RequestContextFilter; SearchStrategy: all) did not find any beans (OnBeanCondition)

   WebMvcAutoConfiguration.WebMvcAutoConfigurationAdapter#viewResolver matched:
      - @ConditionalOnBean (types: org.springframework.web.servlet.ViewResolver; SearchStrategy: all) found beans 'defa
ultViewResolver', 'beanNameViewResolver', 'mvcViewResolver'; @ConditionalOnMissingBean (names: viewResolver types: org.
springframework.web.servlet.view.ContentNegotiatingViewResolver; SearchStrategy: all) did not find any beans (OnBeanCon
dition)

   WebSocketServletAutoConfiguration matched:
      - @ConditionalOnClass found required classes 'jakarta.servlet.Servlet', 'jakarta.websocket.server.ServerContainer
' (OnClassCondition)
      - found 'session' scope (OnWebApplicationCondition)

   WebSocketServletAutoConfiguration.TomcatWebSocketConfiguration matched:
      - @ConditionalOnClass found required classes 'org.apache.catalina.startup.Tomcat', 'org.apache.tomcat.websocket.s
erver.WsSci' (OnClassCondition)

   WebSocketServletAutoConfiguration.TomcatWebSocketConfiguration#websocketServletWebServerCustomizer matched:
      - @ConditionalOnMissingBean (names: websocketServletWebServerCustomizer; SearchStrategy: all) did not find any be
ans (OnBeanCondition)


Negative matches:
-----------------

   ActiveMQAutoConfiguration:
      Did not match:
         - @ConditionalOnClass did not find required class 'jakarta.jms.ConnectionFactory' (OnClassCondition)

   AopAutoConfiguration.AspectJAutoProxyingConfiguration:
      Did not match:
         - @ConditionalOnClass did not find required class 'org.aspectj.weaver.Advice' (OnClassCondition)

   ArtemisAutoConfiguration:
      Did not match:
         - @ConditionalOnClass did not find required class 'jakarta.jms.ConnectionFactory' (OnClassCondition)

   BatchAutoConfiguration:
      Did not match:
         - @ConditionalOnClass did not find required class 'org.springframework.batch.core.launch.JobLauncher' (OnClass
Condition)

   Cache2kCacheConfiguration:
      Did not match:
         - @ConditionalOnClass did not find required class 'org.cache2k.Cache2kBuilder' (OnClassCondition)

   CacheAutoConfiguration:
      Did not match:
         - @ConditionalOnBean (types: org.springframework.cache.interceptor.CacheAspectSupport; SearchStrategy: all) di
d not find any beans of type org.springframework.cache.interceptor.CacheAspectSupport (OnBeanCondition)
      Matched:
         - @ConditionalOnClass found required class 'org.springframework.cache.CacheManager' (OnClassCondition)

   CacheAutoConfiguration.CacheManagerEntityManagerFactoryDependsOnPostProcessor:
      Did not match:
         - @ConditionalOnClass did not find required class 'org.springframework.orm.jpa.LocalContainerEntityManagerFact
oryBean' (OnClassCondition)
         - Ancestor org.springframework.boot.autoconfigure.cache.CacheAutoConfiguration did not match (ConditionEvaluat
ionReport.AncestorsMatchedCondition)

   CaffeineCacheConfiguration:
      Did not match:
         - @ConditionalOnClass did not find required class 'com.github.benmanes.caffeine.cache.Caffeine' (OnClassCondit
ion)

   CassandraAutoConfiguration:
      Did not match:
         - @ConditionalOnClass did not find required class 'com.datastax.oss.driver.api.core.CqlSession' (OnClassCondit
ion)

   CassandraDataAutoConfiguration:
      Did not match:
         - @ConditionalOnClass did not find required class 'com.datastax.oss.driver.api.core.CqlSession' (OnClassCondit
ion)

   CassandraReactiveDataAutoConfiguration:
      Did not match:
         - @ConditionalOnClass did not find required class 'com.datastax.oss.driver.api.core.CqlSession' (OnClassCondit
ion)

   CassandraReactiveRepositoriesAutoConfiguration:
      Did not match:
         - @ConditionalOnClass did not find required class 'org.springframework.data.cassandra.ReactiveSession' (OnClas
sCondition)

   CassandraRepositoriesAutoConfiguration:
      Did not match:
         - @ConditionalOnClass did not find required class 'com.datastax.oss.driver.api.core.CqlSession' (OnClassCondit
ion)

   ChatClientAutoConfiguration.TracerNotPresentObservationConfiguration#chatClientCompletionObservationHandler:
      Did not match:
         - @ConditionalOnProperty (spring.ai.chat.client.observations.log-completion=true) did not find property 'log-c
ompletion' (OnPropertyCondition)

   ChatClientAutoConfiguration.TracerNotPresentObservationConfiguration#chatClientPromptContentObservationHandler:
      Did not match:
         - @ConditionalOnProperty (spring.ai.chat.client.observations.log-prompt=true) did not find property 'log-promp
t' (OnPropertyCondition)

   ChatClientAutoConfiguration.TracerPresentObservationConfiguration:
      Did not match:
         - @ConditionalOnClass did not find required class 'io.micrometer.tracing.Tracer' (OnClassCondition)

   ChatObservationAutoConfiguration#chatModelMeterObservationHandler:
      Did not match:
         - @ConditionalOnBean (types: io.micrometer.core.instrument.MeterRegistry; SearchStrategy: all) did not find an
y beans of type io.micrometer.core.instrument.MeterRegistry (OnBeanCondition)

   ChatObservationAutoConfiguration.TracerNotPresentObservationConfiguration#chatModelCompletionObservationHandler:
      Did not match:
         - @ConditionalOnProperty (spring.ai.chat.observations.log-completion=true) did not find property 'log-completi
on' (OnPropertyCondition)

   ChatObservationAutoConfiguration.TracerNotPresentObservationConfiguration#chatModelPromptContentObservationHandler:
      Did not match:
         - @ConditionalOnProperty (spring.ai.chat.observations.log-prompt=true) did not find property 'log-prompt' (OnP
ropertyCondition)

   ChatObservationAutoConfiguration.TracerPresentObservationConfiguration:
      Did not match:
         - @ConditionalOnClass did not find required class 'io.micrometer.tracing.Tracer' (OnClassCondition)

   ClientHttpConnectorFactoryConfiguration.HttpClient5:
      Did not match:
         - @ConditionalOnClass did not find required classes 'org.apache.hc.client5.http.impl.async.HttpAsyncClients', 
'org.apache.hc.core5.http.nio.AsyncRequestProducer', 'org.apache.hc.core5.reactive.ReactiveResponseConsumer' (OnClassCo
ndition)

   ClientHttpConnectorFactoryConfiguration.ReactorNetty:
      Did not match:
         - @ConditionalOnClass did not find required class 'reactor.netty.http.client.HttpClient' (OnClassCondition)

   CouchbaseAutoConfiguration:
      Did not match:
         - @ConditionalOnClass did not find required class 'com.couchbase.client.java.Cluster' (OnClassCondition)

   CouchbaseCacheConfiguration:
      Did not match:
         - @ConditionalOnClass did not find required class 'com.couchbase.client.java.Cluster' (OnClassCondition)

   CouchbaseDataAutoConfiguration:
      Did not match:
         - @ConditionalOnClass did not find required class 'com.couchbase.client.java.Bucket' (OnClassCondition)

   CouchbaseReactiveDataAutoConfiguration:
      Did not match:
         - @ConditionalOnClass did not find required class 'com.couchbase.client.java.Cluster' (OnClassCondition)

   CouchbaseReactiveRepositoriesAutoConfiguration:
      Did not match:
         - @ConditionalOnClass did not find required class 'com.couchbase.client.java.Cluster' (OnClassCondition)

   CouchbaseRepositoriesAutoConfiguration:
      Did not match:
         - @ConditionalOnClass did not find required class 'com.couchbase.client.java.Bucket' (OnClassCondition)

   DataSourceAutoConfiguration.EmbeddedDatabaseConfiguration:
      Did not match:
         - EmbeddedDataSource spring.datasource.url is set (DataSourceAutoConfiguration.EmbeddedDatabaseCondition)

   DataSourceCheckpointRestoreConfiguration:
      Did not match:
         - @ConditionalOnClass did not find required class 'org.crac.Resource' (OnClassCondition)

   DataSourceConfiguration.Dbcp2:
      Did not match:
         - @ConditionalOnClass did not find required class 'org.apache.commons.dbcp2.BasicDataSource' (OnClassCondition
)

   DataSourceConfiguration.Generic:
      Did not match:
         - @ConditionalOnProperty (spring.datasource.type) did not find property 'spring.datasource.type' (OnPropertyCo
ndition)

   DataSourceConfiguration.OracleUcp:
      Did not match:
         - @ConditionalOnClass did not find required classes 'oracle.ucp.jdbc.PoolDataSourceImpl', 'oracle.jdbc.OracleC
onnection' (OnClassCondition)

   DataSourceConfiguration.Tomcat:
      Did not match:
         - @ConditionalOnClass did not find required class 'org.apache.tomcat.jdbc.pool.DataSource' (OnClassCondition)

   DataSourceJmxConfiguration:
      Did not match:
         - @ConditionalOnProperty (spring.jmx.enabled=true) found different value in property 'enabled' (OnPropertyCond
ition)

   DataSourcePoolMetadataProvidersConfiguration.CommonsDbcp2PoolDataSourceMetadataProviderConfiguration:
      Did not match:
         - @ConditionalOnClass did not find required class 'org.apache.commons.dbcp2.BasicDataSource' (OnClassCondition
)

   DataSourcePoolMetadataProvidersConfiguration.OracleUcpPoolDataSourceMetadataProviderConfiguration:
      Did not match:
         - @ConditionalOnClass did not find required classes 'oracle.ucp.jdbc.PoolDataSource', 'oracle.jdbc.OracleConne
ction' (OnClassCondition)

   DataSourcePoolMetadataProvidersConfiguration.TomcatDataSourcePoolMetadataProviderConfiguration:
      Did not match:
         - @ConditionalOnClass did not find required class 'org.apache.tomcat.jdbc.pool.DataSource' (OnClassCondition)

   DdlAutoConfiguration#ddlApplicationRunner:
      Did not match:
         - @ConditionalOnBean (types: com.baomidou.mybatisplus.extension.ddl.IDdl; SearchStrategy: all) did not find an
y beans of type com.baomidou.mybatisplus.extension.ddl.IDdl (OnBeanCondition)

   DispatcherServletAutoConfiguration.DispatcherServletConfiguration#multipartResolver:
      Did not match:
         - @ConditionalOnBean (types: org.springframework.web.multipart.MultipartResolver; SearchStrategy: all) did not
 find any beans of type org.springframework.web.multipart.MultipartResolver (OnBeanCondition)

   ElasticsearchClientAutoConfiguration:
      Did not match:
         - @ConditionalOnClass did not find required class 'co.elastic.clients.elasticsearch.ElasticsearchClient' (OnCl
assCondition)

   ElasticsearchDataAutoConfiguration:
      Did not match:
         - @ConditionalOnClass did not find required class 'org.springframework.data.elasticsearch.client.elc.Elasticse
archTemplate' (OnClassCondition)

   ElasticsearchRepositoriesAutoConfiguration:
      Did not match:
         - @ConditionalOnClass did not find required class 'org.springframework.data.elasticsearch.repository.Elasticse
archRepository' (OnClassCondition)

   ElasticsearchRestClientAutoConfiguration:
      Did not match:
         - @ConditionalOnClass did not find required class 'org.elasticsearch.client.RestClientBuilder' (OnClassConditi
on)

   EmbeddedLdapAutoConfiguration:
      Did not match:
         - @ConditionalOnClass did not find required class 'com.unboundid.ldap.listener.InMemoryDirectoryServer' (OnCla
ssCondition)

   EmbeddedWebServerFactoryCustomizerAutoConfiguration:
      Did not match:
         - Application is deployed as a WAR file. (OnWarDeploymentCondition)
      Matched:
         - @ConditionalOnWebApplication (required) found 'session' scope (OnWebApplicationCondition)

   EmbeddingObservationAutoConfiguration#embeddingModelMeterObservationHandler:
      Did not match:
         - @ConditionalOnBean (types: io.micrometer.core.instrument.MeterRegistry; SearchStrategy: all) did not find an
y beans of type io.micrometer.core.instrument.MeterRegistry (OnBeanCondition)

   ErrorWebFluxAutoConfiguration:
      Did not match:
         - not a reactive web application (OnWebApplicationCondition)
      Matched:
         - @ConditionalOnClass found required class 'org.springframework.web.reactive.config.WebFluxConfigurer' (OnClas
sCondition)

   FlywayAutoConfiguration:
      Did not match:
         - @ConditionalOnClass did not find required class 'org.flywaydb.core.Flyway' (OnClassCondition)

   FreeMarkerAutoConfiguration:
      Did not match:
         - @ConditionalOnClass did not find required class 'freemarker.template.Configuration' (OnClassCondition)

   GraphQlAutoConfiguration:
      Did not match:
         - @ConditionalOnClass did not find required class 'graphql.GraphQL' (OnClassCondition)

   GraphQlQueryByExampleAutoConfiguration:
      Did not match:
         - @ConditionalOnClass did not find required class 'graphql.GraphQL' (OnClassCondition)

   GraphQlQuerydslAutoConfiguration:
      Did not match:
         - @ConditionalOnClass did not find required class 'com.querydsl.core.Query' (OnClassCondition)

   GraphQlRSocketAutoConfiguration:
      Did not match:
         - @ConditionalOnClass did not find required class 'graphql.GraphQL' (OnClassCondition)

   GraphQlReactiveQueryByExampleAutoConfiguration:
      Did not match:
         - @ConditionalOnClass did not find required class 'graphql.GraphQL' (OnClassCondition)

   GraphQlReactiveQuerydslAutoConfiguration:
      Did not match:
         - @ConditionalOnClass did not find required class 'com.querydsl.core.Query' (OnClassCondition)

   GraphQlWebFluxAutoConfiguration:
      Did not match:
         - @ConditionalOnClass did not find required class 'graphql.GraphQL' (OnClassCondition)

   GraphQlWebFluxSecurityAutoConfiguration:
      Did not match:
         - @ConditionalOnClass did not find required class 'graphql.GraphQL' (OnClassCondition)

   GraphQlWebMvcAutoConfiguration:
      Did not match:
         - @ConditionalOnClass did not find required class 'graphql.GraphQL' (OnClassCondition)

   GraphQlWebMvcSecurityAutoConfiguration:
      Did not match:
         - @ConditionalOnClass did not find required class 'graphql.GraphQL' (OnClassCondition)

   GroovyTemplateAutoConfiguration:
      Did not match:
         - @ConditionalOnClass did not find required class 'groovy.text.markup.MarkupTemplateEngine' (OnClassCondition)

   GsonAutoConfiguration:
      Did not match:
         - @ConditionalOnClass did not find required class 'com.google.gson.Gson' (OnClassCondition)

   GsonHttpMessageConvertersConfiguration:
      Did not match:
         - @ConditionalOnClass did not find required class 'com.google.gson.Gson' (OnClassCondition)

   HazelcastAutoConfiguration:
      Did not match:
         - @ConditionalOnClass did not find required class 'com.hazelcast.core.HazelcastInstance' (OnClassCondition)

   HazelcastCacheConfiguration:
      Did not match:
         - @ConditionalOnClass did not find required class 'com.hazelcast.core.HazelcastInstance' (OnClassCondition)

   HazelcastJpaDependencyAutoConfiguration:
      Did not match:
         - @ConditionalOnClass did not find required class 'com.hazelcast.core.HazelcastInstance' (OnClassCondition)

   HibernateJpaAutoConfiguration:
      Did not match:
         - @ConditionalOnClass did not find required class 'jakarta.persistence.EntityManager' (OnClassCondition)

   HttpHandlerAutoConfiguration:
      Did not match:
         - not a reactive web application (OnWebApplicationCondition)
      Matched:
         - @ConditionalOnClass found required classes 'org.springframework.web.reactive.DispatcherHandler', 'org.spring
framework.http.server.reactive.HttpHandler' (OnClassCondition)

   HypermediaAutoConfiguration:
      Did not match:
         - @ConditionalOnClass did not find required class 'org.springframework.hateoas.EntityModel' (OnClassCondition)

   IdentifierGeneratorAutoConfiguration:
      Did not match:
         - @ConditionalOnClass did not find required class 'org.springframework.cloud.commons.util.InetUtils' (OnClassC
ondition)

   ImageObservationAutoConfiguration.TracerNotPresentObservationConfiguration#imageModelPromptContentObservationHandler
:
      Did not match:
         - @ConditionalOnProperty (spring.ai.image.observations.log-prompt=true) did not find property 'log-prompt' (On
PropertyCondition)

   ImageObservationAutoConfiguration.TracerPresentObservationConfiguration:
      Did not match:
         - @ConditionalOnClass did not find required class 'io.micrometer.tracing.Tracer' (OnClassCondition)

   InfinispanCacheConfiguration:
      Did not match:
         - @ConditionalOnClass did not find required class 'org.infinispan.spring.embedded.provider.SpringEmbeddedCache
Manager' (OnClassCondition)

   InfluxDbAutoConfiguration:
      Did not match:
         - @ConditionalOnClass did not find required class 'org.influxdb.InfluxDB' (OnClassCondition)

   IntegrationAutoConfiguration:
      Did not match:
         - @ConditionalOnClass did not find required class 'org.springframework.integration.config.EnableIntegration' (
OnClassCondition)

   JCacheCacheConfiguration:
      Did not match:
         - @ConditionalOnClass did not find required class 'javax.cache.Caching' (OnClassCondition)

   JacksonHttpMessageConvertersConfiguration.MappingJackson2XmlHttpMessageConverterConfiguration:
      Did not match:
         - @ConditionalOnClass did not find required class 'com.fasterxml.jackson.dataformat.xml.XmlMapper' (OnClassCon
dition)

   JdbcRepositoriesAutoConfiguration:
      Did not match:
         - @ConditionalOnClass did not find required class 'org.springframework.data.jdbc.repository.config.AbstractJdb
cConfiguration' (OnClassCondition)

   JerseyAutoConfiguration:
      Did not match:
         - @ConditionalOnClass did not find required class 'org.glassfish.jersey.server.spring.SpringComponentProvider'
 (OnClassCondition)

   JmsAutoConfiguration:
      Did not match:
         - @ConditionalOnClass did not find required class 'jakarta.jms.Message' (OnClassCondition)

   JmxAutoConfiguration:
      Did not match:
         - @ConditionalOnProperty (spring.jmx.enabled=true) found different value in property 'enabled' (OnPropertyCond
ition)
      Matched:
         - @ConditionalOnClass found required class 'org.springframework.jmx.export.MBeanExporter' (OnClassCondition)

   JndiConnectionFactoryAutoConfiguration:
      Did not match:
         - @ConditionalOnClass did not find required class 'org.springframework.jms.core.JmsTemplate' (OnClassCondition
)

   JndiDataSourceAutoConfiguration:
      Did not match:
         - @ConditionalOnProperty (spring.datasource.jndi-name) did not find property 'jndi-name' (OnPropertyCondition)
      Matched:
         - @ConditionalOnClass found required classes 'javax.sql.DataSource', 'org.springframework.jdbc.datasource.embe
dded.EmbeddedDatabaseType' (OnClassCondition)

   JooqAutoConfiguration:
      Did not match:
         - @ConditionalOnClass did not find required class 'org.jooq.DSLContext' (OnClassCondition)

   JpaRepositoriesAutoConfiguration:
      Did not match:
         - @ConditionalOnClass did not find required class 'org.springframework.data.jpa.repository.JpaRepository' (OnC
lassCondition)

   JsonbAutoConfiguration:
      Did not match:
         - @ConditionalOnClass did not find required class 'jakarta.json.bind.Jsonb' (OnClassCondition)

   JsonbHttpMessageConvertersConfiguration:
      Did not match:
         - @ConditionalOnClass did not find required class 'jakarta.json.bind.Jsonb' (OnClassCondition)

   JtaAutoConfiguration:
      Did not match:
         - @ConditionalOnClass did not find required class 'jakarta.transaction.Transaction' (OnClassCondition)

   KafkaAutoConfiguration:
      Did not match:
         - @ConditionalOnClass did not find required class 'org.springframework.kafka.core.KafkaTemplate' (OnClassCondi
tion)

   LdapAutoConfiguration:
      Did not match:
         - @ConditionalOnClass did not find required class 'org.springframework.ldap.core.ContextSource' (OnClassCondit
ion)

   LdapRepositoriesAutoConfiguration:
      Did not match:
         - @ConditionalOnClass did not find required class 'org.springframework.data.ldap.repository.LdapRepository' (O
nClassCondition)

   LiquibaseAutoConfiguration:
      Did not match:
         - @ConditionalOnClass did not find required class 'liquibase.change.DatabaseChange' (OnClassCondition)

   MailSenderAutoConfiguration:
      Did not match:
         - @ConditionalOnClass did not find required class 'jakarta.mail.internet.MimeMessage' (OnClassCondition)

   MailSenderValidatorAutoConfiguration:
      Did not match:
         - @ConditionalOnProperty (spring.mail.test-connection) did not find property 'test-connection' (OnPropertyCond
ition)

   MessageSourceAutoConfiguration:
      Did not match:
         - ResourceBundle did not find bundle with basename messages (MessageSourceAutoConfiguration.ResourceBundleCond
ition)

   MongoAutoConfiguration:
      Did not match:
         - @ConditionalOnClass did not find required class 'com.mongodb.client.MongoClient' (OnClassCondition)

   MongoDataAutoConfiguration:
      Did not match:
         - @ConditionalOnClass did not find required class 'com.mongodb.client.MongoClient' (OnClassCondition)

   MongoReactiveAutoConfiguration:
      Did not match:
         - @ConditionalOnClass did not find required class 'com.mongodb.reactivestreams.client.MongoClient' (OnClassCon
dition)

   MongoReactiveDataAutoConfiguration:
      Did not match:
         - @ConditionalOnClass did not find required class 'com.mongodb.reactivestreams.client.MongoClient' (OnClassCon
dition)

   MongoReactiveRepositoriesAutoConfiguration:
      Did not match:
         - @ConditionalOnClass did not find required class 'com.mongodb.reactivestreams.client.MongoClient' (OnClassCon
dition)

   MongoRepositoriesAutoConfiguration:
      Did not match:
         - @ConditionalOnClass did not find required class 'com.mongodb.client.MongoClient' (OnClassCondition)

   MustacheAutoConfiguration:
      Did not match:
         - @ConditionalOnClass did not find required class 'com.samskivert.mustache.Mustache' (OnClassCondition)

   MybatisPlusAutoConfiguration.MapperScannerRegistrarNotFoundConfiguration:
      Did not match:
         - @ConditionalOnMissingBean (types: org.mybatis.spring.mapper.MapperFactoryBean,org.mybatis.spring.mapper.Mapp
erScannerConfigurer; SearchStrategy: all) found beans of type 'org.mybatis.spring.mapper.MapperScannerConfigurer' com.t
lq.rectagent.RectAgentApplication#MapperScannerRegistrar#0 (OnBeanCondition)

   MybatisPlusInnerInterceptorAutoConfiguration:
      Did not match:
         - @ConditionalOnBean (types: com.baomidou.mybatisplus.extension.plugins.inner.InnerInterceptor; SearchStrategy
: all) did not find any beans of type com.baomidou.mybatisplus.extension.plugins.inner.InnerInterceptor (OnBeanConditio
n)

   MybatisPlusLanguageDriverAutoConfiguration.FreeMarkerConfiguration:
      Did not match:
         - @ConditionalOnClass did not find required classes 'org.mybatis.scripting.freemarker.FreeMarkerLanguageDriver
', 'org.mybatis.scripting.freemarker.FreeMarkerLanguageDriverConfig' (OnClassCondition)

   MybatisPlusLanguageDriverAutoConfiguration.LegacyFreeMarkerConfiguration:
      Did not match:
         - @ConditionalOnClass did not find required class 'org.mybatis.scripting.freemarker.FreeMarkerLanguageDriver' 
(OnClassCondition)

   MybatisPlusLanguageDriverAutoConfiguration.LegacyVelocityConfiguration:
      Did not match:
         - @ConditionalOnClass did not find required class 'org.mybatis.scripting.velocity.Driver' (OnClassCondition)

   MybatisPlusLanguageDriverAutoConfiguration.ThymeleafConfiguration:
      Did not match:
         - @ConditionalOnClass did not find required class 'org.mybatis.scripting.thymeleaf.ThymeleafLanguageDriver' (O
nClassCondition)

   MybatisPlusLanguageDriverAutoConfiguration.VelocityConfiguration:
      Did not match:
         - @ConditionalOnClass did not find required classes 'org.mybatis.scripting.velocity.VelocityLanguageDriver', '
org.mybatis.scripting.velocity.VelocityLanguageDriverConfig' (OnClassCondition)

   Neo4jAutoConfiguration:
      Did not match:
         - @ConditionalOnClass did not find required class 'org.neo4j.driver.Driver' (OnClassCondition)

   Neo4jDataAutoConfiguration:
      Did not match:
         - @ConditionalOnClass did not find required class 'org.neo4j.driver.Driver' (OnClassCondition)

   Neo4jReactiveDataAutoConfiguration:
      Did not match:
         - @ConditionalOnClass did not find required class 'org.neo4j.driver.Driver' (OnClassCondition)

   Neo4jReactiveRepositoriesAutoConfiguration:
      Did not match:
         - @ConditionalOnClass did not find required class 'org.neo4j.driver.Driver' (OnClassCondition)

   Neo4jRepositoriesAutoConfiguration:
      Did not match:
         - @ConditionalOnClass did not find required class 'org.neo4j.driver.Driver' (OnClassCondition)

   NettyAutoConfiguration:
      Did not match:
         - @ConditionalOnClass did not find required class 'io.netty.util.NettyRuntime' (OnClassCondition)

   OAuth2AuthorizationServerAutoConfiguration:
      Did not match:
         - @ConditionalOnClass did not find required class 'org.springframework.security.oauth2.server.authorization.OA
uth2Authorization' (OnClassCondition)

   OAuth2AuthorizationServerJwtAutoConfiguration:
      Did not match:
         - @ConditionalOnClass did not find required class 'org.springframework.security.oauth2.server.authorization.OA
uth2Authorization' (OnClassCondition)

   OAuth2ClientAutoConfiguration:
      Did not match:
         - @ConditionalOnClass did not find required class 'org.springframework.security.config.annotation.web.configur
ation.EnableWebSecurity' (OnClassCondition)

   OAuth2ResourceServerAutoConfiguration:
      Did not match:
         - @ConditionalOnClass did not find required class 'org.springframework.security.oauth2.server.resource.authent
ication.BearerTokenAuthenticationToken' (OnClassCondition)

   ProjectInfoAutoConfiguration#buildProperties:
      Did not match:
         - @ConditionalOnResource did not find resource '${spring.info.build.location:classpath:META-INF/build-info.pro
perties}' (OnResourceCondition)

   ProjectInfoAutoConfiguration#gitProperties:
      Did not match:
         - GitResource did not find git info at classpath:git.properties (ProjectInfoAutoConfiguration.GitResourceAvail
ableCondition)

   PulsarAutoConfiguration:
      Did not match:
         - @ConditionalOnClass did not find required class 'org.apache.pulsar.client.api.PulsarClient' (OnClassConditio
n)

   PulsarReactiveAutoConfiguration:
      Did not match:
         - @ConditionalOnClass did not find required class 'org.apache.pulsar.client.api.PulsarClient' (OnClassConditio
n)

   QuartzAutoConfiguration:
      Did not match:
         - @ConditionalOnClass did not find required class 'org.quartz.Scheduler' (OnClassCondition)

   R2dbcAutoConfiguration:
      Did not match:
         - @ConditionalOnClass did not find required class 'io.r2dbc.spi.ConnectionFactory' (OnClassCondition)

   R2dbcDataAutoConfiguration:
      Did not match:
         - @ConditionalOnClass did not find required class 'org.springframework.data.r2dbc.core.R2dbcEntityTemplate' (O
nClassCondition)

   R2dbcInitializationConfiguration:
      Did not match:
         - @ConditionalOnClass did not find required classes 'io.r2dbc.spi.ConnectionFactory', 'org.springframework.r2d
bc.connection.init.DatabasePopulator' (OnClassCondition)

   R2dbcRepositoriesAutoConfiguration:
      Did not match:
         - @ConditionalOnClass did not find required class 'io.r2dbc.spi.ConnectionFactory' (OnClassCondition)

   R2dbcTransactionManagerAutoConfiguration:
      Did not match:
         - @ConditionalOnClass did not find required class 'org.springframework.r2dbc.connection.R2dbcTransactionManage
r' (OnClassCondition)

   RSocketGraphQlClientAutoConfiguration:
      Did not match:
         - @ConditionalOnClass did not find required class 'graphql.GraphQL' (OnClassCondition)

   RSocketMessagingAutoConfiguration:
      Did not match:
         - @ConditionalOnClass did not find required class 'io.rsocket.RSocket' (OnClassCondition)

   RSocketRequesterAutoConfiguration:
      Did not match:
         - @ConditionalOnClass did not find required class 'io.rsocket.RSocket' (OnClassCondition)

   RSocketSecurityAutoConfiguration:
      Did not match:
         - @ConditionalOnClass did not find required class 'org.springframework.security.rsocket.core.SecuritySocketAcc
eptorInterceptor' (OnClassCondition)

   RSocketServerAutoConfiguration:
      Did not match:
         - @ConditionalOnClass did not find required class 'io.rsocket.core.RSocketServer' (OnClassCondition)

   RSocketStrategiesAutoConfiguration:
      Did not match:
         - @ConditionalOnClass did not find required class 'io.netty.buffer.PooledByteBufAllocator' (OnClassCondition)

   RabbitAutoConfiguration:
      Did not match:
         - @ConditionalOnClass did not find required class 'com.rabbitmq.client.Channel' (OnClassCondition)

   ReactiveElasticsearchClientAutoConfiguration:
      Did not match:
         - @ConditionalOnClass did not find required class 'co.elastic.clients.transport.ElasticsearchTransport' (OnCla
ssCondition)

   ReactiveElasticsearchRepositoriesAutoConfiguration:
      Did not match:
         - @ConditionalOnClass did not find required class 'org.springframework.data.elasticsearch.client.elc.ReactiveE
lasticsearchClient' (OnClassCondition)

   ReactiveMultipartAutoConfiguration:
      Did not match:
         - not a reactive web application (OnWebApplicationCondition)
      Matched:
         - @ConditionalOnClass found required classes 'org.springframework.http.codec.multipart.DefaultPartHttpMessageR
eader', 'org.springframework.web.reactive.config.WebFluxConfigurer' (OnClassCondition)

   ReactiveOAuth2ClientAutoConfiguration:
      Did not match:
         - @ConditionalOnClass did not find required class 'org.springframework.security.config.annotation.web.reactive
.EnableWebFluxSecurity' (OnClassCondition)

   ReactiveOAuth2ResourceServerAutoConfiguration:
      Did not match:
         - @ConditionalOnClass did not find required class 'org.springframework.security.config.annotation.web.reactive
.EnableWebFluxSecurity' (OnClassCondition)

   ReactiveSecurityAutoConfiguration:
      Did not match:
         - @ConditionalOnClass did not find required class 'org.springframework.security.config.annotation.web.reactive
.EnableWebFluxSecurity' (OnClassCondition)

   ReactiveUserDetailsServiceAutoConfiguration:
      Did not match:
         - @ConditionalOnClass did not find required class 'org.springframework.security.authentication.ReactiveAuthent
icationManager' (OnClassCondition)

   ReactiveWebServerFactoryAutoConfiguration:
      Did not match:
         - not a reactive web application (OnWebApplicationCondition)
      Matched:
         - @ConditionalOnClass found required class 'org.springframework.http.ReactiveHttpInputMessage' (OnClassConditi
on)

   RedisAutoConfiguration:
      Did not match:
         - @ConditionalOnClass did not find required class 'org.springframework.data.redis.core.RedisOperations' (OnCla
ssCondition)

   RedisCacheConfiguration:
      Did not match:
         - @ConditionalOnClass did not find required class 'org.springframework.data.redis.connection.RedisConnectionFa
ctory' (OnClassCondition)

   RedisReactiveAutoConfiguration:
      Did not match:
         - @ConditionalOnClass did not find required class 'org.springframework.data.redis.connection.ReactiveRedisConn
ectionFactory' (OnClassCondition)

   RedisRepositoriesAutoConfiguration:
      Did not match:
         - @ConditionalOnClass did not find required class 'org.springframework.data.redis.repository.configuration.Ena
bleRedisRepositories' (OnClassCondition)

   RepositoryRestMvcAutoConfiguration:
      Did not match:
         - @ConditionalOnClass did not find required class 'org.springframework.data.rest.webmvc.config.RepositoryRestM
vcConfiguration' (OnClassCondition)

   Saml2RelyingPartyAutoConfiguration:
      Did not match:
         - @ConditionalOnClass did not find required class 'org.springframework.security.saml2.provider.service.registr
ation.RelyingPartyRegistrationRepository' (OnClassCondition)

   SecurityAutoConfiguration:
      Did not match:
         - @ConditionalOnClass did not find required class 'org.springframework.security.authentication.DefaultAuthenti
cationEventPublisher' (OnClassCondition)

   SecurityFilterAutoConfiguration:
      Did not match:
         - @ConditionalOnClass did not find required class 'org.springframework.security.config.http.SessionCreationPol
icy' (OnClassCondition)

   SendGridAutoConfiguration:
      Did not match:
         - @ConditionalOnClass did not find required class 'com.sendgrid.SendGrid' (OnClassCondition)

   ServletWebServerFactoryAutoConfiguration.ForwardedHeaderFilterConfiguration:
      Did not match:
         - @ConditionalOnProperty (server.forward-headers-strategy=framework) did not find property 'server.forward-hea
ders-strategy' (OnPropertyCondition)

   ServletWebServerFactoryConfiguration.EmbeddedJetty:
      Did not match:
         - @ConditionalOnClass did not find required classes 'org.eclipse.jetty.server.Server', 'org.eclipse.jetty.util
.Loader', 'org.eclipse.jetty.ee10.webapp.WebAppContext' (OnClassCondition)

   ServletWebServerFactoryConfiguration.EmbeddedUndertow:
      Did not match:
         - @ConditionalOnClass did not find required classes 'io.undertow.Undertow', 'org.xnio.SslClientAuthMode' (OnCl
assCondition)

   SessionAutoConfiguration:
      Did not match:
         - @ConditionalOnClass did not find required class 'org.springframework.session.Session' (OnClassCondition)

   SpringApplicationAdminJmxAutoConfiguration:
      Did not match:
         - @ConditionalOnProperty (spring.application.admin.enabled=true) did not find property 'enabled' (OnPropertyCo
ndition)

   SpringDataWebAutoConfiguration:
      Did not match:
         - @ConditionalOnClass did not find required class 'org.springframework.data.web.PageableHandlerMethodArgumentR
esolver' (OnClassCondition)

   TaskExecutorConfigurations.SimpleAsyncTaskExecutorBuilderConfiguration#simpleAsyncTaskExecutorBuilderVirtualThreads:
      Did not match:
         - @ConditionalOnMissingBean (types: org.springframework.boot.task.SimpleAsyncTaskExecutorBuilder; SearchStrate
gy: all) found beans of type 'org.springframework.boot.task.SimpleAsyncTaskExecutorBuilder' simpleAsyncTaskExecutorBuil
der (OnBeanCondition)

   TaskExecutorConfigurations.TaskExecutorConfiguration#applicationTaskExecutorVirtualThreads:
      Did not match:
         - @ConditionalOnThreading did not find VIRTUAL (OnThreadingCondition)

   TaskSchedulingAutoConfiguration#scheduledBeanLazyInitializationExcludeFilter:
      Did not match:
         - @ConditionalOnBean (names: org.springframework.context.annotation.internalScheduledAnnotationProcessor; Sear
chStrategy: all) did not find any beans named org.springframework.context.annotation.internalScheduledAnnotationProcess
or (OnBeanCondition)

   TaskSchedulingConfigurations.SimpleAsyncTaskSchedulerBuilderConfiguration#simpleAsyncTaskSchedulerBuilderVirtualThre
ads:
      Did not match:
         - @ConditionalOnMissingBean (types: org.springframework.boot.task.SimpleAsyncTaskSchedulerBuilder; SearchStrat
egy: all) found beans of type 'org.springframework.boot.task.SimpleAsyncTaskSchedulerBuilder' simpleAsyncTaskSchedulerB
uilder (OnBeanCondition)

   TaskSchedulingConfigurations.TaskSchedulerConfiguration:
      Did not match:
         - @ConditionalOnBean (names: org.springframework.context.annotation.internalScheduledAnnotationProcessor; Sear
chStrategy: all) did not find any beans named org.springframework.context.annotation.internalScheduledAnnotationProcess
or (OnBeanCondition)

   ThymeleafAutoConfiguration:
      Did not match:
         - @ConditionalOnClass did not find required class 'org.thymeleaf.spring6.SpringTemplateEngine' (OnClassConditi
on)

   ToolCallingAutoConfiguration#toolCallingContentObservationFilter:
      Did not match:
         - @ConditionalOnProperty (spring.ai.tools.observations.include-content=true) did not find property 'include-co
ntent' (OnPropertyCondition)

   TransactionAutoConfiguration#transactionalOperator:
      Did not match:
         - @ConditionalOnSingleCandidate (types: org.springframework.transaction.ReactiveTransactionManager; SearchStra
tegy: all) did not find any beans (OnBeanCondition)

   TransactionAutoConfiguration.AspectJTransactionManagementConfiguration:
      Did not match:
         - @ConditionalOnBean did not find required type 'org.springframework.transaction.aspectj.AbstractTransactionAs
pect' (OnBeanCondition)
         - @ConditionalOnBean (types: org.springframework.transaction.aspectj.AbstractTransactionAspect; SearchStrategy
: all) did not find any beans of type org.springframework.transaction.aspectj.AbstractTransactionAspect (OnBeanConditio
n)

   TransactionAutoConfiguration.EnableTransactionManagementConfiguration.JdkDynamicAutoProxyConfiguration:
      Did not match:
         - @ConditionalOnProperty (spring.aop.proxy-target-class=false) did not find property 'proxy-target-class' (OnP
ropertyCondition)

2026-03-26 22:03:01.847 [main] [] INFO  o.s.b.a.l.ConditionEvaluationReportLogger - 

   UserDetailsServiceAutoConfiguration:
      Did not match:
         - @ConditionalOnClass did not find required class 'org.springframework.security.authentication.AuthenticationM
anager' (OnClassCondition)

   ValidationAutoConfiguration:
      Did not match:
         - @ConditionalOnClass did not find required class 'jakarta.validation.executable.ExecutableValidator' (OnClass
Condition)
Error starting ApplicationContext. To display the condition evaluation report re-run your application with 'debug' enabled.
2026-03-26 22:03:01.852 [main] [] ERROR o.s.boot.SpringApplication - Application run failed
org.springframework.beans.factory.UnsatisfiedDependencyException: Error creating bean with name 'capabilityRoutingStrategy': Unsatisfied dependency expressed through field 'modelPool': Error creating bean with name 'com.tlq.rectagent.config.ModelAutoConfiguration': Unsatisfied dependency expressed through field 'chatModelPool': Error creating bean with name 'chatModelPool': Requested bean is currently in creation: Is there an unresolvable circular reference?
	at org.springframework.beans.factory.annotation.AutowiredAnnotationBeanPostProcessor$AutowiredFieldElement.resolveFieldValue(AutowiredAnnotationBeanPostProcessor.java:788)
	at org.springframework.beans.factory.annotation.AutowiredAnnotationBeanPostProcessor$AutowiredFieldElement.inject(AutowiredAnnotationBeanPostProcessor.java:768)
	at org.springframework.beans.factory.annotation.InjectionMetadata.inject(InjectionMetadata.java:145)
	at org.springframework.beans.factory.annotation.AutowiredAnnotationBeanPostProcessor.postProcessProperties(AutowiredAnnotationBeanPostProcessor.java:509)
	at org.springframework.beans.factory.support.AbstractAutowireCapableBeanFactory.populateBean(AbstractAutowireCapableBeanFactory.java:1439)

   WebFluxAutoConfiguration:
      Did not match:
         - not a reactive web application (OnWebApplicationCondition)
      Matched:
         - @ConditionalOnClass found required class 'org.springframework.web.reactive.config.WebFluxConfigurer' (OnClas
sCondition)

   WebMvcAutoConfiguration#hiddenHttpMethodFilter:
      Did not match:
         - @ConditionalOnProperty (spring.mvc.hiddenmethod.filter.enabled) did not find property 'enabled' (OnPropertyC
ondition)
	at org.springframework.beans.factory.support.AbstractAutowireCapableBeanFactory.doCreateBean(AbstractAutowireCapableBeanFactory.java:599)
	at org.springframework.beans.factory.support.AbstractAutowireCapableBeanFactory.createBean(AbstractAutowireCapableBeanFactory.java:522)
	at org.springframework.beans.factory.support.AbstractBeanFactory.lambda$doGetBean$0(AbstractBeanFactory.java:337)
	at org.springframework.beans.factory.support.DefaultSingletonBeanRegistry.getSingleton(DefaultSingletonBeanRegistry.java:234)
	at org.springframework.beans.factory.support.AbstractBeanFactory.doGetBean(AbstractBeanFactory.java:335)
	at org.springframework.beans.factory.support.AbstractBeanFactory.getBean(AbstractBeanFactory.java:200)
	at org.springframework.beans.factory.support.DefaultListableBeanFactory.preInstantiateSingletons(DefaultListableBeanFactory.java:975)
	at org.springframework.context.support.AbstractApplicationContext.finishBeanFactoryInitialization(AbstractApplicationContext.java:971)

   WebMvcAutoConfiguration.ProblemDetailsErrorHandlingConfiguration:
      Did not match:
         - @ConditionalOnProperty (spring.mvc.problemdetails.enabled=true) did not find property 'enabled' (OnPropertyC
ondition)

   WebMvcAutoConfiguration.ResourceChainCustomizerConfiguration:
      Did not match:
         - @ConditionalOnEnabledResourceChain did not find class org.webjars.WebJarAssetLocator (OnEnabledResourceChain
Condition)
	at org.springframework.context.support.AbstractApplicationContext.refresh(AbstractApplicationContext.java:625)
	at org.springframework.boot.SpringApplication.refresh(SpringApplication.java:754)
	at org.springframework.boot.SpringApplication.refreshContext(SpringApplication.java:456)
	at org.springframework.boot.SpringApplication.run(SpringApplication.java:335)
	at org.springframework.boot.test.context.SpringBootContextLoader.lambda$loadContext$3(SpringBootContextLoader.java:137)
	at org.springframework.util.function.ThrowingSupplier.get(ThrowingSupplier.java:58)
	at org.springframework.util.function.ThrowingSupplier.get(ThrowingSupplier.java:46)
	at org.springframework.boot.SpringApplication.withHook(SpringApplication.java:1463)

   WebMvcAutoConfiguration.WebMvcAutoConfigurationAdapter#beanNameViewResolver:
      Did not match:
         - @ConditionalOnMissingBean (types: org.springframework.web.servlet.view.BeanNameViewResolver; SearchStrategy:
 all) found beans of type 'org.springframework.web.servlet.view.BeanNameViewResolver' beanNameViewResolver (OnBeanCondi
tion)

   WebServiceTemplateAutoConfiguration:
      Did not match:
         - @ConditionalOnClass did not find required class 'org.springframework.oxm.Marshaller' (OnClassCondition)
	at org.springframework.boot.test.context.SpringBootContextLoader$ContextLoaderHook.run(SpringBootContextLoader.java:553)
	at org.springframework.boot.test.context.SpringBootContextLoader.loadContext(SpringBootContextLoader.java:137)
	at org.springframework.boot.test.context.SpringBootContextLoader.loadContext(SpringBootContextLoader.java:108)
	at org.springframework.test.context.cache.DefaultCacheAwareContextLoaderDelegate.loadContextInternal(DefaultCacheAwareContextLoaderDelegate.java:225)
	at org.springframework.test.context.cache.DefaultCacheAwareContextLoaderDelegate.loadContext(DefaultCacheAwareContextLoaderDelegate.java:152)
	at org.springframework.test.context.support.DefaultTestContext.getApplicationContext(DefaultTestContext.java:130)
	at org.springframework.test.context.web.ServletTestExecutionListener.setUpRequestContextIfNecessary(ServletTestExecutionListener.java:191)

   WebServicesAutoConfiguration:
      Did not match:
         - @ConditionalOnClass did not find required class 'org.springframework.ws.transport.http.MessageDispatcherServ
let' (OnClassCondition)

   WebSessionIdResolverAutoConfiguration:
      Did not match:
	at org.springframework.test.context.web.ServletTestExecutionListener.prepareTestInstance(ServletTestExecutionListener.java:130)
	at org.springframework.test.context.TestContextManager.prepareTestInstance(TestContextManager.java:260)
	at org.springframework.test.context.junit.jupiter.SpringExtension.postProcessTestInstance(SpringExtension.java:163)
	at org.junit.jupiter.engine.descriptor.ClassBasedTestDescriptor.lambda$invokeTestInstancePostProcessors$10(ClassBasedTestDescriptor.java:378)
	at org.junit.jupiter.engine.descriptor.ClassBasedTestDescriptor.executeAndMaskThrowable(ClassBasedTestDescriptor.java:383)
	at org.junit.jupiter.engine.descriptor.ClassBasedTestDescriptor.lambda$invokeTestInstancePostProcessors$11(ClassBasedTestDescriptor.java:378)
	at java.base/java.util.stream.ReferencePipeline$3$1.accept(ReferencePipeline.java:197)
	at java.base/java.util.stream.ReferencePipeline$2$1.accept(ReferencePipeline.java:179)
	at java.base/java.util.ArrayList$ArrayListSpliterator.forEachRemaining(ArrayList.java:1708)
	at java.base/java.util.stream.AbstractPipeline.copyInto(AbstractPipeline.java:509)
         - not a reactive web application (OnWebApplicationCondition)
      Matched:
         - @ConditionalOnClass found required classes 'org.springframework.web.server.session.WebSessionManager', 'reac
tor.core.publisher.Mono' (OnClassCondition)

   WebSocketMessagingAutoConfiguration:
      Did not match:
         - @ConditionalOnClass did not find required class 'org.springframework.web.socket.config.annotation.WebSocketM
essageBrokerConfigurer' (OnClassCondition)

	at java.base/java.util.stream.AbstractPipeline.wrapAndCopyInto(AbstractPipeline.java:499)
	at java.base/java.util.stream.StreamSpliterators$WrappingSpliterator.forEachRemaining(StreamSpliterators.java:310)
	at java.base/java.util.stream.Streams$ConcatSpliterator.forEachRemaining(Streams.java:735)
	at java.base/java.util.stream.Streams$ConcatSpliterator.forEachRemaining(Streams.java:734)
	at java.base/java.util.stream.ReferencePipeline$Head.forEach(ReferencePipeline.java:762)
	at org.junit.jupiter.engine.descriptor.ClassBasedTestDescriptor.invokeTestInstancePostProcessors(ClassBasedTestDescriptor.java:377)
	at org.junit.jupiter.engine.descriptor.ClassBasedTestDescriptor.lambda$instantiateAndPostProcessTestInstance$6(ClassBasedTestDescriptor.java:290)
	at org.junit.platform.engine.support.hierarchical.ThrowableCollector.execute(ThrowableCollector.java:73)
   WebSocketReactiveAutoConfiguration:
      Did not match:
         - not a reactive web application (OnWebApplicationCondition)
      Matched:
	at org.junit.jupiter.engine.descriptor.ClassBasedTestDescriptor.instantiateAndPostProcessTestInstance(ClassBasedTestDescriptor.java:289)
	at org.junit.jupiter.engine.descriptor.ClassBasedTestDescriptor.lambda$testInstancesProvider$4(ClassBasedTestDescriptor.java:279)
	at java.base/java.util.Optional.orElseGet(Optional.java:364)
	at org.junit.jupiter.engine.descriptor.ClassBasedTestDescriptor.lambda$testInstancesProvider$5(ClassBasedTestDescriptor.java:278)
	at org.junit.jupiter.engine.execution.TestInstancesProvider.getTestInstances(TestInstancesProvider.java:31)
         - @ConditionalOnClass found required classes 'jakarta.servlet.Servlet', 'jakarta.websocket.server.ServerContai
ner' (OnClassCondition)

   WebSocketServletAutoConfiguration.JettyWebSocketConfiguration:
      Did not match:
         - @ConditionalOnClass did not find required class 'org.eclipse.jetty.ee10.websocket.jakarta.server.config.Jaka
rtaWebSocketServletContainerInitializer' (OnClassCondition)

   WebSocketServletAutoConfiguration.UndertowWebSocketConfiguration:
	at org.junit.jupiter.engine.descriptor.TestMethodTestDescriptor.lambda$prepare$0(TestMethodTestDescriptor.java:106)
	at org.junit.platform.engine.support.hierarchical.ThrowableCollector.execute(ThrowableCollector.java:73)
	at org.junit.jupiter.engine.descriptor.TestMethodTestDescriptor.prepare(TestMethodTestDescriptor.java:105)
	at org.junit.jupiter.engine.descriptor.TestMethodTestDescriptor.prepare(TestMethodTestDescriptor.java:69)
	at org.junit.platform.engine.support.hierarchical.NodeTestTask.lambda$prepare$2(NodeTestTask.java:128)
	at org.junit.platform.engine.support.hierarchical.ThrowableCollector.execute(ThrowableCollector.java:73)
	at org.junit.platform.engine.support.hierarchical.NodeTestTask.prepare(NodeTestTask.java:128)
	at org.junit.platform.engine.support.hierarchical.NodeTestTask.execute(NodeTestTask.java:95)
      Did not match:
         - @ConditionalOnClass did not find required class 'io.undertow.websockets.jsr.Bootstrap' (OnClassCondition)

   XADataSourceAutoConfiguration:
      Did not match:
	at java.base/java.util.ArrayList.forEach(ArrayList.java:1596)
	at org.junit.platform.engine.support.hierarchical.SameThreadHierarchicalTestExecutorService.invokeAll(SameThreadHierarchicalTestExecutorService.java:41)
	at org.junit.platform.engine.support.hierarchical.NodeTestTask.lambda$executeRecursively$6(NodeTestTask.java:160)
	at org.junit.platform.engine.support.hierarchical.ThrowableCollector.execute(ThrowableCollector.java:73)
	at org.junit.platform.engine.support.hierarchical.NodeTestTask.lambda$executeRecursively$8(NodeTestTask.java:146)
	at org.junit.platform.engine.support.hierarchical.Node.around(Node.java:137)
         - @ConditionalOnClass did not find required class 'jakarta.transaction.TransactionManager' (OnClassCondition)


Exclusions:
-----------

    None


Unconditional classes:
----------------------

    org.springframework.boot.autoconfigure.context.ConfigurationPropertiesAutoConfiguration

    org.springframework.boot.autoconfigure.ssl.SslAutoConfiguration

    org.springframework.boot.autoconfigure.context.PropertyPlaceholderAutoConfiguration

    org.springframework.boot.autoconfigure.context.LifecycleAutoConfiguration

    com.tlq.rectagent.config.ModelAutoConfiguration

	at org.junit.platform.engine.support.hierarchical.NodeTestTask.lambda$executeRecursively$9(NodeTestTask.java:144)
	at org.junit.platform.engine.support.hierarchical.ThrowableCollector.execute(ThrowableCollector.java:73)
	at org.junit.platform.engine.support.hierarchical.NodeTestTask.executeRecursively(NodeTestTask.java:143)
	at org.junit.platform.engine.support.hierarchical.NodeTestTask.execute(NodeTestTask.java:100)
	at java.base/java.util.ArrayList.forEach(ArrayList.java:1596)
	at org.junit.platform.engine.support.hierarchical.SameThreadHierarchicalTestExecutorService.invokeAll(SameThreadHierarchicalTestExecutorService.java:41)
	at org.junit.platform.engine.support.hierarchical.NodeTestTask.lambda$executeRecursively$6(NodeTestTask.java:160)
	at org.junit.platform.engine.support.hierarchical.ThrowableCollector.execute(ThrowableCollector.java:73)
	at org.junit.platform.engine.support.hierarchical.NodeTestTask.lambda$executeRecursively$8(NodeTestTask.java:146)
	at org.junit.platform.engine.support.hierarchical.Node.around(Node.java:137)
	at org.junit.platform.engine.support.hierarchical.NodeTestTask.lambda$executeRecursively$9(NodeTestTask.java:144)
	at org.junit.platform.engine.support.hierarchical.ThrowableCollector.execute(ThrowableCollector.java:73)
	at org.junit.platform.engine.support.hierarchical.NodeTestTask.executeRecursively(NodeTestTask.java:143)
	at org.junit.platform.engine.support.hierarchical.NodeTestTask.execute(NodeTestTask.java:100)
	at org.junit.platform.engine.support.hierarchical.SameThreadHierarchicalTestExecutorService.submit(SameThreadHierarchicalTestExecutorService.java:35)
	at org.junit.platform.engine.support.hierarchical.HierarchicalTestExecutor.execute(HierarchicalTestExecutor.java:57)
    org.springframework.boot.autoconfigure.availability.ApplicationAvailabilityAutoConfiguration

    org.springframework.boot.autoconfigure.info.ProjectInfoAutoConfiguration



	at org.junit.platform.engine.support.hierarchical.HierarchicalTestEngine.execute(HierarchicalTestEngine.java:54)
	at org.junit.platform.launcher.core.EngineExecutionOrchestrator.execute(EngineExecutionOrchestrator.java:198)
	at org.junit.platform.launcher.core.EngineExecutionOrchestrator.execute(EngineExecutionOrchestrator.java:169)
	at org.junit.platform.launcher.core.EngineExecutionOrchestrator.execute(EngineExecutionOrchestrator.java:93)
	at org.junit.platform.launcher.core.EngineExecutionOrchestrator.lambda$execute$0(EngineExecutionOrchestrator.java:58)
	at org.junit.platform.launcher.core.EngineExecutionOrchestrator.withInterceptedStreams(EngineExecutionOrchestrator.java:141)
	at org.junit.platform.launcher.core.EngineExecutionOrchestrator.execute(EngineExecutionOrchestrator.java:57)
	at org.junit.platform.launcher.core.DefaultLauncher.execute(DefaultLauncher.java:103)
	at org.junit.platform.launcher.core.DefaultLauncher.execute(DefaultLauncher.java:85)
	at org.junit.platform.launcher.core.DelegatingLauncher.execute(DelegatingLauncher.java:47)
	at org.apache.maven.surefire.junitplatform.LazyLauncher.execute(LazyLauncher.java:56)
	at org.apache.maven.surefire.junitplatform.JUnitPlatformProvider.execute(JUnitPlatformProvider.java:184)
	at org.apache.maven.surefire.junitplatform.JUnitPlatformProvider.invokeAllTests(JUnitPlatformProvider.java:148)
	at org.apache.maven.surefire.junitplatform.JUnitPlatformProvider.invoke(JUnitPlatformProvider.java:122)
	at org.apache.maven.surefire.booter.ForkedBooter.runSuitesInProcess(ForkedBooter.java:385)
	at org.apache.maven.surefire.booter.ForkedBooter.execute(ForkedBooter.java:162)
	at org.apache.maven.surefire.booter.ForkedBooter.run(ForkedBooter.java:507)
	at org.apache.maven.surefire.booter.ForkedBooter.main(ForkedBooter.java:495)
Caused by: org.springframework.beans.factory.UnsatisfiedDependencyException: Error creating bean with name 'com.tlq.rectagent.config.ModelAutoConfiguration': Unsatisfied dependency expressed through field 'chatModelPool': Error creating bean with name 'chatModelPool': Requested bean is currently in creation: Is there an unresolvable circular reference?
	at org.springframework.beans.factory.annotation.AutowiredAnnotationBeanPostProcessor$AutowiredFieldElement.resolveFieldValue(AutowiredAnnotationBeanPostProcessor.java:788)
	at org.springframework.beans.factory.annotation.AutowiredAnnotationBeanPostProcessor$AutowiredFieldElement.inject(AutowiredAnnotationBeanPostProcessor.java:768)
	at org.springframework.beans.factory.annotation.InjectionMetadata.inject(InjectionMetadata.java:145)
	at org.springframework.beans.factory.annotation.AutowiredAnnotationBeanPostProcessor.postProcessProperties(AutowiredAnnotationBeanPostProcessor.java:509)
	at org.springframework.beans.factory.support.AbstractAutowireCapableBeanFactory.populateBean(AbstractAutowireCapableBeanFactory.java:1439)
	at org.springframework.beans.factory.support.AbstractAutowireCapableBeanFactory.doCreateBean(AbstractAutowireCapableBeanFactory.java:599)
	at org.springframework.beans.factory.support.AbstractAutowireCapableBeanFactory.createBean(AbstractAutowireCapableBeanFactory.java:522)
	at org.springframework.beans.factory.support.AbstractBeanFactory.lambda$doGetBean$0(AbstractBeanFactory.java:337)
	at org.springframework.beans.factory.support.DefaultSingletonBeanRegistry.getSingleton(DefaultSingletonBeanRegistry.java:234)
	at org.springframework.beans.factory.support.AbstractBeanFactory.doGetBean(AbstractBeanFactory.java:335)
	at org.springframework.beans.factory.support.AbstractBeanFactory.getBean(AbstractBeanFactory.java:200)
	at org.springframework.beans.factory.support.ConstructorResolver.instantiateUsingFactoryMethod(ConstructorResolver.java:409)
	at org.springframework.beans.factory.support.AbstractAutowireCapableBeanFactory.instantiateUsingFactoryMethod(AbstractAutowireCapableBeanFactory.java:1355)
	at org.springframework.beans.factory.support.AbstractAutowireCapableBeanFactory.createBeanInstance(AbstractAutowireCapableBeanFactory.java:1185)
	at org.springframework.beans.factory.support.AbstractAutowireCapableBeanFactory.doCreateBean(AbstractAutowireCapableBeanFactory.java:562)
	at org.springframework.beans.factory.support.AbstractAutowireCapableBeanFactory.createBean(AbstractAutowireCapableBeanFactory.java:522)
	at org.springframework.beans.factory.support.AbstractBeanFactory.lambda$doGetBean$0(AbstractBeanFactory.java:337)
	at org.springframework.beans.factory.support.DefaultSingletonBeanRegistry.getSingleton(DefaultSingletonBeanRegistry.java:234)
	at org.springframework.beans.factory.support.AbstractBeanFactory.doGetBean(AbstractBeanFactory.java:335)
	at org.springframework.beans.factory.support.AbstractBeanFactory.getBean(AbstractBeanFactory.java:200)
	at org.springframework.beans.factory.config.DependencyDescriptor.resolveCandidate(DependencyDescriptor.java:254)
	at org.springframework.beans.factory.support.DefaultListableBeanFactory.doResolveDependency(DefaultListableBeanFactory.java:1443)
	at org.springframework.beans.factory.support.DefaultListableBeanFactory.resolveDependency(DefaultListableBeanFactory.java:1353)
	at org.springframework.beans.factory.annotation.AutowiredAnnotationBeanPostProcessor$AutowiredFieldElement.resolveFieldValue(AutowiredAnnotationBeanPostProcessor.java:785)
	... 98 common frames omitted
Caused by: org.springframework.beans.factory.BeanCurrentlyInCreationException: Error creating bean with name 'chatModelPool': Requested bean is currently in creation: Is there an unresolvable circular reference?
	at org.springframework.beans.factory.support.DefaultSingletonBeanRegistry.beforeSingletonCreation(DefaultSingletonBeanRegistry.java:355)
	at org.springframework.beans.factory.support.DefaultSingletonBeanRegistry.getSingleton(DefaultSingletonBeanRegistry.java:227)
	at org.springframework.beans.factory.support.AbstractBeanFactory.doGetBean(AbstractBeanFactory.java:335)
	at org.springframework.beans.factory.support.AbstractBeanFactory.getBean(AbstractBeanFactory.java:200)
	at org.springframework.beans.factory.config.DependencyDescriptor.resolveCandidate(DependencyDescriptor.java:254)
	at org.springframework.beans.factory.support.DefaultListableBeanFactory.doResolveDependency(DefaultListableBeanFactory.java:1443)
	at org.springframework.beans.factory.support.DefaultListableBeanFactory.resolveDependency(DefaultListableBeanFactory.java:1353)
	at org.springframework.beans.factory.annotation.AutowiredAnnotationBeanPostProcessor$AutowiredFieldElement.resolveFieldValue(AutowiredAnnotationBeanPostProcessor.java:785)
	... 121 common frames omitted
2026-03-26 22:03:01.858 [main] [] WARN  o.s.test.context.TestContextManager - Caught exception while allowing TestExecutionListener [org.springframework.test.context.web.ServletTestExecutionListener] to prepare test instance [com.tlq.rectagent.FullSystemE2ETest@6bab373c]
java.lang.IllegalStateException: Failed to load ApplicationContext for [WebMergedContextConfiguration@628b1538 testClass = com.tlq.rectagent.FullSystemE2ETest, locations = [], classes = [com.tlq.rectagent.RectAgentApplication], contextInitializerClasses = [], activeProfiles = [], propertySourceDescriptors = [], propertySourceProperties = ["org.springframework.boot.test.context.SpringBootTestContextBootstrapper=true"], contextCustomizers = [org.springframework.boot.test.context.filter.ExcludeFilterContextCustomizer@55493582, org.springframework.boot.test.json.DuplicateJsonObjectContextCustomizerFactory$DuplicateJsonObjectContextCustomizer@34158c08, org.springframework.boot.test.mock.mockito.MockitoContextCustomizer@64c60883, org.springframework.boot.test.web.client.TestRestTemplateContextCustomizer@31dadd46, org.springframework.boot.test.web.reactive.server.WebTestClientContextCustomizer@10cf09e8, org.springframework.boot.test.web.reactor.netty.DisableReactorResourceFactoryGlobalResourcesContextCustomizerFactory$DisableReactorResourceFactoryGlobalResourcesContextCustomizerCustomizer@63787180, org.springframework.boot.test.autoconfigure.OnFailureConditionReportContextCustomizerFactory$OnFailureConditionReportContextCustomizer@2e1ef60, org.springframework.boot.test.autoconfigure.actuate.observability.ObservabilityContextCustomizerFactory$DisableObservabilityContextCustomizer@1f, org.springframework.boot.test.autoconfigure.properties.PropertyMappingContextCustomizer@0, org.springframework.boot.test.autoconfigure.web.servlet.WebDriverContextCustomizer@dbd8e44, org.springframework.boot.test.context.SpringBootTestAnnotation@9f6e4d8], resourceBasePath = "src/main/webapp", contextLoader = org.springframework.boot.test.context.SpringBootContextLoader, parent = null]
	at org.springframework.test.context.cache.DefaultCacheAwareContextLoaderDelegate.loadContext(DefaultCacheAwareContextLoaderDelegate.java:180)
	at org.springframework.test.context.support.DefaultTestContext.getApplicationContext(DefaultTestContext.java:130)
	at org.springframework.test.context.web.ServletTestExecutionListener.setUpRequestContextIfNecessary(ServletTestExecutionListener.java:191)
	at org.springframework.test.context.web.ServletTestExecutionListener.prepareTestInstance(ServletTestExecutionListener.java:130)
	at org.springframework.test.context.TestContextManager.prepareTestInstance(TestContextManager.java:260)
	at org.springframework.test.context.junit.jupiter.SpringExtension.postProcessTestInstance(SpringExtension.java:163)
	at org.junit.jupiter.engine.descriptor.ClassBasedTestDescriptor.lambda$invokeTestInstancePostProcessors$10(ClassBasedTestDescriptor.java:378)
	at org.junit.jupiter.engine.descriptor.ClassBasedTestDescriptor.executeAndMaskThrowable(ClassBasedTestDescriptor.java:383)
	at org.junit.jupiter.engine.descriptor.ClassBasedTestDescriptor.lambda$invokeTestInstancePostProcessors$11(ClassBasedTestDescriptor.java:378)
	at java.base/java.util.stream.ReferencePipeline$3$1.accept(ReferencePipeline.java:197)
	at java.base/java.util.stream.ReferencePipeline$2$1.accept(ReferencePipeline.java:179)
	at java.base/java.util.ArrayList$ArrayListSpliterator.forEachRemaining(ArrayList.java:1708)
	at java.base/java.util.stream.AbstractPipeline.copyInto(AbstractPipeline.java:509)
	at java.base/java.util.stream.AbstractPipeline.wrapAndCopyInto(AbstractPipeline.java:499)
	at java.base/java.util.stream.StreamSpliterators$WrappingSpliterator.forEachRemaining(StreamSpliterators.java:310)
	at java.base/java.util.stream.Streams$ConcatSpliterator.forEachRemaining(Streams.java:735)
	at java.base/java.util.stream.Streams$ConcatSpliterator.forEachRemaining(Streams.java:734)
	at java.base/java.util.stream.ReferencePipeline$Head.forEach(ReferencePipeline.java:762)
	at org.junit.jupiter.engine.descriptor.ClassBasedTestDescriptor.invokeTestInstancePostProcessors(ClassBasedTestDescriptor.java:377)
	at org.junit.jupiter.engine.descriptor.ClassBasedTestDescriptor.lambda$instantiateAndPostProcessTestInstance$6(ClassBasedTestDescriptor.java:290)
	at org.junit.platform.engine.support.hierarchical.ThrowableCollector.execute(ThrowableCollector.java:73)
	at org.junit.jupiter.engine.descriptor.ClassBasedTestDescriptor.instantiateAndPostProcessTestInstance(ClassBasedTestDescriptor.java:289)
	at org.junit.jupiter.engine.descriptor.ClassBasedTestDescriptor.lambda$testInstancesProvider$4(ClassBasedTestDescriptor.java:279)
	at java.base/java.util.Optional.orElseGet(Optional.java:364)
	at org.junit.jupiter.engine.descriptor.ClassBasedTestDescriptor.lambda$testInstancesProvider$5(ClassBasedTestDescriptor.java:278)
	at org.junit.jupiter.engine.execution.TestInstancesProvider.getTestInstances(TestInstancesProvider.java:31)
	at org.junit.jupiter.engine.descriptor.TestMethodTestDescriptor.lambda$prepare$0(TestMethodTestDescriptor.java:106)
	at org.junit.platform.engine.support.hierarchical.ThrowableCollector.execute(ThrowableCollector.java:73)
	at org.junit.jupiter.engine.descriptor.TestMethodTestDescriptor.prepare(TestMethodTestDescriptor.java:105)
	at org.junit.jupiter.engine.descriptor.TestMethodTestDescriptor.prepare(TestMethodTestDescriptor.java:69)
	at org.junit.platform.engine.support.hierarchical.NodeTestTask.lambda$prepare$2(NodeTestTask.java:128)
	at org.junit.platform.engine.support.hierarchical.ThrowableCollector.execute(ThrowableCollector.java:73)
	at org.junit.platform.engine.support.hierarchical.NodeTestTask.prepare(NodeTestTask.java:128)
	at org.junit.platform.engine.support.hierarchical.NodeTestTask.execute(NodeTestTask.java:95)
	at java.base/java.util.ArrayList.forEach(ArrayList.java:1596)
	at org.junit.platform.engine.support.hierarchical.SameThreadHierarchicalTestExecutorService.invokeAll(SameThreadHierarchicalTestExecutorService.java:41)
	at org.junit.platform.engine.support.hierarchical.NodeTestTask.lambda$executeRecursively$6(NodeTestTask.java:160)
	at org.junit.platform.engine.support.hierarchical.ThrowableCollector.execute(ThrowableCollector.java:73)
	at org.junit.platform.engine.support.hierarchical.NodeTestTask.lambda$executeRecursively$8(NodeTestTask.java:146)
	at org.junit.platform.engine.support.hierarchical.Node.around(Node.java:137)
	at org.junit.platform.engine.support.hierarchical.NodeTestTask.lambda$executeRecursively$9(NodeTestTask.java:144)
	at org.junit.platform.engine.support.hierarchical.ThrowableCollector.execute(ThrowableCollector.java:73)
	at org.junit.platform.engine.support.hierarchical.NodeTestTask.executeRecursively(NodeTestTask.java:143)
	at org.junit.platform.engine.support.hierarchical.NodeTestTask.execute(NodeTestTask.java:100)
	at java.base/java.util.ArrayList.forEach(ArrayList.java:1596)
	at org.junit.platform.engine.support.hierarchical.SameThreadHierarchicalTestExecutorService.invokeAll(SameThreadHierarchicalTestExecutorService.java:41)
	at org.junit.platform.engine.support.hierarchical.NodeTestTask.lambda$executeRecursively$6(NodeTestTask.java:160)
	at org.junit.platform.engine.support.hierarchical.ThrowableCollector.execute(ThrowableCollector.java:73)
	at org.junit.platform.engine.support.hierarchical.NodeTestTask.lambda$executeRecursively$8(NodeTestTask.java:146)
	at org.junit.platform.engine.support.hierarchical.Node.around(Node.java:137)
	at org.junit.platform.engine.support.hierarchical.NodeTestTask.lambda$executeRecursively$9(NodeTestTask.java:144)
	at org.junit.platform.engine.support.hierarchical.ThrowableCollector.execute(ThrowableCollector.java:73)
	at org.junit.platform.engine.support.hierarchical.NodeTestTask.executeRecursively(NodeTestTask.java:143)
	at org.junit.platform.engine.support.hierarchical.NodeTestTask.execute(NodeTestTask.java:100)
	at org.junit.platform.engine.support.hierarchical.SameThreadHierarchicalTestExecutorService.submit(SameThreadHierarchicalTestExecutorService.java:35)
	at org.junit.platform.engine.support.hierarchical.HierarchicalTestExecutor.execute(HierarchicalTestExecutor.java:57)
	at org.junit.platform.engine.support.hierarchical.HierarchicalTestEngine.execute(HierarchicalTestEngine.java:54)
	at org.junit.platform.launcher.core.EngineExecutionOrchestrator.execute(EngineExecutionOrchestrator.java:198)
	at org.junit.platform.launcher.core.EngineExecutionOrchestrator.execute(EngineExecutionOrchestrator.java:169)
	at org.junit.platform.launcher.core.EngineExecutionOrchestrator.execute(EngineExecutionOrchestrator.java:93)
	at org.junit.platform.launcher.core.EngineExecutionOrchestrator.lambda$execute$0(EngineExecutionOrchestrator.java:58)
	at org.junit.platform.launcher.core.EngineExecutionOrchestrator.withInterceptedStreams(EngineExecutionOrchestrator.java:141)
	at org.junit.platform.launcher.core.EngineExecutionOrchestrator.execute(EngineExecutionOrchestrator.java:57)
	at org.junit.platform.launcher.core.DefaultLauncher.execute(DefaultLauncher.java:103)
	at org.junit.platform.launcher.core.DefaultLauncher.execute(DefaultLauncher.java:85)
	at org.junit.platform.launcher.core.DelegatingLauncher.execute(DelegatingLauncher.java:47)
	at org.apache.maven.surefire.junitplatform.LazyLauncher.execute(LazyLauncher.java:56)
	at org.apache.maven.surefire.junitplatform.JUnitPlatformProvider.execute(JUnitPlatformProvider.java:184)
	at org.apache.maven.surefire.junitplatform.JUnitPlatformProvider.invokeAllTests(JUnitPlatformProvider.java:148)
	at org.apache.maven.surefire.junitplatform.JUnitPlatformProvider.invoke(JUnitPlatformProvider.java:122)
	at org.apache.maven.surefire.booter.ForkedBooter.runSuitesInProcess(ForkedBooter.java:385)
	at org.apache.maven.surefire.booter.ForkedBooter.execute(ForkedBooter.java:162)
	at org.apache.maven.surefire.booter.ForkedBooter.run(ForkedBooter.java:507)
	at org.apache.maven.surefire.booter.ForkedBooter.main(ForkedBooter.java:495)
Caused by: org.springframework.beans.factory.UnsatisfiedDependencyException: Error creating bean with name 'capabilityRoutingStrategy': Unsatisfied dependency expressed through field 'modelPool': Error creating bean with name 'com.tlq.rectagent.config.ModelAutoConfiguration': Unsatisfied dependency expressed through field 'chatModelPool': Error creating bean with name 'chatModelPool': Requested bean is currently in creation: Is there an unresolvable circular reference?
	at org.springframework.beans.factory.annotation.AutowiredAnnotationBeanPostProcessor$AutowiredFieldElement.resolveFieldValue(AutowiredAnnotationBeanPostProcessor.java:788)
	at org.springframework.beans.factory.annotation.AutowiredAnnotationBeanPostProcessor$AutowiredFieldElement.inject(AutowiredAnnotationBeanPostProcessor.java:768)
	at org.springframework.beans.factory.annotation.InjectionMetadata.inject(InjectionMetadata.java:145)
	at org.springframework.beans.factory.annotation.AutowiredAnnotationBeanPostProcessor.postProcessProperties(AutowiredAnnotationBeanPostProcessor.java:509)
	at org.springframework.beans.factory.support.AbstractAutowireCapableBeanFactory.populateBean(AbstractAutowireCapableBeanFactory.java:1439)
	at org.springframework.beans.factory.support.AbstractAutowireCapableBeanFactory.doCreateBean(AbstractAutowireCapableBeanFactory.java:599)
	at org.springframework.beans.factory.support.AbstractAutowireCapableBeanFactory.createBean(AbstractAutowireCapableBeanFactory.java:522)
	at org.springframework.beans.factory.support.AbstractBeanFactory.lambda$doGetBean$0(AbstractBeanFactory.java:337)
	at org.springframework.beans.factory.support.DefaultSingletonBeanRegistry.getSingleton(DefaultSingletonBeanRegistry.java:234)
	at org.springframework.beans.factory.support.AbstractBeanFactory.doGetBean(AbstractBeanFactory.java:335)
	at org.springframework.beans.factory.support.AbstractBeanFactory.getBean(AbstractBeanFactory.java:200)
	at org.springframework.beans.factory.support.DefaultListableBeanFactory.preInstantiateSingletons(DefaultListableBeanFactory.java:975)
	at org.springframework.context.support.AbstractApplicationContext.finishBeanFactoryInitialization(AbstractApplicationContext.java:971)
	at org.springframework.context.support.AbstractApplicationContext.refresh(AbstractApplicationContext.java:625)
	at org.springframework.boot.SpringApplication.refresh(SpringApplication.java:754)
	at org.springframework.boot.SpringApplication.refreshContext(SpringApplication.java:456)
	at org.springframework.boot.SpringApplication.run(SpringApplication.java:335)
	at org.springframework.boot.test.context.SpringBootContextLoader.lambda$loadContext$3(SpringBootContextLoader.java:137)
	at org.springframework.util.function.ThrowingSupplier.get(ThrowingSupplier.java:58)
	at org.springframework.util.function.ThrowingSupplier.get(ThrowingSupplier.java:46)
	at org.springframework.boot.SpringApplication.withHook(SpringApplication.java:1463)
	at org.springframework.boot.test.context.SpringBootContextLoader$ContextLoaderHook.run(SpringBootContextLoader.java:553)
	at org.springframework.boot.test.context.SpringBootContextLoader.loadContext(SpringBootContextLoader.java:137)
	at org.springframework.boot.test.context.SpringBootContextLoader.loadContext(SpringBootContextLoader.java:108)
	at org.springframework.test.context.cache.DefaultCacheAwareContextLoaderDelegate.loadContextInternal(DefaultCacheAwareContextLoaderDelegate.java:225)
	at org.springframework.test.context.cache.DefaultCacheAwareContextLoaderDelegate.loadContext(DefaultCacheAwareContextLoaderDelegate.java:152)
	... 73 common frames omitted
Caused by: org.springframework.beans.factory.UnsatisfiedDependencyException: Error creating bean with name 'com.tlq.rectagent.config.ModelAutoConfiguration': Unsatisfied dependency expressed through field 'chatModelPool': Error creating bean with name 'chatModelPool': Requested bean is currently in creation: Is there an unresolvable circular reference?
	at org.springframework.beans.factory.annotation.AutowiredAnnotationBeanPostProcessor$AutowiredFieldElement.resolveFieldValue(AutowiredAnnotationBeanPostProcessor.java:788)
	at org.springframework.beans.factory.annotation.AutowiredAnnotationBeanPostProcessor$AutowiredFieldElement.inject(AutowiredAnnotationBeanPostProcessor.java:768)
	at org.springframework.beans.factory.annotation.InjectionMetadata.inject(InjectionMetadata.java:145)
	at org.springframework.beans.factory.annotation.AutowiredAnnotationBeanPostProcessor.postProcessProperties(AutowiredAnnotationBeanPostProcessor.java:509)
	at org.springframework.beans.factory.support.AbstractAutowireCapableBeanFactory.populateBean(AbstractAutowireCapableBeanFactory.java:1439)
	at org.springframework.beans.factory.support.AbstractAutowireCapableBeanFactory.doCreateBean(AbstractAutowireCapableBeanFactory.java:599)
	at org.springframework.beans.factory.support.AbstractAutowireCapableBeanFactory.createBean(AbstractAutowireCapableBeanFactory.java:522)
	at org.springframework.beans.factory.support.AbstractBeanFactory.lambda$doGetBean$0(AbstractBeanFactory.java:337)
	at org.springframework.beans.factory.support.DefaultSingletonBeanRegistry.getSingleton(DefaultSingletonBeanRegistry.java:234)
	at org.springframework.beans.factory.support.AbstractBeanFactory.doGetBean(AbstractBeanFactory.java:335)
	at org.springframework.beans.factory.support.AbstractBeanFactory.getBean(AbstractBeanFactory.java:200)
	at org.springframework.beans.factory.support.ConstructorResolver.instantiateUsingFactoryMethod(ConstructorResolver.java:409)
	at org.springframework.beans.factory.support.AbstractAutowireCapableBeanFactory.instantiateUsingFactoryMethod(AbstractAutowireCapableBeanFactory.java:1355)
	at org.springframework.beans.factory.support.AbstractAutowireCapableBeanFactory.createBeanInstance(AbstractAutowireCapableBeanFactory.java:1185)
	at org.springframework.beans.factory.support.AbstractAutowireCapableBeanFactory.doCreateBean(AbstractAutowireCapableBeanFactory.java:562)
	at org.springframework.beans.factory.support.AbstractAutowireCapableBeanFactory.createBean(AbstractAutowireCapableBeanFactory.java:522)
	at org.springframework.beans.factory.support.AbstractBeanFactory.lambda$doGetBean$0(AbstractBeanFactory.java:337)
	at org.springframework.beans.factory.support.DefaultSingletonBeanRegistry.getSingleton(DefaultSingletonBeanRegistry.java:234)
	at org.springframework.beans.factory.support.AbstractBeanFactory.doGetBean(AbstractBeanFactory.java:335)
	at org.springframework.beans.factory.support.AbstractBeanFactory.getBean(AbstractBeanFactory.java:200)
	at org.springframework.beans.factory.config.DependencyDescriptor.resolveCandidate(DependencyDescriptor.java:254)
	at org.springframework.beans.factory.support.DefaultListableBeanFactory.doResolveDependency(DefaultListableBeanFactory.java:1443)
	at org.springframework.beans.factory.support.DefaultListableBeanFactory.resolveDependency(DefaultListableBeanFactory.java:1353)
	at org.springframework.beans.factory.annotation.AutowiredAnnotationBeanPostProcessor$AutowiredFieldElement.resolveFieldValue(AutowiredAnnotationBeanPostProcessor.java:785)
	... 98 common frames omitted
Caused by: org.springframework.beans.factory.BeanCurrentlyInCreationException: Error creating bean with name 'chatModelPool': Requested bean is currently in creation: Is there an unresolvable circular reference?
	at org.springframework.beans.factory.support.DefaultSingletonBeanRegistry.beforeSingletonCreation(DefaultSingletonBeanRegistry.java:355)
	at org.springframework.beans.factory.support.DefaultSingletonBeanRegistry.getSingleton(DefaultSingletonBeanRegistry.java:227)
	at org.springframework.beans.factory.support.AbstractBeanFactory.doGetBean(AbstractBeanFactory.java:335)
	at org.springframework.beans.factory.support.AbstractBeanFactory.getBean(AbstractBeanFactory.java:200)
	at org.springframework.beans.factory.config.DependencyDescriptor.resolveCandidate(DependencyDescriptor.java:254)
	at org.springframework.beans.factory.support.DefaultListableBeanFactory.doResolveDependency(DefaultListableBeanFactory.java:1443)
	at org.springframework.beans.factory.support.DefaultListableBeanFactory.resolveDependency(DefaultListableBeanFactory.java:1353)
	at org.springframework.beans.factory.annotation.AutowiredAnnotationBeanPostProcessor$AutowiredFieldElement.resolveFieldValue(AutowiredAnnotationBeanPostProcessor.java:785)
	... 121 common frames omitted
[ERROR] Tests run: 1, Failures: 0, Errors: 1, Skipped: 0, Time elapsed: 3.904 s <<< FAILURE! -- in com.tlq.rectagent.FullSystemE2ETest
[ERROR] com.tlq.rectagent.FullSystemE2ETest.fullSystemE2E -- Time elapsed: 0.003 s <<< ERROR!
java.lang.IllegalStateException: Failed to load ApplicationContext for [WebMergedContextConfiguration@628b1538 testClass = com.tlq.rectagent.FullSystemE2ETest, locations = [], classes = [com.tlq.rectagent.RectAgentApplication], contextInitializerClasses = [], activeProfiles = [], propertySourceDescriptors = [], propertySourceProperties = ["org.springframework.boot.test.context.SpringBootTestContextBootstrapper=true"], contextCustomizers = [org.springframework.boot.test.context.filter.ExcludeFilterContextCustomizer@55493582, org.springframework.boot.test.json.DuplicateJsonObjectContextCustomizerFactory$DuplicateJsonObjectContextCustomizer@34158c08, org.springframework.boot.test.mock.mockito.MockitoContextCustomizer@64c60883, org.springframework.boot.test.web.client.TestRestTemplateContextCustomizer@31dadd46, org.springframework.boot.test.web.reactive.server.WebTestClientContextCustomizer@10cf09e8, org.springframework.boot.test.web.reactor.netty.DisableReactorResourceFactoryGlobalResourcesContextCustomizerFactory$DisableReactorResourceFactoryGlobalResourcesContextCustomizerCustomizer@63787180, org.springframework.boot.test.autoconfigure.OnFailureConditionReportContextCustomizerFactory$OnFailureConditionReportContextCustomizer@2e1ef60, org.springframework.boot.test.autoconfigure.actuate.observability.ObservabilityContextCustomizerFactory$DisableObservabilityContextCustomizer@1f, org.springframework.boot.test.autoconfigure.properties.PropertyMappingContextCustomizer@0, org.springframework.boot.test.autoconfigure.web.servlet.WebDriverContextCustomizer@dbd8e44, org.springframework.boot.test.context.SpringBootTestAnnotation@9f6e4d8], resourceBasePath = "src/main/webapp", contextLoader = org.springframework.boot.test.context.SpringBootContextLoader, parent = null]
	at org.springframework.test.context.cache.DefaultCacheAwareContextLoaderDelegate.loadContext(DefaultCacheAwareContextLoaderDelegate.java:180)
	at org.springframework.test.context.support.DefaultTestContext.getApplicationContext(DefaultTestContext.java:130)
	at org.springframework.test.context.web.ServletTestExecutionListener.setUpRequestContextIfNecessary(ServletTestExecutionListener.java:191)
	at org.springframework.test.context.web.ServletTestExecutionListener.prepareTestInstance(ServletTestExecutionListener.java:130)
	at org.springframework.test.context.TestContextManager.prepareTestInstance(TestContextManager.java:260)
	at org.springframework.test.context.junit.jupiter.SpringExtension.postProcessTestInstance(SpringExtension.java:163)
	at java.base/java.util.stream.ReferencePipeline$3$1.accept(ReferencePipeline.java:197)
	at java.base/java.util.stream.ReferencePipeline$2$1.accept(ReferencePipeline.java:179)
	at java.base/java.util.ArrayList$ArrayListSpliterator.forEachRemaining(ArrayList.java:1708)
	at java.base/java.util.stream.AbstractPipeline.copyInto(AbstractPipeline.java:509)
	at java.base/java.util.stream.AbstractPipeline.wrapAndCopyInto(AbstractPipeline.java:499)
	at java.base/java.util.stream.StreamSpliterators$WrappingSpliterator.forEachRemaining(StreamSpliterators.java:310)
	at java.base/java.util.stream.Streams$ConcatSpliterator.forEachRemaining(Streams.java:735)
	at java.base/java.util.stream.Streams$ConcatSpliterator.forEachRemaining(Streams.java:734)
	at java.base/java.util.stream.ReferencePipeline$Head.forEach(ReferencePipeline.java:762)
	at java.base/java.util.Optional.orElseGet(Optional.java:364)
	at java.base/java.util.ArrayList.forEach(ArrayList.java:1596)
	at java.base/java.util.ArrayList.forEach(ArrayList.java:1596)
Caused by: org.springframework.beans.factory.UnsatisfiedDependencyException: Error creating bean with name 'capabilityRoutingStrategy': Unsatisfied dependency expressed through field 'modelPool': Error creating bean with name 'com.tlq.rectagent.config.ModelAutoConfiguration': Unsatisfied dependency expressed through field 'chatModelPool': Error creating bean with name 'chatModelPool': Requested bean is currently in creation: Is there an unresolvable circular reference?
	at org.springframework.beans.factory.annotation.AutowiredAnnotationBeanPostProcessor$AutowiredFieldElement.resolveFieldValue(AutowiredAnnotationBeanPostProcessor.java:788)
	at org.springframework.beans.factory.annotation.AutowiredAnnotationBeanPostProcessor$AutowiredFieldElement.inject(AutowiredAnnotationBeanPostProcessor.java:768)
	at org.springframework.beans.factory.annotation.InjectionMetadata.inject(InjectionMetadata.java:145)
	at org.springframework.beans.factory.annotation.AutowiredAnnotationBeanPostProcessor.postProcessProperties(AutowiredAnnotationBeanPostProcessor.java:509)
	at org.springframework.beans.factory.support.AbstractAutowireCapableBeanFactory.populateBean(AbstractAutowireCapableBeanFactory.java:1439)
	at org.springframework.beans.factory.support.AbstractAutowireCapableBeanFactory.doCreateBean(AbstractAutowireCapableBeanFactory.java:599)
	at org.springframework.beans.factory.support.AbstractAutowireCapableBeanFactory.createBean(AbstractAutowireCapableBeanFactory.java:522)
	at org.springframework.beans.factory.support.AbstractBeanFactory.lambda$doGetBean$0(AbstractBeanFactory.java:337)
	at org.springframework.beans.factory.support.DefaultSingletonBeanRegistry.getSingleton(DefaultSingletonBeanRegistry.java:234)
	at org.springframework.beans.factory.support.AbstractBeanFactory.doGetBean(AbstractBeanFactory.java:335)
	at org.springframework.beans.factory.support.AbstractBeanFactory.getBean(AbstractBeanFactory.java:200)
	at org.springframework.beans.factory.support.DefaultListableBeanFactory.preInstantiateSingletons(DefaultListableBeanFactory.java:975)
	at org.springframework.context.support.AbstractApplicationContext.finishBeanFactoryInitialization(AbstractApplicationContext.java:971)
	at org.springframework.context.support.AbstractApplicationContext.refresh(AbstractApplicationContext.java:625)
	at org.springframework.boot.SpringApplication.refresh(SpringApplication.java:754)
	at org.springframework.boot.SpringApplication.refreshContext(SpringApplication.java:456)
	at org.springframework.boot.SpringApplication.run(SpringApplication.java:335)
	at org.springframework.boot.test.context.SpringBootContextLoader.lambda$loadContext$3(SpringBootContextLoader.java:137)
	at org.springframework.util.function.ThrowingSupplier.get(ThrowingSupplier.java:58)
	at org.springframework.util.function.ThrowingSupplier.get(ThrowingSupplier.java:46)
	at org.springframework.boot.SpringApplication.withHook(SpringApplication.java:1463)
	at org.springframework.boot.test.context.SpringBootContextLoader$ContextLoaderHook.run(SpringBootContextLoader.java:553)
	at org.springframework.boot.test.context.SpringBootContextLoader.loadContext(SpringBootContextLoader.java:137)
	at org.springframework.boot.test.context.SpringBootContextLoader.loadContext(SpringBootContextLoader.java:108)
	at org.springframework.test.context.cache.DefaultCacheAwareContextLoaderDelegate.loadContextInternal(DefaultCacheAwareContextLoaderDelegate.java:225)
	at org.springframework.test.context.cache.DefaultCacheAwareContextLoaderDelegate.loadContext(DefaultCacheAwareContextLoaderDelegate.java:152)
	... 17 more
Caused by: org.springframework.beans.factory.UnsatisfiedDependencyException: Error creating bean with name 'com.tlq.rectagent.config.ModelAutoConfiguration': Unsatisfied dependency expressed through field 'chatModelPool': Error creating bean with name 'chatModelPool': Requested bean is currently in creation: Is there an unresolvable circular reference?
	at org.springframework.beans.factory.annotation.AutowiredAnnotationBeanPostProcessor$AutowiredFieldElement.resolveFieldValue(AutowiredAnnotationBeanPostProcessor.java:788)
	at org.springframework.beans.factory.annotation.AutowiredAnnotationBeanPostProcessor$AutowiredFieldElement.inject(AutowiredAnnotationBeanPostProcessor.java:768)
	at org.springframework.beans.factory.annotation.InjectionMetadata.inject(InjectionMetadata.java:145)
	at org.springframework.beans.factory.annotation.AutowiredAnnotationBeanPostProcessor.postProcessProperties(AutowiredAnnotationBeanPostProcessor.java:509)
	at org.springframework.beans.factory.support.AbstractAutowireCapableBeanFactory.populateBean(AbstractAutowireCapableBeanFactory.java:1439)
	at org.springframework.beans.factory.support.AbstractAutowireCapableBeanFactory.doCreateBean(AbstractAutowireCapableBeanFactory.java:599)
	at org.springframework.beans.factory.support.AbstractAutowireCapableBeanFactory.createBean(AbstractAutowireCapableBeanFactory.java:522)
	at org.springframework.beans.factory.support.AbstractBeanFactory.lambda$doGetBean$0(AbstractBeanFactory.java:337)
	at org.springframework.beans.factory.support.DefaultSingletonBeanRegistry.getSingleton(DefaultSingletonBeanRegistry.java:234)
	at org.springframework.beans.factory.support.AbstractBeanFactory.doGetBean(AbstractBeanFactory.java:335)
	at org.springframework.beans.factory.support.AbstractBeanFactory.getBean(AbstractBeanFactory.java:200)
	at org.springframework.beans.factory.support.ConstructorResolver.instantiateUsingFactoryMethod(ConstructorResolver.java:409)
	at org.springframework.beans.factory.support.AbstractAutowireCapableBeanFactory.instantiateUsingFactoryMethod(AbstractAutowireCapableBeanFactory.java:1355)
	at org.springframework.beans.factory.support.AbstractAutowireCapableBeanFactory.createBeanInstance(AbstractAutowireCapableBeanFactory.java:1185)
	at org.springframework.beans.factory.support.AbstractAutowireCapableBeanFactory.doCreateBean(AbstractAutowireCapableBeanFactory.java:562)
	at org.springframework.beans.factory.support.AbstractAutowireCapableBeanFactory.createBean(AbstractAutowireCapableBeanFactory.java:522)
	at org.springframework.beans.factory.support.AbstractBeanFactory.lambda$doGetBean$0(AbstractBeanFactory.java:337)
	at org.springframework.beans.factory.support.DefaultSingletonBeanRegistry.getSingleton(DefaultSingletonBeanRegistry.java:234)
	at org.springframework.beans.factory.support.AbstractBeanFactory.doGetBean(AbstractBeanFactory.java:335)
	at org.springframework.beans.factory.support.AbstractBeanFactory.getBean(AbstractBeanFactory.java:200)
	at org.springframework.beans.factory.config.DependencyDescriptor.resolveCandidate(DependencyDescriptor.java:254)
	at org.springframework.beans.factory.support.DefaultListableBeanFactory.doResolveDependency(DefaultListableBeanFactory.java:1443)
	at org.springframework.beans.factory.support.DefaultListableBeanFactory.resolveDependency(DefaultListableBeanFactory.java:1353)
	at org.springframework.beans.factory.annotation.AutowiredAnnotationBeanPostProcessor$AutowiredFieldElement.resolveFieldValue(AutowiredAnnotationBeanPostProcessor.java:785)
	... 42 more
Caused by: org.springframework.beans.factory.BeanCurrentlyInCreationException: Error creating bean with name 'chatModelPool': Requested bean is currently in creation: Is there an unresolvable circular reference?
	at org.springframework.beans.factory.support.DefaultSingletonBeanRegistry.beforeSingletonCreation(DefaultSingletonBeanRegistry.java:355)
	at org.springframework.beans.factory.support.DefaultSingletonBeanRegistry.getSingleton(DefaultSingletonBeanRegistry.java:227)
	at org.springframework.beans.factory.support.AbstractBeanFactory.doGetBean(AbstractBeanFactory.java:335)
	at org.springframework.beans.factory.support.AbstractBeanFactory.getBean(AbstractBeanFactory.java:200)
	at org.springframework.beans.factory.config.DependencyDescriptor.resolveCandidate(DependencyDescriptor.java:254)
	at org.springframework.beans.factory.support.DefaultListableBeanFactory.doResolveDependency(DefaultListableBeanFactory.java:1443)
	at org.springframework.beans.factory.support.DefaultListableBeanFactory.resolveDependency(DefaultListableBeanFactory.java:1353)
	at org.springframework.beans.factory.annotation.AutowiredAnnotationBeanPostProcessor$AutowiredFieldElement.resolveFieldValue(AutowiredAnnotationBeanPostProcessor.java:785)
	... 65 more

[INFO] Running com.tlq.rectagent.model.circuit.CircuitBreakerTest
2026-03-26 22:03:01.895 [main] [] WARN  c.t.r.model.circuit.CircuitBreaker - [CircuitBreaker] Model test-model transitioned: CLOSED -> OPEN
2026-03-26 22:03:02.054 [main] [] WARN  c.t.r.model.circuit.CircuitBreaker - [CircuitBreaker] Model test-model transitioned: OPEN -> HALF_OPEN
2026-03-26 22:03:02.065 [main] [] WARN  c.t.r.model.circuit.CircuitBreaker - [CircuitBreaker] Model test-model transitioned: HALF_OPEN -> OPEN
2026-03-26 22:03:02.072 [main] [] WARN  c.t.r.model.circuit.CircuitBreaker - [CircuitBreaker] Model test-model transitioned: CLOSED -> OPEN
2026-03-26 22:03:02.077 [main] [] WARN  c.t.r.model.circuit.CircuitBreaker - [CircuitBreaker] Model test-model transitioned: CLOSED -> OPEN
2026-03-26 22:03:02.232 [main] [] WARN  c.t.r.model.circuit.CircuitBreaker - [CircuitBreaker] Model test-model transitioned: OPEN -> HALF_OPEN
2026-03-26 22:03:02.237 [main] [] WARN  c.t.r.model.circuit.CircuitBreaker - [CircuitBreaker] Model test-model transitioned: CLOSED -> OPEN
2026-03-26 22:03:02.240 [main] [] WARN  c.t.r.model.circuit.CircuitBreaker - [CircuitBreaker] Model test-model transitioned: CLOSED -> OPEN
2026-03-26 22:03:02.394 [main] [] WARN  c.t.r.model.circuit.CircuitBreaker - [CircuitBreaker] Model test-model transitioned: OPEN -> HALF_OPEN
2026-03-26 22:03:02.394 [main] [] WARN  c.t.r.model.circuit.CircuitBreaker - [CircuitBreaker] Model test-model transitioned: HALF_OPEN -> CLOSED
[INFO] Tests run: 11, Failures: 0, Errors: 0, Skipped: 0, Time elapsed: 0.514 s -- in com.tlq.rectagent.model.circuit.CircuitBreakerTest
[INFO] Running com.tlq.rectagent.model.router.AgentModelRouterTest
2026-03-26 22:03:02.409 [main] [] INFO  c.t.r.model.router.AgentModelRouter - Default routing strategy changed to: capability
2026-03-26 22:03:02.412 [main] [] INFO  c.t.r.model.router.AgentModelRouter - Model fallback chains updated: {openai-gpt4o-mini=[openai-gpt4o, anthropic-haiku]}
2026-03-26 22:03:02.416 [main] [] INFO  c.t.r.model.router.AgentModelRouter - Agent model mapping updated: {intent_agent=openai-gpt4o-mini, analysis_agent=openai-gpt4o}
2026-03-26 22:03:02.421 [main] [] INFO  c.t.r.model.router.AgentModelRouter - Agent model mapping updated: {test=model}
[INFO] Tests run: 7, Failures: 0, Errors: 0, Skipped: 0, Time elapsed: 0.018 s -- in com.tlq.rectagent.model.router.AgentModelRouterTest
[INFO] Running com.tlq.rectagent.model.router.TrafficShiftingRouterTest
2026-03-26 22:03:02.432 [main] [] INFO  c.t.r.m.router.TrafficShiftingRouter - Traffic shifting enabled: true
2026-03-26 22:03:02.434 [main] [] INFO  c.t.r.m.router.TrafficShiftingRouter - Traffic shifting enabled: true
2026-03-26 22:03:02.440 [main] [] INFO  c.t.r.m.router.TrafficShiftingRouter - Registered traffic shifting rules for test_agent: [TrafficShiftingRule(agent=test_agent, model=model_a, percentage=50), TrafficShiftingRule(agent=test_agent, model=model_b, percentage=50)]
2026-03-26 22:03:02.443 [main] [] INFO  c.t.r.m.router.TrafficShiftingRouter - Traffic shifting enabled: true
2026-03-26 22:03:02.443 [main] [] INFO  c.t.r.m.router.TrafficShiftingRouter - Traffic shifting enabled: false
2026-03-26 22:03:02.445 [main] [] INFO  c.t.r.m.router.TrafficShiftingRouter - Traffic shifting enabled: true
2026-03-26 22:03:02.445 [main] [] INFO  c.t.r.m.router.TrafficShiftingRouter - Registered traffic shifting rules for test_agent: [TrafficShiftingRule(agent=test_agent, model=model_a, percentage=30), TrafficShiftingRule(agent=test_agent, model=model_b, percentage=70)]
2026-03-26 22:03:02.448 [main] [] INFO  c.t.r.m.router.TrafficShiftingRouter - Traffic shifting enabled: true
2026-03-26 22:03:02.451 [main] [] INFO  c.t.r.m.router.TrafficShiftingRouter - Traffic shifting enabled: true
2026-03-26 22:03:02.451 [main] [] INFO  c.t.r.m.router.TrafficShiftingRouter - Registered traffic shifting rules for agent1: [TrafficShiftingRule(agent=agent1, model=model1, percentage=100)]
2026-03-26 22:03:02.453 [main] [] INFO  c.t.r.m.router.TrafficShiftingRouter - Traffic shifting enabled: false
[INFO] Tests run: 7, Failures: 0, Errors: 0, Skipped: 0, Time elapsed: 0.023 s -- in com.tlq.rectagent.model.router.TrafficShiftingRouterTest
[INFO] Running com.tlq.rectagent.MultiAgentTest
2026-03-26 22:03:02.459 [main] [] INFO  o.s.t.c.s.AnnotationConfigContextLoaderUtils - Could not detect default configuration classes for test class [com.tlq.rectagent.MultiAgentTest]: MultiAgentTest does not declare any static, non-private, non-final, nested classes annotated with @Configuration.
2026-03-26 22:03:02.464 [main] [] INFO  o.s.b.t.c.SpringBootTestContextBootstrapper - Found @SpringBootConfiguration com.tlq.rectagent.RectAgentApplication for test class com.tlq.rectagent.MultiAgentTest
2026-03-26 22:03:02.467 [main] [] WARN  o.s.test.context.TestContextManager - Caught exception while allowing TestExecutionListener [org.springframework.test.context.web.ServletTestExecutionListener] to prepare test instance [com.tlq.rectagent.MultiAgentTest@5ac8916d]
java.lang.IllegalStateException: ApplicationContext failure threshold (1) exceeded: skipping repeated attempt to load context for [WebMergedContextConfiguration@56a6aadb testClass = com.tlq.rectagent.MultiAgentTest, locations = [], classes = [com.tlq.rectagent.RectAgentApplication], contextInitializerClasses = [], activeProfiles = [], propertySourceDescriptors = [], propertySourceProperties = ["org.springframework.boot.test.context.SpringBootTestContextBootstrapper=true"], contextCustomizers = [org.springframework.boot.test.context.filter.ExcludeFilterContextCustomizer@55493582, org.springframework.boot.test.json.DuplicateJsonObjectContextCustomizerFactory$DuplicateJsonObjectContextCustomizer@34158c08, org.springframework.boot.test.mock.mockito.MockitoContextCustomizer@0, org.springframework.boot.test.web.client.TestRestTemplateContextCustomizer@31dadd46, org.springframework.boot.test.web.reactive.server.WebTestClientContextCustomizer@10cf09e8, org.springframework.boot.test.web.reactor.netty.DisableReactorResourceFactoryGlobalResourcesContextCustomizerFactory$DisableReactorResourceFactoryGlobalResourcesContextCustomizerCustomizer@63787180, org.springframework.boot.test.autoconfigure.OnFailureConditionReportContextCustomizerFactory$OnFailureConditionReportContextCustomizer@2e1ef60, org.springframework.boot.test.autoconfigure.actuate.observability.ObservabilityContextCustomizerFactory$DisableObservabilityContextCustomizer@1f, org.springframework.boot.test.autoconfigure.properties.PropertyMappingContextCustomizer@0, org.springframework.boot.test.autoconfigure.web.servlet.WebDriverContextCustomizer@dbd8e44, org.springframework.boot.test.context.SpringBootTestAnnotation@9f6e4d8], resourceBasePath = "src/main/webapp", contextLoader = org.springframework.boot.test.context.SpringBootContextLoader, parent = null]
	at org.springframework.test.context.cache.DefaultCacheAwareContextLoaderDelegate.loadContext(DefaultCacheAwareContextLoaderDelegate.java:145)
	at org.springframework.test.context.support.DefaultTestContext.getApplicationContext(DefaultTestContext.java:130)
	at org.springframework.test.context.web.ServletTestExecutionListener.setUpRequestContextIfNecessary(ServletTestExecutionListener.java:191)
	at org.springframework.test.context.web.ServletTestExecutionListener.prepareTestInstance(ServletTestExecutionListener.java:130)
	at org.springframework.test.context.TestContextManager.prepareTestInstance(TestContextManager.java:260)
	at org.springframework.test.context.junit.jupiter.SpringExtension.postProcessTestInstance(SpringExtension.java:163)
	at org.junit.jupiter.engine.descriptor.ClassBasedTestDescriptor.lambda$invokeTestInstancePostProcessors$10(ClassBasedTestDescriptor.java:378)
	at org.junit.jupiter.engine.descriptor.ClassBasedTestDescriptor.executeAndMaskThrowable(ClassBasedTestDescriptor.java:383)
	at org.junit.jupiter.engine.descriptor.ClassBasedTestDescriptor.lambda$invokeTestInstancePostProcessors$11(ClassBasedTestDescriptor.java:378)
	at java.base/java.util.stream.ReferencePipeline$3$1.accept(ReferencePipeline.java:197)
	at java.base/java.util.stream.ReferencePipeline$2$1.accept(ReferencePipeline.java:179)
	at java.base/java.util.ArrayList$ArrayListSpliterator.forEachRemaining(ArrayList.java:1708)
	at java.base/java.util.stream.AbstractPipeline.copyInto(AbstractPipeline.java:509)
	at java.base/java.util.stream.AbstractPipeline.wrapAndCopyInto(AbstractPipeline.java:499)
	at java.base/java.util.stream.StreamSpliterators$WrappingSpliterator.forEachRemaining(StreamSpliterators.java:310)
	at java.base/java.util.stream.Streams$ConcatSpliterator.forEachRemaining(Streams.java:735)
	at java.base/java.util.stream.Streams$ConcatSpliterator.forEachRemaining(Streams.java:734)
	at java.base/java.util.stream.ReferencePipeline$Head.forEach(ReferencePipeline.java:762)
	at org.junit.jupiter.engine.descriptor.ClassBasedTestDescriptor.invokeTestInstancePostProcessors(ClassBasedTestDescriptor.java:377)
	at org.junit.jupiter.engine.descriptor.ClassBasedTestDescriptor.lambda$instantiateAndPostProcessTestInstance$6(ClassBasedTestDescriptor.java:290)
	at org.junit.platform.engine.support.hierarchical.ThrowableCollector.execute(ThrowableCollector.java:73)
	at org.junit.jupiter.engine.descriptor.ClassBasedTestDescriptor.instantiateAndPostProcessTestInstance(ClassBasedTestDescriptor.java:289)
	at org.junit.jupiter.engine.descriptor.ClassBasedTestDescriptor.lambda$testInstancesProvider$4(ClassBasedTestDescriptor.java:279)
	at java.base/java.util.Optional.orElseGet(Optional.java:364)
	at org.junit.jupiter.engine.descriptor.ClassBasedTestDescriptor.lambda$testInstancesProvider$5(ClassBasedTestDescriptor.java:278)
	at org.junit.jupiter.engine.execution.TestInstancesProvider.getTestInstances(TestInstancesProvider.java:31)
	at org.junit.jupiter.engine.descriptor.TestMethodTestDescriptor.lambda$prepare$0(TestMethodTestDescriptor.java:106)
	at org.junit.platform.engine.support.hierarchical.ThrowableCollector.execute(ThrowableCollector.java:73)
	at org.junit.jupiter.engine.descriptor.TestMethodTestDescriptor.prepare(TestMethodTestDescriptor.java:105)
	at org.junit.jupiter.engine.descriptor.TestMethodTestDescriptor.prepare(TestMethodTestDescriptor.java:69)
	at org.junit.platform.engine.support.hierarchical.NodeTestTask.lambda$prepare$2(NodeTestTask.java:128)
	at org.junit.platform.engine.support.hierarchical.ThrowableCollector.execute(ThrowableCollector.java:73)
	at org.junit.platform.engine.support.hierarchical.NodeTestTask.prepare(NodeTestTask.java:128)
	at org.junit.platform.engine.support.hierarchical.NodeTestTask.execute(NodeTestTask.java:95)
	at java.base/java.util.ArrayList.forEach(ArrayList.java:1596)
	at org.junit.platform.engine.support.hierarchical.SameThreadHierarchicalTestExecutorService.invokeAll(SameThreadHierarchicalTestExecutorService.java:41)
	at org.junit.platform.engine.support.hierarchical.NodeTestTask.lambda$executeRecursively$6(NodeTestTask.java:160)
	at org.junit.platform.engine.support.hierarchical.ThrowableCollector.execute(ThrowableCollector.java:73)
	at org.junit.platform.engine.support.hierarchical.NodeTestTask.lambda$executeRecursively$8(NodeTestTask.java:146)
	at org.junit.platform.engine.support.hierarchical.Node.around(Node.java:137)
	at org.junit.platform.engine.support.hierarchical.NodeTestTask.lambda$executeRecursively$9(NodeTestTask.java:144)
	at org.junit.platform.engine.support.hierarchical.ThrowableCollector.execute(ThrowableCollector.java:73)
	at org.junit.platform.engine.support.hierarchical.NodeTestTask.executeRecursively(NodeTestTask.java:143)
	at org.junit.platform.engine.support.hierarchical.NodeTestTask.execute(NodeTestTask.java:100)
	at java.base/java.util.ArrayList.forEach(ArrayList.java:1596)
	at org.junit.platform.engine.support.hierarchical.SameThreadHierarchicalTestExecutorService.invokeAll(SameThreadHierarchicalTestExecutorService.java:41)
	at org.junit.platform.engine.support.hierarchical.NodeTestTask.lambda$executeRecursively$6(NodeTestTask.java:160)
	at org.junit.platform.engine.support.hierarchical.ThrowableCollector.execute(ThrowableCollector.java:73)
	at org.junit.platform.engine.support.hierarchical.NodeTestTask.lambda$executeRecursively$8(NodeTestTask.java:146)
	at org.junit.platform.engine.support.hierarchical.Node.around(Node.java:137)
	at org.junit.platform.engine.support.hierarchical.NodeTestTask.lambda$executeRecursively$9(NodeTestTask.java:144)
	at org.junit.platform.engine.support.hierarchical.ThrowableCollector.execute(ThrowableCollector.java:73)
	at org.junit.platform.engine.support.hierarchical.NodeTestTask.executeRecursively(NodeTestTask.java:143)
	at org.junit.platform.engine.support.hierarchical.NodeTestTask.execute(NodeTestTask.java:100)
	at org.junit.platform.engine.support.hierarchical.SameThreadHierarchicalTestExecutorService.submit(SameThreadHierarchicalTestExecutorService.java:35)
	at org.junit.platform.engine.support.hierarchical.HierarchicalTestExecutor.execute(HierarchicalTestExecutor.java:57)
	at org.junit.platform.engine.support.hierarchical.HierarchicalTestEngine.execute(HierarchicalTestEngine.java:54)
	at org.junit.platform.launcher.core.EngineExecutionOrchestrator.execute(EngineExecutionOrchestrator.java:198)
	at org.junit.platform.launcher.core.EngineExecutionOrchestrator.execute(EngineExecutionOrchestrator.java:169)
	at org.junit.platform.launcher.core.EngineExecutionOrchestrator.execute(EngineExecutionOrchestrator.java:93)
	at org.junit.platform.launcher.core.EngineExecutionOrchestrator.lambda$execute$0(EngineExecutionOrchestrator.java:58)
	at org.junit.platform.launcher.core.EngineExecutionOrchestrator.withInterceptedStreams(EngineExecutionOrchestrator.java:141)
	at org.junit.platform.launcher.core.EngineExecutionOrchestrator.execute(EngineExecutionOrchestrator.java:57)
	at org.junit.platform.launcher.core.DefaultLauncher.execute(DefaultLauncher.java:103)
	at org.junit.platform.launcher.core.DefaultLauncher.execute(DefaultLauncher.java:85)
	at org.junit.platform.launcher.core.DelegatingLauncher.execute(DelegatingLauncher.java:47)
	at org.apache.maven.surefire.junitplatform.LazyLauncher.execute(LazyLauncher.java:56)
	at org.apache.maven.surefire.junitplatform.JUnitPlatformProvider.execute(JUnitPlatformProvider.java:184)
	at org.apache.maven.surefire.junitplatform.JUnitPlatformProvider.invokeAllTests(JUnitPlatformProvider.java:148)
	at org.apache.maven.surefire.junitplatform.JUnitPlatformProvider.invoke(JUnitPlatformProvider.java:122)
	at org.apache.maven.surefire.booter.ForkedBooter.runSuitesInProcess(ForkedBooter.java:385)
	at org.apache.maven.surefire.booter.ForkedBooter.execute(ForkedBooter.java:162)
	at org.apache.maven.surefire.booter.ForkedBooter.run(ForkedBooter.java:507)
	at org.apache.maven.surefire.booter.ForkedBooter.main(ForkedBooter.java:495)
2026-03-26 22:03:02.471 [main] [] WARN  o.s.test.context.TestContextManager - Caught exception while allowing TestExecutionListener [org.springframework.test.context.web.ServletTestExecutionListener] to prepare test instance [com.tlq.rectagent.MultiAgentTest@16a7af5d]
java.lang.IllegalStateException: ApplicationContext failure threshold (1) exceeded: skipping repeated attempt to load context for [WebMergedContextConfiguration@56a6aadb testClass = com.tlq.rectagent.MultiAgentTest, locations = [], classes = [com.tlq.rectagent.RectAgentApplication], contextInitializerClasses = [], activeProfiles = [], propertySourceDescriptors = [], propertySourceProperties = ["org.springframework.boot.test.context.SpringBootTestContextBootstrapper=true"], contextCustomizers = [org.springframework.boot.test.context.filter.ExcludeFilterContextCustomizer@55493582, org.springframework.boot.test.json.DuplicateJsonObjectContextCustomizerFactory$DuplicateJsonObjectContextCustomizer@34158c08, org.springframework.boot.test.mock.mockito.MockitoContextCustomizer@0, org.springframework.boot.test.web.client.TestRestTemplateContextCustomizer@31dadd46, org.springframework.boot.test.web.reactive.server.WebTestClientContextCustomizer@10cf09e8, org.springframework.boot.test.web.reactor.netty.DisableReactorResourceFactoryGlobalResourcesContextCustomizerFactory$DisableReactorResourceFactoryGlobalResourcesContextCustomizerCustomizer@63787180, org.springframework.boot.test.autoconfigure.OnFailureConditionReportContextCustomizerFactory$OnFailureConditionReportContextCustomizer@2e1ef60, org.springframework.boot.test.autoconfigure.actuate.observability.ObservabilityContextCustomizerFactory$DisableObservabilityContextCustomizer@1f, org.springframework.boot.test.autoconfigure.properties.PropertyMappingContextCustomizer@0, org.springframework.boot.test.autoconfigure.web.servlet.WebDriverContextCustomizer@dbd8e44, org.springframework.boot.test.context.SpringBootTestAnnotation@9f6e4d8], resourceBasePath = "src/main/webapp", contextLoader = org.springframework.boot.test.context.SpringBootContextLoader, parent = null]
	at org.springframework.test.context.cache.DefaultCacheAwareContextLoaderDelegate.loadContext(DefaultCacheAwareContextLoaderDelegate.java:145)
	at org.springframework.test.context.support.DefaultTestContext.getApplicationContext(DefaultTestContext.java:130)
	at org.springframework.test.context.web.ServletTestExecutionListener.setUpRequestContextIfNecessary(ServletTestExecutionListener.java:191)
	at org.springframework.test.context.web.ServletTestExecutionListener.prepareTestInstance(ServletTestExecutionListener.java:130)
	at org.springframework.test.context.TestContextManager.prepareTestInstance(TestContextManager.java:260)
	at org.springframework.test.context.junit.jupiter.SpringExtension.postProcessTestInstance(SpringExtension.java:163)
	at org.junit.jupiter.engine.descriptor.ClassBasedTestDescriptor.lambda$invokeTestInstancePostProcessors$10(ClassBasedTestDescriptor.java:378)
	at org.junit.jupiter.engine.descriptor.ClassBasedTestDescriptor.executeAndMaskThrowable(ClassBasedTestDescriptor.java:383)
	at org.junit.jupiter.engine.descriptor.ClassBasedTestDescriptor.lambda$invokeTestInstancePostProcessors$11(ClassBasedTestDescriptor.java:378)
	at java.base/java.util.stream.ReferencePipeline$3$1.accept(ReferencePipeline.java:197)
	at java.base/java.util.stream.ReferencePipeline$2$1.accept(ReferencePipeline.java:179)
	at java.base/java.util.ArrayList$ArrayListSpliterator.forEachRemaining(ArrayList.java:1708)
	at java.base/java.util.stream.AbstractPipeline.copyInto(AbstractPipeline.java:509)
	at java.base/java.util.stream.AbstractPipeline.wrapAndCopyInto(AbstractPipeline.java:499)
	at java.base/java.util.stream.StreamSpliterators$WrappingSpliterator.forEachRemaining(StreamSpliterators.java:310)
	at java.base/java.util.stream.Streams$ConcatSpliterator.forEachRemaining(Streams.java:735)
	at java.base/java.util.stream.Streams$ConcatSpliterator.forEachRemaining(Streams.java:734)
	at java.base/java.util.stream.ReferencePipeline$Head.forEach(ReferencePipeline.java:762)
	at org.junit.jupiter.engine.descriptor.ClassBasedTestDescriptor.invokeTestInstancePostProcessors(ClassBasedTestDescriptor.java:377)
	at org.junit.jupiter.engine.descriptor.ClassBasedTestDescriptor.lambda$instantiateAndPostProcessTestInstance$6(ClassBasedTestDescriptor.java:290)
	at org.junit.platform.engine.support.hierarchical.ThrowableCollector.execute(ThrowableCollector.java:73)
	at org.junit.jupiter.engine.descriptor.ClassBasedTestDescriptor.instantiateAndPostProcessTestInstance(ClassBasedTestDescriptor.java:289)
	at org.junit.jupiter.engine.descriptor.ClassBasedTestDescriptor.lambda$testInstancesProvider$4(ClassBasedTestDescriptor.java:279)
	at java.base/java.util.Optional.orElseGet(Optional.java:364)
	at org.junit.jupiter.engine.descriptor.ClassBasedTestDescriptor.lambda$testInstancesProvider$5(ClassBasedTestDescriptor.java:278)
	at org.junit.jupiter.engine.execution.TestInstancesProvider.getTestInstances(TestInstancesProvider.java:31)
	at org.junit.jupiter.engine.descriptor.TestMethodTestDescriptor.lambda$prepare$0(TestMethodTestDescriptor.java:106)
	at org.junit.platform.engine.support.hierarchical.ThrowableCollector.execute(ThrowableCollector.java:73)
	at org.junit.jupiter.engine.descriptor.TestMethodTestDescriptor.prepare(TestMethodTestDescriptor.java:105)
	at org.junit.jupiter.engine.descriptor.TestMethodTestDescriptor.prepare(TestMethodTestDescriptor.java:69)
	at org.junit.platform.engine.support.hierarchical.NodeTestTask.lambda$prepare$2(NodeTestTask.java:128)
	at org.junit.platform.engine.support.hierarchical.ThrowableCollector.execute(ThrowableCollector.java:73)
	at org.junit.platform.engine.support.hierarchical.NodeTestTask.prepare(NodeTestTask.java:128)
	at org.junit.platform.engine.support.hierarchical.NodeTestTask.execute(NodeTestTask.java:95)
	at java.base/java.util.ArrayList.forEach(ArrayList.java:1596)
	at org.junit.platform.engine.support.hierarchical.SameThreadHierarchicalTestExecutorService.invokeAll(SameThreadHierarchicalTestExecutorService.java:41)
	at org.junit.platform.engine.support.hierarchical.NodeTestTask.lambda$executeRecursively$6(NodeTestTask.java:160)
	at org.junit.platform.engine.support.hierarchical.ThrowableCollector.execute(ThrowableCollector.java:73)
	at org.junit.platform.engine.support.hierarchical.NodeTestTask.lambda$executeRecursively$8(NodeTestTask.java:146)
	at org.junit.platform.engine.support.hierarchical.Node.around(Node.java:137)
	at org.junit.platform.engine.support.hierarchical.NodeTestTask.lambda$executeRecursively$9(NodeTestTask.java:144)
	at org.junit.platform.engine.support.hierarchical.ThrowableCollector.execute(ThrowableCollector.java:73)
	at org.junit.platform.engine.support.hierarchical.NodeTestTask.executeRecursively(NodeTestTask.java:143)
	at org.junit.platform.engine.support.hierarchical.NodeTestTask.execute(NodeTestTask.java:100)
	at java.base/java.util.ArrayList.forEach(ArrayList.java:1596)
	at org.junit.platform.engine.support.hierarchical.SameThreadHierarchicalTestExecutorService.invokeAll(SameThreadHierarchicalTestExecutorService.java:41)
	at org.junit.platform.engine.support.hierarchical.NodeTestTask.lambda$executeRecursively$6(NodeTestTask.java:160)
	at org.junit.platform.engine.support.hierarchical.ThrowableCollector.execute(ThrowableCollector.java:73)
	at org.junit.platform.engine.support.hierarchical.NodeTestTask.lambda$executeRecursively$8(NodeTestTask.java:146)
	at org.junit.platform.engine.support.hierarchical.Node.around(Node.java:137)
	at org.junit.platform.engine.support.hierarchical.NodeTestTask.lambda$executeRecursively$9(NodeTestTask.java:144)
	at org.junit.platform.engine.support.hierarchical.ThrowableCollector.execute(ThrowableCollector.java:73)
	at org.junit.platform.engine.support.hierarchical.NodeTestTask.executeRecursively(NodeTestTask.java:143)
	at org.junit.platform.engine.support.hierarchical.NodeTestTask.execute(NodeTestTask.java:100)
	at org.junit.platform.engine.support.hierarchical.SameThreadHierarchicalTestExecutorService.submit(SameThreadHierarchicalTestExecutorService.java:35)
	at org.junit.platform.engine.support.hierarchical.HierarchicalTestExecutor.execute(HierarchicalTestExecutor.java:57)
	at org.junit.platform.engine.support.hierarchical.HierarchicalTestEngine.execute(HierarchicalTestEngine.java:54)
	at org.junit.platform.launcher.core.EngineExecutionOrchestrator.execute(EngineExecutionOrchestrator.java:198)
	at org.junit.platform.launcher.core.EngineExecutionOrchestrator.execute(EngineExecutionOrchestrator.java:169)
	at org.junit.platform.launcher.core.EngineExecutionOrchestrator.execute(EngineExecutionOrchestrator.java:93)
	at org.junit.platform.launcher.core.EngineExecutionOrchestrator.lambda$execute$0(EngineExecutionOrchestrator.java:58)
	at org.junit.platform.launcher.core.EngineExecutionOrchestrator.withInterceptedStreams(EngineExecutionOrchestrator.java:141)
	at org.junit.platform.launcher.core.EngineExecutionOrchestrator.execute(EngineExecutionOrchestrator.java:57)
	at org.junit.platform.launcher.core.DefaultLauncher.execute(DefaultLauncher.java:103)
	at org.junit.platform.launcher.core.DefaultLauncher.execute(DefaultLauncher.java:85)
	at org.junit.platform.launcher.core.DelegatingLauncher.execute(DelegatingLauncher.java:47)
	at org.apache.maven.surefire.junitplatform.LazyLauncher.execute(LazyLauncher.java:56)
	at org.apache.maven.surefire.junitplatform.JUnitPlatformProvider.execute(JUnitPlatformProvider.java:184)
	at org.apache.maven.surefire.junitplatform.JUnitPlatformProvider.invokeAllTests(JUnitPlatformProvider.java:148)
	at org.apache.maven.surefire.junitplatform.JUnitPlatformProvider.invoke(JUnitPlatformProvider.java:122)
	at org.apache.maven.surefire.booter.ForkedBooter.runSuitesInProcess(ForkedBooter.java:385)
	at org.apache.maven.surefire.booter.ForkedBooter.execute(ForkedBooter.java:162)
	at org.apache.maven.surefire.booter.ForkedBooter.run(ForkedBooter.java:507)
	at org.apache.maven.surefire.booter.ForkedBooter.main(ForkedBooter.java:495)
2026-03-26 22:03:02.474 [main] [] WARN  o.s.test.context.TestContextManager - Caught exception while allowing TestExecutionListener [org.springframework.test.context.web.ServletTestExecutionListener] to prepare test instance [com.tlq.rectagent.MultiAgentTest@3e2ee637]
java.lang.IllegalStateException: ApplicationContext failure threshold (1) exceeded: skipping repeated attempt to load context for [WebMergedContextConfiguration@56a6aadb testClass = com.tlq.rectagent.MultiAgentTest, locations = [], classes = [com.tlq.rectagent.RectAgentApplication], contextInitializerClasses = [], activeProfiles = [], propertySourceDescriptors = [], propertySourceProperties = ["org.springframework.boot.test.context.SpringBootTestContextBootstrapper=true"], contextCustomizers = [org.springframework.boot.test.context.filter.ExcludeFilterContextCustomizer@55493582, org.springframework.boot.test.json.DuplicateJsonObjectContextCustomizerFactory$DuplicateJsonObjectContextCustomizer@34158c08, org.springframework.boot.test.mock.mockito.MockitoContextCustomizer@0, org.springframework.boot.test.web.client.TestRestTemplateContextCustomizer@31dadd46, org.springframework.boot.test.web.reactive.server.WebTestClientContextCustomizer@10cf09e8, org.springframework.boot.test.web.reactor.netty.DisableReactorResourceFactoryGlobalResourcesContextCustomizerFactory$DisableReactorResourceFactoryGlobalResourcesContextCustomizerCustomizer@63787180, org.springframework.boot.test.autoconfigure.OnFailureConditionReportContextCustomizerFactory$OnFailureConditionReportContextCustomizer@2e1ef60, org.springframework.boot.test.autoconfigure.actuate.observability.ObservabilityContextCustomizerFactory$DisableObservabilityContextCustomizer@1f, org.springframework.boot.test.autoconfigure.properties.PropertyMappingContextCustomizer@0, org.springframework.boot.test.autoconfigure.web.servlet.WebDriverContextCustomizer@dbd8e44, org.springframework.boot.test.context.SpringBootTestAnnotation@9f6e4d8], resourceBasePath = "src/main/webapp", contextLoader = org.springframework.boot.test.context.SpringBootContextLoader, parent = null]
	at org.springframework.test.context.cache.DefaultCacheAwareContextLoaderDelegate.loadContext(DefaultCacheAwareContextLoaderDelegate.java:145)
	at org.springframework.test.context.support.DefaultTestContext.getApplicationContext(DefaultTestContext.java:130)
	at org.springframework.test.context.web.ServletTestExecutionListener.setUpRequestContextIfNecessary(ServletTestExecutionListener.java:191)
	at org.springframework.test.context.web.ServletTestExecutionListener.prepareTestInstance(ServletTestExecutionListener.java:130)
	at org.springframework.test.context.TestContextManager.prepareTestInstance(TestContextManager.java:260)
	at org.springframework.test.context.junit.jupiter.SpringExtension.postProcessTestInstance(SpringExtension.java:163)
	at org.junit.jupiter.engine.descriptor.ClassBasedTestDescriptor.lambda$invokeTestInstancePostProcessors$10(ClassBasedTestDescriptor.java:378)
	at org.junit.jupiter.engine.descriptor.ClassBasedTestDescriptor.executeAndMaskThrowable(ClassBasedTestDescriptor.java:383)
	at org.junit.jupiter.engine.descriptor.ClassBasedTestDescriptor.lambda$invokeTestInstancePostProcessors$11(ClassBasedTestDescriptor.java:378)
	at java.base/java.util.stream.ReferencePipeline$3$1.accept(ReferencePipeline.java:197)
	at java.base/java.util.stream.ReferencePipeline$2$1.accept(ReferencePipeline.java:179)
	at java.base/java.util.ArrayList$ArrayListSpliterator.forEachRemaining(ArrayList.java:1708)
	at java.base/java.util.stream.AbstractPipeline.copyInto(AbstractPipeline.java:509)
	at java.base/java.util.stream.AbstractPipeline.wrapAndCopyInto(AbstractPipeline.java:499)
	at java.base/java.util.stream.StreamSpliterators$WrappingSpliterator.forEachRemaining(StreamSpliterators.java:310)
	at java.base/java.util.stream.Streams$ConcatSpliterator.forEachRemaining(Streams.java:735)
	at java.base/java.util.stream.Streams$ConcatSpliterator.forEachRemaining(Streams.java:734)
	at java.base/java.util.stream.ReferencePipeline$Head.forEach(ReferencePipeline.java:762)
	at org.junit.jupiter.engine.descriptor.ClassBasedTestDescriptor.invokeTestInstancePostProcessors(ClassBasedTestDescriptor.java:377)
	at org.junit.jupiter.engine.descriptor.ClassBasedTestDescriptor.lambda$instantiateAndPostProcessTestInstance$6(ClassBasedTestDescriptor.java:290)
	at org.junit.platform.engine.support.hierarchical.ThrowableCollector.execute(ThrowableCollector.java:73)
	at org.junit.jupiter.engine.descriptor.ClassBasedTestDescriptor.instantiateAndPostProcessTestInstance(ClassBasedTestDescriptor.java:289)
	at org.junit.jupiter.engine.descriptor.ClassBasedTestDescriptor.lambda$testInstancesProvider$4(ClassBasedTestDescriptor.java:279)
	at java.base/java.util.Optional.orElseGet(Optional.java:364)
	at org.junit.jupiter.engine.descriptor.ClassBasedTestDescriptor.lambda$testInstancesProvider$5(ClassBasedTestDescriptor.java:278)
	at org.junit.jupiter.engine.execution.TestInstancesProvider.getTestInstances(TestInstancesProvider.java:31)
	at org.junit.jupiter.engine.descriptor.TestMethodTestDescriptor.lambda$prepare$0(TestMethodTestDescriptor.java:106)
	at org.junit.platform.engine.support.hierarchical.ThrowableCollector.execute(ThrowableCollector.java:73)
	at org.junit.jupiter.engine.descriptor.TestMethodTestDescriptor.prepare(TestMethodTestDescriptor.java:105)
	at org.junit.jupiter.engine.descriptor.TestMethodTestDescriptor.prepare(TestMethodTestDescriptor.java:69)
	at org.junit.platform.engine.support.hierarchical.NodeTestTask.lambda$prepare$2(NodeTestTask.java:128)
	at org.junit.platform.engine.support.hierarchical.ThrowableCollector.execute(ThrowableCollector.java:73)
	at org.junit.platform.engine.support.hierarchical.NodeTestTask.prepare(NodeTestTask.java:128)
	at org.junit.platform.engine.support.hierarchical.NodeTestTask.execute(NodeTestTask.java:95)
	at java.base/java.util.ArrayList.forEach(ArrayList.java:1596)
	at org.junit.platform.engine.support.hierarchical.SameThreadHierarchicalTestExecutorService.invokeAll(SameThreadHierarchicalTestExecutorService.java:41)
	at org.junit.platform.engine.support.hierarchical.NodeTestTask.lambda$executeRecursively$6(NodeTestTask.java:160)
	at org.junit.platform.engine.support.hierarchical.ThrowableCollector.execute(ThrowableCollector.java:73)
	at org.junit.platform.engine.support.hierarchical.NodeTestTask.lambda$executeRecursively$8(NodeTestTask.java:146)
	at org.junit.platform.engine.support.hierarchical.Node.around(Node.java:137)
	at org.junit.platform.engine.support.hierarchical.NodeTestTask.lambda$executeRecursively$9(NodeTestTask.java:144)
	at org.junit.platform.engine.support.hierarchical.ThrowableCollector.execute(ThrowableCollector.java:73)
	at org.junit.platform.engine.support.hierarchical.NodeTestTask.executeRecursively(NodeTestTask.java:143)
	at org.junit.platform.engine.support.hierarchical.NodeTestTask.execute(NodeTestTask.java:100)
	at java.base/java.util.ArrayList.forEach(ArrayList.java:1596)
	at org.junit.platform.engine.support.hierarchical.SameThreadHierarchicalTestExecutorService.invokeAll(SameThreadHierarchicalTestExecutorService.java:41)
	at org.junit.platform.engine.support.hierarchical.NodeTestTask.lambda$executeRecursively$6(NodeTestTask.java:160)
	at org.junit.platform.engine.support.hierarchical.ThrowableCollector.execute(ThrowableCollector.java:73)
	at org.junit.platform.engine.support.hierarchical.NodeTestTask.lambda$executeRecursively$8(NodeTestTask.java:146)
	at org.junit.platform.engine.support.hierarchical.Node.around(Node.java:137)
	at org.junit.platform.engine.support.hierarchical.NodeTestTask.lambda$executeRecursively$9(NodeTestTask.java:144)
	at org.junit.platform.engine.support.hierarchical.ThrowableCollector.execute(ThrowableCollector.java:73)
	at org.junit.platform.engine.support.hierarchical.NodeTestTask.executeRecursively(NodeTestTask.java:143)
	at org.junit.platform.engine.support.hierarchical.NodeTestTask.execute(NodeTestTask.java:100)
	at org.junit.platform.engine.support.hierarchical.SameThreadHierarchicalTestExecutorService.submit(SameThreadHierarchicalTestExecutorService.java:35)
	at org.junit.platform.engine.support.hierarchical.HierarchicalTestExecutor.execute(HierarchicalTestExecutor.java:57)
	at org.junit.platform.engine.support.hierarchical.HierarchicalTestEngine.execute(HierarchicalTestEngine.java:54)
	at org.junit.platform.launcher.core.EngineExecutionOrchestrator.execute(EngineExecutionOrchestrator.java:198)
	at org.junit.platform.launcher.core.EngineExecutionOrchestrator.execute(EngineExecutionOrchestrator.java:169)
	at org.junit.platform.launcher.core.EngineExecutionOrchestrator.execute(EngineExecutionOrchestrator.java:93)
	at org.junit.platform.launcher.core.EngineExecutionOrchestrator.lambda$execute$0(EngineExecutionOrchestrator.java:58)
	at org.junit.platform.launcher.core.EngineExecutionOrchestrator.withInterceptedStreams(EngineExecutionOrchestrator.java:141)
	at org.junit.platform.launcher.core.EngineExecutionOrchestrator.execute(EngineExecutionOrchestrator.java:57)
	at org.junit.platform.launcher.core.DefaultLauncher.execute(DefaultLauncher.java:103)
	at org.junit.platform.launcher.core.DefaultLauncher.execute(DefaultLauncher.java:85)
	at org.junit.platform.launcher.core.DelegatingLauncher.execute(DelegatingLauncher.java:47)
	at org.apache.maven.surefire.junitplatform.LazyLauncher.execute(LazyLauncher.java:56)
	at org.apache.maven.surefire.junitplatform.JUnitPlatformProvider.execute(JUnitPlatformProvider.java:184)
	at org.apache.maven.surefire.junitplatform.JUnitPlatformProvider.invokeAllTests(JUnitPlatformProvider.java:148)
	at org.apache.maven.surefire.junitplatform.JUnitPlatformProvider.invoke(JUnitPlatformProvider.java:122)
	at org.apache.maven.surefire.booter.ForkedBooter.runSuitesInProcess(ForkedBooter.java:385)
	at org.apache.maven.surefire.booter.ForkedBooter.execute(ForkedBooter.java:162)
	at org.apache.maven.surefire.booter.ForkedBooter.run(ForkedBooter.java:507)
	at org.apache.maven.surefire.booter.ForkedBooter.main(ForkedBooter.java:495)
2026-03-26 22:03:02.477 [main] [] WARN  o.s.test.context.TestContextManager - Caught exception while allowing TestExecutionListener [org.springframework.test.context.web.ServletTestExecutionListener] to prepare test instance [com.tlq.rectagent.MultiAgentTest@492e9e87]
java.lang.IllegalStateException: ApplicationContext failure threshold (1) exceeded: skipping repeated attempt to load context for [WebMergedContextConfiguration@56a6aadb testClass = com.tlq.rectagent.MultiAgentTest, locations = [], classes = [com.tlq.rectagent.RectAgentApplication], contextInitializerClasses = [], activeProfiles = [], propertySourceDescriptors = [], propertySourceProperties = ["org.springframework.boot.test.context.SpringBootTestContextBootstrapper=true"], contextCustomizers = [org.springframework.boot.test.context.filter.ExcludeFilterContextCustomizer@55493582, org.springframework.boot.test.json.DuplicateJsonObjectContextCustomizerFactory$DuplicateJsonObjectContextCustomizer@34158c08, org.springframework.boot.test.mock.mockito.MockitoContextCustomizer@0, org.springframework.boot.test.web.client.TestRestTemplateContextCustomizer@31dadd46, org.springframework.boot.test.web.reactive.server.WebTestClientContextCustomizer@10cf09e8, org.springframework.boot.test.web.reactor.netty.DisableReactorResourceFactoryGlobalResourcesContextCustomizerFactory$DisableReactorResourceFactoryGlobalResourcesContextCustomizerCustomizer@63787180, org.springframework.boot.test.autoconfigure.OnFailureConditionReportContextCustomizerFactory$OnFailureConditionReportContextCustomizer@2e1ef60, org.springframework.boot.test.autoconfigure.actuate.observability.ObservabilityContextCustomizerFactory$DisableObservabilityContextCustomizer@1f, org.springframework.boot.test.autoconfigure.properties.PropertyMappingContextCustomizer@0, org.springframework.boot.test.autoconfigure.web.servlet.WebDriverContextCustomizer@dbd8e44, org.springframework.boot.test.context.SpringBootTestAnnotation@9f6e4d8], resourceBasePath = "src/main/webapp", contextLoader = org.springframework.boot.test.context.SpringBootContextLoader, parent = null]
	at org.springframework.test.context.cache.DefaultCacheAwareContextLoaderDelegate.loadContext(DefaultCacheAwareContextLoaderDelegate.java:145)
	at org.springframework.test.context.support.DefaultTestContext.getApplicationContext(DefaultTestContext.java:130)
	at org.springframework.test.context.web.ServletTestExecutionListener.setUpRequestContextIfNecessary(ServletTestExecutionListener.java:191)
	at org.springframework.test.context.web.ServletTestExecutionListener.prepareTestInstance(ServletTestExecutionListener.java:130)
	at org.springframework.test.context.TestContextManager.prepareTestInstance(TestContextManager.java:260)
	at org.springframework.test.context.junit.jupiter.SpringExtension.postProcessTestInstance(SpringExtension.java:163)
	at org.junit.jupiter.engine.descriptor.ClassBasedTestDescriptor.lambda$invokeTestInstancePostProcessors$10(ClassBasedTestDescriptor.java:378)
	at org.junit.jupiter.engine.descriptor.ClassBasedTestDescriptor.executeAndMaskThrowable(ClassBasedTestDescriptor.java:383)
	at org.junit.jupiter.engine.descriptor.ClassBasedTestDescriptor.lambda$invokeTestInstancePostProcessors$11(ClassBasedTestDescriptor.java:378)
	at java.base/java.util.stream.ReferencePipeline$3$1.accept(ReferencePipeline.java:197)
	at java.base/java.util.stream.ReferencePipeline$2$1.accept(ReferencePipeline.java:179)
	at java.base/java.util.ArrayList$ArrayListSpliterator.forEachRemaining(ArrayList.java:1708)
	at java.base/java.util.stream.AbstractPipeline.copyInto(AbstractPipeline.java:509)
	at java.base/java.util.stream.AbstractPipeline.wrapAndCopyInto(AbstractPipeline.java:499)
	at java.base/java.util.stream.StreamSpliterators$WrappingSpliterator.forEachRemaining(StreamSpliterators.java:310)
	at java.base/java.util.stream.Streams$ConcatSpliterator.forEachRemaining(Streams.java:735)
	at java.base/java.util.stream.Streams$ConcatSpliterator.forEachRemaining(Streams.java:734)
	at java.base/java.util.stream.ReferencePipeline$Head.forEach(ReferencePipeline.java:762)
	at org.junit.jupiter.engine.descriptor.ClassBasedTestDescriptor.invokeTestInstancePostProcessors(ClassBasedTestDescriptor.java:377)
	at org.junit.jupiter.engine.descriptor.ClassBasedTestDescriptor.lambda$instantiateAndPostProcessTestInstance$6(ClassBasedTestDescriptor.java:290)
	at org.junit.platform.engine.support.hierarchical.ThrowableCollector.execute(ThrowableCollector.java:73)
	at org.junit.jupiter.engine.descriptor.ClassBasedTestDescriptor.instantiateAndPostProcessTestInstance(ClassBasedTestDescriptor.java:289)
	at org.junit.jupiter.engine.descriptor.ClassBasedTestDescriptor.lambda$testInstancesProvider$4(ClassBasedTestDescriptor.java:279)
	at java.base/java.util.Optional.orElseGet(Optional.java:364)
	at org.junit.jupiter.engine.descriptor.ClassBasedTestDescriptor.lambda$testInstancesProvider$5(ClassBasedTestDescriptor.java:278)
	at org.junit.jupiter.engine.execution.TestInstancesProvider.getTestInstances(TestInstancesProvider.java:31)
	at org.junit.jupiter.engine.descriptor.TestMethodTestDescriptor.lambda$prepare$0(TestMethodTestDescriptor.java:106)
	at org.junit.platform.engine.support.hierarchical.ThrowableCollector.execute(ThrowableCollector.java:73)
	at org.junit.jupiter.engine.descriptor.TestMethodTestDescriptor.prepare(TestMethodTestDescriptor.java:105)
	at org.junit.jupiter.engine.descriptor.TestMethodTestDescriptor.prepare(TestMethodTestDescriptor.java:69)
	at org.junit.platform.engine.support.hierarchical.NodeTestTask.lambda$prepare$2(NodeTestTask.java:128)
	at org.junit.platform.engine.support.hierarchical.ThrowableCollector.execute(ThrowableCollector.java:73)
	at org.junit.platform.engine.support.hierarchical.NodeTestTask.prepare(NodeTestTask.java:128)
	at org.junit.platform.engine.support.hierarchical.NodeTestTask.execute(NodeTestTask.java:95)
	at java.base/java.util.ArrayList.forEach(ArrayList.java:1596)
	at org.junit.platform.engine.support.hierarchical.SameThreadHierarchicalTestExecutorService.invokeAll(SameThreadHierarchicalTestExecutorService.java:41)
	at org.junit.platform.engine.support.hierarchical.NodeTestTask.lambda$executeRecursively$6(NodeTestTask.java:160)
	at org.junit.platform.engine.support.hierarchical.ThrowableCollector.execute(ThrowableCollector.java:73)
	at org.junit.platform.engine.support.hierarchical.NodeTestTask.lambda$executeRecursively$8(NodeTestTask.java:146)
	at org.junit.platform.engine.support.hierarchical.Node.around(Node.java:137)
	at org.junit.platform.engine.support.hierarchical.NodeTestTask.lambda$executeRecursively$9(NodeTestTask.java:144)
	at org.junit.platform.engine.support.hierarchical.ThrowableCollector.execute(ThrowableCollector.java:73)
	at org.junit.platform.engine.support.hierarchical.NodeTestTask.executeRecursively(NodeTestTask.java:143)
	at org.junit.platform.engine.support.hierarchical.NodeTestTask.execute(NodeTestTask.java:100)
	at java.base/java.util.ArrayList.forEach(ArrayList.java:1596)
	at org.junit.platform.engine.support.hierarchical.SameThreadHierarchicalTestExecutorService.invokeAll(SameThreadHierarchicalTestExecutorService.java:41)
	at org.junit.platform.engine.support.hierarchical.NodeTestTask.lambda$executeRecursively$6(NodeTestTask.java:160)
	at org.junit.platform.engine.support.hierarchical.ThrowableCollector.execute(ThrowableCollector.java:73)
	at org.junit.platform.engine.support.hierarchical.NodeTestTask.lambda$executeRecursively$8(NodeTestTask.java:146)
	at org.junit.platform.engine.support.hierarchical.Node.around(Node.java:137)
	at org.junit.platform.engine.support.hierarchical.NodeTestTask.lambda$executeRecursively$9(NodeTestTask.java:144)
	at org.junit.platform.engine.support.hierarchical.ThrowableCollector.execute(ThrowableCollector.java:73)
	at org.junit.platform.engine.support.hierarchical.NodeTestTask.executeRecursively(NodeTestTask.java:143)
	at org.junit.platform.engine.support.hierarchical.NodeTestTask.execute(NodeTestTask.java:100)
	at org.junit.platform.engine.support.hierarchical.SameThreadHierarchicalTestExecutorService.submit(SameThreadHierarchicalTestExecutorService.java:35)
	at org.junit.platform.engine.support.hierarchical.HierarchicalTestExecutor.execute(HierarchicalTestExecutor.java:57)
	at org.junit.platform.engine.support.hierarchical.HierarchicalTestEngine.execute(HierarchicalTestEngine.java:54)
	at org.junit.platform.launcher.core.EngineExecutionOrchestrator.execute(EngineExecutionOrchestrator.java:198)
	at org.junit.platform.launcher.core.EngineExecutionOrchestrator.execute(EngineExecutionOrchestrator.java:169)
	at org.junit.platform.launcher.core.EngineExecutionOrchestrator.execute(EngineExecutionOrchestrator.java:93)
	at org.junit.platform.launcher.core.EngineExecutionOrchestrator.lambda$execute$0(EngineExecutionOrchestrator.java:58)
	at org.junit.platform.launcher.core.EngineExecutionOrchestrator.withInterceptedStreams(EngineExecutionOrchestrator.java:141)
	at org.junit.platform.launcher.core.EngineExecutionOrchestrator.execute(EngineExecutionOrchestrator.java:57)
	at org.junit.platform.launcher.core.DefaultLauncher.execute(DefaultLauncher.java:103)
	at org.junit.platform.launcher.core.DefaultLauncher.execute(DefaultLauncher.java:85)
	at org.junit.platform.launcher.core.DelegatingLauncher.execute(DelegatingLauncher.java:47)
	at org.apache.maven.surefire.junitplatform.LazyLauncher.execute(LazyLauncher.java:56)
	at org.apache.maven.surefire.junitplatform.JUnitPlatformProvider.execute(JUnitPlatformProvider.java:184)
	at org.apache.maven.surefire.junitplatform.JUnitPlatformProvider.invokeAllTests(JUnitPlatformProvider.java:148)
	at org.apache.maven.surefire.junitplatform.JUnitPlatformProvider.invoke(JUnitPlatformProvider.java:122)
	at org.apache.maven.surefire.booter.ForkedBooter.runSuitesInProcess(ForkedBooter.java:385)
	at org.apache.maven.surefire.booter.ForkedBooter.execute(ForkedBooter.java:162)
	at org.apache.maven.surefire.booter.ForkedBooter.run(ForkedBooter.java:507)
	at org.apache.maven.surefire.booter.ForkedBooter.main(ForkedBooter.java:495)
[ERROR] Tests run: 4, Failures: 0, Errors: 4, Skipped: 0, Time elapsed: 0.025 s <<< FAILURE! -- in com.tlq.rectagent.MultiAgentTest
[ERROR] com.tlq.rectagent.MultiAgentTest.testIntentRecognition -- Time elapsed: 0 s <<< ERROR!
java.lang.IllegalStateException: ApplicationContext failure threshold (1) exceeded: skipping repeated attempt to load context for [WebMergedContextConfiguration@56a6aadb testClass = com.tlq.rectagent.MultiAgentTest, locations = [], classes = [com.tlq.rectagent.RectAgentApplication], contextInitializerClasses = [], activeProfiles = [], propertySourceDescriptors = [], propertySourceProperties = ["org.springframework.boot.test.context.SpringBootTestContextBootstrapper=true"], contextCustomizers = [org.springframework.boot.test.context.filter.ExcludeFilterContextCustomizer@55493582, org.springframework.boot.test.json.DuplicateJsonObjectContextCustomizerFactory$DuplicateJsonObjectContextCustomizer@34158c08, org.springframework.boot.test.mock.mockito.MockitoContextCustomizer@0, org.springframework.boot.test.web.client.TestRestTemplateContextCustomizer@31dadd46, org.springframework.boot.test.web.reactive.server.WebTestClientContextCustomizer@10cf09e8, org.springframework.boot.test.web.reactor.netty.DisableReactorResourceFactoryGlobalResourcesContextCustomizerFactory$DisableReactorResourceFactoryGlobalResourcesContextCustomizerCustomizer@63787180, org.springframework.boot.test.autoconfigure.OnFailureConditionReportContextCustomizerFactory$OnFailureConditionReportContextCustomizer@2e1ef60, org.springframework.boot.test.autoconfigure.actuate.observability.ObservabilityContextCustomizerFactory$DisableObservabilityContextCustomizer@1f, org.springframework.boot.test.autoconfigure.properties.PropertyMappingContextCustomizer@0, org.springframework.boot.test.autoconfigure.web.servlet.WebDriverContextCustomizer@dbd8e44, org.springframework.boot.test.context.SpringBootTestAnnotation@9f6e4d8], resourceBasePath = "src/main/webapp", contextLoader = org.springframework.boot.test.context.SpringBootContextLoader, parent = null]
	at org.springframework.test.context.cache.DefaultCacheAwareContextLoaderDelegate.loadContext(DefaultCacheAwareContextLoaderDelegate.java:145)
	at org.springframework.test.context.support.DefaultTestContext.getApplicationContext(DefaultTestContext.java:130)
	at org.springframework.test.context.web.ServletTestExecutionListener.setUpRequestContextIfNecessary(ServletTestExecutionListener.java:191)
	at org.springframework.test.context.web.ServletTestExecutionListener.prepareTestInstance(ServletTestExecutionListener.java:130)
	at org.springframework.test.context.TestContextManager.prepareTestInstance(TestContextManager.java:260)
	at org.springframework.test.context.junit.jupiter.SpringExtension.postProcessTestInstance(SpringExtension.java:163)
	at java.base/java.util.stream.ReferencePipeline$3$1.accept(ReferencePipeline.java:197)
	at java.base/java.util.stream.ReferencePipeline$2$1.accept(ReferencePipeline.java:179)
	at java.base/java.util.ArrayList$ArrayListSpliterator.forEachRemaining(ArrayList.java:1708)
	at java.base/java.util.stream.AbstractPipeline.copyInto(AbstractPipeline.java:509)
	at java.base/java.util.stream.AbstractPipeline.wrapAndCopyInto(AbstractPipeline.java:499)
	at java.base/java.util.stream.StreamSpliterators$WrappingSpliterator.forEachRemaining(StreamSpliterators.java:310)
	at java.base/java.util.stream.Streams$ConcatSpliterator.forEachRemaining(Streams.java:735)
	at java.base/java.util.stream.Streams$ConcatSpliterator.forEachRemaining(Streams.java:734)
	at java.base/java.util.stream.ReferencePipeline$Head.forEach(ReferencePipeline.java:762)
	at java.base/java.util.Optional.orElseGet(Optional.java:364)
	at java.base/java.util.ArrayList.forEach(ArrayList.java:1596)
	at java.base/java.util.ArrayList.forEach(ArrayList.java:1596)

[ERROR] com.tlq.rectagent.MultiAgentTest.testCoordinatorAgent -- Time elapsed: 0 s <<< ERROR!
java.lang.IllegalStateException: ApplicationContext failure threshold (1) exceeded: skipping repeated attempt to load context for [WebMergedContextConfiguration@56a6aadb testClass = com.tlq.rectagent.MultiAgentTest, locations = [], classes = [com.tlq.rectagent.RectAgentApplication], contextInitializerClasses = [], activeProfiles = [], propertySourceDescriptors = [], propertySourceProperties = ["org.springframework.boot.test.context.SpringBootTestContextBootstrapper=true"], contextCustomizers = [org.springframework.boot.test.context.filter.ExcludeFilterContextCustomizer@55493582, org.springframework.boot.test.json.DuplicateJsonObjectContextCustomizerFactory$DuplicateJsonObjectContextCustomizer@34158c08, org.springframework.boot.test.mock.mockito.MockitoContextCustomizer@0, org.springframework.boot.test.web.client.TestRestTemplateContextCustomizer@31dadd46, org.springframework.boot.test.web.reactive.server.WebTestClientContextCustomizer@10cf09e8, org.springframework.boot.test.web.reactor.netty.DisableReactorResourceFactoryGlobalResourcesContextCustomizerFactory$DisableReactorResourceFactoryGlobalResourcesContextCustomizerCustomizer@63787180, org.springframework.boot.test.autoconfigure.OnFailureConditionReportContextCustomizerFactory$OnFailureConditionReportContextCustomizer@2e1ef60, org.springframework.boot.test.autoconfigure.actuate.observability.ObservabilityContextCustomizerFactory$DisableObservabilityContextCustomizer@1f, org.springframework.boot.test.autoconfigure.properties.PropertyMappingContextCustomizer@0, org.springframework.boot.test.autoconfigure.web.servlet.WebDriverContextCustomizer@dbd8e44, org.springframework.boot.test.context.SpringBootTestAnnotation@9f6e4d8], resourceBasePath = "src/main/webapp", contextLoader = org.springframework.boot.test.context.SpringBootContextLoader, parent = null]
	at org.springframework.test.context.cache.DefaultCacheAwareContextLoaderDelegate.loadContext(DefaultCacheAwareContextLoaderDelegate.java:145)
	at org.springframework.test.context.support.DefaultTestContext.getApplicationContext(DefaultTestContext.java:130)
	at org.springframework.test.context.web.ServletTestExecutionListener.setUpRequestContextIfNecessary(ServletTestExecutionListener.java:191)
	at org.springframework.test.context.web.ServletTestExecutionListener.prepareTestInstance(ServletTestExecutionListener.java:130)
	at org.springframework.test.context.TestContextManager.prepareTestInstance(TestContextManager.java:260)
	at org.springframework.test.context.junit.jupiter.SpringExtension.postProcessTestInstance(SpringExtension.java:163)
	at java.base/java.util.stream.ReferencePipeline$3$1.accept(ReferencePipeline.java:197)
	at java.base/java.util.stream.ReferencePipeline$2$1.accept(ReferencePipeline.java:179)
	at java.base/java.util.ArrayList$ArrayListSpliterator.forEachRemaining(ArrayList.java:1708)
	at java.base/java.util.stream.AbstractPipeline.copyInto(AbstractPipeline.java:509)
	at java.base/java.util.stream.AbstractPipeline.wrapAndCopyInto(AbstractPipeline.java:499)
	at java.base/java.util.stream.StreamSpliterators$WrappingSpliterator.forEachRemaining(StreamSpliterators.java:310)
	at java.base/java.util.stream.Streams$ConcatSpliterator.forEachRemaining(Streams.java:735)
	at java.base/java.util.stream.Streams$ConcatSpliterator.forEachRemaining(Streams.java:734)
	at java.base/java.util.stream.ReferencePipeline$Head.forEach(ReferencePipeline.java:762)
	at java.base/java.util.Optional.orElseGet(Optional.java:364)
	at java.base/java.util.ArrayList.forEach(ArrayList.java:1596)
	at java.base/java.util.ArrayList.forEach(ArrayList.java:1596)

[ERROR] com.tlq.rectagent.MultiAgentTest.testDataAnalysis -- Time elapsed: 0 s <<< ERROR!
java.lang.IllegalStateException: ApplicationContext failure threshold (1) exceeded: skipping repeated attempt to load context for [WebMergedContextConfiguration@56a6aadb testClass = com.tlq.rectagent.MultiAgentTest, locations = [], classes = [com.tlq.rectagent.RectAgentApplication], contextInitializerClasses = [], activeProfiles = [], propertySourceDescriptors = [], propertySourceProperties = ["org.springframework.boot.test.context.SpringBootTestContextBootstrapper=true"], contextCustomizers = [org.springframework.boot.test.context.filter.ExcludeFilterContextCustomizer@55493582, org.springframework.boot.test.json.DuplicateJsonObjectContextCustomizerFactory$DuplicateJsonObjectContextCustomizer@34158c08, org.springframework.boot.test.mock.mockito.MockitoContextCustomizer@0, org.springframework.boot.test.web.client.TestRestTemplateContextCustomizer@31dadd46, org.springframework.boot.test.web.reactive.server.WebTestClientContextCustomizer@10cf09e8, org.springframework.boot.test.web.reactor.netty.DisableReactorResourceFactoryGlobalResourcesContextCustomizerFactory$DisableReactorResourceFactoryGlobalResourcesContextCustomizerCustomizer@63787180, org.springframework.boot.test.autoconfigure.OnFailureConditionReportContextCustomizerFactory$OnFailureConditionReportContextCustomizer@2e1ef60, org.springframework.boot.test.autoconfigure.actuate.observability.ObservabilityContextCustomizerFactory$DisableObservabilityContextCustomizer@1f, org.springframework.boot.test.autoconfigure.properties.PropertyMappingContextCustomizer@0, org.springframework.boot.test.autoconfigure.web.servlet.WebDriverContextCustomizer@dbd8e44, org.springframework.boot.test.context.SpringBootTestAnnotation@9f6e4d8], resourceBasePath = "src/main/webapp", contextLoader = org.springframework.boot.test.context.SpringBootContextLoader, parent = null]
	at org.springframework.test.context.cache.DefaultCacheAwareContextLoaderDelegate.loadContext(DefaultCacheAwareContextLoaderDelegate.java:145)
	at org.springframework.test.context.support.DefaultTestContext.getApplicationContext(DefaultTestContext.java:130)
	at org.springframework.test.context.web.ServletTestExecutionListener.setUpRequestContextIfNecessary(ServletTestExecutionListener.java:191)
	at org.springframework.test.context.web.ServletTestExecutionListener.prepareTestInstance(ServletTestExecutionListener.java:130)
	at org.springframework.test.context.TestContextManager.prepareTestInstance(TestContextManager.java:260)
	at org.springframework.test.context.junit.jupiter.SpringExtension.postProcessTestInstance(SpringExtension.java:163)
	at java.base/java.util.stream.ReferencePipeline$3$1.accept(ReferencePipeline.java:197)
	at java.base/java.util.stream.ReferencePipeline$2$1.accept(ReferencePipeline.java:179)
	at java.base/java.util.ArrayList$ArrayListSpliterator.forEachRemaining(ArrayList.java:1708)
	at java.base/java.util.stream.AbstractPipeline.copyInto(AbstractPipeline.java:509)
	at java.base/java.util.stream.AbstractPipeline.wrapAndCopyInto(AbstractPipeline.java:499)
	at java.base/java.util.stream.StreamSpliterators$WrappingSpliterator.forEachRemaining(StreamSpliterators.java:310)
	at java.base/java.util.stream.Streams$ConcatSpliterator.forEachRemaining(Streams.java:735)
	at java.base/java.util.stream.Streams$ConcatSpliterator.forEachRemaining(Streams.java:734)
	at java.base/java.util.stream.ReferencePipeline$Head.forEach(ReferencePipeline.java:762)
	at java.base/java.util.Optional.orElseGet(Optional.java:364)
	at java.base/java.util.ArrayList.forEach(ArrayList.java:1596)
	at java.base/java.util.ArrayList.forEach(ArrayList.java:1596)

[ERROR] com.tlq.rectagent.MultiAgentTest.testAgentScheduler -- Time elapsed: 0 s <<< ERROR!
java.lang.IllegalStateException: ApplicationContext failure threshold (1) exceeded: skipping repeated attempt to load context for [WebMergedContextConfiguration@56a6aadb testClass = com.tlq.rectagent.MultiAgentTest, locations = [], classes = [com.tlq.rectagent.RectAgentApplication], contextInitializerClasses = [], activeProfiles = [], propertySourceDescriptors = [], propertySourceProperties = ["org.springframework.boot.test.context.SpringBootTestContextBootstrapper=true"], contextCustomizers = [org.springframework.boot.test.context.filter.ExcludeFilterContextCustomizer@55493582, org.springframework.boot.test.json.DuplicateJsonObjectContextCustomizerFactory$DuplicateJsonObjectContextCustomizer@34158c08, org.springframework.boot.test.mock.mockito.MockitoContextCustomizer@0, org.springframework.boot.test.web.client.TestRestTemplateContextCustomizer@31dadd46, org.springframework.boot.test.web.reactive.server.WebTestClientContextCustomizer@10cf09e8, org.springframework.boot.test.web.reactor.netty.DisableReactorResourceFactoryGlobalResourcesContextCustomizerFactory$DisableReactorResourceFactoryGlobalResourcesContextCustomizerCustomizer@63787180, org.springframework.boot.test.autoconfigure.OnFailureConditionReportContextCustomizerFactory$OnFailureConditionReportContextCustomizer@2e1ef60, org.springframework.boot.test.autoconfigure.actuate.observability.ObservabilityContextCustomizerFactory$DisableObservabilityContextCustomizer@1f, org.springframework.boot.test.autoconfigure.properties.PropertyMappingContextCustomizer@0, org.springframework.boot.test.autoconfigure.web.servlet.WebDriverContextCustomizer@dbd8e44, org.springframework.boot.test.context.SpringBootTestAnnotation@9f6e4d8], resourceBasePath = "src/main/webapp", contextLoader = org.springframework.boot.test.context.SpringBootContextLoader, parent = null]
	at org.springframework.test.context.cache.DefaultCacheAwareContextLoaderDelegate.loadContext(DefaultCacheAwareContextLoaderDelegate.java:145)
	at org.springframework.test.context.support.DefaultTestContext.getApplicationContext(DefaultTestContext.java:130)
	at org.springframework.test.context.web.ServletTestExecutionListener.setUpRequestContextIfNecessary(ServletTestExecutionListener.java:191)
	at org.springframework.test.context.web.ServletTestExecutionListener.prepareTestInstance(ServletTestExecutionListener.java:130)
	at org.springframework.test.context.TestContextManager.prepareTestInstance(TestContextManager.java:260)
	at org.springframework.test.context.junit.jupiter.SpringExtension.postProcessTestInstance(SpringExtension.java:163)
	at java.base/java.util.stream.ReferencePipeline$3$1.accept(ReferencePipeline.java:197)
	at java.base/java.util.stream.ReferencePipeline$2$1.accept(ReferencePipeline.java:179)
	at java.base/java.util.ArrayList$ArrayListSpliterator.forEachRemaining(ArrayList.java:1708)
	at java.base/java.util.stream.AbstractPipeline.copyInto(AbstractPipeline.java:509)
	at java.base/java.util.stream.AbstractPipeline.wrapAndCopyInto(AbstractPipeline.java:499)
	at java.base/java.util.stream.StreamSpliterators$WrappingSpliterator.forEachRemaining(StreamSpliterators.java:310)
	at java.base/java.util.stream.Streams$ConcatSpliterator.forEachRemaining(Streams.java:735)
	at java.base/java.util.stream.Streams$ConcatSpliterator.forEachRemaining(Streams.java:734)
	at java.base/java.util.stream.ReferencePipeline$Head.forEach(ReferencePipeline.java:762)
	at java.base/java.util.Optional.orElseGet(Optional.java:364)
	at java.base/java.util.ArrayList.forEach(ArrayList.java:1596)
	at java.base/java.util.ArrayList.forEach(ArrayList.java:1596)

[INFO] Running com.tlq.rectagent.RectAgentApplicationTests
2026-03-26 22:03:02.490 [main] [] INFO  o.s.t.c.s.AnnotationConfigContextLoaderUtils - Could not detect default configuration classes for test class [com.tlq.rectagent.RectAgentApplicationTests]: RectAgentApplicationTests does not declare any static, non-private, non-final, nested classes annotated with @Configuration.
2026-03-26 22:03:02.492 [main] [] INFO  o.s.b.t.c.SpringBootTestContextBootstrapper - Found @SpringBootConfiguration com.tlq.rectagent.RectAgentApplication for test class com.tlq.rectagent.RectAgentApplicationTests
2026-03-26 22:03:02.495 [main] [] WARN  o.s.test.context.TestContextManager - Caught exception while allowing TestExecutionListener [org.springframework.test.context.web.ServletTestExecutionListener] to prepare test instance [com.tlq.rectagent.RectAgentApplicationTests@4c7d19bf]
java.lang.IllegalStateException: ApplicationContext failure threshold (1) exceeded: skipping repeated attempt to load context for [WebMergedContextConfiguration@776b7fa2 testClass = com.tlq.rectagent.RectAgentApplicationTests, locations = [], classes = [com.tlq.rectagent.RectAgentApplication], contextInitializerClasses = [], activeProfiles = [], propertySourceDescriptors = [], propertySourceProperties = ["org.springframework.boot.test.context.SpringBootTestContextBootstrapper=true"], contextCustomizers = [org.springframework.boot.test.context.filter.ExcludeFilterContextCustomizer@55493582, org.springframework.boot.test.json.DuplicateJsonObjectContextCustomizerFactory$DuplicateJsonObjectContextCustomizer@34158c08, org.springframework.boot.test.mock.mockito.MockitoContextCustomizer@0, org.springframework.boot.test.web.client.TestRestTemplateContextCustomizer@31dadd46, org.springframework.boot.test.web.reactive.server.WebTestClientContextCustomizer@10cf09e8, org.springframework.boot.test.web.reactor.netty.DisableReactorResourceFactoryGlobalResourcesContextCustomizerFactory$DisableReactorResourceFactoryGlobalResourcesContextCustomizerCustomizer@63787180, org.springframework.boot.test.autoconfigure.OnFailureConditionReportContextCustomizerFactory$OnFailureConditionReportContextCustomizer@2e1ef60, org.springframework.boot.test.autoconfigure.actuate.observability.ObservabilityContextCustomizerFactory$DisableObservabilityContextCustomizer@1f, org.springframework.boot.test.autoconfigure.properties.PropertyMappingContextCustomizer@0, org.springframework.boot.test.autoconfigure.web.servlet.WebDriverContextCustomizer@dbd8e44, org.springframework.boot.test.context.SpringBootTestAnnotation@9f6e4d8], resourceBasePath = "src/main/webapp", contextLoader = org.springframework.boot.test.context.SpringBootContextLoader, parent = null]
	at org.springframework.test.context.cache.DefaultCacheAwareContextLoaderDelegate.loadContext(DefaultCacheAwareContextLoaderDelegate.java:145)
	at org.springframework.test.context.support.DefaultTestContext.getApplicationContext(DefaultTestContext.java:130)
	at org.springframework.test.context.web.ServletTestExecutionListener.setUpRequestContextIfNecessary(ServletTestExecutionListener.java:191)
	at org.springframework.test.context.web.ServletTestExecutionListener.prepareTestInstance(ServletTestExecutionListener.java:130)
	at org.springframework.test.context.TestContextManager.prepareTestInstance(TestContextManager.java:260)
	at org.springframework.test.context.junit.jupiter.SpringExtension.postProcessTestInstance(SpringExtension.java:163)
	at org.junit.jupiter.engine.descriptor.ClassBasedTestDescriptor.lambda$invokeTestInstancePostProcessors$10(ClassBasedTestDescriptor.java:378)
	at org.junit.jupiter.engine.descriptor.ClassBasedTestDescriptor.executeAndMaskThrowable(ClassBasedTestDescriptor.java:383)
	at org.junit.jupiter.engine.descriptor.ClassBasedTestDescriptor.lambda$invokeTestInstancePostProcessors$11(ClassBasedTestDescriptor.java:378)
	at java.base/java.util.stream.ReferencePipeline$3$1.accept(ReferencePipeline.java:197)
	at java.base/java.util.stream.ReferencePipeline$2$1.accept(ReferencePipeline.java:179)
	at java.base/java.util.ArrayList$ArrayListSpliterator.forEachRemaining(ArrayList.java:1708)
	at java.base/java.util.stream.AbstractPipeline.copyInto(AbstractPipeline.java:509)
	at java.base/java.util.stream.AbstractPipeline.wrapAndCopyInto(AbstractPipeline.java:499)
	at java.base/java.util.stream.StreamSpliterators$WrappingSpliterator.forEachRemaining(StreamSpliterators.java:310)
	at java.base/java.util.stream.Streams$ConcatSpliterator.forEachRemaining(Streams.java:735)
	at java.base/java.util.stream.Streams$ConcatSpliterator.forEachRemaining(Streams.java:734)
	at java.base/java.util.stream.ReferencePipeline$Head.forEach(ReferencePipeline.java:762)
	at org.junit.jupiter.engine.descriptor.ClassBasedTestDescriptor.invokeTestInstancePostProcessors(ClassBasedTestDescriptor.java:377)
	at org.junit.jupiter.engine.descriptor.ClassBasedTestDescriptor.lambda$instantiateAndPostProcessTestInstance$6(ClassBasedTestDescriptor.java:290)
	at org.junit.platform.engine.support.hierarchical.ThrowableCollector.execute(ThrowableCollector.java:73)
	at org.junit.jupiter.engine.descriptor.ClassBasedTestDescriptor.instantiateAndPostProcessTestInstance(ClassBasedTestDescriptor.java:289)
	at org.junit.jupiter.engine.descriptor.ClassBasedTestDescriptor.lambda$testInstancesProvider$4(ClassBasedTestDescriptor.java:279)
	at java.base/java.util.Optional.orElseGet(Optional.java:364)
	at org.junit.jupiter.engine.descriptor.ClassBasedTestDescriptor.lambda$testInstancesProvider$5(ClassBasedTestDescriptor.java:278)
	at org.junit.jupiter.engine.execution.TestInstancesProvider.getTestInstances(TestInstancesProvider.java:31)
	at org.junit.jupiter.engine.descriptor.TestMethodTestDescriptor.lambda$prepare$0(TestMethodTestDescriptor.java:106)
	at org.junit.platform.engine.support.hierarchical.ThrowableCollector.execute(ThrowableCollector.java:73)
	at org.junit.jupiter.engine.descriptor.TestMethodTestDescriptor.prepare(TestMethodTestDescriptor.java:105)
	at org.junit.jupiter.engine.descriptor.TestMethodTestDescriptor.prepare(TestMethodTestDescriptor.java:69)
	at org.junit.platform.engine.support.hierarchical.NodeTestTask.lambda$prepare$2(NodeTestTask.java:128)
	at org.junit.platform.engine.support.hierarchical.ThrowableCollector.execute(ThrowableCollector.java:73)
	at org.junit.platform.engine.support.hierarchical.NodeTestTask.prepare(NodeTestTask.java:128)
	at org.junit.platform.engine.support.hierarchical.NodeTestTask.execute(NodeTestTask.java:95)
	at java.base/java.util.ArrayList.forEach(ArrayList.java:1596)
	at org.junit.platform.engine.support.hierarchical.SameThreadHierarchicalTestExecutorService.invokeAll(SameThreadHierarchicalTestExecutorService.java:41)
	at org.junit.platform.engine.support.hierarchical.NodeTestTask.lambda$executeRecursively$6(NodeTestTask.java:160)
	at org.junit.platform.engine.support.hierarchical.ThrowableCollector.execute(ThrowableCollector.java:73)
	at org.junit.platform.engine.support.hierarchical.NodeTestTask.lambda$executeRecursively$8(NodeTestTask.java:146)
	at org.junit.platform.engine.support.hierarchical.Node.around(Node.java:137)
	at org.junit.platform.engine.support.hierarchical.NodeTestTask.lambda$executeRecursively$9(NodeTestTask.java:144)
	at org.junit.platform.engine.support.hierarchical.ThrowableCollector.execute(ThrowableCollector.java:73)
	at org.junit.platform.engine.support.hierarchical.NodeTestTask.executeRecursively(NodeTestTask.java:143)
	at org.junit.platform.engine.support.hierarchical.NodeTestTask.execute(NodeTestTask.java:100)
	at java.base/java.util.ArrayList.forEach(ArrayList.java:1596)
	at org.junit.platform.engine.support.hierarchical.SameThreadHierarchicalTestExecutorService.invokeAll(SameThreadHierarchicalTestExecutorService.java:41)
	at org.junit.platform.engine.support.hierarchical.NodeTestTask.lambda$executeRecursively$6(NodeTestTask.java:160)
	at org.junit.platform.engine.support.hierarchical.ThrowableCollector.execute(ThrowableCollector.java:73)
	at org.junit.platform.engine.support.hierarchical.NodeTestTask.lambda$executeRecursively$8(NodeTestTask.java:146)
	at org.junit.platform.engine.support.hierarchical.Node.around(Node.java:137)
	at org.junit.platform.engine.support.hierarchical.NodeTestTask.lambda$executeRecursively$9(NodeTestTask.java:144)
	at org.junit.platform.engine.support.hierarchical.ThrowableCollector.execute(ThrowableCollector.java:73)
	at org.junit.platform.engine.support.hierarchical.NodeTestTask.executeRecursively(NodeTestTask.java:143)
	at org.junit.platform.engine.support.hierarchical.NodeTestTask.execute(NodeTestTask.java:100)
	at org.junit.platform.engine.support.hierarchical.SameThreadHierarchicalTestExecutorService.submit(SameThreadHierarchicalTestExecutorService.java:35)
	at org.junit.platform.engine.support.hierarchical.HierarchicalTestExecutor.execute(HierarchicalTestExecutor.java:57)
	at org.junit.platform.engine.support.hierarchical.HierarchicalTestEngine.execute(HierarchicalTestEngine.java:54)
	at org.junit.platform.launcher.core.EngineExecutionOrchestrator.execute(EngineExecutionOrchestrator.java:198)
	at org.junit.platform.launcher.core.EngineExecutionOrchestrator.execute(EngineExecutionOrchestrator.java:169)
	at org.junit.platform.launcher.core.EngineExecutionOrchestrator.execute(EngineExecutionOrchestrator.java:93)
	at org.junit.platform.launcher.core.EngineExecutionOrchestrator.lambda$execute$0(EngineExecutionOrchestrator.java:58)
	at org.junit.platform.launcher.core.EngineExecutionOrchestrator.withInterceptedStreams(EngineExecutionOrchestrator.java:141)
	at org.junit.platform.launcher.core.EngineExecutionOrchestrator.execute(EngineExecutionOrchestrator.java:57)
	at org.junit.platform.launcher.core.DefaultLauncher.execute(DefaultLauncher.java:103)
	at org.junit.platform.launcher.core.DefaultLauncher.execute(DefaultLauncher.java:85)
	at org.junit.platform.launcher.core.DelegatingLauncher.execute(DelegatingLauncher.java:47)
	at org.apache.maven.surefire.junitplatform.LazyLauncher.execute(LazyLauncher.java:56)
	at org.apache.maven.surefire.junitplatform.JUnitPlatformProvider.execute(JUnitPlatformProvider.java:184)
	at org.apache.maven.surefire.junitplatform.JUnitPlatformProvider.invokeAllTests(JUnitPlatformProvider.java:148)
	at org.apache.maven.surefire.junitplatform.JUnitPlatformProvider.invoke(JUnitPlatformProvider.java:122)
	at org.apache.maven.surefire.booter.ForkedBooter.runSuitesInProcess(ForkedBooter.java:385)
	at org.apache.maven.surefire.booter.ForkedBooter.execute(ForkedBooter.java:162)
	at org.apache.maven.surefire.booter.ForkedBooter.run(ForkedBooter.java:507)
	at org.apache.maven.surefire.booter.ForkedBooter.main(ForkedBooter.java:495)
[ERROR] Tests run: 1, Failures: 0, Errors: 1, Skipped: 0, Time elapsed: 0.016 s <<< FAILURE! -- in com.tlq.rectagent.RectAgentApplicationTests
[ERROR] com.tlq.rectagent.RectAgentApplicationTests.contextLoads -- Time elapsed: 0 s <<< ERROR!
java.lang.IllegalStateException: ApplicationContext failure threshold (1) exceeded: skipping repeated attempt to load context for [WebMergedContextConfiguration@776b7fa2 testClass = com.tlq.rectagent.RectAgentApplicationTests, locations = [], classes = [com.tlq.rectagent.RectAgentApplication], contextInitializerClasses = [], activeProfiles = [], propertySourceDescriptors = [], propertySourceProperties = ["org.springframework.boot.test.context.SpringBootTestContextBootstrapper=true"], contextCustomizers = [org.springframework.boot.test.context.filter.ExcludeFilterContextCustomizer@55493582, org.springframework.boot.test.json.DuplicateJsonObjectContextCustomizerFactory$DuplicateJsonObjectContextCustomizer@34158c08, org.springframework.boot.test.mock.mockito.MockitoContextCustomizer@0, org.springframework.boot.test.web.client.TestRestTemplateContextCustomizer@31dadd46, org.springframework.boot.test.web.reactive.server.WebTestClientContextCustomizer@10cf09e8, org.springframework.boot.test.web.reactor.netty.DisableReactorResourceFactoryGlobalResourcesContextCustomizerFactory$DisableReactorResourceFactoryGlobalResourcesContextCustomizerCustomizer@63787180, org.springframework.boot.test.autoconfigure.OnFailureConditionReportContextCustomizerFactory$OnFailureConditionReportContextCustomizer@2e1ef60, org.springframework.boot.test.autoconfigure.actuate.observability.ObservabilityContextCustomizerFactory$DisableObservabilityContextCustomizer@1f, org.springframework.boot.test.autoconfigure.properties.PropertyMappingContextCustomizer@0, org.springframework.boot.test.autoconfigure.web.servlet.WebDriverContextCustomizer@dbd8e44, org.springframework.boot.test.context.SpringBootTestAnnotation@9f6e4d8], resourceBasePath = "src/main/webapp", contextLoader = org.springframework.boot.test.context.SpringBootContextLoader, parent = null]
	at org.springframework.test.context.cache.DefaultCacheAwareContextLoaderDelegate.loadContext(DefaultCacheAwareContextLoaderDelegate.java:145)
	at org.springframework.test.context.support.DefaultTestContext.getApplicationContext(DefaultTestContext.java:130)
	at org.springframework.test.context.web.ServletTestExecutionListener.setUpRequestContextIfNecessary(ServletTestExecutionListener.java:191)
	at org.springframework.test.context.web.ServletTestExecutionListener.prepareTestInstance(ServletTestExecutionListener.java:130)
	at org.springframework.test.context.TestContextManager.prepareTestInstance(TestContextManager.java:260)
	at org.springframework.test.context.junit.jupiter.SpringExtension.postProcessTestInstance(SpringExtension.java:163)
	at java.base/java.util.stream.ReferencePipeline$3$1.accept(ReferencePipeline.java:197)
	at java.base/java.util.stream.ReferencePipeline$2$1.accept(ReferencePipeline.java:179)
	at java.base/java.util.ArrayList$ArrayListSpliterator.forEachRemaining(ArrayList.java:1708)
	at java.base/java.util.stream.AbstractPipeline.copyInto(AbstractPipeline.java:509)
	at java.base/java.util.stream.AbstractPipeline.wrapAndCopyInto(AbstractPipeline.java:499)
	at java.base/java.util.stream.StreamSpliterators$WrappingSpliterator.forEachRemaining(StreamSpliterators.java:310)
	at java.base/java.util.stream.Streams$ConcatSpliterator.forEachRemaining(Streams.java:735)
	at java.base/java.util.stream.Streams$ConcatSpliterator.forEachRemaining(Streams.java:734)
	at java.base/java.util.stream.ReferencePipeline$Head.forEach(ReferencePipeline.java:762)
	at java.base/java.util.Optional.orElseGet(Optional.java:364)
	at java.base/java.util.ArrayList.forEach(ArrayList.java:1596)
	at java.base/java.util.ArrayList.forEach(ArrayList.java:1596)

[INFO] Running com.tlq.rectagent.scheduler.CoordinatorAgentTest
2026-03-26 22:03:02.502 [main] [] INFO  o.s.t.c.s.AnnotationConfigContextLoaderUtils - Could not detect default configuration classes for test class [com.tlq.rectagent.scheduler.CoordinatorAgentTest]: CoordinatorAgentTest does not declare any static, non-private, non-final, nested classes annotated with @Configuration.
2026-03-26 22:03:02.552 [main] [] INFO  o.s.b.t.c.SpringBootTestContextBootstrapper - Found @SpringBootConfiguration com.tlq.rectagent.RectAgentApplication for test class com.tlq.rectagent.scheduler.CoordinatorAgentTest
22:03:02,625 |-INFO in ch.qos.logback.core.joran.util.ConfigurationWatchListUtil@74075134 - Adding [jar:file:/D:/software/maven/.m2/repository/org/springframework/boot/spring-boot/3.3.5/spring-boot-3.3.5.jar!/org/springframework/boot/logging/logback/defaults.xml] to configuration watch list.
22:03:02,625 |-INFO in ConfigurationWatchList(mainURL=file:/D:/project/ai/java/rct-agent/rect-agent-core/target/classes/logback-spring.xml, fileWatchList={D:\project\ai\java\rct-agent\rect-agent-core\target\classes\logback-spring.xml}, urlWatchList=[}) - Cannot watch [jar:file:/D:/software/maven/.m2/repository/org/springframework/boot/spring-boot/3.3.5/spring-boot-3.3.5.jar!/org/springframework/boot/logging/logback/defaults.xml] as its protocol is not one of file, http or https.
22:03:02,626 |-INFO in ch.qos.logback.core.model.processor.ConversionRuleModelHandler - registering conversion word applicationName with class [org.springframework.boot.logging.logback.ApplicationNameConverter]
22:03:02,626 |-INFO in ch.qos.logback.core.model.processor.ConversionRuleModelHandler - registering conversion word clr with class [org.springframework.boot.logging.logback.ColorConverter]
22:03:02,626 |-INFO in ch.qos.logback.core.model.processor.ConversionRuleModelHandler - registering conversion word correlationId with class [org.springframework.boot.logging.logback.CorrelationIdConverter]
22:03:02,626 |-INFO in ch.qos.logback.core.model.processor.ConversionRuleModelHandler - registering conversion word wex with class [org.springframework.boot.logging.logback.WhitespaceThrowableProxyConverter]
22:03:02,626 |-INFO in ch.qos.logback.core.model.processor.ConversionRuleModelHandler - registering conversion word wEx with class [org.springframework.boot.logging.logback.ExtendedWhitespaceThrowableProxyConverter]
22:03:02,626 |-INFO in ch.qos.logback.core.model.processor.ModelInterpretationContext@73ccdfc1 - value "%clr(%d{yyyy-MM-dd'T'HH:mm:ss.SSSXXX}){faint} %clr(%5p) %clr(26256){magenta} %clr(---){faint} %clr(%applicationName[%15.15t]){faint} %clr(){faint}%clr(%-40.40logger{39}){cyan} %clr(:){faint} %m%n%wEx" substituted for "${CONSOLE_LOG_PATTERN:-%clr(%d{${LOG_DATEFORMAT_PATTERN:-yyyy-MM-dd'T'HH:mm:ss.SSSXXX}}){faint} %clr(${LOG_LEVEL_PATTERN:-%5p}) %clr(${PID:- }){magenta} %clr(---){faint} %clr(%applicationName[%15.15t]){faint} %clr(${LOG_CORRELATION_PATTERN:-}){faint}%clr(%-40.40logger{39}){cyan} %clr(:){faint} %m%n${LOG_EXCEPTION_CONVERSION_WORD:-%wEx}}"
22:03:02,626 |-INFO in ch.qos.logback.core.model.processor.ModelInterpretationContext@73ccdfc1 - value "UTF-8" substituted for "${CONSOLE_LOG_CHARSET:-${file.encoding:-UTF-8}}"
22:03:02,626 |-INFO in ch.qos.logback.core.model.processor.ModelInterpretationContext@73ccdfc1 - value "TRACE" substituted for "${CONSOLE_LOG_THRESHOLD:-TRACE}"
22:03:02,626 |-INFO in ch.qos.logback.core.model.processor.ModelInterpretationContext@73ccdfc1 - value "%d{yyyy-MM-dd'T'HH:mm:ss.SSSXXX} %5p 26256 --- %applicationName[%t] %-40.40logger{39} : %m%n%wEx" substituted for "${FILE_LOG_PATTERN:-%d{${LOG_DATEFORMAT_PATTERN:-yyyy-MM-dd'T'HH:mm:ss.SSSXXX}} ${LOG_LEVEL_PATTERN:-%5p} ${PID:- } --- %applicationName[%t] ${LOG_CORRELATION_PATTERN:-}%-40.40logger{39} : %m%n${LOG_EXCEPTION_CONVERSION_WORD:-%wEx}}"
22:03:02,626 |-INFO in ch.qos.logback.core.model.processor.ModelInterpretationContext@73ccdfc1 - value "UTF-8" substituted for "${FILE_LOG_CHARSET:-${file.encoding:-UTF-8}}"
22:03:02,626 |-INFO in ch.qos.logback.core.model.processor.ModelInterpretationContext@73ccdfc1 - value "TRACE" substituted for "${FILE_LOG_THRESHOLD:-TRACE}"
22:03:02,628 |-INFO in ch.qos.logback.classic.model.processor.LoggerModelHandler - Setting level of logger [org.apache.catalina.startup.DigesterFactory] to ERROR
22:03:02,628 |-INFO in ch.qos.logback.classic.jul.LevelChangePropagator@18d8da77 - Propagating ERROR level on Logger[org.apache.catalina.startup.DigesterFactory] onto the JUL framework
22:03:02,628 |-INFO in ch.qos.logback.classic.model.processor.LoggerModelHandler - Setting level of logger [org.apache.catalina.util.LifecycleBase] to ERROR
22:03:02,628 |-INFO in ch.qos.logback.classic.jul.LevelChangePropagator@18d8da77 - Propagating ERROR level on Logger[org.apache.catalina.util.LifecycleBase] onto the JUL framework
22:03:02,628 |-INFO in ch.qos.logback.classic.model.processor.LoggerModelHandler - Setting level of logger [org.apache.coyote.http11.Http11NioProtocol] to WARN
22:03:02,628 |-INFO in ch.qos.logback.classic.jul.LevelChangePropagator@18d8da77 - Propagating WARN level on Logger[org.apache.coyote.http11.Http11NioProtocol] onto the JUL framework
22:03:02,628 |-INFO in ch.qos.logback.classic.model.processor.LoggerModelHandler - Setting level of logger [org.apache.sshd.common.util.SecurityUtils] to WARN
22:03:02,628 |-INFO in ch.qos.logback.classic.jul.LevelChangePropagator@18d8da77 - Propagating WARN level on Logger[org.apache.sshd.common.util.SecurityUtils] onto the JUL framework
22:03:02,628 |-INFO in ch.qos.logback.classic.model.processor.LoggerModelHandler - Setting level of logger [org.apache.tomcat.util.net.NioSelectorPool] to WARN
22:03:02,628 |-INFO in ch.qos.logback.classic.jul.LevelChangePropagator@18d8da77 - Propagating WARN level on Logger[org.apache.tomcat.util.net.NioSelectorPool] onto the JUL framework
22:03:02,628 |-INFO in ch.qos.logback.classic.model.processor.LoggerModelHandler - Setting level of logger [org.eclipse.jetty.util.component.AbstractLifeCycle] to ERROR
22:03:02,628 |-INFO in ch.qos.logback.classic.jul.LevelChangePropagator@18d8da77 - Propagating ERROR level on Logger[org.eclipse.jetty.util.component.AbstractLifeCycle] onto the JUL framework
22:03:02,628 |-INFO in ch.qos.logback.classic.model.processor.LoggerModelHandler - Setting level of logger [org.hibernate.validator.internal.util.Version] to WARN
22:03:02,628 |-INFO in ch.qos.logback.classic.jul.LevelChangePropagator@18d8da77 - Propagating WARN level on Logger[org.hibernate.validator.internal.util.Version] onto the JUL framework
22:03:02,628 |-INFO in ch.qos.logback.classic.model.processor.LoggerModelHandler - Setting level of logger [org.springframework.boot.actuate.endpoint.jmx] to WARN
22:03:02,628 |-INFO in ch.qos.logback.classic.jul.LevelChangePropagator@18d8da77 - Propagating WARN level on Logger[org.springframework.boot.actuate.endpoint.jmx] onto the JUL framework
22:03:02,628 |-INFO in ch.qos.logback.core.model.processor.AppenderModelHandler - Processing appender named [CONSOLE]
22:03:02,628 |-INFO in ch.qos.logback.core.model.processor.AppenderModelHandler - About to instantiate appender of type [ch.qos.logback.core.ConsoleAppender]
22:03:02,630 |-INFO in ch.qos.logback.core.model.processor.ImplicitModelHandler - Assuming default type [ch.qos.logback.classic.encoder.PatternLayoutEncoder] for [encoder] property
22:03:02,631 |-INFO in ch.qos.logback.core.model.processor.ModelInterpretationContext@73ccdfc1 - value "%d{yyyy-MM-dd HH:mm:ss.SSS} [%thread] [%X{traceId}] %-5level %logger{36} - %msg%n" substituted for "${LOG_PATTERN}"
22:03:02,633 |-WARN in ch.qos.logback.core.model.processor.AppenderModelHandler - Appender named [FILE] not referenced. Skipping further processing.
22:03:02,633 |-INFO in ch.qos.logback.classic.model.processor.LoggerModelHandler - Setting level of logger [com.tlq.rectagent] to DEBUG
22:03:02,633 |-INFO in ch.qos.logback.classic.jul.LevelChangePropagator@18d8da77 - Propagating DEBUG level on Logger[com.tlq.rectagent] onto the JUL framework
22:03:02,633 |-INFO in ch.qos.logback.classic.model.processor.RootLoggerModelHandler - Setting level of ROOT logger to INFO
22:03:02,633 |-INFO in ch.qos.logback.classic.jul.LevelChangePropagator@18d8da77 - Propagating INFO level on Logger[ROOT] onto the JUL framework
22:03:02,633 |-INFO in ch.qos.logback.core.model.processor.AppenderRefModelHandler - Attaching appender named [CONSOLE] to Logger[ROOT]
22:03:02,633 |-INFO in ch.qos.logback.core.model.processor.DefaultProcessor@502dc93a - End of configuration.
22:03:02,633 |-INFO in org.springframework.boot.logging.logback.SpringBootJoranConfigurator@486d1868 - Registering current configuration as safe fallback point


  .   ____          _            __ _ _
 /\\ / ___'_ __ _ _(_)_ __  __ _ \ \ \ \
( ( )\___ | '_ | '_| | '_ \/ _` | \ \ \ \
 \\/  ___)| |_)| | | | | || (_| |  ) ) ) )
  '  |____| .__|_| |_|_| |_\__, | / / / /
 =========|_|==============|___/=/_/_/_/

 :: Spring Boot ::                (v3.3.5)

2026-03-26 22:03:02.643 [main] [] INFO  c.t.r.scheduler.CoordinatorAgentTest - Starting CoordinatorAgentTest using Java 21.0.8 with PID 26256 (started by TanLinRu in D:\project\ai\java\rct-agent\rect-agent-core)
2026-03-26 22:03:02.643 [main] [] DEBUG c.t.r.scheduler.CoordinatorAgentTest - Running with Spring Boot v3.3.5, Spring v6.1.14
2026-03-26 22:03:02.643 [main] [] INFO  c.t.r.scheduler.CoordinatorAgentTest - No active profile set, falling back to 1 default profile: "default"
2026-03-26 22:03:03.684 [main] [] INFO  c.t.r.agent.AgentToolRegistry - AgentToolRegistry 初始化完成: 共 0 个工具
Logging initialized using 'class org.apache.ibatis.logging.stdout.StdOutImpl' adapter.
Get /192.168.2.186 network interface 
Get network interface info: name:wireless_32768 (Intel(R) Wi-Fi 6 AX200 160MHz)
Initialization Sequence datacenterId:9 workerId:22
 _ _   |_  _ _|_. ___ _ |    _ 
| | |\/|_)(_| | |_\  |_)||_|_\ 
     /               |         
                        3.5.7 
2026-03-26 22:03:03.774 [main] [] INFO  com.zaxxer.hikari.HikariDataSource - HikariPool-2 - Starting...
2026-03-26 22:03:03.776 [main] [] INFO  com.zaxxer.hikari.pool.HikariPool - HikariPool-2 - Added connection conn10: url=jdbc:h2:mem:agentdb user=SA
2026-03-26 22:03:03.776 [main] [] INFO  com.zaxxer.hikari.HikariDataSource - HikariPool-2 - Start completed.
2026-03-26 22:03:04.046 [main] [] WARN  c.t.r.config.ChatModelFactory - OpenAI API key is not configured. ChatModelFactory will run in mock mode. Set spring.ai.openai.api-key or OPENAI_API_KEY environment variable to enable real API calls.
2026-03-26 22:03:04.049 [main] [] INFO  c.t.r.agent.SupervisorAgentFramework - SupervisorAgentFramework initialized with 3 sub-agents
2026-03-26 22:03:04.072 [main] [] INFO  c.t.rectagent.hook.HookConfiguration - SummarizationHook initialized: maxTokens=4000, messagesToKeep=20
2026-03-26 22:03:04.072 [main] [] INFO  c.t.rectagent.hook.HookConfiguration - ModelCallLimitHook initialized: runLimit=10
2026-03-26 22:03:04.096 [main] [] WARN  o.s.w.c.s.GenericWebApplicationContext - Exception encountered during context initialization - cancelling refresh attempt: org.springframework.beans.factory.UnsatisfiedDependencyException: Error creating bean with name 'capabilityRoutingStrategy': Unsatisfied dependency expressed through field 'modelPool': Error creating bean with name 'com.tlq.rectagent.config.ModelAutoConfiguration': Unsatisfied dependency expressed through field 'chatModelPool': Error creating bean with name 'chatModelPool': Requested bean is currently in creation: Is there an unresolvable circular reference?
2026-03-26 22:03:04.096 [main] [] INFO  c.t.r.config.ChatModelFactory - ChatModelFactory shutting down
2026-03-26 22:03:04.096 [main] [] INFO  com.zaxxer.hikari.HikariDataSource - HikariPool-2 - Shutdown initiated...
2026-03-26 22:03:04.103 [main] [] INFO  com.zaxxer.hikari.HikariDataSource - HikariPool-2 - Shutdown completed.



============================
CONDITIONS EVALUATION REPORT
============================


Positive matches:
-----------------

   AopAutoConfiguration matched:
      - @ConditionalOnProperty (spring.aop.auto=true) matched (OnPropertyCondition)

   AopAutoConfiguration.ClassProxyingConfiguration matched:
      - @ConditionalOnMissingClass did not find unwanted class 'org.aspectj.weaver.Advice' (OnClassCondition)
      - @ConditionalOnProperty (spring.aop.proxy-target-class=true) matched (OnPropertyCondition)

   ApplicationAvailabilityAutoConfiguration#applicationAvailability matched:
      - @ConditionalOnMissingBean (types: org.springframework.boot.availability.ApplicationAvailability; SearchStrategy
: all) did not find any beans (OnBeanCondition)

   ChatClientAutoConfiguration matched:
      - @ConditionalOnClass found required class 'org.springframework.ai.chat.client.ChatClient' (OnClassCondition)
      - @ConditionalOnProperty (spring.ai.chat.client.enabled=true) matched (OnPropertyCondition)

   ChatClientAutoConfiguration#chatClientBuilder matched:
      - @ConditionalOnMissingBean (types: org.springframework.ai.chat.client.ChatClient$Builder; SearchStrategy: all) d
id not find any beans (OnBeanCondition)

   ChatClientAutoConfiguration#chatClientBuilderConfigurer matched:
      - @ConditionalOnMissingBean (types: org.springframework.ai.model.chat.client.autoconfigure.ChatClientBuilderConfi
gurer; SearchStrategy: all) did not find any beans (OnBeanCondition)

   ChatClientAutoConfiguration.TracerNotPresentObservationConfiguration matched:
      - @ConditionalOnMissingClass did not find unwanted class 'io.micrometer.tracing.Tracer' (OnClassCondition)

   ChatObservationAutoConfiguration matched:
      - @ConditionalOnClass found required class 'org.springframework.ai.chat.model.ChatModel' (OnClassCondition)

   ChatObservationAutoConfiguration.TracerNotPresentObservationConfiguration matched:
      - @ConditionalOnMissingClass did not find unwanted class 'io.micrometer.tracing.Tracer' (OnClassCondition)

   ClientHttpConnectorAutoConfiguration matched:
      - @ConditionalOnClass found required class 'org.springframework.web.reactive.function.client.WebClient' (OnClassC
ondition)

   ClientHttpConnectorAutoConfiguration#webClientHttpConnector matched:
      - @ConditionalOnMissingBean (types: org.springframework.http.client.reactive.ClientHttpConnector; SearchStrategy:
 all) did not find any beans (OnBeanCondition)

   ClientHttpConnectorAutoConfiguration#webClientHttpConnectorCustomizer matched:
      - @ConditionalOnBean (types: org.springframework.http.client.reactive.ClientHttpConnector; SearchStrategy: all) f
ound bean 'webClientHttpConnector' (OnBeanCondition)

   ClientHttpConnectorFactoryConfiguration.JdkClient matched:
      - @ConditionalOnClass found required class 'java.net.http.HttpClient' (OnClassCondition)
      - @ConditionalOnMissingBean (types: org.springframework.boot.autoconfigure.web.reactive.function.client.ClientHtt
pConnectorFactory; SearchStrategy: all) did not find any beans (OnBeanCondition)

   CodecsAutoConfiguration matched:
      - @ConditionalOnClass found required classes 'org.springframework.http.codec.CodecConfigurer', 'org.springframewo
rk.web.reactive.function.client.WebClient' (OnClassCondition)

   CodecsAutoConfiguration.JacksonCodecConfiguration matched:
      - @ConditionalOnClass found required class 'com.fasterxml.jackson.databind.ObjectMapper' (OnClassCondition)

   CodecsAutoConfiguration.JacksonCodecConfiguration#jacksonCodecCustomizer matched:
      - @ConditionalOnBean (types: com.fasterxml.jackson.databind.ObjectMapper; SearchStrategy: all) found bean 'jackso
nObjectMapper' (OnBeanCondition)

   DashScopeAgentAutoConfiguration matched:
      - @ConditionalOnClass found required class 'com.alibaba.cloud.ai.dashscope.api.DashScopeApi' (OnClassCondition)
      - @ConditionalOnProperty (spring.ai.dashscope.agent.enabled=true) matched; @ConditionalOnProperty (spring.ai.dash
scope.enabled) matched (OnPropertyCondition)

   DashScopeAgentAutoConfiguration#dashscopeAgentApi matched:
      - @ConditionalOnMissingBean (types: com.alibaba.cloud.ai.dashscope.api.DashScopeAgentApi; SearchStrategy: all) di
d not find any beans (OnBeanCondition)

   DashScopeAudioSpeechAutoConfiguration matched:
      - @ConditionalOnClass found required class 'com.alibaba.cloud.ai.dashscope.api.DashScopeAudioSpeechApi' (OnClassC
ondition)
      - @ConditionalOnProperty (spring.ai.model.audio.speech=dashscope) matched; @ConditionalOnProperty (spring.ai.dash
scope.enabled) matched (OnPropertyCondition)

   DashScopeAudioSpeechAutoConfiguration#dashScopeSpeechSynthesisModel matched:
      - @ConditionalOnMissingBean (types: com.alibaba.cloud.ai.dashscope.audio.DashScopeAudioSpeechModel; SearchStrateg
y: all) did not find any beans (OnBeanCondition)

   DashScopeAudioTranscriptionAutoConfiguration matched:
      - @ConditionalOnClass found required class 'com.alibaba.cloud.ai.dashscope.api.DashScopeAudioTranscriptionApi' (O
nClassCondition)
      - @ConditionalOnProperty (spring.ai.model.audio.transcription=dashscope) matched; @ConditionalOnProperty (spring.
ai.dashscope.enabled) matched (OnPropertyCondition)

   DashScopeAudioTranscriptionAutoConfiguration#dashScopeAudioTranscriptionModel matched:
      - @ConditionalOnMissingBean (types: com.alibaba.cloud.ai.dashscope.audio.DashScopeAudioTranscriptionModel; Search
Strategy: all) did not find any beans (OnBeanCondition)

   DashScopeChatAutoConfiguration matched:
      - @ConditionalOnClass found required class 'com.alibaba.cloud.ai.dashscope.api.DashScopeApi' (OnClassCondition)
      - @ConditionalOnProperty (spring.ai.model.chat=dashscope) matched; @ConditionalOnProperty (spring.ai.dashscope.en
abled) matched (OnPropertyCondition)

   DashScopeChatAutoConfiguration#dashScopeChatModel matched:
      - @ConditionalOnMissingBean (types: com.alibaba.cloud.ai.dashscope.chat.DashScopeChatModel; SearchStrategy: all) 
did not find any beans (OnBeanCondition)

   DashScopeEmbeddingAutoConfiguration matched:
      - @ConditionalOnClass found required class 'com.alibaba.cloud.ai.dashscope.api.DashScopeApi' (OnClassCondition)
      - @ConditionalOnProperty (spring.ai.model.embedding=dashscope) matched; @ConditionalOnProperty (spring.ai.dashsco
pe.enabled) matched (OnPropertyCondition)

   DashScopeEmbeddingAutoConfiguration#dashscopeEmbeddingModel matched:
      - @ConditionalOnMissingBean (types: com.alibaba.cloud.ai.dashscope.embedding.DashScopeEmbeddingModel; SearchStrat
egy: all) did not find any beans (OnBeanCondition)

   DashScopeImageAutoConfiguration matched:
      - @ConditionalOnClass found required class 'com.alibaba.cloud.ai.dashscope.api.DashScopeImageApi' (OnClassConditi
on)
      - @ConditionalOnProperty (spring.ai.model.image=dashscope) matched; @ConditionalOnProperty (spring.ai.dashscope.e
nabled) matched (OnPropertyCondition)

   DashScopeImageAutoConfiguration#dashScopeImageModel matched:
      - @ConditionalOnMissingBean (types: com.alibaba.cloud.ai.dashscope.image.DashScopeImageModel; SearchStrategy: all
) did not find any beans (OnBeanCondition)

   DashScopeRerankAutoConfiguration matched:
      - @ConditionalOnClass found required class 'com.alibaba.cloud.ai.dashscope.api.DashScopeApi' (OnClassCondition)
      - @ConditionalOnProperty (spring.ai.model.rerank=dashscope) matched; @ConditionalOnProperty (spring.ai.dashscope.
enabled) matched (OnPropertyCondition)

   DashScopeRerankAutoConfiguration#dashscopeRerankModel matched:
      - @ConditionalOnMissingBean (types: com.alibaba.cloud.ai.dashscope.rerank.DashScopeRerankModel; SearchStrategy: a
ll) did not find any beans (OnBeanCondition)

   DashScopeVideoAutoConfiguration matched:
      - @ConditionalOnClass found required class 'com.alibaba.cloud.ai.dashscope.api.DashScopeVideoApi' (OnClassConditi
on)
      - @ConditionalOnProperty (spring.ai.model.video=dashscope) matched; @ConditionalOnProperty (spring.ai.dashscope.e
nabled) matched (OnPropertyCondition)

   DashScopeVideoAutoConfiguration#dashScopeVideoModel matched:
      - @ConditionalOnMissingBean (types: com.alibaba.cloud.ai.dashscope.video.DashScopeVideoModel; SearchStrategy: all
) did not find any beans (OnBeanCondition)

   DataSourceAutoConfiguration matched:
      - @ConditionalOnClass found required classes 'javax.sql.DataSource', 'org.springframework.jdbc.datasource.embedde
d.EmbeddedDatabaseType' (OnClassCondition)
      - @ConditionalOnMissingBean (types: io.r2dbc.spi.ConnectionFactory; SearchStrategy: all) did not find any beans (
OnBeanCondition)

   DataSourceAutoConfiguration.PooledDataSourceConfiguration matched:
      - AnyNestedCondition 1 matched 1 did not; NestedCondition on DataSourceAutoConfiguration.PooledDataSourceConditio
n.PooledDataSourceAvailable PooledDataSource found supported DataSource; NestedCondition on DataSourceAutoConfiguration
.PooledDataSourceCondition.ExplicitType @ConditionalOnProperty (spring.datasource.type) did not find property 'type' (D
ataSourceAutoConfiguration.PooledDataSourceCondition)
      - @ConditionalOnMissingBean (types: javax.sql.DataSource,javax.sql.XADataSource; SearchStrategy: all) did not fin
d any beans (OnBeanCondition)

   DataSourceAutoConfiguration.PooledDataSourceConfiguration#jdbcConnectionDetails matched:
      - @ConditionalOnMissingBean (types: org.springframework.boot.autoconfigure.jdbc.JdbcConnectionDetails; SearchStra
tegy: all) did not find any beans (OnBeanCondition)

   DataSourceConfiguration.Hikari matched:
      - @ConditionalOnClass found required class 'com.zaxxer.hikari.HikariDataSource' (OnClassCondition)
      - @ConditionalOnProperty (spring.datasource.type=com.zaxxer.hikari.HikariDataSource) matched (OnPropertyCondition
)
      - @ConditionalOnMissingBean (types: javax.sql.DataSource; SearchStrategy: all) did not find any beans (OnBeanCond
ition)

   DataSourceInitializationConfiguration matched:
      - @ConditionalOnClass found required class 'org.springframework.jdbc.datasource.init.DatabasePopulator' (OnClassC
ondition)
      - @ConditionalOnSingleCandidate (types: javax.sql.DataSource; SearchStrategy: all) found a single bean 'dataSourc
e'; @ConditionalOnMissingBean (types: org.springframework.boot.autoconfigure.sql.init.SqlDataSourceScriptDatabaseInitia
lizer,org.springframework.boot.autoconfigure.sql.init.SqlR2dbcScriptDatabaseInitializer; SearchStrategy: all) did not f
ind any beans (OnBeanCondition)

   DataSourcePoolMetadataProvidersConfiguration.HikariPoolDataSourceMetadataProviderConfiguration matched:
      - @ConditionalOnClass found required class 'com.zaxxer.hikari.HikariDataSource' (OnClassCondition)

   DataSourceTransactionManagerAutoConfiguration matched:
      - @ConditionalOnClass found required classes 'javax.sql.DataSource', 'org.springframework.jdbc.core.JdbcTemplate'
, 'org.springframework.transaction.TransactionManager' (OnClassCondition)

   DataSourceTransactionManagerAutoConfiguration.JdbcTransactionManagerConfiguration matched:
      - @ConditionalOnSingleCandidate (types: javax.sql.DataSource; SearchStrategy: all) found a single bean 'dataSourc
e' (OnBeanCondition)

   DataSourceTransactionManagerAutoConfiguration.JdbcTransactionManagerConfiguration#transactionManager matched:
      - @ConditionalOnMissingBean (types: org.springframework.transaction.TransactionManager; SearchStrategy: all) did 
not find any beans (OnBeanCondition)

   DdlAutoConfiguration matched:
      - @ConditionalOnClass found required class 'com.baomidou.mybatisplus.extension.ddl.IDdl' (OnClassCondition)

   DispatcherServletAutoConfiguration matched:
      - @ConditionalOnClass found required class 'org.springframework.web.servlet.DispatcherServlet' (OnClassCondition)
      - found 'session' scope (OnWebApplicationCondition)

   DispatcherServletAutoConfiguration.DispatcherServletConfiguration matched:
      - @ConditionalOnClass found required class 'jakarta.servlet.ServletRegistration' (OnClassCondition)
      - Default DispatcherServlet did not find dispatcher servlet beans (DispatcherServletAutoConfiguration.DefaultDisp
atcherServletCondition)

   DispatcherServletAutoConfiguration.DispatcherServletRegistrationConfiguration matched:
      - @ConditionalOnClass found required class 'jakarta.servlet.ServletRegistration' (OnClassCondition)
      - DispatcherServlet Registration did not find servlet registration bean (DispatcherServletAutoConfiguration.Dispa
tcherServletRegistrationCondition)

   DispatcherServletAutoConfiguration.DispatcherServletRegistrationConfiguration#dispatcherServletRegistration matched:
      - @ConditionalOnBean (names: dispatcherServlet types: org.springframework.web.servlet.DispatcherServlet; SearchSt
rategy: all) found bean 'dispatcherServlet' (OnBeanCondition)

   EmbeddingObservationAutoConfiguration matched:
      - @ConditionalOnClass found required class 'org.springframework.ai.embedding.EmbeddingModel' (OnClassCondition)

   ErrorMvcAutoConfiguration matched:
      - @ConditionalOnClass found required classes 'jakarta.servlet.Servlet', 'org.springframework.web.servlet.Dispatch
erServlet' (OnClassCondition)
      - found 'session' scope (OnWebApplicationCondition)

   ErrorMvcAutoConfiguration#basicErrorController matched:
      - @ConditionalOnMissingBean (types: org.springframework.boot.web.servlet.error.ErrorController; SearchStrategy: c
urrent) did not find any beans (OnBeanCondition)

   ErrorMvcAutoConfiguration#errorAttributes matched:
      - @ConditionalOnMissingBean (types: org.springframework.boot.web.servlet.error.ErrorAttributes; SearchStrategy: c
urrent) did not find any beans (OnBeanCondition)

   ErrorMvcAutoConfiguration.DefaultErrorViewResolverConfiguration#conventionErrorViewResolver matched:
      - @ConditionalOnBean (types: org.springframework.web.servlet.DispatcherServlet; SearchStrategy: all) found bean '
dispatcherServlet'; @ConditionalOnMissingBean (types: org.springframework.boot.autoconfigure.web.servlet.error.ErrorVie
wResolver; SearchStrategy: all) did not find any beans (OnBeanCondition)

   ErrorMvcAutoConfiguration.WhitelabelErrorViewConfiguration matched:
      - @ConditionalOnProperty (server.error.whitelabel.enabled) matched (OnPropertyCondition)
      - ErrorTemplate Missing did not find error template view (ErrorMvcAutoConfiguration.ErrorTemplateMissingCondition
)

   ErrorMvcAutoConfiguration.WhitelabelErrorViewConfiguration#beanNameViewResolver matched:
      - @ConditionalOnMissingBean (types: org.springframework.web.servlet.view.BeanNameViewResolver; SearchStrategy: al
l) did not find any beans (OnBeanCondition)

   ErrorMvcAutoConfiguration.WhitelabelErrorViewConfiguration#defaultErrorView matched:
      - @ConditionalOnMissingBean (names: error; SearchStrategy: all) did not find any beans (OnBeanCondition)

   GenericCacheConfiguration matched:
      - Cache org.springframework.boot.autoconfigure.cache.GenericCacheConfiguration automatic cache type (CacheConditi
on)

   H2ConsoleAutoConfiguration matched:
      - @ConditionalOnClass found required class 'org.h2.server.web.JakartaWebServlet' (OnClassCondition)
      - found 'session' scope (OnWebApplicationCondition)
      - @ConditionalOnProperty (spring.h2.console.enabled=true) matched (OnPropertyCondition)

   HttpEncodingAutoConfiguration matched:
      - @ConditionalOnClass found required class 'org.springframework.web.filter.CharacterEncodingFilter' (OnClassCondi
tion)
      - found 'session' scope (OnWebApplicationCondition)
      - @ConditionalOnProperty (server.servlet.encoding.enabled) matched (OnPropertyCondition)

   HttpEncodingAutoConfiguration#characterEncodingFilter matched:
      - @ConditionalOnMissingBean (types: org.springframework.web.filter.CharacterEncodingFilter; SearchStrategy: all) 
did not find any beans (OnBeanCondition)

   HttpMessageConvertersAutoConfiguration matched:
      - @ConditionalOnClass found required class 'org.springframework.http.converter.HttpMessageConverter' (OnClassCond
ition)
      - NoneNestedConditions 0 matched 1 did not; NestedCondition on HttpMessageConvertersAutoConfiguration.NotReactive
WebApplicationCondition.ReactiveWebApplication not a reactive web application (HttpMessageConvertersAutoConfiguration.N
otReactiveWebApplicationCondition)

   HttpMessageConvertersAutoConfiguration#messageConverters matched:
      - @ConditionalOnMissingBean (types: org.springframework.boot.autoconfigure.http.HttpMessageConverters; SearchStra
tegy: all) did not find any beans (OnBeanCondition)

   HttpMessageConvertersAutoConfiguration.StringHttpMessageConverterConfiguration matched:
      - @ConditionalOnClass found required class 'org.springframework.http.converter.StringHttpMessageConverter' (OnCla
ssCondition)

   HttpMessageConvertersAutoConfiguration.StringHttpMessageConverterConfiguration#stringHttpMessageConverter matched:
      - @ConditionalOnMissingBean (types: org.springframework.http.converter.StringHttpMessageConverter; SearchStrategy
: all) did not find any beans (OnBeanCondition)

   ImageObservationAutoConfiguration matched:
      - @ConditionalOnClass found required class 'org.springframework.ai.image.ImageModel' (OnClassCondition)

   ImageObservationAutoConfiguration.TracerNotPresentObservationConfiguration matched:
      - @ConditionalOnMissingClass did not find unwanted class 'io.micrometer.tracing.Tracer' (OnClassCondition)

   JacksonAutoConfiguration matched:
      - @ConditionalOnClass found required class 'com.fasterxml.jackson.databind.ObjectMapper' (OnClassCondition)

   JacksonAutoConfiguration.Jackson2ObjectMapperBuilderCustomizerConfiguration matched:
      - @ConditionalOnClass found required class 'org.springframework.http.converter.json.Jackson2ObjectMapperBuilder' 
(OnClassCondition)

   JacksonAutoConfiguration.JacksonObjectMapperBuilderConfiguration matched:
      - @ConditionalOnClass found required class 'org.springframework.http.converter.json.Jackson2ObjectMapperBuilder' 
(OnClassCondition)

   JacksonAutoConfiguration.JacksonObjectMapperBuilderConfiguration#jacksonObjectMapperBuilder matched:
      - @ConditionalOnMissingBean (types: org.springframework.http.converter.json.Jackson2ObjectMapperBuilder; SearchSt
rategy: all) did not find any beans (OnBeanCondition)

   JacksonAutoConfiguration.JacksonObjectMapperConfiguration matched:
      - @ConditionalOnClass found required class 'org.springframework.http.converter.json.Jackson2ObjectMapperBuilder' 
(OnClassCondition)

   JacksonAutoConfiguration.JacksonObjectMapperConfiguration#jacksonObjectMapper matched:
      - @ConditionalOnMissingBean (types: com.fasterxml.jackson.databind.ObjectMapper; SearchStrategy: all) did not fin
d any beans (OnBeanCondition)

   JacksonAutoConfiguration.ParameterNamesModuleConfiguration matched:
      - @ConditionalOnClass found required class 'com.fasterxml.jackson.module.paramnames.ParameterNamesModule' (OnClas
sCondition)

   JacksonAutoConfiguration.ParameterNamesModuleConfiguration#parameterNamesModule matched:
      - @ConditionalOnMissingBean (types: com.fasterxml.jackson.module.paramnames.ParameterNamesModule; SearchStrategy:
 all) did not find any beans (OnBeanCondition)

   JacksonHttpMessageConvertersConfiguration.MappingJackson2HttpMessageConverterConfiguration matched:
      - @ConditionalOnClass found required class 'com.fasterxml.jackson.databind.ObjectMapper' (OnClassCondition)
      - @ConditionalOnProperty (spring.mvc.converters.preferred-json-mapper=jackson) matched (OnPropertyCondition)
      - @ConditionalOnBean (types: com.fasterxml.jackson.databind.ObjectMapper; SearchStrategy: all) found bean 'jackso
nObjectMapper' (OnBeanCondition)

   JacksonHttpMessageConvertersConfiguration.MappingJackson2HttpMessageConverterConfiguration#mappingJackson2HttpMessag
eConverter matched:
      - @ConditionalOnMissingBean (types: org.springframework.http.converter.json.MappingJackson2HttpMessageConverter i
gnored: org.springframework.hateoas.server.mvc.TypeConstrainedMappingJackson2HttpMessageConverter,org.springframework.d
ata.rest.webmvc.alps.AlpsJsonHttpMessageConverter; SearchStrategy: all) did not find any beans (OnBeanCondition)

   JdbcClientAutoConfiguration matched:
      - @ConditionalOnSingleCandidate (types: org.springframework.jdbc.core.namedparam.NamedParameterJdbcTemplate; Sear
chStrategy: all) found a single bean 'namedParameterJdbcTemplate'; @ConditionalOnMissingBean (types: org.springframewor
k.jdbc.core.simple.JdbcClient; SearchStrategy: all) did not find any beans (OnBeanCondition)

   JdbcTemplateAutoConfiguration matched:
      - @ConditionalOnClass found required classes 'javax.sql.DataSource', 'org.springframework.jdbc.core.JdbcTemplate'
 (OnClassCondition)
      - @ConditionalOnSingleCandidate (types: javax.sql.DataSource; SearchStrategy: all) found a single bean 'dataSourc
e' (OnBeanCondition)

   JdbcTemplateConfiguration matched:
      - @ConditionalOnMissingBean (types: org.springframework.jdbc.core.JdbcOperations; SearchStrategy: all) did not fi
nd any beans (OnBeanCondition)

   LifecycleAutoConfiguration#defaultLifecycleProcessor matched:
      - @ConditionalOnMissingBean (names: lifecycleProcessor; SearchStrategy: current) did not find any beans (OnBeanCo
ndition)

   MultipartAutoConfiguration matched:
      - @ConditionalOnClass found required classes 'jakarta.servlet.Servlet', 'org.springframework.web.multipart.suppor
t.StandardServletMultipartResolver', 'jakarta.servlet.MultipartConfigElement' (OnClassCondition)
      - found 'session' scope (OnWebApplicationCondition)
      - @ConditionalOnProperty (spring.servlet.multipart.enabled) matched (OnPropertyCondition)

   MultipartAutoConfiguration#multipartConfigElement matched:
      - @ConditionalOnMissingBean (types: jakarta.servlet.MultipartConfigElement; SearchStrategy: all) did not find any
 beans (OnBeanCondition)

   MultipartAutoConfiguration#multipartResolver matched:
      - @ConditionalOnMissingBean (types: org.springframework.web.multipart.MultipartResolver; SearchStrategy: all) did
 not find any beans (OnBeanCondition)

   MybatisPlusAutoConfiguration matched:
      - @ConditionalOnClass found required classes 'org.apache.ibatis.session.SqlSessionFactory', 'org.mybatis.spring.S
qlSessionFactoryBean' (OnClassCondition)
      - @ConditionalOnSingleCandidate (types: javax.sql.DataSource; SearchStrategy: all) found a single bean 'dataSourc
e' (OnBeanCondition)

   MybatisPlusAutoConfiguration#sqlSessionFactory matched:
      - @ConditionalOnMissingBean (types: org.apache.ibatis.session.SqlSessionFactory; SearchStrategy: all) did not fin
d any beans (OnBeanCondition)

   MybatisPlusAutoConfiguration#sqlSessionTemplate matched:
      - @ConditionalOnMissingBean (types: org.mybatis.spring.SqlSessionTemplate; SearchStrategy: all) did not find any 
beans (OnBeanCondition)

   MybatisPlusLanguageDriverAutoConfiguration matched:
      - @ConditionalOnClass found required class 'org.apache.ibatis.scripting.LanguageDriver' (OnClassCondition)

   NamedParameterJdbcTemplateConfiguration matched:
      - @ConditionalOnSingleCandidate (types: org.springframework.jdbc.core.JdbcTemplate; SearchStrategy: all) found a 
single bean 'jdbcTemplate'; @ConditionalOnMissingBean (types: org.springframework.jdbc.core.namedparam.NamedParameterJd
bcOperations; SearchStrategy: all) did not find any beans (OnBeanCondition)

   NoOpCacheConfiguration matched:
      - Cache org.springframework.boot.autoconfigure.cache.NoOpCacheConfiguration automatic cache type (CacheCondition)

   PersistenceExceptionTranslationAutoConfiguration matched:
      - @ConditionalOnClass found required class 'org.springframework.dao.annotation.PersistenceExceptionTranslationPos
tProcessor' (OnClassCondition)

   PersistenceExceptionTranslationAutoConfiguration#persistenceExceptionTranslationPostProcessor matched:
      - @ConditionalOnProperty (spring.dao.exceptiontranslation.enabled) matched (OnPropertyCondition)
      - @ConditionalOnMissingBean (types: org.springframework.dao.annotation.PersistenceExceptionTranslationPostProcess
or; SearchStrategy: all) did not find any beans (OnBeanCondition)

   PropertyPlaceholderAutoConfiguration#propertySourcesPlaceholderConfigurer matched:
      - @ConditionalOnMissingBean (types: org.springframework.context.support.PropertySourcesPlaceholderConfigurer; Sea
rchStrategy: current) did not find any beans (OnBeanCondition)

   ReactorAutoConfiguration matched:
      - @ConditionalOnClass found required class 'reactor.core.publisher.Hooks' (OnClassCondition)

   RestClientAutoConfiguration matched:
      - @ConditionalOnClass found required class 'org.springframework.web.client.RestClient' (OnClassCondition)
      - NoneNestedConditions 0 matched 1 did not; NestedCondition on NotReactiveWebApplicationCondition.ReactiveWebAppl
ication not a reactive web application (NotReactiveWebApplicationCondition)

   RestClientAutoConfiguration#httpMessageConvertersRestClientCustomizer matched:
      - @ConditionalOnMissingBean (types: org.springframework.boot.autoconfigure.web.client.HttpMessageConvertersRestCl
ientCustomizer; SearchStrategy: all) did not find any beans (OnBeanCondition)

   RestClientAutoConfiguration#restClientBuilder matched:
      - @ConditionalOnMissingBean (types: org.springframework.web.client.RestClient$Builder; SearchStrategy: all) did n
ot find any beans (OnBeanCondition)

   RestClientAutoConfiguration#restClientBuilderConfigurer matched:
      - @ConditionalOnMissingBean (types: org.springframework.boot.autoconfigure.web.client.RestClientBuilderConfigurer
; SearchStrategy: all) did not find any beans (OnBeanCondition)

   RestClientAutoConfiguration#restClientSsl matched:
      - @ConditionalOnBean (types: org.springframework.boot.ssl.SslBundles; SearchStrategy: all) found bean 'sslBundleR
egistry'; @ConditionalOnMissingBean (types: org.springframework.boot.autoconfigure.web.client.RestClientSsl; SearchStra
tegy: all) did not find any beans (OnBeanCondition)

   RestTemplateAutoConfiguration matched:
      - @ConditionalOnClass found required class 'org.springframework.web.client.RestTemplate' (OnClassCondition)
      - NoneNestedConditions 0 matched 1 did not; NestedCondition on NotReactiveWebApplicationCondition.ReactiveWebAppl
ication not a reactive web application (NotReactiveWebApplicationCondition)

   RestTemplateAutoConfiguration#restTemplateBuilder matched:
      - @ConditionalOnMissingBean (types: org.springframework.boot.web.client.RestTemplateBuilder; SearchStrategy: all)
 did not find any beans (OnBeanCondition)

   ServletWebServerFactoryAutoConfiguration matched:
      - @ConditionalOnClass found required class 'jakarta.servlet.ServletRequest' (OnClassCondition)
      - found 'session' scope (OnWebApplicationCondition)

   ServletWebServerFactoryAutoConfiguration#tomcatServletWebServerFactoryCustomizer matched:
      - @ConditionalOnClass found required class 'org.apache.catalina.startup.Tomcat' (OnClassCondition)

   ServletWebServerFactoryConfiguration.EmbeddedTomcat matched:
      - @ConditionalOnClass found required classes 'jakarta.servlet.Servlet', 'org.apache.catalina.startup.Tomcat', 'or
g.apache.coyote.UpgradeProtocol' (OnClassCondition)
      - @ConditionalOnMissingBean (types: org.springframework.boot.web.servlet.server.ServletWebServerFactory; SearchSt
rategy: current) did not find any beans (OnBeanCondition)

   SimpleCacheConfiguration matched:
      - Cache org.springframework.boot.autoconfigure.cache.SimpleCacheConfiguration automatic cache type (CacheConditio
n)

   SpringAiRetryAutoConfiguration matched:
      - @ConditionalOnClass found required class 'org.springframework.ai.retry.RetryUtils' (OnClassCondition)

   SpringAiRetryAutoConfiguration#responseErrorHandler matched:
      - @ConditionalOnMissingBean (types: org.springframework.web.client.ResponseErrorHandler; SearchStrategy: all) did
 not find any beans (OnBeanCondition)

   SpringAiRetryAutoConfiguration#retryTemplate matched:
      - @ConditionalOnMissingBean (types: org.springframework.retry.support.RetryTemplate; SearchStrategy: all) did not
 find any beans (OnBeanCondition)

   SqlInitializationAutoConfiguration matched:
      - @ConditionalOnProperty (spring.sql.init.enabled) matched (OnPropertyCondition)
      - NoneNestedConditions 0 matched 1 did not; NestedCondition on SqlInitializationAutoConfiguration.SqlInitializati
onModeCondition.ModeIsNever @ConditionalOnProperty (spring.sql.init.mode=never) found different value in property 'mode
' (SqlInitializationAutoConfiguration.SqlInitializationModeCondition)

   SslAutoConfiguration#sslBundleRegistry matched:
      - @ConditionalOnMissingBean (types: org.springframework.boot.ssl.SslBundleRegistry,org.springframework.boot.ssl.S
slBundles; SearchStrategy: all) did not find any beans (OnBeanCondition)

   TaskExecutionAutoConfiguration matched:
      - @ConditionalOnClass found required class 'org.springframework.scheduling.concurrent.ThreadPoolTaskExecutor' (On
ClassCondition)

   TaskExecutorConfigurations.SimpleAsyncTaskExecutorBuilderConfiguration#simpleAsyncTaskExecutorBuilder matched:
      - @ConditionalOnMissingBean (types: org.springframework.boot.task.SimpleAsyncTaskExecutorBuilder; SearchStrategy:
 all) did not find any beans (OnBeanCondition)
      - @ConditionalOnThreading found PLATFORM (OnThreadingCondition)

   TaskExecutorConfigurations.TaskExecutorBuilderConfiguration#taskExecutorBuilder matched:
      - @ConditionalOnMissingBean (types: org.springframework.boot.task.TaskExecutorBuilder; SearchStrategy: all) did n
ot find any beans (OnBeanCondition)

   TaskExecutorConfigurations.TaskExecutorConfiguration matched:
      - @ConditionalOnMissingBean (types: java.util.concurrent.Executor; SearchStrategy: all) did not find any beans (O
nBeanCondition)

   TaskExecutorConfigurations.TaskExecutorConfiguration#applicationTaskExecutor matched:
      - @ConditionalOnThreading found PLATFORM (OnThreadingCondition)

   TaskExecutorConfigurations.ThreadPoolTaskExecutorBuilderConfiguration#threadPoolTaskExecutorBuilder matched:
      - @ConditionalOnMissingBean (types: org.springframework.boot.task.TaskExecutorBuilder,org.springframework.boot.ta
sk.ThreadPoolTaskExecutorBuilder; SearchStrategy: all) did not find any beans (OnBeanCondition)

   TaskSchedulingAutoConfiguration matched:
      - @ConditionalOnClass found required class 'org.springframework.scheduling.concurrent.ThreadPoolTaskScheduler' (O
nClassCondition)

   TaskSchedulingConfigurations.SimpleAsyncTaskSchedulerBuilderConfiguration#simpleAsyncTaskSchedulerBuilder matched:
      - @ConditionalOnMissingBean (types: org.springframework.boot.task.SimpleAsyncTaskSchedulerBuilder; SearchStrategy
: all) did not find any beans (OnBeanCondition)
      - @ConditionalOnThreading found PLATFORM (OnThreadingCondition)

   TaskSchedulingConfigurations.TaskSchedulerBuilderConfiguration#taskSchedulerBuilder matched:
      - @ConditionalOnMissingBean (types: org.springframework.boot.task.TaskSchedulerBuilder; SearchStrategy: all) did 
not find any beans (OnBeanCondition)

   TaskSchedulingConfigurations.ThreadPoolTaskSchedulerBuilderConfiguration#threadPoolTaskSchedulerBuilder matched:
      - @ConditionalOnMissingBean (types: org.springframework.boot.task.TaskSchedulerBuilder,org.springframework.boot.t
ask.ThreadPoolTaskSchedulerBuilder; SearchStrategy: all) did not find any beans (OnBeanCondition)

   ToolCallingAutoConfiguration matched:
      - @ConditionalOnClass found required class 'org.springframework.ai.chat.model.ChatModel' (OnClassCondition)

   ToolCallingAutoConfiguration#toolCallbackResolver matched:
      - @ConditionalOnMissingBean (types: org.springframework.ai.tool.resolution.ToolCallbackResolver; SearchStrategy: 
all) did not find any beans (OnBeanCondition)

   ToolCallingAutoConfiguration#toolCallingManager matched:
      - @ConditionalOnMissingBean (types: org.springframework.ai.model.tool.ToolCallingManager; SearchStrategy: all) di
d not find any beans (OnBeanCondition)

   ToolCallingAutoConfiguration#toolExecutionExceptionProcessor matched:
      - @ConditionalOnMissingBean (types: org.springframework.ai.tool.execution.ToolExecutionExceptionProcessor; Search
Strategy: all) did not find any beans (OnBeanCondition)

   TransactionAutoConfiguration matched:
      - @ConditionalOnClass found required class 'org.springframework.transaction.PlatformTransactionManager' (OnClassC
ondition)

   TransactionAutoConfiguration.EnableTransactionManagementConfiguration matched:
      - @ConditionalOnBean (types: org.springframework.transaction.TransactionManager; SearchStrategy: all) found bean 
'transactionManager'; @ConditionalOnMissingBean (types: org.springframework.transaction.annotation.AbstractTransactionM
anagementConfiguration; SearchStrategy: all) did not find any beans (OnBeanCondition)

   TransactionAutoConfiguration.EnableTransactionManagementConfiguration.CglibAutoProxyConfiguration matched:
      - @ConditionalOnProperty (spring.aop.proxy-target-class=true) matched (OnPropertyCondition)

   TransactionAutoConfiguration.TransactionTemplateConfiguration matched:
      - @ConditionalOnSingleCandidate (types: org.springframework.transaction.PlatformTransactionManager; SearchStrateg
y: all) found a single bean 'transactionManager' (OnBeanCondition)

   TransactionAutoConfiguration.TransactionTemplateConfiguration#transactionTemplate matched:
      - @ConditionalOnMissingBean (types: org.springframework.transaction.support.TransactionOperations; SearchStrategy
: all) did not find any beans (OnBeanCondition)

   TransactionManagerCustomizationAutoConfiguration matched:
      - @ConditionalOnClass found required class 'org.springframework.transaction.PlatformTransactionManager' (OnClassC
ondition)

   TransactionManagerCustomizationAutoConfiguration#platformTransactionManagerCustomizers matched:
      - @ConditionalOnMissingBean (types: org.springframework.boot.autoconfigure.transaction.TransactionManagerCustomiz
ers; SearchStrategy: all) did not find any beans (OnBeanCondition)

   WebClientAutoConfiguration matched:
      - @ConditionalOnClass found required class 'org.springframework.web.reactive.function.client.WebClient' (OnClassC
ondition)

   WebClientAutoConfiguration#webClientBuilder matched:
      - @ConditionalOnMissingBean (types: org.springframework.web.reactive.function.client.WebClient$Builder; SearchStr
ategy: all) did not find any beans (OnBeanCondition)

   WebClientAutoConfiguration#webClientSsl matched:
      - @ConditionalOnBean (types: org.springframework.boot.ssl.SslBundles; SearchStrategy: all) found bean 'sslBundleR
egistry'; @ConditionalOnMissingBean (types: org.springframework.boot.autoconfigure.web.reactive.function.client.WebClie
ntSsl; SearchStrategy: all) did not find any beans (OnBeanCondition)

   WebClientAutoConfiguration.WebClientCodecsConfiguration matched:
      - @ConditionalOnBean (types: org.springframework.boot.web.codec.CodecCustomizer; SearchStrategy: all) found beans
 'jacksonCodecCustomizer', 'defaultCodecCustomizer' (OnBeanCondition)

   WebClientAutoConfiguration.WebClientCodecsConfiguration#exchangeStrategiesCustomizer matched:
      - @ConditionalOnMissingBean (types: org.springframework.boot.autoconfigure.web.reactive.function.client.WebClient
CodecCustomizer; SearchStrategy: all) did not find any beans (OnBeanCondition)

   WebMvcAutoConfiguration matched:
      - @ConditionalOnClass found required classes 'jakarta.servlet.Servlet', 'org.springframework.web.servlet.Dispatch
erServlet', 'org.springframework.web.servlet.config.annotation.WebMvcConfigurer' (OnClassCondition)
      - found 'session' scope (OnWebApplicationCondition)
      - @ConditionalOnMissingBean (types: org.springframework.web.servlet.config.annotation.WebMvcConfigurationSupport;
 SearchStrategy: all) did not find any beans (OnBeanCondition)

   WebMvcAutoConfiguration#formContentFilter matched:
      - @ConditionalOnProperty (spring.mvc.formcontent.filter.enabled) matched (OnPropertyCondition)
      - @ConditionalOnMissingBean (types: org.springframework.web.filter.FormContentFilter; SearchStrategy: all) did no
t find any beans (OnBeanCondition)

   WebMvcAutoConfiguration.EnableWebMvcConfiguration#flashMapManager matched:
      - @ConditionalOnMissingBean (names: flashMapManager; SearchStrategy: all) did not find any beans (OnBeanCondition
)

   WebMvcAutoConfiguration.EnableWebMvcConfiguration#localeResolver matched:
      - @ConditionalOnMissingBean (names: localeResolver; SearchStrategy: all) did not find any beans (OnBeanCondition)

   WebMvcAutoConfiguration.EnableWebMvcConfiguration#themeResolver matched:
      - @ConditionalOnMissingBean (names: themeResolver; SearchStrategy: all) did not find any beans (OnBeanCondition)

   WebMvcAutoConfiguration.WebMvcAutoConfigurationAdapter#defaultViewResolver matched:
      - @ConditionalOnMissingBean (types: org.springframework.web.servlet.view.InternalResourceViewResolver; SearchStra
tegy: all) did not find any beans (OnBeanCondition)

   WebMvcAutoConfiguration.WebMvcAutoConfigurationAdapter#requestContextFilter matched:
      - @ConditionalOnMissingBean (types: org.springframework.web.context.request.RequestContextListener,org.springfram
ework.web.filter.RequestContextFilter; SearchStrategy: all) did not find any beans (OnBeanCondition)

   WebMvcAutoConfiguration.WebMvcAutoConfigurationAdapter#viewResolver matched:
      - @ConditionalOnBean (types: org.springframework.web.servlet.ViewResolver; SearchStrategy: all) found beans 'defa
ultViewResolver', 'beanNameViewResolver', 'mvcViewResolver'; @ConditionalOnMissingBean (names: viewResolver types: org.
springframework.web.servlet.view.ContentNegotiatingViewResolver; SearchStrategy: all) did not find any beans (OnBeanCon
dition)

   WebSocketServletAutoConfiguration matched:
      - @ConditionalOnClass found required classes 'jakarta.servlet.Servlet', 'jakarta.websocket.server.ServerContainer
' (OnClassCondition)
      - found 'session' scope (OnWebApplicationCondition)

   WebSocketServletAutoConfiguration.TomcatWebSocketConfiguration matched:
      - @ConditionalOnClass found required classes 'org.apache.catalina.startup.Tomcat', 'org.apache.tomcat.websocket.s
erver.WsSci' (OnClassCondition)

   WebSocketServletAutoConfiguration.TomcatWebSocketConfiguration#websocketServletWebServerCustomizer matched:
      - @ConditionalOnMissingBean (names: websocketServletWebServerCustomizer; SearchStrategy: all) did not find any be
ans (OnBeanCondition)


Negative matches:
-----------------

   ActiveMQAutoConfiguration:
      Did not match:
         - @ConditionalOnClass did not find required class 'jakarta.jms.ConnectionFactory' (OnClassCondition)

   AopAutoConfiguration.AspectJAutoProxyingConfiguration:
      Did not match:
         - @ConditionalOnClass did not find required class 'org.aspectj.weaver.Advice' (OnClassCondition)

   ArtemisAutoConfiguration:
      Did not match:
         - @ConditionalOnClass did not find required class 'jakarta.jms.ConnectionFactory' (OnClassCondition)

   BatchAutoConfiguration:
      Did not match:
         - @ConditionalOnClass did not find required class 'org.springframework.batch.core.launch.JobLauncher' (OnClass
Condition)

   Cache2kCacheConfiguration:
      Did not match:
         - @ConditionalOnClass did not find required class 'org.cache2k.Cache2kBuilder' (OnClassCondition)

   CacheAutoConfiguration:
      Did not match:
         - @ConditionalOnBean (types: org.springframework.cache.interceptor.CacheAspectSupport; SearchStrategy: all) di
d not find any beans of type org.springframework.cache.interceptor.CacheAspectSupport (OnBeanCondition)
      Matched:
         - @ConditionalOnClass found required class 'org.springframework.cache.CacheManager' (OnClassCondition)

   CacheAutoConfiguration.CacheManagerEntityManagerFactoryDependsOnPostProcessor:
      Did not match:
         - @ConditionalOnClass did not find required class 'org.springframework.orm.jpa.LocalContainerEntityManagerFact
oryBean' (OnClassCondition)
         - Ancestor org.springframework.boot.autoconfigure.cache.CacheAutoConfiguration did not match (ConditionEvaluat
ionReport.AncestorsMatchedCondition)

   CaffeineCacheConfiguration:
      Did not match:
         - @ConditionalOnClass did not find required class 'com.github.benmanes.caffeine.cache.Caffeine' (OnClassCondit
ion)

   CassandraAutoConfiguration:
      Did not match:
         - @ConditionalOnClass did not find required class 'com.datastax.oss.driver.api.core.CqlSession' (OnClassCondit
ion)

   CassandraDataAutoConfiguration:
      Did not match:
         - @ConditionalOnClass did not find required class 'com.datastax.oss.driver.api.core.CqlSession' (OnClassCondit
ion)

   CassandraReactiveDataAutoConfiguration:
      Did not match:
         - @ConditionalOnClass did not find required class 'com.datastax.oss.driver.api.core.CqlSession' (OnClassCondit
ion)

   CassandraReactiveRepositoriesAutoConfiguration:
      Did not match:
         - @ConditionalOnClass did not find required class 'org.springframework.data.cassandra.ReactiveSession' (OnClas
sCondition)

   CassandraRepositoriesAutoConfiguration:
      Did not match:
         - @ConditionalOnClass did not find required class 'com.datastax.oss.driver.api.core.CqlSession' (OnClassCondit
ion)

   ChatClientAutoConfiguration.TracerNotPresentObservationConfiguration#chatClientCompletionObservationHandler:
      Did not match:
         - @ConditionalOnProperty (spring.ai.chat.client.observations.log-completion=true) did not find property 'log-c
ompletion' (OnPropertyCondition)

   ChatClientAutoConfiguration.TracerNotPresentObservationConfiguration#chatClientPromptContentObservationHandler:
      Did not match:
         - @ConditionalOnProperty (spring.ai.chat.client.observations.log-prompt=true) did not find property 'log-promp
t' (OnPropertyCondition)

   ChatClientAutoConfiguration.TracerPresentObservationConfiguration:
      Did not match:
         - @ConditionalOnClass did not find required class 'io.micrometer.tracing.Tracer' (OnClassCondition)

   ChatObservationAutoConfiguration#chatModelMeterObservationHandler:
      Did not match:
         - @ConditionalOnBean (types: io.micrometer.core.instrument.MeterRegistry; SearchStrategy: all) did not find an
y beans of type io.micrometer.core.instrument.MeterRegistry (OnBeanCondition)

   ChatObservationAutoConfiguration.TracerNotPresentObservationConfiguration#chatModelCompletionObservationHandler:
      Did not match:
         - @ConditionalOnProperty (spring.ai.chat.observations.log-completion=true) did not find property 'log-completi
on' (OnPropertyCondition)

   ChatObservationAutoConfiguration.TracerNotPresentObservationConfiguration#chatModelPromptContentObservationHandler:
      Did not match:
         - @ConditionalOnProperty (spring.ai.chat.observations.log-prompt=true) did not find property 'log-prompt' (OnP
ropertyCondition)

   ChatObservationAutoConfiguration.TracerPresentObservationConfiguration:
      Did not match:
         - @ConditionalOnClass did not find required class 'io.micrometer.tracing.Tracer' (OnClassCondition)

   ClientHttpConnectorFactoryConfiguration.HttpClient5:
      Did not match:
         - @ConditionalOnClass did not find required classes 'org.apache.hc.client5.http.impl.async.HttpAsyncClients', 
'org.apache.hc.core5.http.nio.AsyncRequestProducer', 'org.apache.hc.core5.reactive.ReactiveResponseConsumer' (OnClassCo
ndition)

   ClientHttpConnectorFactoryConfiguration.ReactorNetty:
      Did not match:
         - @ConditionalOnClass did not find required class 'reactor.netty.http.client.HttpClient' (OnClassCondition)

   CouchbaseAutoConfiguration:
      Did not match:
         - @ConditionalOnClass did not find required class 'com.couchbase.client.java.Cluster' (OnClassCondition)

   CouchbaseCacheConfiguration:
      Did not match:
         - @ConditionalOnClass did not find required class 'com.couchbase.client.java.Cluster' (OnClassCondition)

   CouchbaseDataAutoConfiguration:
      Did not match:
         - @ConditionalOnClass did not find required class 'com.couchbase.client.java.Bucket' (OnClassCondition)

   CouchbaseReactiveDataAutoConfiguration:
      Did not match:
         - @ConditionalOnClass did not find required class 'com.couchbase.client.java.Cluster' (OnClassCondition)

   CouchbaseReactiveRepositoriesAutoConfiguration:
      Did not match:
         - @ConditionalOnClass did not find required class 'com.couchbase.client.java.Cluster' (OnClassCondition)

   CouchbaseRepositoriesAutoConfiguration:
      Did not match:
         - @ConditionalOnClass did not find required class 'com.couchbase.client.java.Bucket' (OnClassCondition)

   DataSourceAutoConfiguration.EmbeddedDatabaseConfiguration:
      Did not match:
         - EmbeddedDataSource spring.datasource.url is set (DataSourceAutoConfiguration.EmbeddedDatabaseCondition)

   DataSourceCheckpointRestoreConfiguration:
      Did not match:
         - @ConditionalOnClass did not find required class 'org.crac.Resource' (OnClassCondition)

   DataSourceConfiguration.Dbcp2:
      Did not match:
         - @ConditionalOnClass did not find required class 'org.apache.commons.dbcp2.BasicDataSource' (OnClassCondition
)

   DataSourceConfiguration.Generic:
      Did not match:
         - @ConditionalOnProperty (spring.datasource.type) did not find property 'spring.datasource.type' (OnPropertyCo
ndition)

   DataSourceConfiguration.OracleUcp:
      Did not match:
         - @ConditionalOnClass did not find required classes 'oracle.ucp.jdbc.PoolDataSourceImpl', 'oracle.jdbc.OracleC
onnection' (OnClassCondition)

   DataSourceConfiguration.Tomcat:
      Did not match:
         - @ConditionalOnClass did not find required class 'org.apache.tomcat.jdbc.pool.DataSource' (OnClassCondition)

   DataSourceJmxConfiguration:
      Did not match:
         - @ConditionalOnProperty (spring.jmx.enabled=true) found different value in property 'enabled' (OnPropertyCond
ition)

   DataSourcePoolMetadataProvidersConfiguration.CommonsDbcp2PoolDataSourceMetadataProviderConfiguration:
      Did not match:
         - @ConditionalOnClass did not find required class 'org.apache.commons.dbcp2.BasicDataSource' (OnClassCondition
)

   DataSourcePoolMetadataProvidersConfiguration.OracleUcpPoolDataSourceMetadataProviderConfiguration:
      Did not match:
         - @ConditionalOnClass did not find required classes 'oracle.ucp.jdbc.PoolDataSource', 'oracle.jdbc.OracleConne
ction' (OnClassCondition)

   DataSourcePoolMetadataProvidersConfiguration.TomcatDataSourcePoolMetadataProviderConfiguration:
      Did not match:
         - @ConditionalOnClass did not find required class 'org.apache.tomcat.jdbc.pool.DataSource' (OnClassCondition)

   DdlAutoConfiguration#ddlApplicationRunner:
      Did not match:
         - @ConditionalOnBean (types: com.baomidou.mybatisplus.extension.ddl.IDdl; SearchStrategy: all) did not find an
y beans of type com.baomidou.mybatisplus.extension.ddl.IDdl (OnBeanCondition)

   DispatcherServletAutoConfiguration.DispatcherServletConfiguration#multipartResolver:
      Did not match:
         - @ConditionalOnBean (types: org.springframework.web.multipart.MultipartResolver; SearchStrategy: all) did not
 find any beans of type org.springframework.web.multipart.MultipartResolver (OnBeanCondition)

   ElasticsearchClientAutoConfiguration:
      Did not match:
         - @ConditionalOnClass did not find required class 'co.elastic.clients.elasticsearch.ElasticsearchClient' (OnCl
assCondition)

   ElasticsearchDataAutoConfiguration:
      Did not match:
         - @ConditionalOnClass did not find required class 'org.springframework.data.elasticsearch.client.elc.Elasticse
archTemplate' (OnClassCondition)

   ElasticsearchRepositoriesAutoConfiguration:
      Did not match:
         - @ConditionalOnClass did not find required class 'org.springframework.data.elasticsearch.repository.Elasticse
archRepository' (OnClassCondition)

   ElasticsearchRestClientAutoConfiguration:
      Did not match:
         - @ConditionalOnClass did not find required class 'org.elasticsearch.client.RestClientBuilder' (OnClassConditi
on)

   EmbeddedLdapAutoConfiguration:
      Did not match:
         - @ConditionalOnClass did not find required class 'com.unboundid.ldap.listener.InMemoryDirectoryServer' (OnCla
ssCondition)

   EmbeddedWebServerFactoryCustomizerAutoConfiguration:
      Did not match:
         - Application is deployed as a WAR file. (OnWarDeploymentCondition)
      Matched:
         - @ConditionalOnWebApplication (required) found 'session' scope (OnWebApplicationCondition)

   EmbeddingObservationAutoConfiguration#embeddingModelMeterObservationHandler:
      Did not match:
         - @ConditionalOnBean (types: io.micrometer.core.instrument.MeterRegistry; SearchStrategy: all) did not find an
y beans of type io.micrometer.core.instrument.MeterRegistry (OnBeanCondition)

   ErrorWebFluxAutoConfiguration:
      Did not match:
         - not a reactive web application (OnWebApplicationCondition)
      Matched:
         - @ConditionalOnClass found required class 'org.springframework.web.reactive.config.WebFluxConfigurer' (OnClas
sCondition)

   FlywayAutoConfiguration:
      Did not match:
         - @ConditionalOnClass did not find required class 'org.flywaydb.core.Flyway' (OnClassCondition)

   FreeMarkerAutoConfiguration:
      Did not match:
         - @ConditionalOnClass did not find required class 'freemarker.template.Configuration' (OnClassCondition)

   GraphQlAutoConfiguration:
      Did not match:
         - @ConditionalOnClass did not find required class 'graphql.GraphQL' (OnClassCondition)

   GraphQlQueryByExampleAutoConfiguration:
      Did not match:
         - @ConditionalOnClass did not find required class 'graphql.GraphQL' (OnClassCondition)

   GraphQlQuerydslAutoConfiguration:
      Did not match:
         - @ConditionalOnClass did not find required class 'com.querydsl.core.Query' (OnClassCondition)

   GraphQlRSocketAutoConfiguration:
      Did not match:
         - @ConditionalOnClass did not find required class 'graphql.GraphQL' (OnClassCondition)

   GraphQlReactiveQueryByExampleAutoConfiguration:
      Did not match:
         - @ConditionalOnClass did not find required class 'graphql.GraphQL' (OnClassCondition)

   GraphQlReactiveQuerydslAutoConfiguration:
      Did not match:
         - @ConditionalOnClass did not find required class 'com.querydsl.core.Query' (OnClassCondition)

   GraphQlWebFluxAutoConfiguration:
      Did not match:
         - @ConditionalOnClass did not find required class 'graphql.GraphQL' (OnClassCondition)

   GraphQlWebFluxSecurityAutoConfiguration:
      Did not match:
         - @ConditionalOnClass did not find required class 'graphql.GraphQL' (OnClassCondition)

   GraphQlWebMvcAutoConfiguration:
      Did not match:
         - @ConditionalOnClass did not find required class 'graphql.GraphQL' (OnClassCondition)

   GraphQlWebMvcSecurityAutoConfiguration:
      Did not match:
         - @ConditionalOnClass did not find required class 'graphql.GraphQL' (OnClassCondition)

   GroovyTemplateAutoConfiguration:
      Did not match:
         - @ConditionalOnClass did not find required class 'groovy.text.markup.MarkupTemplateEngine' (OnClassCondition)

   GsonAutoConfiguration:
      Did not match:
         - @ConditionalOnClass did not find required class 'com.google.gson.Gson' (OnClassCondition)

   GsonHttpMessageConvertersConfiguration:
      Did not match:
         - @ConditionalOnClass did not find required class 'com.google.gson.Gson' (OnClassCondition)

   HazelcastAutoConfiguration:
      Did not match:
         - @ConditionalOnClass did not find required class 'com.hazelcast.core.HazelcastInstance' (OnClassCondition)

   HazelcastCacheConfiguration:
      Did not match:
         - @ConditionalOnClass did not find required class 'com.hazelcast.core.HazelcastInstance' (OnClassCondition)

   HazelcastJpaDependencyAutoConfiguration:
      Did not match:
         - @ConditionalOnClass did not find required class 'com.hazelcast.core.HazelcastInstance' (OnClassCondition)

   HibernateJpaAutoConfiguration:
      Did not match:
         - @ConditionalOnClass did not find required class 'jakarta.persistence.EntityManager' (OnClassCondition)

   HttpHandlerAutoConfiguration:
      Did not match:
         - not a reactive web application (OnWebApplicationCondition)
      Matched:
         - @ConditionalOnClass found required classes 'org.springframework.web.reactive.DispatcherHandler', 'org.spring
framework.http.server.reactive.HttpHandler' (OnClassCondition)

   HypermediaAutoConfiguration:
      Did not match:
         - @ConditionalOnClass did not find required class 'org.springframework.hateoas.EntityModel' (OnClassCondition)

   IdentifierGeneratorAutoConfiguration:
      Did not match:
         - @ConditionalOnClass did not find required class 'org.springframework.cloud.commons.util.InetUtils' (OnClassC
ondition)

   ImageObservationAutoConfiguration.TracerNotPresentObservationConfiguration#imageModelPromptContentObservationHandler
:
      Did not match:
         - @ConditionalOnProperty (spring.ai.image.observations.log-prompt=true) did not find property 'log-prompt' (On
PropertyCondition)

   ImageObservationAutoConfiguration.TracerPresentObservationConfiguration:
      Did not match:
         - @ConditionalOnClass did not find required class 'io.micrometer.tracing.Tracer' (OnClassCondition)

   InfinispanCacheConfiguration:
      Did not match:
         - @ConditionalOnClass did not find required class 'org.infinispan.spring.embedded.provider.SpringEmbeddedCache
Manager' (OnClassCondition)

   InfluxDbAutoConfiguration:
      Did not match:
         - @ConditionalOnClass did not find required class 'org.influxdb.InfluxDB' (OnClassCondition)

   IntegrationAutoConfiguration:
      Did not match:
         - @ConditionalOnClass did not find required class 'org.springframework.integration.config.EnableIntegration' (
OnClassCondition)

   JCacheCacheConfiguration:
      Did not match:
         - @ConditionalOnClass did not find required class 'javax.cache.Caching' (OnClassCondition)

   JacksonHttpMessageConvertersConfiguration.MappingJackson2XmlHttpMessageConverterConfiguration:
      Did not match:
         - @ConditionalOnClass did not find required class 'com.fasterxml.jackson.dataformat.xml.XmlMapper' (OnClassCon
dition)

   JdbcRepositoriesAutoConfiguration:
      Did not match:
         - @ConditionalOnClass did not find required class 'org.springframework.data.jdbc.repository.config.AbstractJdb
cConfiguration' (OnClassCondition)

   JerseyAutoConfiguration:
      Did not match:
         - @ConditionalOnClass did not find required class 'org.glassfish.jersey.server.spring.SpringComponentProvider'
 (OnClassCondition)

   JmsAutoConfiguration:
      Did not match:
         - @ConditionalOnClass did not find required class 'jakarta.jms.Message' (OnClassCondition)

   JmxAutoConfiguration:
      Did not match:
         - @ConditionalOnProperty (spring.jmx.enabled=true) found different value in property 'enabled' (OnPropertyCond
ition)
      Matched:
         - @ConditionalOnClass found required class 'org.springframework.jmx.export.MBeanExporter' (OnClassCondition)

   JndiConnectionFactoryAutoConfiguration:
      Did not match:
         - @ConditionalOnClass did not find required class 'org.springframework.jms.core.JmsTemplate' (OnClassCondition
)

   JndiDataSourceAutoConfiguration:
      Did not match:
         - @ConditionalOnProperty (spring.datasource.jndi-name) did not find property 'jndi-name' (OnPropertyCondition)
      Matched:
         - @ConditionalOnClass found required classes 'javax.sql.DataSource', 'org.springframework.jdbc.datasource.embe
dded.EmbeddedDatabaseType' (OnClassCondition)

   JooqAutoConfiguration:
      Did not match:
         - @ConditionalOnClass did not find required class 'org.jooq.DSLContext' (OnClassCondition)

   JpaRepositoriesAutoConfiguration:
      Did not match:
         - @ConditionalOnClass did not find required class 'org.springframework.data.jpa.repository.JpaRepository' (OnC
lassCondition)

   JsonbAutoConfiguration:
      Did not match:
         - @ConditionalOnClass did not find required class 'jakarta.json.bind.Jsonb' (OnClassCondition)

   JsonbHttpMessageConvertersConfiguration:
      Did not match:
         - @ConditionalOnClass did not find required class 'jakarta.json.bind.Jsonb' (OnClassCondition)

   JtaAutoConfiguration:
      Did not match:
         - @ConditionalOnClass did not find required class 'jakarta.transaction.Transaction' (OnClassCondition)

   KafkaAutoConfiguration:
      Did not match:
         - @ConditionalOnClass did not find required class 'org.springframework.kafka.core.KafkaTemplate' (OnClassCondi
tion)

   LdapAutoConfiguration:
      Did not match:
         - @ConditionalOnClass did not find required class 'org.springframework.ldap.core.ContextSource' (OnClassCondit
ion)

   LdapRepositoriesAutoConfiguration:
      Did not match:
         - @ConditionalOnClass did not find required class 'org.springframework.data.ldap.repository.LdapRepository' (O
nClassCondition)

   LiquibaseAutoConfiguration:
      Did not match:
         - @ConditionalOnClass did not find required class 'liquibase.change.DatabaseChange' (OnClassCondition)

   MailSenderAutoConfiguration:
      Did not match:
         - @ConditionalOnClass did not find required class 'jakarta.mail.internet.MimeMessage' (OnClassCondition)

   MailSenderValidatorAutoConfiguration:
      Did not match:
         - @ConditionalOnProperty (spring.mail.test-connection) did not find property 'test-connection' (OnPropertyCond
ition)

   MessageSourceAutoConfiguration:
      Did not match:
         - ResourceBundle did not find bundle with basename messages (MessageSourceAutoConfiguration.ResourceBundleCond
ition)

   MongoAutoConfiguration:
      Did not match:
         - @ConditionalOnClass did not find required class 'com.mongodb.client.MongoClient' (OnClassCondition)

   MongoDataAutoConfiguration:
      Did not match:
         - @ConditionalOnClass did not find required class 'com.mongodb.client.MongoClient' (OnClassCondition)

   MongoReactiveAutoConfiguration:
      Did not match:
         - @ConditionalOnClass did not find required class 'com.mongodb.reactivestreams.client.MongoClient' (OnClassCon
dition)

   MongoReactiveDataAutoConfiguration:
      Did not match:
         - @ConditionalOnClass did not find required class 'com.mongodb.reactivestreams.client.MongoClient' (OnClassCon
dition)

   MongoReactiveRepositoriesAutoConfiguration:
      Did not match:
         - @ConditionalOnClass did not find required class 'com.mongodb.reactivestreams.client.MongoClient' (OnClassCon
dition)

   MongoRepositoriesAutoConfiguration:
      Did not match:
         - @ConditionalOnClass did not find required class 'com.mongodb.client.MongoClient' (OnClassCondition)

   MustacheAutoConfiguration:
      Did not match:
         - @ConditionalOnClass did not find required class 'com.samskivert.mustache.Mustache' (OnClassCondition)

   MybatisPlusAutoConfiguration.MapperScannerRegistrarNotFoundConfiguration:
      Did not match:
         - @ConditionalOnMissingBean (types: org.mybatis.spring.mapper.MapperFactoryBean,org.mybatis.spring.mapper.Mapp
erScannerConfigurer; SearchStrategy: all) found beans of type 'org.mybatis.spring.mapper.MapperScannerConfigurer' com.t
lq.rectagent.RectAgentApplication#MapperScannerRegistrar#0 (OnBeanCondition)

   MybatisPlusInnerInterceptorAutoConfiguration:
      Did not match:
         - @ConditionalOnBean (types: com.baomidou.mybatisplus.extension.plugins.inner.InnerInterceptor; SearchStrategy
: all) did not find any beans of type com.baomidou.mybatisplus.extension.plugins.inner.InnerInterceptor (OnBeanConditio
n)

   MybatisPlusLanguageDriverAutoConfiguration.FreeMarkerConfiguration:
      Did not match:
         - @ConditionalOnClass did not find required classes 'org.mybatis.scripting.freemarker.FreeMarkerLanguageDriver
', 'org.mybatis.scripting.freemarker.FreeMarkerLanguageDriverConfig' (OnClassCondition)

   MybatisPlusLanguageDriverAutoConfiguration.LegacyFreeMarkerConfiguration:
      Did not match:
         - @ConditionalOnClass did not find required class 'org.mybatis.scripting.freemarker.FreeMarkerLanguageDriver' 
(OnClassCondition)

   MybatisPlusLanguageDriverAutoConfiguration.LegacyVelocityConfiguration:
      Did not match:
         - @ConditionalOnClass did not find required class 'org.mybatis.scripting.velocity.Driver' (OnClassCondition)

   MybatisPlusLanguageDriverAutoConfiguration.ThymeleafConfiguration:
      Did not match:
         - @ConditionalOnClass did not find required class 'org.mybatis.scripting.thymeleaf.ThymeleafLanguageDriver' (O
nClassCondition)

   MybatisPlusLanguageDriverAutoConfiguration.VelocityConfiguration:
      Did not match:
         - @ConditionalOnClass did not find required classes 'org.mybatis.scripting.velocity.VelocityLanguageDriver', '
org.mybatis.scripting.velocity.VelocityLanguageDriverConfig' (OnClassCondition)

   Neo4jAutoConfiguration:
      Did not match:
         - @ConditionalOnClass did not find required class 'org.neo4j.driver.Driver' (OnClassCondition)

   Neo4jDataAutoConfiguration:
      Did not match:
         - @ConditionalOnClass did not find required class 'org.neo4j.driver.Driver' (OnClassCondition)

   Neo4jReactiveDataAutoConfiguration:
      Did not match:
         - @ConditionalOnClass did not find required class 'org.neo4j.driver.Driver' (OnClassCondition)

   Neo4jReactiveRepositoriesAutoConfiguration:
      Did not match:
         - @ConditionalOnClass did not find required class 'org.neo4j.driver.Driver' (OnClassCondition)

   Neo4jRepositoriesAutoConfiguration:
      Did not match:
         - @ConditionalOnClass did not find required class 'org.neo4j.driver.Driver' (OnClassCondition)

   NettyAutoConfiguration:
      Did not match:
         - @ConditionalOnClass did not find required class 'io.netty.util.NettyRuntime' (OnClassCondition)

   OAuth2AuthorizationServerAutoConfiguration:
      Did not match:
         - @ConditionalOnClass did not find required class 'org.springframework.security.oauth2.server.authorization.OA
uth2Authorization' (OnClassCondition)

   OAuth2AuthorizationServerJwtAutoConfiguration:
      Did not match:
         - @ConditionalOnClass did not find required class 'org.springframework.security.oauth2.server.authorization.OA
uth2Authorization' (OnClassCondition)

   OAuth2ClientAutoConfiguration:
      Did not match:
         - @ConditionalOnClass did not find required class 'org.springframework.security.config.annotation.web.configur
ation.EnableWebSecurity' (OnClassCondition)

   OAuth2ResourceServerAutoConfiguration:
      Did not match:
         - @ConditionalOnClass did not find required class 'org.springframework.security.oauth2.server.resource.authent
ication.BearerTokenAuthenticationToken' (OnClassCondition)

   ProjectInfoAutoConfiguration#buildProperties:
      Did not match:
         - @ConditionalOnResource did not find resource '${spring.info.build.location:classpath:META-INF/build-info.pro
perties}' (OnResourceCondition)

   ProjectInfoAutoConfiguration#gitProperties:
      Did not match:
         - GitResource did not find git info at classpath:git.properties (ProjectInfoAutoConfiguration.GitResourceAvail
ableCondition)

   PulsarAutoConfiguration:
      Did not match:
         - @ConditionalOnClass did not find required class 'org.apache.pulsar.client.api.PulsarClient' (OnClassConditio
n)

   PulsarReactiveAutoConfiguration:
      Did not match:
         - @ConditionalOnClass did not find required class 'org.apache.pulsar.client.api.PulsarClient' (OnClassConditio
n)

   QuartzAutoConfiguration:
      Did not match:
         - @ConditionalOnClass did not find required class 'org.quartz.Scheduler' (OnClassCondition)

   R2dbcAutoConfiguration:
      Did not match:
         - @ConditionalOnClass did not find required class 'io.r2dbc.spi.ConnectionFactory' (OnClassCondition)

   R2dbcDataAutoConfiguration:
      Did not match:
         - @ConditionalOnClass did not find required class 'org.springframework.data.r2dbc.core.R2dbcEntityTemplate' (O
nClassCondition)

   R2dbcInitializationConfiguration:
      Did not match:
         - @ConditionalOnClass did not find required classes 'io.r2dbc.spi.ConnectionFactory', 'org.springframework.r2d
bc.connection.init.DatabasePopulator' (OnClassCondition)

   R2dbcRepositoriesAutoConfiguration:
      Did not match:
         - @ConditionalOnClass did not find required class 'io.r2dbc.spi.ConnectionFactory' (OnClassCondition)

   R2dbcTransactionManagerAutoConfiguration:
      Did not match:
         - @ConditionalOnClass did not find required class 'org.springframework.r2dbc.connection.R2dbcTransactionManage
r' (OnClassCondition)

   RSocketGraphQlClientAutoConfiguration:
      Did not match:
         - @ConditionalOnClass did not find required class 'graphql.GraphQL' (OnClassCondition)

   RSocketMessagingAutoConfiguration:
      Did not match:
         - @ConditionalOnClass did not find required class 'io.rsocket.RSocket' (OnClassCondition)

   RSocketRequesterAutoConfiguration:
      Did not match:
         - @ConditionalOnClass did not find required class 'io.rsocket.RSocket' (OnClassCondition)

   RSocketSecurityAutoConfiguration:
      Did not match:
         - @ConditionalOnClass did not find required class 'org.springframework.security.rsocket.core.SecuritySocketAcc
eptorInterceptor' (OnClassCondition)

   RSocketServerAutoConfiguration:
      Did not match:
         - @ConditionalOnClass did not find required class 'io.rsocket.core.RSocketServer' (OnClassCondition)

   RSocketStrategiesAutoConfiguration:
      Did not match:
         - @ConditionalOnClass did not find required class 'io.netty.buffer.PooledByteBufAllocator' (OnClassCondition)

   RabbitAutoConfiguration:
      Did not match:
         - @ConditionalOnClass did not find required class 'com.rabbitmq.client.Channel' (OnClassCondition)

   ReactiveElasticsearchClientAutoConfiguration:
      Did not match:
         - @ConditionalOnClass did not find required class 'co.elastic.clients.transport.ElasticsearchTransport' (OnCla
ssCondition)

   ReactiveElasticsearchRepositoriesAutoConfiguration:
      Did not match:
         - @ConditionalOnClass did not find required class 'org.springframework.data.elasticsearch.client.elc.ReactiveE
lasticsearchClient' (OnClassCondition)

   ReactiveMultipartAutoConfiguration:
      Did not match:
         - not a reactive web application (OnWebApplicationCondition)
      Matched:
         - @ConditionalOnClass found required classes 'org.springframework.http.codec.multipart.DefaultPartHttpMessageR
eader', 'org.springframework.web.reactive.config.WebFluxConfigurer' (OnClassCondition)

   ReactiveOAuth2ClientAutoConfiguration:
      Did not match:
         - @ConditionalOnClass did not find required class 'org.springframework.security.config.annotation.web.reactive
.EnableWebFluxSecurity' (OnClassCondition)

   ReactiveOAuth2ResourceServerAutoConfiguration:
      Did not match:
         - @ConditionalOnClass did not find required class 'org.springframework.security.config.annotation.web.reactive
.EnableWebFluxSecurity' (OnClassCondition)

   ReactiveSecurityAutoConfiguration:
      Did not match:
         - @ConditionalOnClass did not find required class 'org.springframework.security.config.annotation.web.reactive
.EnableWebFluxSecurity' (OnClassCondition)

   ReactiveUserDetailsServiceAutoConfiguration:
      Did not match:
         - @ConditionalOnClass did not find required class 'org.springframework.security.authentication.ReactiveAuthent
icationManager' (OnClassCondition)

   ReactiveWebServerFactoryAutoConfiguration:
      Did not match:
         - not a reactive web application (OnWebApplicationCondition)
      Matched:
         - @ConditionalOnClass found required class 'org.springframework.http.ReactiveHttpInputMessage' (OnClassConditi
on)

   RedisAutoConfiguration:
      Did not match:
         - @ConditionalOnClass did not find required class 'org.springframework.data.redis.core.RedisOperations' (OnCla
ssCondition)

   RedisCacheConfiguration:
      Did not match:
         - @ConditionalOnClass did not find required class 'org.springframework.data.redis.connection.RedisConnectionFa
ctory' (OnClassCondition)

   RedisReactiveAutoConfiguration:
      Did not match:
         - @ConditionalOnClass did not find required class 'org.springframework.data.redis.connection.ReactiveRedisConn
ectionFactory' (OnClassCondition)

   RedisRepositoriesAutoConfiguration:
      Did not match:
         - @ConditionalOnClass did not find required class 'org.springframework.data.redis.repository.configuration.Ena
bleRedisRepositories' (OnClassCondition)

   RepositoryRestMvcAutoConfiguration:
      Did not match:
         - @ConditionalOnClass did not find required class 'org.springframework.data.rest.webmvc.config.RepositoryRestM
vcConfiguration' (OnClassCondition)

   Saml2RelyingPartyAutoConfiguration:
      Did not match:
         - @ConditionalOnClass did not find required class 'org.springframework.security.saml2.provider.service.registr
ation.RelyingPartyRegistrationRepository' (OnClassCondition)

   SecurityAutoConfiguration:
      Did not match:
         - @ConditionalOnClass did not find required class 'org.springframework.security.authentication.DefaultAuthenti
cationEventPublisher' (OnClassCondition)

   SecurityFilterAutoConfiguration:
      Did not match:
         - @ConditionalOnClass did not find required class 'org.springframework.security.config.http.SessionCreationPol
icy' (OnClassCondition)

   SendGridAutoConfiguration:
      Did not match:
         - @ConditionalOnClass did not find required class 'com.sendgrid.SendGrid' (OnClassCondition)

   ServletWebServerFactoryAutoConfiguration.ForwardedHeaderFilterConfiguration:
      Did not match:
         - @ConditionalOnProperty (server.forward-headers-strategy=framework) did not find property 'server.forward-hea
ders-strategy' (OnPropertyCondition)

   ServletWebServerFactoryConfiguration.EmbeddedJetty:
      Did not match:
         - @ConditionalOnClass did not find required classes 'org.eclipse.jetty.server.Server', 'org.eclipse.jetty.util
.Loader', 'org.eclipse.jetty.ee10.webapp.WebAppContext' (OnClassCondition)

   ServletWebServerFactoryConfiguration.EmbeddedUndertow:
      Did not match:
         - @ConditionalOnClass did not find required classes 'io.undertow.Undertow', 'org.xnio.SslClientAuthMode' (OnCl
assCondition)

   SessionAutoConfiguration:
      Did not match:
         - @ConditionalOnClass did not find required class 'org.springframework.session.Session' (OnClassCondition)

   SpringApplicationAdminJmxAutoConfiguration:
      Did not match:
         - @ConditionalOnProperty (spring.application.admin.enabled=true) did not find property 'enabled' (OnPropertyCo
ndition)

   SpringDataWebAutoConfiguration:
      Did not match:
         - @ConditionalOnClass did not find required class 'org.springframework.data.web.PageableHandlerMethodArgumentR
esolver' (OnClassCondition)

   TaskExecutorConfigurations.SimpleAsyncTaskExecutorBuilderConfiguration#simpleAsyncTaskExecutorBuilderVirtualThreads:
      Did not match:
         - @ConditionalOnMissingBean (types: org.springframework.boot.task.SimpleAsyncTaskExecutorBuilder; SearchStrate
gy: all) found beans of type 'org.springframework.boot.task.SimpleAsyncTaskExecutorBuilder' simpleAsyncTaskExecutorBuil
der (OnBeanCondition)

   TaskExecutorConfigurations.TaskExecutorConfiguration#applicationTaskExecutorVirtualThreads:
      Did not match:
         - @ConditionalOnThreading did not find VIRTUAL (OnThreadingCondition)

   TaskSchedulingAutoConfiguration#scheduledBeanLazyInitializationExcludeFilter:
      Did not match:
         - @ConditionalOnBean (names: org.springframework.context.annotation.internalScheduledAnnotationProcessor; Sear
chStrategy: all) did not find any beans named org.springframework.context.annotation.internalScheduledAnnotationProcess
or (OnBeanCondition)

   TaskSchedulingConfigurations.SimpleAsyncTaskSchedulerBuilderConfiguration#simpleAsyncTaskSchedulerBuilderVirtualThre
ads:
      Did not match:
         - @ConditionalOnMissingBean (types: org.springframework.boot.task.SimpleAsyncTaskSchedulerBuilder; SearchStrat
egy: all) found beans of type 'org.springframework.boot.task.SimpleAsyncTaskSchedulerBuilder' simpleAsyncTaskSchedulerB
uilder (OnBeanCondition)

   TaskSchedulingConfigurations.TaskSchedulerConfiguration:
      Did not match:
         - @ConditionalOnBean (names: org.springframework.context.annotation.internalScheduledAnnotationProcessor; Sear
chStrategy: all) did not find any beans named org.springframework.context.annotation.internalScheduledAnnotationProcess
or (OnBeanCondition)

   ThymeleafAutoConfiguration:
      Did not match:
         - @ConditionalOnClass did not find required class 'org.thymeleaf.spring6.SpringTemplateEngine' (OnClassConditi
on)

   ToolCallingAutoConfiguration#toolCallingContentObservationFilter:
      Did not match:
         - @ConditionalOnProperty (spring.ai.tools.observations.include-content=true) did not find property 'include-co
ntent' (OnPropertyCondition)

   TransactionAutoConfiguration#transactionalOperator:
      Did not match:
         - @ConditionalOnSingleCandidate (types: org.springframework.transaction.ReactiveTransactionManager; SearchStra
tegy: all) did not find any beans (OnBeanCondition)

   TransactionAutoConfiguration.AspectJTransactionManagementConfiguration:
      Did not match:
         - @ConditionalOnBean did not find required type 'org.springframework.transaction.aspectj.AbstractTransactionAs
pect' (OnBeanCondition)
         - @ConditionalOnBean (types: org.springframework.transaction.aspectj.AbstractTransactionAspect; SearchStrategy
: all) did not find any beans of type org.springframework.transaction.aspectj.AbstractTransactionAspect (OnBeanConditio
n)

   TransactionAutoConfiguration.EnableTransactionManagementConfiguration.JdkDynamicAutoProxyConfiguration:
      Did not match:
         - @ConditionalOnProperty (spring.aop.proxy-target-class=false) did not find property 'proxy-target-class' (OnP
ropertyCondition)

   UserDetailsServiceAutoConfiguration:
      Did not match:
         - @ConditionalOnClass did not find required class 'org.springframework.security.authentication.AuthenticationM
anager' (OnClassCondition)

   ValidationAutoConfiguration:
2026-03-26 22:03:04.108 [main] [] INFO  o.s.b.a.l.ConditionEvaluationReportLogger - 
      Did not match:
         - @ConditionalOnClass did not find required class 'jakarta.validation.executable.ExecutableValidator' (OnClass
Condition)

   WebFluxAutoConfiguration:
      Did not match:
         - not a reactive web application (OnWebApplicationCondition)
      Matched:
         - @ConditionalOnClass found required class 'org.springframework.web.reactive.config.WebFluxConfigurer' (OnClas
sCondition)

Error starting ApplicationContext. To display the condition evaluation report re-run your application with 'debug' enabled.
2026-03-26 22:03:04.111 [main] [] ERROR o.s.boot.SpringApplication - Application run failed
org.springframework.beans.factory.UnsatisfiedDependencyException: Error creating bean with name 'capabilityRoutingStrategy': Unsatisfied dependency expressed through field 'modelPool': Error creating bean with name 'com.tlq.rectagent.config.ModelAutoConfiguration': Unsatisfied dependency expressed through field 'chatModelPool': Error creating bean with name 'chatModelPool': Requested bean is currently in creation: Is there an unresolvable circular reference?
	at org.springframework.beans.factory.annotation.AutowiredAnnotationBeanPostProcessor$AutowiredFieldElement.resolveFieldValue(AutowiredAnnotationBeanPostProcessor.java:788)
	at org.springframework.beans.factory.annotation.AutowiredAnnotationBeanPostProcessor$AutowiredFieldElement.inject(AutowiredAnnotationBeanPostProcessor.java:768)
	at org.springframework.beans.factory.annotation.InjectionMetadata.inject(InjectionMetadata.java:145)

   WebMvcAutoConfiguration#hiddenHttpMethodFilter:
      Did not match:
         - @ConditionalOnProperty (spring.mvc.hiddenmethod.filter.enabled) did not find property 'enabled' (OnPropertyC
ondition)

   WebMvcAutoConfiguration.ProblemDetailsErrorHandlingConfiguration:
      Did not match:
         - @ConditionalOnProperty (spring.mvc.problemdetails.enabled=true) did not find property 'enabled' (OnPropertyC
ondition)

   WebMvcAutoConfiguration.ResourceChainCustomizerConfiguration:
	at org.springframework.beans.factory.annotation.AutowiredAnnotationBeanPostProcessor.postProcessProperties(AutowiredAnnotationBeanPostProcessor.java:509)
	at org.springframework.beans.factory.support.AbstractAutowireCapableBeanFactory.populateBean(AbstractAutowireCapableBeanFactory.java:1439)
	at org.springframework.beans.factory.support.AbstractAutowireCapableBeanFactory.doCreateBean(AbstractAutowireCapableBeanFactory.java:599)
	at org.springframework.beans.factory.support.AbstractAutowireCapableBeanFactory.createBean(AbstractAutowireCapableBeanFactory.java:522)
	at org.springframework.beans.factory.support.AbstractBeanFactory.lambda$doGetBean$0(AbstractBeanFactory.java:337)
	at org.springframework.beans.factory.support.DefaultSingletonBeanRegistry.getSingleton(DefaultSingletonBeanRegistry.java:234)
	at org.springframework.beans.factory.support.AbstractBeanFactory.doGetBean(AbstractBeanFactory.java:335)
	at org.springframework.beans.factory.support.AbstractBeanFactory.getBean(AbstractBeanFactory.java:200)
      Did not match:
         - @ConditionalOnEnabledResourceChain did not find class org.webjars.WebJarAssetLocator (OnEnabledResourceChain
Condition)

   WebMvcAutoConfiguration.WebMvcAutoConfigurationAdapter#beanNameViewResolver:
      Did not match:
         - @ConditionalOnMissingBean (types: org.springframework.web.servlet.view.BeanNameViewResolver; SearchStrategy:
 all) found beans of type 'org.springframework.web.servlet.view.BeanNameViewResolver' beanNameViewResolver (OnBeanCondi
tion)

   WebServiceTemplateAutoConfiguration:
	at org.springframework.beans.factory.support.DefaultListableBeanFactory.preInstantiateSingletons(DefaultListableBeanFactory.java:975)
	at org.springframework.context.support.AbstractApplicationContext.finishBeanFactoryInitialization(AbstractApplicationContext.java:971)
	at org.springframework.context.support.AbstractApplicationContext.refresh(AbstractApplicationContext.java:625)
	at org.springframework.boot.SpringApplication.refresh(SpringApplication.java:754)
	at org.springframework.boot.SpringApplication.refreshContext(SpringApplication.java:456)
	at org.springframework.boot.SpringApplication.run(SpringApplication.java:335)
	at org.springframework.boot.test.context.SpringBootContextLoader.lambda$loadContext$3(SpringBootContextLoader.java:137)
	at org.springframework.util.function.ThrowingSupplier.get(ThrowingSupplier.java:58)
	at org.springframework.util.function.ThrowingSupplier.get(ThrowingSupplier.java:46)
	at org.springframework.boot.SpringApplication.withHook(SpringApplication.java:1463)
	at org.springframework.boot.test.context.SpringBootContextLoader$ContextLoaderHook.run(SpringBootContextLoader.java:553)
	at org.springframework.boot.test.context.SpringBootContextLoader.loadContext(SpringBootContextLoader.java:137)
      Did not match:
         - @ConditionalOnClass did not find required class 'org.springframework.oxm.Marshaller' (OnClassCondition)

   WebServicesAutoConfiguration:
      Did not match:
         - @ConditionalOnClass did not find required class 'org.springframework.ws.transport.http.MessageDispatcherServ
let' (OnClassCondition)

   WebSessionIdResolverAutoConfiguration:
      Did not match:
         - not a reactive web application (OnWebApplicationCondition)
      Matched:
         - @ConditionalOnClass found required classes 'org.springframework.web.server.session.WebSessionManager', 'reac
tor.core.publisher.Mono' (OnClassCondition)
	at org.springframework.boot.test.context.SpringBootContextLoader.loadContext(SpringBootContextLoader.java:108)
	at org.springframework.test.context.cache.DefaultCacheAwareContextLoaderDelegate.loadContextInternal(DefaultCacheAwareContextLoaderDelegate.java:225)
	at org.springframework.test.context.cache.DefaultCacheAwareContextLoaderDelegate.loadContext(DefaultCacheAwareContextLoaderDelegate.java:152)
	at org.springframework.test.context.support.DefaultTestContext.getApplicationContext(DefaultTestContext.java:130)
	at org.springframework.test.context.web.ServletTestExecutionListener.setUpRequestContextIfNecessary(ServletTestExecutionListener.java:191)

   WebSocketMessagingAutoConfiguration:
      Did not match:
         - @ConditionalOnClass did not find required class 'org.springframework.web.socket.config.annotation.WebSocketM
essageBrokerConfigurer' (OnClassCondition)

   WebSocketReactiveAutoConfiguration:
      Did not match:
         - not a reactive web application (OnWebApplicationCondition)
      Matched:
         - @ConditionalOnClass found required classes 'jakarta.servlet.Servlet', 'jakarta.websocket.server.ServerContai
ner' (OnClassCondition)

	at org.springframework.test.context.web.ServletTestExecutionListener.prepareTestInstance(ServletTestExecutionListener.java:130)
	at org.springframework.test.context.TestContextManager.prepareTestInstance(TestContextManager.java:260)
	at org.springframework.test.context.junit.jupiter.SpringExtension.postProcessTestInstance(SpringExtension.java:163)
	at org.junit.jupiter.engine.descriptor.ClassBasedTestDescriptor.lambda$invokeTestInstancePostProcessors$10(ClassBasedTestDescriptor.java:378)
	at org.junit.jupiter.engine.descriptor.ClassBasedTestDescriptor.executeAndMaskThrowable(ClassBasedTestDescriptor.java:383)
	at org.junit.jupiter.engine.descriptor.ClassBasedTestDescriptor.lambda$invokeTestInstancePostProcessors$11(ClassBasedTestDescriptor.java:378)
	at java.base/java.util.stream.ReferencePipeline$3$1.accept(ReferencePipeline.java:197)
   WebSocketServletAutoConfiguration.JettyWebSocketConfiguration:
      Did not match:
         - @ConditionalOnClass did not find required class 'org.eclipse.jetty.ee10.websocket.jakarta.server.config.Jaka
rtaWebSocketServletContainerInitializer' (OnClassCondition)

   WebSocketServletAutoConfiguration.UndertowWebSocketConfiguration:
      Did not match:
         - @ConditionalOnClass did not find required class 'io.undertow.websockets.jsr.Bootstrap' (OnClassCondition)
	at java.base/java.util.stream.ReferencePipeline$2$1.accept(ReferencePipeline.java:179)
	at java.base/java.util.ArrayList$ArrayListSpliterator.forEachRemaining(ArrayList.java:1708)
	at java.base/java.util.stream.AbstractPipeline.copyInto(AbstractPipeline.java:509)
	at java.base/java.util.stream.AbstractPipeline.wrapAndCopyInto(AbstractPipeline.java:499)
	at java.base/java.util.stream.StreamSpliterators$WrappingSpliterator.forEachRemaining(StreamSpliterators.java:310)
	at java.base/java.util.stream.Streams$ConcatSpliterator.forEachRemaining(Streams.java:735)

   XADataSourceAutoConfiguration:
      Did not match:
         - @ConditionalOnClass did not find required class 'jakarta.transaction.TransactionManager' (OnClassCondition)


Exclusions:
-----------

    None


	at java.base/java.util.stream.Streams$ConcatSpliterator.forEachRemaining(Streams.java:734)
	at java.base/java.util.stream.ReferencePipeline$Head.forEach(ReferencePipeline.java:762)
	at org.junit.jupiter.engine.descriptor.ClassBasedTestDescriptor.invokeTestInstancePostProcessors(ClassBasedTestDescriptor.java:377)
	at org.junit.jupiter.engine.descriptor.ClassBasedTestDescriptor.lambda$instantiateAndPostProcessTestInstance$6(ClassBasedTestDescriptor.java:290)
	at org.junit.platform.engine.support.hierarchical.ThrowableCollector.execute(ThrowableCollector.java:73)
Unconditional classes:
----------------------

    org.springframework.boot.autoconfigure.context.ConfigurationPropertiesAutoConfiguration

    org.springframework.boot.autoconfigure.ssl.SslAutoConfiguration

    org.springframework.boot.autoconfigure.context.PropertyPlaceholderAutoConfiguration

    org.springframework.boot.autoconfigure.context.LifecycleAutoConfiguration

    com.tlq.rectagent.config.ModelAutoConfiguration

	at org.junit.jupiter.engine.descriptor.ClassBasedTestDescriptor.instantiateAndPostProcessTestInstance(ClassBasedTestDescriptor.java:289)
	at org.junit.jupiter.engine.descriptor.ClassBasedTestDescriptor.lambda$testInstancesProvider$4(ClassBasedTestDescriptor.java:279)
	at java.base/java.util.Optional.orElseGet(Optional.java:364)
	at org.junit.jupiter.engine.descriptor.ClassBasedTestDescriptor.lambda$testInstancesProvider$5(ClassBasedTestDescriptor.java:278)
	at org.junit.jupiter.engine.execution.TestInstancesProvider.getTestInstances(TestInstancesProvider.java:31)
	at org.junit.jupiter.engine.descriptor.TestMethodTestDescriptor.lambda$prepare$0(TestMethodTestDescriptor.java:106)
	at org.junit.platform.engine.support.hierarchical.ThrowableCollector.execute(ThrowableCollector.java:73)
	at org.junit.jupiter.engine.descriptor.TestMethodTestDescriptor.prepare(TestMethodTestDescriptor.java:105)
	at org.junit.jupiter.engine.descriptor.TestMethodTestDescriptor.prepare(TestMethodTestDescriptor.java:69)
	at org.junit.platform.engine.support.hierarchical.NodeTestTask.lambda$prepare$2(NodeTestTask.java:128)
	at org.junit.platform.engine.support.hierarchical.ThrowableCollector.execute(ThrowableCollector.java:73)
	at org.junit.platform.engine.support.hierarchical.NodeTestTask.prepare(NodeTestTask.java:128)
	at org.junit.platform.engine.support.hierarchical.NodeTestTask.execute(NodeTestTask.java:95)
	at java.base/java.util.ArrayList.forEach(ArrayList.java:1596)
	at org.junit.platform.engine.support.hierarchical.SameThreadHierarchicalTestExecutorService.invokeAll(SameThreadHierarchicalTestExecutorService.java:41)
	at org.junit.platform.engine.support.hierarchical.NodeTestTask.lambda$executeRecursively$6(NodeTestTask.java:160)
	at org.junit.platform.engine.support.hierarchical.ThrowableCollector.execute(ThrowableCollector.java:73)
	at org.junit.platform.engine.support.hierarchical.NodeTestTask.lambda$executeRecursively$8(NodeTestTask.java:146)
	at org.junit.platform.engine.support.hierarchical.Node.around(Node.java:137)
    org.springframework.boot.autoconfigure.availability.ApplicationAvailabilityAutoConfiguration

    org.springframework.boot.autoconfigure.info.ProjectInfoAutoConfiguration



	at org.junit.platform.engine.support.hierarchical.NodeTestTask.lambda$executeRecursively$9(NodeTestTask.java:144)
	at org.junit.platform.engine.support.hierarchical.ThrowableCollector.execute(ThrowableCollector.java:73)
	at org.junit.platform.engine.support.hierarchical.NodeTestTask.executeRecursively(NodeTestTask.java:143)
	at org.junit.platform.engine.support.hierarchical.NodeTestTask.execute(NodeTestTask.java:100)
	at java.base/java.util.ArrayList.forEach(ArrayList.java:1596)
	at org.junit.platform.engine.support.hierarchical.SameThreadHierarchicalTestExecutorService.invokeAll(SameThreadHierarchicalTestExecutorService.java:41)
	at org.junit.platform.engine.support.hierarchical.NodeTestTask.lambda$executeRecursively$6(NodeTestTask.java:160)
	at org.junit.platform.engine.support.hierarchical.ThrowableCollector.execute(ThrowableCollector.java:73)
	at org.junit.platform.engine.support.hierarchical.NodeTestTask.lambda$executeRecursively$8(NodeTestTask.java:146)
	at org.junit.platform.engine.support.hierarchical.Node.around(Node.java:137)
	at org.junit.platform.engine.support.hierarchical.NodeTestTask.lambda$executeRecursively$9(NodeTestTask.java:144)
	at org.junit.platform.engine.support.hierarchical.ThrowableCollector.execute(ThrowableCollector.java:73)
	at org.junit.platform.engine.support.hierarchical.NodeTestTask.executeRecursively(NodeTestTask.java:143)
	at org.junit.platform.engine.support.hierarchical.NodeTestTask.execute(NodeTestTask.java:100)
	at org.junit.platform.engine.support.hierarchical.SameThreadHierarchicalTestExecutorService.submit(SameThreadHierarchicalTestExecutorService.java:35)
	at org.junit.platform.engine.support.hierarchical.HierarchicalTestExecutor.execute(HierarchicalTestExecutor.java:57)
	at org.junit.platform.engine.support.hierarchical.HierarchicalTestEngine.execute(HierarchicalTestEngine.java:54)
	at org.junit.platform.launcher.core.EngineExecutionOrchestrator.execute(EngineExecutionOrchestrator.java:198)
	at org.junit.platform.launcher.core.EngineExecutionOrchestrator.execute(EngineExecutionOrchestrator.java:169)
	at org.junit.platform.launcher.core.EngineExecutionOrchestrator.execute(EngineExecutionOrchestrator.java:93)
	at org.junit.platform.launcher.core.EngineExecutionOrchestrator.lambda$execute$0(EngineExecutionOrchestrator.java:58)
	at org.junit.platform.launcher.core.EngineExecutionOrchestrator.withInterceptedStreams(EngineExecutionOrchestrator.java:141)
	at org.junit.platform.launcher.core.EngineExecutionOrchestrator.execute(EngineExecutionOrchestrator.java:57)
	at org.junit.platform.launcher.core.DefaultLauncher.execute(DefaultLauncher.java:103)
	at org.junit.platform.launcher.core.DefaultLauncher.execute(DefaultLauncher.java:85)
	at org.junit.platform.launcher.core.DelegatingLauncher.execute(DelegatingLauncher.java:47)
	at org.apache.maven.surefire.junitplatform.LazyLauncher.execute(LazyLauncher.java:56)
	at org.apache.maven.surefire.junitplatform.JUnitPlatformProvider.execute(JUnitPlatformProvider.java:184)
	at org.apache.maven.surefire.junitplatform.JUnitPlatformProvider.invokeAllTests(JUnitPlatformProvider.java:148)
	at org.apache.maven.surefire.junitplatform.JUnitPlatformProvider.invoke(JUnitPlatformProvider.java:122)
	at org.apache.maven.surefire.booter.ForkedBooter.runSuitesInProcess(ForkedBooter.java:385)
	at org.apache.maven.surefire.booter.ForkedBooter.execute(ForkedBooter.java:162)
	at org.apache.maven.surefire.booter.ForkedBooter.run(ForkedBooter.java:507)
	at org.apache.maven.surefire.booter.ForkedBooter.main(ForkedBooter.java:495)
Caused by: org.springframework.beans.factory.UnsatisfiedDependencyException: Error creating bean with name 'com.tlq.rectagent.config.ModelAutoConfiguration': Unsatisfied dependency expressed through field 'chatModelPool': Error creating bean with name 'chatModelPool': Requested bean is currently in creation: Is there an unresolvable circular reference?
	at org.springframework.beans.factory.annotation.AutowiredAnnotationBeanPostProcessor$AutowiredFieldElement.resolveFieldValue(AutowiredAnnotationBeanPostProcessor.java:788)
	at org.springframework.beans.factory.annotation.AutowiredAnnotationBeanPostProcessor$AutowiredFieldElement.inject(AutowiredAnnotationBeanPostProcessor.java:768)
	at org.springframework.beans.factory.annotation.InjectionMetadata.inject(InjectionMetadata.java:145)
	at org.springframework.beans.factory.annotation.AutowiredAnnotationBeanPostProcessor.postProcessProperties(AutowiredAnnotationBeanPostProcessor.java:509)
	at org.springframework.beans.factory.support.AbstractAutowireCapableBeanFactory.populateBean(AbstractAutowireCapableBeanFactory.java:1439)
	at org.springframework.beans.factory.support.AbstractAutowireCapableBeanFactory.doCreateBean(AbstractAutowireCapableBeanFactory.java:599)
	at org.springframework.beans.factory.support.AbstractAutowireCapableBeanFactory.createBean(AbstractAutowireCapableBeanFactory.java:522)
	at org.springframework.beans.factory.support.AbstractBeanFactory.lambda$doGetBean$0(AbstractBeanFactory.java:337)
	at org.springframework.beans.factory.support.DefaultSingletonBeanRegistry.getSingleton(DefaultSingletonBeanRegistry.java:234)
	at org.springframework.beans.factory.support.AbstractBeanFactory.doGetBean(AbstractBeanFactory.java:335)
	at org.springframework.beans.factory.support.AbstractBeanFactory.getBean(AbstractBeanFactory.java:200)
	at org.springframework.beans.factory.support.ConstructorResolver.instantiateUsingFactoryMethod(ConstructorResolver.java:409)
	at org.springframework.beans.factory.support.AbstractAutowireCapableBeanFactory.instantiateUsingFactoryMethod(AbstractAutowireCapableBeanFactory.java:1355)
	at org.springframework.beans.factory.support.AbstractAutowireCapableBeanFactory.createBeanInstance(AbstractAutowireCapableBeanFactory.java:1185)
	at org.springframework.beans.factory.support.AbstractAutowireCapableBeanFactory.doCreateBean(AbstractAutowireCapableBeanFactory.java:562)
	at org.springframework.beans.factory.support.AbstractAutowireCapableBeanFactory.createBean(AbstractAutowireCapableBeanFactory.java:522)
	at org.springframework.beans.factory.support.AbstractBeanFactory.lambda$doGetBean$0(AbstractBeanFactory.java:337)
	at org.springframework.beans.factory.support.DefaultSingletonBeanRegistry.getSingleton(DefaultSingletonBeanRegistry.java:234)
	at org.springframework.beans.factory.support.AbstractBeanFactory.doGetBean(AbstractBeanFactory.java:335)
	at org.springframework.beans.factory.support.AbstractBeanFactory.getBean(AbstractBeanFactory.java:200)
	at org.springframework.beans.factory.config.DependencyDescriptor.resolveCandidate(DependencyDescriptor.java:254)
	at org.springframework.beans.factory.support.DefaultListableBeanFactory.doResolveDependency(DefaultListableBeanFactory.java:1443)
	at org.springframework.beans.factory.support.DefaultListableBeanFactory.resolveDependency(DefaultListableBeanFactory.java:1353)
	at org.springframework.beans.factory.annotation.AutowiredAnnotationBeanPostProcessor$AutowiredFieldElement.resolveFieldValue(AutowiredAnnotationBeanPostProcessor.java:785)
	... 98 common frames omitted
Caused by: org.springframework.beans.factory.BeanCurrentlyInCreationException: Error creating bean with name 'chatModelPool': Requested bean is currently in creation: Is there an unresolvable circular reference?
	at org.springframework.beans.factory.support.DefaultSingletonBeanRegistry.beforeSingletonCreation(DefaultSingletonBeanRegistry.java:355)
	at org.springframework.beans.factory.support.DefaultSingletonBeanRegistry.getSingleton(DefaultSingletonBeanRegistry.java:227)
	at org.springframework.beans.factory.support.AbstractBeanFactory.doGetBean(AbstractBeanFactory.java:335)
	at org.springframework.beans.factory.support.AbstractBeanFactory.getBean(AbstractBeanFactory.java:200)
	at org.springframework.beans.factory.config.DependencyDescriptor.resolveCandidate(DependencyDescriptor.java:254)
	at org.springframework.beans.factory.support.DefaultListableBeanFactory.doResolveDependency(DefaultListableBeanFactory.java:1443)
	at org.springframework.beans.factory.support.DefaultListableBeanFactory.resolveDependency(DefaultListableBeanFactory.java:1353)
	at org.springframework.beans.factory.annotation.AutowiredAnnotationBeanPostProcessor$AutowiredFieldElement.resolveFieldValue(AutowiredAnnotationBeanPostProcessor.java:785)
	... 121 common frames omitted
2026-03-26 22:03:04.114 [main] [] WARN  o.s.test.context.TestContextManager - Caught exception while allowing TestExecutionListener [org.springframework.test.context.web.ServletTestExecutionListener] to prepare test instance [com.tlq.rectagent.scheduler.CoordinatorAgentTest@7e641005]
java.lang.IllegalStateException: Failed to load ApplicationContext for [WebMergedContextConfiguration@652855c4 testClass = com.tlq.rectagent.scheduler.CoordinatorAgentTest, locations = [], classes = [com.tlq.rectagent.RectAgentApplication], contextInitializerClasses = [], activeProfiles = [], propertySourceDescriptors = [], propertySourceProperties = ["org.springframework.boot.test.context.SpringBootTestContextBootstrapper=true"], contextCustomizers = [org.springframework.boot.test.context.filter.ExcludeFilterContextCustomizer@55493582, org.springframework.boot.test.json.DuplicateJsonObjectContextCustomizerFactory$DuplicateJsonObjectContextCustomizer@34158c08, org.springframework.boot.test.mock.mockito.MockitoContextCustomizer@e316cae4, org.springframework.boot.test.web.client.TestRestTemplateContextCustomizer@31dadd46, org.springframework.boot.test.web.reactive.server.WebTestClientContextCustomizer@10cf09e8, org.springframework.boot.test.web.reactor.netty.DisableReactorResourceFactoryGlobalResourcesContextCustomizerFactory$DisableReactorResourceFactoryGlobalResourcesContextCustomizerCustomizer@63787180, org.springframework.boot.test.autoconfigure.OnFailureConditionReportContextCustomizerFactory$OnFailureConditionReportContextCustomizer@2e1ef60, org.springframework.boot.test.autoconfigure.actuate.observability.ObservabilityContextCustomizerFactory$DisableObservabilityContextCustomizer@1f, org.springframework.boot.test.autoconfigure.properties.PropertyMappingContextCustomizer@0, org.springframework.boot.test.autoconfigure.web.servlet.WebDriverContextCustomizer@dbd8e44, org.springframework.boot.test.context.SpringBootTestAnnotation@9f6e4d8], resourceBasePath = "src/main/webapp", contextLoader = org.springframework.boot.test.context.SpringBootContextLoader, parent = null]
	at org.springframework.test.context.cache.DefaultCacheAwareContextLoaderDelegate.loadContext(DefaultCacheAwareContextLoaderDelegate.java:180)
	at org.springframework.test.context.support.DefaultTestContext.getApplicationContext(DefaultTestContext.java:130)
	at org.springframework.test.context.web.ServletTestExecutionListener.setUpRequestContextIfNecessary(ServletTestExecutionListener.java:191)
	at org.springframework.test.context.web.ServletTestExecutionListener.prepareTestInstance(ServletTestExecutionListener.java:130)
	at org.springframework.test.context.TestContextManager.prepareTestInstance(TestContextManager.java:260)
	at org.springframework.test.context.junit.jupiter.SpringExtension.postProcessTestInstance(SpringExtension.java:163)
	at org.junit.jupiter.engine.descriptor.ClassBasedTestDescriptor.lambda$invokeTestInstancePostProcessors$10(ClassBasedTestDescriptor.java:378)
	at org.junit.jupiter.engine.descriptor.ClassBasedTestDescriptor.executeAndMaskThrowable(ClassBasedTestDescriptor.java:383)
	at org.junit.jupiter.engine.descriptor.ClassBasedTestDescriptor.lambda$invokeTestInstancePostProcessors$11(ClassBasedTestDescriptor.java:378)
	at java.base/java.util.stream.ReferencePipeline$3$1.accept(ReferencePipeline.java:197)
	at java.base/java.util.stream.ReferencePipeline$2$1.accept(ReferencePipeline.java:179)
	at java.base/java.util.ArrayList$ArrayListSpliterator.forEachRemaining(ArrayList.java:1708)
	at java.base/java.util.stream.AbstractPipeline.copyInto(AbstractPipeline.java:509)
	at java.base/java.util.stream.AbstractPipeline.wrapAndCopyInto(AbstractPipeline.java:499)
	at java.base/java.util.stream.StreamSpliterators$WrappingSpliterator.forEachRemaining(StreamSpliterators.java:310)
	at java.base/java.util.stream.Streams$ConcatSpliterator.forEachRemaining(Streams.java:735)
	at java.base/java.util.stream.Streams$ConcatSpliterator.forEachRemaining(Streams.java:734)
	at java.base/java.util.stream.ReferencePipeline$Head.forEach(ReferencePipeline.java:762)
	at org.junit.jupiter.engine.descriptor.ClassBasedTestDescriptor.invokeTestInstancePostProcessors(ClassBasedTestDescriptor.java:377)
	at org.junit.jupiter.engine.descriptor.ClassBasedTestDescriptor.lambda$instantiateAndPostProcessTestInstance$6(ClassBasedTestDescriptor.java:290)
	at org.junit.platform.engine.support.hierarchical.ThrowableCollector.execute(ThrowableCollector.java:73)
	at org.junit.jupiter.engine.descriptor.ClassBasedTestDescriptor.instantiateAndPostProcessTestInstance(ClassBasedTestDescriptor.java:289)
	at org.junit.jupiter.engine.descriptor.ClassBasedTestDescriptor.lambda$testInstancesProvider$4(ClassBasedTestDescriptor.java:279)
	at java.base/java.util.Optional.orElseGet(Optional.java:364)
	at org.junit.jupiter.engine.descriptor.ClassBasedTestDescriptor.lambda$testInstancesProvider$5(ClassBasedTestDescriptor.java:278)
	at org.junit.jupiter.engine.execution.TestInstancesProvider.getTestInstances(TestInstancesProvider.java:31)
	at org.junit.jupiter.engine.descriptor.TestMethodTestDescriptor.lambda$prepare$0(TestMethodTestDescriptor.java:106)
	at org.junit.platform.engine.support.hierarchical.ThrowableCollector.execute(ThrowableCollector.java:73)
	at org.junit.jupiter.engine.descriptor.TestMethodTestDescriptor.prepare(TestMethodTestDescriptor.java:105)
	at org.junit.jupiter.engine.descriptor.TestMethodTestDescriptor.prepare(TestMethodTestDescriptor.java:69)
	at org.junit.platform.engine.support.hierarchical.NodeTestTask.lambda$prepare$2(NodeTestTask.java:128)
	at org.junit.platform.engine.support.hierarchical.ThrowableCollector.execute(ThrowableCollector.java:73)
	at org.junit.platform.engine.support.hierarchical.NodeTestTask.prepare(NodeTestTask.java:128)
	at org.junit.platform.engine.support.hierarchical.NodeTestTask.execute(NodeTestTask.java:95)
	at java.base/java.util.ArrayList.forEach(ArrayList.java:1596)
	at org.junit.platform.engine.support.hierarchical.SameThreadHierarchicalTestExecutorService.invokeAll(SameThreadHierarchicalTestExecutorService.java:41)
	at org.junit.platform.engine.support.hierarchical.NodeTestTask.lambda$executeRecursively$6(NodeTestTask.java:160)
	at org.junit.platform.engine.support.hierarchical.ThrowableCollector.execute(ThrowableCollector.java:73)
	at org.junit.platform.engine.support.hierarchical.NodeTestTask.lambda$executeRecursively$8(NodeTestTask.java:146)
	at org.junit.platform.engine.support.hierarchical.Node.around(Node.java:137)
	at org.junit.platform.engine.support.hierarchical.NodeTestTask.lambda$executeRecursively$9(NodeTestTask.java:144)
	at org.junit.platform.engine.support.hierarchical.ThrowableCollector.execute(ThrowableCollector.java:73)
	at org.junit.platform.engine.support.hierarchical.NodeTestTask.executeRecursively(NodeTestTask.java:143)
	at org.junit.platform.engine.support.hierarchical.NodeTestTask.execute(NodeTestTask.java:100)
	at java.base/java.util.ArrayList.forEach(ArrayList.java:1596)
	at org.junit.platform.engine.support.hierarchical.SameThreadHierarchicalTestExecutorService.invokeAll(SameThreadHierarchicalTestExecutorService.java:41)
	at org.junit.platform.engine.support.hierarchical.NodeTestTask.lambda$executeRecursively$6(NodeTestTask.java:160)
	at org.junit.platform.engine.support.hierarchical.ThrowableCollector.execute(ThrowableCollector.java:73)
	at org.junit.platform.engine.support.hierarchical.NodeTestTask.lambda$executeRecursively$8(NodeTestTask.java:146)
	at org.junit.platform.engine.support.hierarchical.Node.around(Node.java:137)
	at org.junit.platform.engine.support.hierarchical.NodeTestTask.lambda$executeRecursively$9(NodeTestTask.java:144)
	at org.junit.platform.engine.support.hierarchical.ThrowableCollector.execute(ThrowableCollector.java:73)
	at org.junit.platform.engine.support.hierarchical.NodeTestTask.executeRecursively(NodeTestTask.java:143)
	at org.junit.platform.engine.support.hierarchical.NodeTestTask.execute(NodeTestTask.java:100)
	at org.junit.platform.engine.support.hierarchical.SameThreadHierarchicalTestExecutorService.submit(SameThreadHierarchicalTestExecutorService.java:35)
	at org.junit.platform.engine.support.hierarchical.HierarchicalTestExecutor.execute(HierarchicalTestExecutor.java:57)
	at org.junit.platform.engine.support.hierarchical.HierarchicalTestEngine.execute(HierarchicalTestEngine.java:54)
	at org.junit.platform.launcher.core.EngineExecutionOrchestrator.execute(EngineExecutionOrchestrator.java:198)
	at org.junit.platform.launcher.core.EngineExecutionOrchestrator.execute(EngineExecutionOrchestrator.java:169)
	at org.junit.platform.launcher.core.EngineExecutionOrchestrator.execute(EngineExecutionOrchestrator.java:93)
	at org.junit.platform.launcher.core.EngineExecutionOrchestrator.lambda$execute$0(EngineExecutionOrchestrator.java:58)
	at org.junit.platform.launcher.core.EngineExecutionOrchestrator.withInterceptedStreams(EngineExecutionOrchestrator.java:141)
	at org.junit.platform.launcher.core.EngineExecutionOrchestrator.execute(EngineExecutionOrchestrator.java:57)
	at org.junit.platform.launcher.core.DefaultLauncher.execute(DefaultLauncher.java:103)
	at org.junit.platform.launcher.core.DefaultLauncher.execute(DefaultLauncher.java:85)
	at org.junit.platform.launcher.core.DelegatingLauncher.execute(DelegatingLauncher.java:47)
	at org.apache.maven.surefire.junitplatform.LazyLauncher.execute(LazyLauncher.java:56)
	at org.apache.maven.surefire.junitplatform.JUnitPlatformProvider.execute(JUnitPlatformProvider.java:184)
	at org.apache.maven.surefire.junitplatform.JUnitPlatformProvider.invokeAllTests(JUnitPlatformProvider.java:148)
	at org.apache.maven.surefire.junitplatform.JUnitPlatformProvider.invoke(JUnitPlatformProvider.java:122)
	at org.apache.maven.surefire.booter.ForkedBooter.runSuitesInProcess(ForkedBooter.java:385)
	at org.apache.maven.surefire.booter.ForkedBooter.execute(ForkedBooter.java:162)
	at org.apache.maven.surefire.booter.ForkedBooter.run(ForkedBooter.java:507)
	at org.apache.maven.surefire.booter.ForkedBooter.main(ForkedBooter.java:495)
Caused by: org.springframework.beans.factory.UnsatisfiedDependencyException: Error creating bean with name 'capabilityRoutingStrategy': Unsatisfied dependency expressed through field 'modelPool': Error creating bean with name 'com.tlq.rectagent.config.ModelAutoConfiguration': Unsatisfied dependency expressed through field 'chatModelPool': Error creating bean with name 'chatModelPool': Requested bean is currently in creation: Is there an unresolvable circular reference?
	at org.springframework.beans.factory.annotation.AutowiredAnnotationBeanPostProcessor$AutowiredFieldElement.resolveFieldValue(AutowiredAnnotationBeanPostProcessor.java:788)
	at org.springframework.beans.factory.annotation.AutowiredAnnotationBeanPostProcessor$AutowiredFieldElement.inject(AutowiredAnnotationBeanPostProcessor.java:768)
	at org.springframework.beans.factory.annotation.InjectionMetadata.inject(InjectionMetadata.java:145)
	at org.springframework.beans.factory.annotation.AutowiredAnnotationBeanPostProcessor.postProcessProperties(AutowiredAnnotationBeanPostProcessor.java:509)
	at org.springframework.beans.factory.support.AbstractAutowireCapableBeanFactory.populateBean(AbstractAutowireCapableBeanFactory.java:1439)
	at org.springframework.beans.factory.support.AbstractAutowireCapableBeanFactory.doCreateBean(AbstractAutowireCapableBeanFactory.java:599)
	at org.springframework.beans.factory.support.AbstractAutowireCapableBeanFactory.createBean(AbstractAutowireCapableBeanFactory.java:522)
	at org.springframework.beans.factory.support.AbstractBeanFactory.lambda$doGetBean$0(AbstractBeanFactory.java:337)
	at org.springframework.beans.factory.support.DefaultSingletonBeanRegistry.getSingleton(DefaultSingletonBeanRegistry.java:234)
	at org.springframework.beans.factory.support.AbstractBeanFactory.doGetBean(AbstractBeanFactory.java:335)
	at org.springframework.beans.factory.support.AbstractBeanFactory.getBean(AbstractBeanFactory.java:200)
	at org.springframework.beans.factory.support.DefaultListableBeanFactory.preInstantiateSingletons(DefaultListableBeanFactory.java:975)
	at org.springframework.context.support.AbstractApplicationContext.finishBeanFactoryInitialization(AbstractApplicationContext.java:971)
	at org.springframework.context.support.AbstractApplicationContext.refresh(AbstractApplicationContext.java:625)
	at org.springframework.boot.SpringApplication.refresh(SpringApplication.java:754)
	at org.springframework.boot.SpringApplication.refreshContext(SpringApplication.java:456)
	at org.springframework.boot.SpringApplication.run(SpringApplication.java:335)
	at org.springframework.boot.test.context.SpringBootContextLoader.lambda$loadContext$3(SpringBootContextLoader.java:137)
	at org.springframework.util.function.ThrowingSupplier.get(ThrowingSupplier.java:58)
	at org.springframework.util.function.ThrowingSupplier.get(ThrowingSupplier.java:46)
	at org.springframework.boot.SpringApplication.withHook(SpringApplication.java:1463)
	at org.springframework.boot.test.context.SpringBootContextLoader$ContextLoaderHook.run(SpringBootContextLoader.java:553)
	at org.springframework.boot.test.context.SpringBootContextLoader.loadContext(SpringBootContextLoader.java:137)
	at org.springframework.boot.test.context.SpringBootContextLoader.loadContext(SpringBootContextLoader.java:108)
	at org.springframework.test.context.cache.DefaultCacheAwareContextLoaderDelegate.loadContextInternal(DefaultCacheAwareContextLoaderDelegate.java:225)
	at org.springframework.test.context.cache.DefaultCacheAwareContextLoaderDelegate.loadContext(DefaultCacheAwareContextLoaderDelegate.java:152)
	... 73 common frames omitted
Caused by: org.springframework.beans.factory.UnsatisfiedDependencyException: Error creating bean with name 'com.tlq.rectagent.config.ModelAutoConfiguration': Unsatisfied dependency expressed through field 'chatModelPool': Error creating bean with name 'chatModelPool': Requested bean is currently in creation: Is there an unresolvable circular reference?
	at org.springframework.beans.factory.annotation.AutowiredAnnotationBeanPostProcessor$AutowiredFieldElement.resolveFieldValue(AutowiredAnnotationBeanPostProcessor.java:788)
	at org.springframework.beans.factory.annotation.AutowiredAnnotationBeanPostProcessor$AutowiredFieldElement.inject(AutowiredAnnotationBeanPostProcessor.java:768)
	at org.springframework.beans.factory.annotation.InjectionMetadata.inject(InjectionMetadata.java:145)
	at org.springframework.beans.factory.annotation.AutowiredAnnotationBeanPostProcessor.postProcessProperties(AutowiredAnnotationBeanPostProcessor.java:509)
	at org.springframework.beans.factory.support.AbstractAutowireCapableBeanFactory.populateBean(AbstractAutowireCapableBeanFactory.java:1439)
	at org.springframework.beans.factory.support.AbstractAutowireCapableBeanFactory.doCreateBean(AbstractAutowireCapableBeanFactory.java:599)
	at org.springframework.beans.factory.support.AbstractAutowireCapableBeanFactory.createBean(AbstractAutowireCapableBeanFactory.java:522)
	at org.springframework.beans.factory.support.AbstractBeanFactory.lambda$doGetBean$0(AbstractBeanFactory.java:337)
	at org.springframework.beans.factory.support.DefaultSingletonBeanRegistry.getSingleton(DefaultSingletonBeanRegistry.java:234)
	at org.springframework.beans.factory.support.AbstractBeanFactory.doGetBean(AbstractBeanFactory.java:335)
	at org.springframework.beans.factory.support.AbstractBeanFactory.getBean(AbstractBeanFactory.java:200)
	at org.springframework.beans.factory.support.ConstructorResolver.instantiateUsingFactoryMethod(ConstructorResolver.java:409)
	at org.springframework.beans.factory.support.AbstractAutowireCapableBeanFactory.instantiateUsingFactoryMethod(AbstractAutowireCapableBeanFactory.java:1355)
	at org.springframework.beans.factory.support.AbstractAutowireCapableBeanFactory.createBeanInstance(AbstractAutowireCapableBeanFactory.java:1185)
	at org.springframework.beans.factory.support.AbstractAutowireCapableBeanFactory.doCreateBean(AbstractAutowireCapableBeanFactory.java:562)
	at org.springframework.beans.factory.support.AbstractAutowireCapableBeanFactory.createBean(AbstractAutowireCapableBeanFactory.java:522)
	at org.springframework.beans.factory.support.AbstractBeanFactory.lambda$doGetBean$0(AbstractBeanFactory.java:337)
	at org.springframework.beans.factory.support.DefaultSingletonBeanRegistry.getSingleton(DefaultSingletonBeanRegistry.java:234)
	at org.springframework.beans.factory.support.AbstractBeanFactory.doGetBean(AbstractBeanFactory.java:335)
	at org.springframework.beans.factory.support.AbstractBeanFactory.getBean(AbstractBeanFactory.java:200)
	at org.springframework.beans.factory.config.DependencyDescriptor.resolveCandidate(DependencyDescriptor.java:254)
	at org.springframework.beans.factory.support.DefaultListableBeanFactory.doResolveDependency(DefaultListableBeanFactory.java:1443)
	at org.springframework.beans.factory.support.DefaultListableBeanFactory.resolveDependency(DefaultListableBeanFactory.java:1353)
	at org.springframework.beans.factory.annotation.AutowiredAnnotationBeanPostProcessor$AutowiredFieldElement.resolveFieldValue(AutowiredAnnotationBeanPostProcessor.java:785)
	... 98 common frames omitted
Caused by: org.springframework.beans.factory.BeanCurrentlyInCreationException: Error creating bean with name 'chatModelPool': Requested bean is currently in creation: Is there an unresolvable circular reference?
	at org.springframework.beans.factory.support.DefaultSingletonBeanRegistry.beforeSingletonCreation(DefaultSingletonBeanRegistry.java:355)
	at org.springframework.beans.factory.support.DefaultSingletonBeanRegistry.getSingleton(DefaultSingletonBeanRegistry.java:227)
	at org.springframework.beans.factory.support.AbstractBeanFactory.doGetBean(AbstractBeanFactory.java:335)
	at org.springframework.beans.factory.support.AbstractBeanFactory.getBean(AbstractBeanFactory.java:200)
	at org.springframework.beans.factory.config.DependencyDescriptor.resolveCandidate(DependencyDescriptor.java:254)
	at org.springframework.beans.factory.support.DefaultListableBeanFactory.doResolveDependency(DefaultListableBeanFactory.java:1443)
	at org.springframework.beans.factory.support.DefaultListableBeanFactory.resolveDependency(DefaultListableBeanFactory.java:1353)
	at org.springframework.beans.factory.annotation.AutowiredAnnotationBeanPostProcessor$AutowiredFieldElement.resolveFieldValue(AutowiredAnnotationBeanPostProcessor.java:785)
	... 121 common frames omitted
[ERROR] Tests run: 1, Failures: 0, Errors: 1, Skipped: 0, Time elapsed: 1.619 s <<< FAILURE! -- in com.tlq.rectagent.scheduler.CoordinatorAgentTest
[ERROR] com.tlq.rectagent.scheduler.CoordinatorAgentTest.testProcessRequestReturnsMockFinal -- Time elapsed: 0.002 s <<< ERROR!
java.lang.IllegalStateException: Failed to load ApplicationContext for [WebMergedContextConfiguration@652855c4 testClass = com.tlq.rectagent.scheduler.CoordinatorAgentTest, locations = [], classes = [com.tlq.rectagent.RectAgentApplication], contextInitializerClasses = [], activeProfiles = [], propertySourceDescriptors = [], propertySourceProperties = ["org.springframework.boot.test.context.SpringBootTestContextBootstrapper=true"], contextCustomizers = [org.springframework.boot.test.context.filter.ExcludeFilterContextCustomizer@55493582, org.springframework.boot.test.json.DuplicateJsonObjectContextCustomizerFactory$DuplicateJsonObjectContextCustomizer@34158c08, org.springframework.boot.test.mock.mockito.MockitoContextCustomizer@e316cae4, org.springframework.boot.test.web.client.TestRestTemplateContextCustomizer@31dadd46, org.springframework.boot.test.web.reactive.server.WebTestClientContextCustomizer@10cf09e8, org.springframework.boot.test.web.reactor.netty.DisableReactorResourceFactoryGlobalResourcesContextCustomizerFactory$DisableReactorResourceFactoryGlobalResourcesContextCustomizerCustomizer@63787180, org.springframework.boot.test.autoconfigure.OnFailureConditionReportContextCustomizerFactory$OnFailureConditionReportContextCustomizer@2e1ef60, org.springframework.boot.test.autoconfigure.actuate.observability.ObservabilityContextCustomizerFactory$DisableObservabilityContextCustomizer@1f, org.springframework.boot.test.autoconfigure.properties.PropertyMappingContextCustomizer@0, org.springframework.boot.test.autoconfigure.web.servlet.WebDriverContextCustomizer@dbd8e44, org.springframework.boot.test.context.SpringBootTestAnnotation@9f6e4d8], resourceBasePath = "src/main/webapp", contextLoader = org.springframework.boot.test.context.SpringBootContextLoader, parent = null]
	at org.springframework.test.context.cache.DefaultCacheAwareContextLoaderDelegate.loadContext(DefaultCacheAwareContextLoaderDelegate.java:180)
	at org.springframework.test.context.support.DefaultTestContext.getApplicationContext(DefaultTestContext.java:130)
	at org.springframework.test.context.web.ServletTestExecutionListener.setUpRequestContextIfNecessary(ServletTestExecutionListener.java:191)
	at org.springframework.test.context.web.ServletTestExecutionListener.prepareTestInstance(ServletTestExecutionListener.java:130)
	at org.springframework.test.context.TestContextManager.prepareTestInstance(TestContextManager.java:260)
	at org.springframework.test.context.junit.jupiter.SpringExtension.postProcessTestInstance(SpringExtension.java:163)
	at java.base/java.util.stream.ReferencePipeline$3$1.accept(ReferencePipeline.java:197)
	at java.base/java.util.stream.ReferencePipeline$2$1.accept(ReferencePipeline.java:179)
	at java.base/java.util.ArrayList$ArrayListSpliterator.forEachRemaining(ArrayList.java:1708)
	at java.base/java.util.stream.AbstractPipeline.copyInto(AbstractPipeline.java:509)
	at java.base/java.util.stream.AbstractPipeline.wrapAndCopyInto(AbstractPipeline.java:499)
	at java.base/java.util.stream.StreamSpliterators$WrappingSpliterator.forEachRemaining(StreamSpliterators.java:310)
	at java.base/java.util.stream.Streams$ConcatSpliterator.forEachRemaining(Streams.java:735)
	at java.base/java.util.stream.Streams$ConcatSpliterator.forEachRemaining(Streams.java:734)
	at java.base/java.util.stream.ReferencePipeline$Head.forEach(ReferencePipeline.java:762)
	at java.base/java.util.Optional.orElseGet(Optional.java:364)
	at java.base/java.util.ArrayList.forEach(ArrayList.java:1596)
	at java.base/java.util.ArrayList.forEach(ArrayList.java:1596)
Caused by: org.springframework.beans.factory.UnsatisfiedDependencyException: Error creating bean with name 'capabilityRoutingStrategy': Unsatisfied dependency expressed through field 'modelPool': Error creating bean with name 'com.tlq.rectagent.config.ModelAutoConfiguration': Unsatisfied dependency expressed through field 'chatModelPool': Error creating bean with name 'chatModelPool': Requested bean is currently in creation: Is there an unresolvable circular reference?
	at org.springframework.beans.factory.annotation.AutowiredAnnotationBeanPostProcessor$AutowiredFieldElement.resolveFieldValue(AutowiredAnnotationBeanPostProcessor.java:788)
	at org.springframework.beans.factory.annotation.AutowiredAnnotationBeanPostProcessor$AutowiredFieldElement.inject(AutowiredAnnotationBeanPostProcessor.java:768)
	at org.springframework.beans.factory.annotation.InjectionMetadata.inject(InjectionMetadata.java:145)
	at org.springframework.beans.factory.annotation.AutowiredAnnotationBeanPostProcessor.postProcessProperties(AutowiredAnnotationBeanPostProcessor.java:509)
	at org.springframework.beans.factory.support.AbstractAutowireCapableBeanFactory.populateBean(AbstractAutowireCapableBeanFactory.java:1439)
	at org.springframework.beans.factory.support.AbstractAutowireCapableBeanFactory.doCreateBean(AbstractAutowireCapableBeanFactory.java:599)
	at org.springframework.beans.factory.support.AbstractAutowireCapableBeanFactory.createBean(AbstractAutowireCapableBeanFactory.java:522)
	at org.springframework.beans.factory.support.AbstractBeanFactory.lambda$doGetBean$0(AbstractBeanFactory.java:337)
	at org.springframework.beans.factory.support.DefaultSingletonBeanRegistry.getSingleton(DefaultSingletonBeanRegistry.java:234)
	at org.springframework.beans.factory.support.AbstractBeanFactory.doGetBean(AbstractBeanFactory.java:335)
	at org.springframework.beans.factory.support.AbstractBeanFactory.getBean(AbstractBeanFactory.java:200)
	at org.springframework.beans.factory.support.DefaultListableBeanFactory.preInstantiateSingletons(DefaultListableBeanFactory.java:975)
	at org.springframework.context.support.AbstractApplicationContext.finishBeanFactoryInitialization(AbstractApplicationContext.java:971)
	at org.springframework.context.support.AbstractApplicationContext.refresh(AbstractApplicationContext.java:625)
	at org.springframework.boot.SpringApplication.refresh(SpringApplication.java:754)
	at org.springframework.boot.SpringApplication.refreshContext(SpringApplication.java:456)
	at org.springframework.boot.SpringApplication.run(SpringApplication.java:335)
	at org.springframework.boot.test.context.SpringBootContextLoader.lambda$loadContext$3(SpringBootContextLoader.java:137)
	at org.springframework.util.function.ThrowingSupplier.get(ThrowingSupplier.java:58)
	at org.springframework.util.function.ThrowingSupplier.get(ThrowingSupplier.java:46)
	at org.springframework.boot.SpringApplication.withHook(SpringApplication.java:1463)
	at org.springframework.boot.test.context.SpringBootContextLoader$ContextLoaderHook.run(SpringBootContextLoader.java:553)
	at org.springframework.boot.test.context.SpringBootContextLoader.loadContext(SpringBootContextLoader.java:137)
	at org.springframework.boot.test.context.SpringBootContextLoader.loadContext(SpringBootContextLoader.java:108)
	at org.springframework.test.context.cache.DefaultCacheAwareContextLoaderDelegate.loadContextInternal(DefaultCacheAwareContextLoaderDelegate.java:225)
	at org.springframework.test.context.cache.DefaultCacheAwareContextLoaderDelegate.loadContext(DefaultCacheAwareContextLoaderDelegate.java:152)
	... 17 more
Caused by: org.springframework.beans.factory.UnsatisfiedDependencyException: Error creating bean with name 'com.tlq.rectagent.config.ModelAutoConfiguration': Unsatisfied dependency expressed through field 'chatModelPool': Error creating bean with name 'chatModelPool': Requested bean is currently in creation: Is there an unresolvable circular reference?
	at org.springframework.beans.factory.annotation.AutowiredAnnotationBeanPostProcessor$AutowiredFieldElement.resolveFieldValue(AutowiredAnnotationBeanPostProcessor.java:788)
	at org.springframework.beans.factory.annotation.AutowiredAnnotationBeanPostProcessor$AutowiredFieldElement.inject(AutowiredAnnotationBeanPostProcessor.java:768)
	at org.springframework.beans.factory.annotation.InjectionMetadata.inject(InjectionMetadata.java:145)
	at org.springframework.beans.factory.annotation.AutowiredAnnotationBeanPostProcessor.postProcessProperties(AutowiredAnnotationBeanPostProcessor.java:509)
	at org.springframework.beans.factory.support.AbstractAutowireCapableBeanFactory.populateBean(AbstractAutowireCapableBeanFactory.java:1439)
	at org.springframework.beans.factory.support.AbstractAutowireCapableBeanFactory.doCreateBean(AbstractAutowireCapableBeanFactory.java:599)
	at org.springframework.beans.factory.support.AbstractAutowireCapableBeanFactory.createBean(AbstractAutowireCapableBeanFactory.java:522)
	at org.springframework.beans.factory.support.AbstractBeanFactory.lambda$doGetBean$0(AbstractBeanFactory.java:337)
	at org.springframework.beans.factory.support.DefaultSingletonBeanRegistry.getSingleton(DefaultSingletonBeanRegistry.java:234)
	at org.springframework.beans.factory.support.AbstractBeanFactory.doGetBean(AbstractBeanFactory.java:335)
	at org.springframework.beans.factory.support.AbstractBeanFactory.getBean(AbstractBeanFactory.java:200)
	at org.springframework.beans.factory.support.ConstructorResolver.instantiateUsingFactoryMethod(ConstructorResolver.java:409)
	at org.springframework.beans.factory.support.AbstractAutowireCapableBeanFactory.instantiateUsingFactoryMethod(AbstractAutowireCapableBeanFactory.java:1355)
	at org.springframework.beans.factory.support.AbstractAutowireCapableBeanFactory.createBeanInstance(AbstractAutowireCapableBeanFactory.java:1185)
	at org.springframework.beans.factory.support.AbstractAutowireCapableBeanFactory.doCreateBean(AbstractAutowireCapableBeanFactory.java:562)
	at org.springframework.beans.factory.support.AbstractAutowireCapableBeanFactory.createBean(AbstractAutowireCapableBeanFactory.java:522)
	at org.springframework.beans.factory.support.AbstractBeanFactory.lambda$doGetBean$0(AbstractBeanFactory.java:337)
	at org.springframework.beans.factory.support.DefaultSingletonBeanRegistry.getSingleton(DefaultSingletonBeanRegistry.java:234)
	at org.springframework.beans.factory.support.AbstractBeanFactory.doGetBean(AbstractBeanFactory.java:335)
	at org.springframework.beans.factory.support.AbstractBeanFactory.getBean(AbstractBeanFactory.java:200)
	at org.springframework.beans.factory.config.DependencyDescriptor.resolveCandidate(DependencyDescriptor.java:254)
	at org.springframework.beans.factory.support.DefaultListableBeanFactory.doResolveDependency(DefaultListableBeanFactory.java:1443)
	at org.springframework.beans.factory.support.DefaultListableBeanFactory.resolveDependency(DefaultListableBeanFactory.java:1353)
	at org.springframework.beans.factory.annotation.AutowiredAnnotationBeanPostProcessor$AutowiredFieldElement.resolveFieldValue(AutowiredAnnotationBeanPostProcessor.java:785)
	... 42 more
Caused by: org.springframework.beans.factory.BeanCurrentlyInCreationException: Error creating bean with name 'chatModelPool': Requested bean is currently in creation: Is there an unresolvable circular reference?
	at org.springframework.beans.factory.support.DefaultSingletonBeanRegistry.beforeSingletonCreation(DefaultSingletonBeanRegistry.java:355)
	at org.springframework.beans.factory.support.DefaultSingletonBeanRegistry.getSingleton(DefaultSingletonBeanRegistry.java:227)
	at org.springframework.beans.factory.support.AbstractBeanFactory.doGetBean(AbstractBeanFactory.java:335)
	at org.springframework.beans.factory.support.AbstractBeanFactory.getBean(AbstractBeanFactory.java:200)
	at org.springframework.beans.factory.config.DependencyDescriptor.resolveCandidate(DependencyDescriptor.java:254)
	at org.springframework.beans.factory.support.DefaultListableBeanFactory.doResolveDependency(DefaultListableBeanFactory.java:1443)
	at org.springframework.beans.factory.support.DefaultListableBeanFactory.resolveDependency(DefaultListableBeanFactory.java:1353)
	at org.springframework.beans.factory.annotation.AutowiredAnnotationBeanPostProcessor$AutowiredFieldElement.resolveFieldValue(AutowiredAnnotationBeanPostProcessor.java:785)
	... 65 more

[INFO] Running com.tlq.rectagent.skill.DocumentLearningSkillTest
2026-03-26 22:03:04.124 [main] [] INFO  o.s.t.c.s.AnnotationConfigContextLoaderUtils - Could not detect default configuration classes for test class [com.tlq.rectagent.skill.DocumentLearningSkillTest]: DocumentLearningSkillTest does not declare any static, non-private, non-final, nested classes annotated with @Configuration.
2026-03-26 22:03:04.169 [main] [] INFO  o.s.b.t.c.SpringBootTestContextBootstrapper - Found @SpringBootConfiguration com.tlq.rectagent.RectAgentApplication for test class com.tlq.rectagent.skill.DocumentLearningSkillTest
2026-03-26 22:03:04.171 [main] [] WARN  o.s.test.context.TestContextManager - Caught exception while allowing TestExecutionListener [org.springframework.test.context.web.ServletTestExecutionListener] to prepare test instance [com.tlq.rectagent.skill.DocumentLearningSkillTest@35fd987b]
java.lang.IllegalStateException: ApplicationContext failure threshold (1) exceeded: skipping repeated attempt to load context for [WebMergedContextConfiguration@77c8b276 testClass = com.tlq.rectagent.skill.DocumentLearningSkillTest, locations = [], classes = [com.tlq.rectagent.RectAgentApplication], contextInitializerClasses = [], activeProfiles = [], propertySourceDescriptors = [], propertySourceProperties = ["org.springframework.boot.test.context.SpringBootTestContextBootstrapper=true"], contextCustomizers = [org.springframework.boot.test.context.filter.ExcludeFilterContextCustomizer@55493582, org.springframework.boot.test.json.DuplicateJsonObjectContextCustomizerFactory$DuplicateJsonObjectContextCustomizer@34158c08, org.springframework.boot.test.mock.mockito.MockitoContextCustomizer@0, org.springframework.boot.test.web.client.TestRestTemplateContextCustomizer@31dadd46, org.springframework.boot.test.web.reactive.server.WebTestClientContextCustomizer@10cf09e8, org.springframework.boot.test.web.reactor.netty.DisableReactorResourceFactoryGlobalResourcesContextCustomizerFactory$DisableReactorResourceFactoryGlobalResourcesContextCustomizerCustomizer@63787180, org.springframework.boot.test.autoconfigure.OnFailureConditionReportContextCustomizerFactory$OnFailureConditionReportContextCustomizer@2e1ef60, org.springframework.boot.test.autoconfigure.actuate.observability.ObservabilityContextCustomizerFactory$DisableObservabilityContextCustomizer@1f, org.springframework.boot.test.autoconfigure.properties.PropertyMappingContextCustomizer@0, org.springframework.boot.test.autoconfigure.web.servlet.WebDriverContextCustomizer@dbd8e44, org.springframework.boot.test.context.SpringBootTestAnnotation@9f6e4d8], resourceBasePath = "src/main/webapp", contextLoader = org.springframework.boot.test.context.SpringBootContextLoader, parent = null]
	at org.springframework.test.context.cache.DefaultCacheAwareContextLoaderDelegate.loadContext(DefaultCacheAwareContextLoaderDelegate.java:145)
	at org.springframework.test.context.support.DefaultTestContext.getApplicationContext(DefaultTestContext.java:130)
	at org.springframework.test.context.web.ServletTestExecutionListener.setUpRequestContextIfNecessary(ServletTestExecutionListener.java:191)
	at org.springframework.test.context.web.ServletTestExecutionListener.prepareTestInstance(ServletTestExecutionListener.java:130)
	at org.springframework.test.context.TestContextManager.prepareTestInstance(TestContextManager.java:260)
	at org.springframework.test.context.junit.jupiter.SpringExtension.postProcessTestInstance(SpringExtension.java:163)
	at org.junit.jupiter.engine.descriptor.ClassBasedTestDescriptor.lambda$invokeTestInstancePostProcessors$10(ClassBasedTestDescriptor.java:378)
	at org.junit.jupiter.engine.descriptor.ClassBasedTestDescriptor.executeAndMaskThrowable(ClassBasedTestDescriptor.java:383)
	at org.junit.jupiter.engine.descriptor.ClassBasedTestDescriptor.lambda$invokeTestInstancePostProcessors$11(ClassBasedTestDescriptor.java:378)
	at java.base/java.util.stream.ReferencePipeline$3$1.accept(ReferencePipeline.java:197)
	at java.base/java.util.stream.ReferencePipeline$2$1.accept(ReferencePipeline.java:179)
	at java.base/java.util.ArrayList$ArrayListSpliterator.forEachRemaining(ArrayList.java:1708)
	at java.base/java.util.stream.AbstractPipeline.copyInto(AbstractPipeline.java:509)
	at java.base/java.util.stream.AbstractPipeline.wrapAndCopyInto(AbstractPipeline.java:499)
	at java.base/java.util.stream.StreamSpliterators$WrappingSpliterator.forEachRemaining(StreamSpliterators.java:310)
	at java.base/java.util.stream.Streams$ConcatSpliterator.forEachRemaining(Streams.java:735)
	at java.base/java.util.stream.Streams$ConcatSpliterator.forEachRemaining(Streams.java:734)
	at java.base/java.util.stream.ReferencePipeline$Head.forEach(ReferencePipeline.java:762)
	at org.junit.jupiter.engine.descriptor.ClassBasedTestDescriptor.invokeTestInstancePostProcessors(ClassBasedTestDescriptor.java:377)
	at org.junit.jupiter.engine.descriptor.ClassBasedTestDescriptor.lambda$instantiateAndPostProcessTestInstance$6(ClassBasedTestDescriptor.java:290)
	at org.junit.platform.engine.support.hierarchical.ThrowableCollector.execute(ThrowableCollector.java:73)
	at org.junit.jupiter.engine.descriptor.ClassBasedTestDescriptor.instantiateAndPostProcessTestInstance(ClassBasedTestDescriptor.java:289)
	at org.junit.jupiter.engine.descriptor.ClassBasedTestDescriptor.lambda$testInstancesProvider$4(ClassBasedTestDescriptor.java:279)
	at java.base/java.util.Optional.orElseGet(Optional.java:364)
	at org.junit.jupiter.engine.descriptor.ClassBasedTestDescriptor.lambda$testInstancesProvider$5(ClassBasedTestDescriptor.java:278)
	at org.junit.jupiter.engine.execution.TestInstancesProvider.getTestInstances(TestInstancesProvider.java:31)
	at org.junit.jupiter.engine.descriptor.TestMethodTestDescriptor.lambda$prepare$0(TestMethodTestDescriptor.java:106)
	at org.junit.platform.engine.support.hierarchical.ThrowableCollector.execute(ThrowableCollector.java:73)
	at org.junit.jupiter.engine.descriptor.TestMethodTestDescriptor.prepare(TestMethodTestDescriptor.java:105)
	at org.junit.jupiter.engine.descriptor.TestMethodTestDescriptor.prepare(TestMethodTestDescriptor.java:69)
	at org.junit.platform.engine.support.hierarchical.NodeTestTask.lambda$prepare$2(NodeTestTask.java:128)
	at org.junit.platform.engine.support.hierarchical.ThrowableCollector.execute(ThrowableCollector.java:73)
	at org.junit.platform.engine.support.hierarchical.NodeTestTask.prepare(NodeTestTask.java:128)
	at org.junit.platform.engine.support.hierarchical.NodeTestTask.execute(NodeTestTask.java:95)
	at java.base/java.util.ArrayList.forEach(ArrayList.java:1596)
	at org.junit.platform.engine.support.hierarchical.SameThreadHierarchicalTestExecutorService.invokeAll(SameThreadHierarchicalTestExecutorService.java:41)
	at org.junit.platform.engine.support.hierarchical.NodeTestTask.lambda$executeRecursively$6(NodeTestTask.java:160)
	at org.junit.platform.engine.support.hierarchical.ThrowableCollector.execute(ThrowableCollector.java:73)
	at org.junit.platform.engine.support.hierarchical.NodeTestTask.lambda$executeRecursively$8(NodeTestTask.java:146)
	at org.junit.platform.engine.support.hierarchical.Node.around(Node.java:137)
	at org.junit.platform.engine.support.hierarchical.NodeTestTask.lambda$executeRecursively$9(NodeTestTask.java:144)
	at org.junit.platform.engine.support.hierarchical.ThrowableCollector.execute(ThrowableCollector.java:73)
	at org.junit.platform.engine.support.hierarchical.NodeTestTask.executeRecursively(NodeTestTask.java:143)
	at org.junit.platform.engine.support.hierarchical.NodeTestTask.execute(NodeTestTask.java:100)
	at java.base/java.util.ArrayList.forEach(ArrayList.java:1596)
	at org.junit.platform.engine.support.hierarchical.SameThreadHierarchicalTestExecutorService.invokeAll(SameThreadHierarchicalTestExecutorService.java:41)
	at org.junit.platform.engine.support.hierarchical.NodeTestTask.lambda$executeRecursively$6(NodeTestTask.java:160)
	at org.junit.platform.engine.support.hierarchical.ThrowableCollector.execute(ThrowableCollector.java:73)
	at org.junit.platform.engine.support.hierarchical.NodeTestTask.lambda$executeRecursively$8(NodeTestTask.java:146)
	at org.junit.platform.engine.support.hierarchical.Node.around(Node.java:137)
	at org.junit.platform.engine.support.hierarchical.NodeTestTask.lambda$executeRecursively$9(NodeTestTask.java:144)
	at org.junit.platform.engine.support.hierarchical.ThrowableCollector.execute(ThrowableCollector.java:73)
	at org.junit.platform.engine.support.hierarchical.NodeTestTask.executeRecursively(NodeTestTask.java:143)
	at org.junit.platform.engine.support.hierarchical.NodeTestTask.execute(NodeTestTask.java:100)
	at org.junit.platform.engine.support.hierarchical.SameThreadHierarchicalTestExecutorService.submit(SameThreadHierarchicalTestExecutorService.java:35)
	at org.junit.platform.engine.support.hierarchical.HierarchicalTestExecutor.execute(HierarchicalTestExecutor.java:57)
	at org.junit.platform.engine.support.hierarchical.HierarchicalTestEngine.execute(HierarchicalTestEngine.java:54)
	at org.junit.platform.launcher.core.EngineExecutionOrchestrator.execute(EngineExecutionOrchestrator.java:198)
	at org.junit.platform.launcher.core.EngineExecutionOrchestrator.execute(EngineExecutionOrchestrator.java:169)
	at org.junit.platform.launcher.core.EngineExecutionOrchestrator.execute(EngineExecutionOrchestrator.java:93)
	at org.junit.platform.launcher.core.EngineExecutionOrchestrator.lambda$execute$0(EngineExecutionOrchestrator.java:58)
	at org.junit.platform.launcher.core.EngineExecutionOrchestrator.withInterceptedStreams(EngineExecutionOrchestrator.java:141)
	at org.junit.platform.launcher.core.EngineExecutionOrchestrator.execute(EngineExecutionOrchestrator.java:57)
	at org.junit.platform.launcher.core.DefaultLauncher.execute(DefaultLauncher.java:103)
	at org.junit.platform.launcher.core.DefaultLauncher.execute(DefaultLauncher.java:85)
	at org.junit.platform.launcher.core.DelegatingLauncher.execute(DelegatingLauncher.java:47)
	at org.apache.maven.surefire.junitplatform.LazyLauncher.execute(LazyLauncher.java:56)
	at org.apache.maven.surefire.junitplatform.JUnitPlatformProvider.execute(JUnitPlatformProvider.java:184)
	at org.apache.maven.surefire.junitplatform.JUnitPlatformProvider.invokeAllTests(JUnitPlatformProvider.java:148)
	at org.apache.maven.surefire.junitplatform.JUnitPlatformProvider.invoke(JUnitPlatformProvider.java:122)
	at org.apache.maven.surefire.booter.ForkedBooter.runSuitesInProcess(ForkedBooter.java:385)
	at org.apache.maven.surefire.booter.ForkedBooter.execute(ForkedBooter.java:162)
	at org.apache.maven.surefire.booter.ForkedBooter.run(ForkedBooter.java:507)
	at org.apache.maven.surefire.booter.ForkedBooter.main(ForkedBooter.java:495)
2026-03-26 22:03:04.174 [main] [] WARN  o.s.test.context.TestContextManager - Caught exception while allowing TestExecutionListener [org.springframework.test.context.web.ServletTestExecutionListener] to prepare test instance [com.tlq.rectagent.skill.DocumentLearningSkillTest@ab5f1d5]
java.lang.IllegalStateException: ApplicationContext failure threshold (1) exceeded: skipping repeated attempt to load context for [WebMergedContextConfiguration@77c8b276 testClass = com.tlq.rectagent.skill.DocumentLearningSkillTest, locations = [], classes = [com.tlq.rectagent.RectAgentApplication], contextInitializerClasses = [], activeProfiles = [], propertySourceDescriptors = [], propertySourceProperties = ["org.springframework.boot.test.context.SpringBootTestContextBootstrapper=true"], contextCustomizers = [org.springframework.boot.test.context.filter.ExcludeFilterContextCustomizer@55493582, org.springframework.boot.test.json.DuplicateJsonObjectContextCustomizerFactory$DuplicateJsonObjectContextCustomizer@34158c08, org.springframework.boot.test.mock.mockito.MockitoContextCustomizer@0, org.springframework.boot.test.web.client.TestRestTemplateContextCustomizer@31dadd46, org.springframework.boot.test.web.reactive.server.WebTestClientContextCustomizer@10cf09e8, org.springframework.boot.test.web.reactor.netty.DisableReactorResourceFactoryGlobalResourcesContextCustomizerFactory$DisableReactorResourceFactoryGlobalResourcesContextCustomizerCustomizer@63787180, org.springframework.boot.test.autoconfigure.OnFailureConditionReportContextCustomizerFactory$OnFailureConditionReportContextCustomizer@2e1ef60, org.springframework.boot.test.autoconfigure.actuate.observability.ObservabilityContextCustomizerFactory$DisableObservabilityContextCustomizer@1f, org.springframework.boot.test.autoconfigure.properties.PropertyMappingContextCustomizer@0, org.springframework.boot.test.autoconfigure.web.servlet.WebDriverContextCustomizer@dbd8e44, org.springframework.boot.test.context.SpringBootTestAnnotation@9f6e4d8], resourceBasePath = "src/main/webapp", contextLoader = org.springframework.boot.test.context.SpringBootContextLoader, parent = null]
	at org.springframework.test.context.cache.DefaultCacheAwareContextLoaderDelegate.loadContext(DefaultCacheAwareContextLoaderDelegate.java:145)
	at org.springframework.test.context.support.DefaultTestContext.getApplicationContext(DefaultTestContext.java:130)
	at org.springframework.test.context.web.ServletTestExecutionListener.setUpRequestContextIfNecessary(ServletTestExecutionListener.java:191)
	at org.springframework.test.context.web.ServletTestExecutionListener.prepareTestInstance(ServletTestExecutionListener.java:130)
	at org.springframework.test.context.TestContextManager.prepareTestInstance(TestContextManager.java:260)
	at org.springframework.test.context.junit.jupiter.SpringExtension.postProcessTestInstance(SpringExtension.java:163)
	at org.junit.jupiter.engine.descriptor.ClassBasedTestDescriptor.lambda$invokeTestInstancePostProcessors$10(ClassBasedTestDescriptor.java:378)
	at org.junit.jupiter.engine.descriptor.ClassBasedTestDescriptor.executeAndMaskThrowable(ClassBasedTestDescriptor.java:383)
	at org.junit.jupiter.engine.descriptor.ClassBasedTestDescriptor.lambda$invokeTestInstancePostProcessors$11(ClassBasedTestDescriptor.java:378)
	at java.base/java.util.stream.ReferencePipeline$3$1.accept(ReferencePipeline.java:197)
	at java.base/java.util.stream.ReferencePipeline$2$1.accept(ReferencePipeline.java:179)
	at java.base/java.util.ArrayList$ArrayListSpliterator.forEachRemaining(ArrayList.java:1708)
	at java.base/java.util.stream.AbstractPipeline.copyInto(AbstractPipeline.java:509)
	at java.base/java.util.stream.AbstractPipeline.wrapAndCopyInto(AbstractPipeline.java:499)
	at java.base/java.util.stream.StreamSpliterators$WrappingSpliterator.forEachRemaining(StreamSpliterators.java:310)
	at java.base/java.util.stream.Streams$ConcatSpliterator.forEachRemaining(Streams.java:735)
	at java.base/java.util.stream.Streams$ConcatSpliterator.forEachRemaining(Streams.java:734)
	at java.base/java.util.stream.ReferencePipeline$Head.forEach(ReferencePipeline.java:762)
	at org.junit.jupiter.engine.descriptor.ClassBasedTestDescriptor.invokeTestInstancePostProcessors(ClassBasedTestDescriptor.java:377)
	at org.junit.jupiter.engine.descriptor.ClassBasedTestDescriptor.lambda$instantiateAndPostProcessTestInstance$6(ClassBasedTestDescriptor.java:290)
	at org.junit.platform.engine.support.hierarchical.ThrowableCollector.execute(ThrowableCollector.java:73)
	at org.junit.jupiter.engine.descriptor.ClassBasedTestDescriptor.instantiateAndPostProcessTestInstance(ClassBasedTestDescriptor.java:289)
	at org.junit.jupiter.engine.descriptor.ClassBasedTestDescriptor.lambda$testInstancesProvider$4(ClassBasedTestDescriptor.java:279)
	at java.base/java.util.Optional.orElseGet(Optional.java:364)
	at org.junit.jupiter.engine.descriptor.ClassBasedTestDescriptor.lambda$testInstancesProvider$5(ClassBasedTestDescriptor.java:278)
	at org.junit.jupiter.engine.execution.TestInstancesProvider.getTestInstances(TestInstancesProvider.java:31)
	at org.junit.jupiter.engine.descriptor.TestMethodTestDescriptor.lambda$prepare$0(TestMethodTestDescriptor.java:106)
	at org.junit.platform.engine.support.hierarchical.ThrowableCollector.execute(ThrowableCollector.java:73)
	at org.junit.jupiter.engine.descriptor.TestMethodTestDescriptor.prepare(TestMethodTestDescriptor.java:105)
	at org.junit.jupiter.engine.descriptor.TestMethodTestDescriptor.prepare(TestMethodTestDescriptor.java:69)
	at org.junit.platform.engine.support.hierarchical.NodeTestTask.lambda$prepare$2(NodeTestTask.java:128)
	at org.junit.platform.engine.support.hierarchical.ThrowableCollector.execute(ThrowableCollector.java:73)
	at org.junit.platform.engine.support.hierarchical.NodeTestTask.prepare(NodeTestTask.java:128)
	at org.junit.platform.engine.support.hierarchical.NodeTestTask.execute(NodeTestTask.java:95)
	at java.base/java.util.ArrayList.forEach(ArrayList.java:1596)
	at org.junit.platform.engine.support.hierarchical.SameThreadHierarchicalTestExecutorService.invokeAll(SameThreadHierarchicalTestExecutorService.java:41)
	at org.junit.platform.engine.support.hierarchical.NodeTestTask.lambda$executeRecursively$6(NodeTestTask.java:160)
	at org.junit.platform.engine.support.hierarchical.ThrowableCollector.execute(ThrowableCollector.java:73)
	at org.junit.platform.engine.support.hierarchical.NodeTestTask.lambda$executeRecursively$8(NodeTestTask.java:146)
	at org.junit.platform.engine.support.hierarchical.Node.around(Node.java:137)
	at org.junit.platform.engine.support.hierarchical.NodeTestTask.lambda$executeRecursively$9(NodeTestTask.java:144)
	at org.junit.platform.engine.support.hierarchical.ThrowableCollector.execute(ThrowableCollector.java:73)
	at org.junit.platform.engine.support.hierarchical.NodeTestTask.executeRecursively(NodeTestTask.java:143)
	at org.junit.platform.engine.support.hierarchical.NodeTestTask.execute(NodeTestTask.java:100)
	at java.base/java.util.ArrayList.forEach(ArrayList.java:1596)
	at org.junit.platform.engine.support.hierarchical.SameThreadHierarchicalTestExecutorService.invokeAll(SameThreadHierarchicalTestExecutorService.java:41)
	at org.junit.platform.engine.support.hierarchical.NodeTestTask.lambda$executeRecursively$6(NodeTestTask.java:160)
	at org.junit.platform.engine.support.hierarchical.ThrowableCollector.execute(ThrowableCollector.java:73)
	at org.junit.platform.engine.support.hierarchical.NodeTestTask.lambda$executeRecursively$8(NodeTestTask.java:146)
	at org.junit.platform.engine.support.hierarchical.Node.around(Node.java:137)
	at org.junit.platform.engine.support.hierarchical.NodeTestTask.lambda$executeRecursively$9(NodeTestTask.java:144)
	at org.junit.platform.engine.support.hierarchical.ThrowableCollector.execute(ThrowableCollector.java:73)
	at org.junit.platform.engine.support.hierarchical.NodeTestTask.executeRecursively(NodeTestTask.java:143)
	at org.junit.platform.engine.support.hierarchical.NodeTestTask.execute(NodeTestTask.java:100)
	at org.junit.platform.engine.support.hierarchical.SameThreadHierarchicalTestExecutorService.submit(SameThreadHierarchicalTestExecutorService.java:35)
	at org.junit.platform.engine.support.hierarchical.HierarchicalTestExecutor.execute(HierarchicalTestExecutor.java:57)
	at org.junit.platform.engine.support.hierarchical.HierarchicalTestEngine.execute(HierarchicalTestEngine.java:54)
	at org.junit.platform.launcher.core.EngineExecutionOrchestrator.execute(EngineExecutionOrchestrator.java:198)
	at org.junit.platform.launcher.core.EngineExecutionOrchestrator.execute(EngineExecutionOrchestrator.java:169)
	at org.junit.platform.launcher.core.EngineExecutionOrchestrator.execute(EngineExecutionOrchestrator.java:93)
	at org.junit.platform.launcher.core.EngineExecutionOrchestrator.lambda$execute$0(EngineExecutionOrchestrator.java:58)
	at org.junit.platform.launcher.core.EngineExecutionOrchestrator.withInterceptedStreams(EngineExecutionOrchestrator.java:141)
	at org.junit.platform.launcher.core.EngineExecutionOrchestrator.execute(EngineExecutionOrchestrator.java:57)
	at org.junit.platform.launcher.core.DefaultLauncher.execute(DefaultLauncher.java:103)
	at org.junit.platform.launcher.core.DefaultLauncher.execute(DefaultLauncher.java:85)
	at org.junit.platform.launcher.core.DelegatingLauncher.execute(DelegatingLauncher.java:47)
	at org.apache.maven.surefire.junitplatform.LazyLauncher.execute(LazyLauncher.java:56)
	at org.apache.maven.surefire.junitplatform.JUnitPlatformProvider.execute(JUnitPlatformProvider.java:184)
	at org.apache.maven.surefire.junitplatform.JUnitPlatformProvider.invokeAllTests(JUnitPlatformProvider.java:148)
	at org.apache.maven.surefire.junitplatform.JUnitPlatformProvider.invoke(JUnitPlatformProvider.java:122)
	at org.apache.maven.surefire.booter.ForkedBooter.runSuitesInProcess(ForkedBooter.java:385)
	at org.apache.maven.surefire.booter.ForkedBooter.execute(ForkedBooter.java:162)
	at org.apache.maven.surefire.booter.ForkedBooter.run(ForkedBooter.java:507)
	at org.apache.maven.surefire.booter.ForkedBooter.main(ForkedBooter.java:495)
[ERROR] Tests run: 2, Failures: 0, Errors: 2, Skipped: 0, Time elapsed: 0.056 s <<< FAILURE! -- in com.tlq.rectagent.skill.DocumentLearningSkillTest
[ERROR] com.tlq.rectagent.skill.DocumentLearningSkillTest.testDocumentLearningSkillProcess -- Time elapsed: 0 s <<< ERROR!
java.lang.IllegalStateException: ApplicationContext failure threshold (1) exceeded: skipping repeated attempt to load context for [WebMergedContextConfiguration@77c8b276 testClass = com.tlq.rectagent.skill.DocumentLearningSkillTest, locations = [], classes = [com.tlq.rectagent.RectAgentApplication], contextInitializerClasses = [], activeProfiles = [], propertySourceDescriptors = [], propertySourceProperties = ["org.springframework.boot.test.context.SpringBootTestContextBootstrapper=true"], contextCustomizers = [org.springframework.boot.test.context.filter.ExcludeFilterContextCustomizer@55493582, org.springframework.boot.test.json.DuplicateJsonObjectContextCustomizerFactory$DuplicateJsonObjectContextCustomizer@34158c08, org.springframework.boot.test.mock.mockito.MockitoContextCustomizer@0, org.springframework.boot.test.web.client.TestRestTemplateContextCustomizer@31dadd46, org.springframework.boot.test.web.reactive.server.WebTestClientContextCustomizer@10cf09e8, org.springframework.boot.test.web.reactor.netty.DisableReactorResourceFactoryGlobalResourcesContextCustomizerFactory$DisableReactorResourceFactoryGlobalResourcesContextCustomizerCustomizer@63787180, org.springframework.boot.test.autoconfigure.OnFailureConditionReportContextCustomizerFactory$OnFailureConditionReportContextCustomizer@2e1ef60, org.springframework.boot.test.autoconfigure.actuate.observability.ObservabilityContextCustomizerFactory$DisableObservabilityContextCustomizer@1f, org.springframework.boot.test.autoconfigure.properties.PropertyMappingContextCustomizer@0, org.springframework.boot.test.autoconfigure.web.servlet.WebDriverContextCustomizer@dbd8e44, org.springframework.boot.test.context.SpringBootTestAnnotation@9f6e4d8], resourceBasePath = "src/main/webapp", contextLoader = org.springframework.boot.test.context.SpringBootContextLoader, parent = null]
	at org.springframework.test.context.cache.DefaultCacheAwareContextLoaderDelegate.loadContext(DefaultCacheAwareContextLoaderDelegate.java:145)
	at org.springframework.test.context.support.DefaultTestContext.getApplicationContext(DefaultTestContext.java:130)
	at org.springframework.test.context.web.ServletTestExecutionListener.setUpRequestContextIfNecessary(ServletTestExecutionListener.java:191)
	at org.springframework.test.context.web.ServletTestExecutionListener.prepareTestInstance(ServletTestExecutionListener.java:130)
	at org.springframework.test.context.TestContextManager.prepareTestInstance(TestContextManager.java:260)
	at org.springframework.test.context.junit.jupiter.SpringExtension.postProcessTestInstance(SpringExtension.java:163)
	at java.base/java.util.stream.ReferencePipeline$3$1.accept(ReferencePipeline.java:197)
	at java.base/java.util.stream.ReferencePipeline$2$1.accept(ReferencePipeline.java:179)
	at java.base/java.util.ArrayList$ArrayListSpliterator.forEachRemaining(ArrayList.java:1708)
	at java.base/java.util.stream.AbstractPipeline.copyInto(AbstractPipeline.java:509)
	at java.base/java.util.stream.AbstractPipeline.wrapAndCopyInto(AbstractPipeline.java:499)
	at java.base/java.util.stream.StreamSpliterators$WrappingSpliterator.forEachRemaining(StreamSpliterators.java:310)
	at java.base/java.util.stream.Streams$ConcatSpliterator.forEachRemaining(Streams.java:735)
	at java.base/java.util.stream.Streams$ConcatSpliterator.forEachRemaining(Streams.java:734)
	at java.base/java.util.stream.ReferencePipeline$Head.forEach(ReferencePipeline.java:762)
	at java.base/java.util.Optional.orElseGet(Optional.java:364)
	at java.base/java.util.ArrayList.forEach(ArrayList.java:1596)
	at java.base/java.util.ArrayList.forEach(ArrayList.java:1596)

[ERROR] com.tlq.rectagent.skill.DocumentLearningSkillTest.testDocumentLearningSkillRegistration -- Time elapsed: 0 s <<< ERROR!
java.lang.IllegalStateException: ApplicationContext failure threshold (1) exceeded: skipping repeated attempt to load context for [WebMergedContextConfiguration@77c8b276 testClass = com.tlq.rectagent.skill.DocumentLearningSkillTest, locations = [], classes = [com.tlq.rectagent.RectAgentApplication], contextInitializerClasses = [], activeProfiles = [], propertySourceDescriptors = [], propertySourceProperties = ["org.springframework.boot.test.context.SpringBootTestContextBootstrapper=true"], contextCustomizers = [org.springframework.boot.test.context.filter.ExcludeFilterContextCustomizer@55493582, org.springframework.boot.test.json.DuplicateJsonObjectContextCustomizerFactory$DuplicateJsonObjectContextCustomizer@34158c08, org.springframework.boot.test.mock.mockito.MockitoContextCustomizer@0, org.springframework.boot.test.web.client.TestRestTemplateContextCustomizer@31dadd46, org.springframework.boot.test.web.reactive.server.WebTestClientContextCustomizer@10cf09e8, org.springframework.boot.test.web.reactor.netty.DisableReactorResourceFactoryGlobalResourcesContextCustomizerFactory$DisableReactorResourceFactoryGlobalResourcesContextCustomizerCustomizer@63787180, org.springframework.boot.test.autoconfigure.OnFailureConditionReportContextCustomizerFactory$OnFailureConditionReportContextCustomizer@2e1ef60, org.springframework.boot.test.autoconfigure.actuate.observability.ObservabilityContextCustomizerFactory$DisableObservabilityContextCustomizer@1f, org.springframework.boot.test.autoconfigure.properties.PropertyMappingContextCustomizer@0, org.springframework.boot.test.autoconfigure.web.servlet.WebDriverContextCustomizer@dbd8e44, org.springframework.boot.test.context.SpringBootTestAnnotation@9f6e4d8], resourceBasePath = "src/main/webapp", contextLoader = org.springframework.boot.test.context.SpringBootContextLoader, parent = null]
	at org.springframework.test.context.cache.DefaultCacheAwareContextLoaderDelegate.loadContext(DefaultCacheAwareContextLoaderDelegate.java:145)
	at org.springframework.test.context.support.DefaultTestContext.getApplicationContext(DefaultTestContext.java:130)
	at org.springframework.test.context.web.ServletTestExecutionListener.setUpRequestContextIfNecessary(ServletTestExecutionListener.java:191)
	at org.springframework.test.context.web.ServletTestExecutionListener.prepareTestInstance(ServletTestExecutionListener.java:130)
	at org.springframework.test.context.TestContextManager.prepareTestInstance(TestContextManager.java:260)
	at org.springframework.test.context.junit.jupiter.SpringExtension.postProcessTestInstance(SpringExtension.java:163)
	at java.base/java.util.stream.ReferencePipeline$3$1.accept(ReferencePipeline.java:197)
	at java.base/java.util.stream.ReferencePipeline$2$1.accept(ReferencePipeline.java:179)
	at java.base/java.util.ArrayList$ArrayListSpliterator.forEachRemaining(ArrayList.java:1708)
	at java.base/java.util.stream.AbstractPipeline.copyInto(AbstractPipeline.java:509)
	at java.base/java.util.stream.AbstractPipeline.wrapAndCopyInto(AbstractPipeline.java:499)
	at java.base/java.util.stream.StreamSpliterators$WrappingSpliterator.forEachRemaining(StreamSpliterators.java:310)
	at java.base/java.util.stream.Streams$ConcatSpliterator.forEachRemaining(Streams.java:735)
	at java.base/java.util.stream.Streams$ConcatSpliterator.forEachRemaining(Streams.java:734)
	at java.base/java.util.stream.ReferencePipeline$Head.forEach(ReferencePipeline.java:762)
	at java.base/java.util.Optional.orElseGet(Optional.java:364)
	at java.base/java.util.ArrayList.forEach(ArrayList.java:1596)
	at java.base/java.util.ArrayList.forEach(ArrayList.java:1596)

[INFO] Running com.tlq.rectagent.agent.AgentReflectionUtilTest
[INFO] Tests run: 3, Failures: 0, Errors: 0, Skipped: 0, Time elapsed: 0.052 s -- in com.tlq.rectagent.agent.AgentReflectionUtilTest
[INFO] Running com.tlq.rectagent.agent.CoordinatorAgentE2ETest
2026-03-26 22:03:04.670 [main] [] INFO  c.t.r.agent.SequentialAgentExecutor - Executing agent repeat_agent (1/1): request 1
2026-03-26 22:03:04.686 [main] [] DEBUG c.t.rectagent.agent.AgentDataContext - AgentDataContext put: output = response
2026-03-26 22:03:04.686 [main] [] DEBUG c.t.r.agent.SequentialAgentExecutor - Agent repeat_agent output stored with key 'output': response
2026-03-26 22:03:04.686 [main] [] INFO  c.t.r.agent.SequentialAgentExecutor - SequentialAgent execution completed. Last agent: repeat_agent, output length: 8
2026-03-26 22:03:04.688 [main] [] INFO  c.t.r.agent.SequentialAgentExecutor - Executing agent repeat_agent (1/1): request 2
2026-03-26 22:03:04.688 [main] [] DEBUG c.t.rectagent.agent.AgentDataContext - AgentDataContext put: output = response
2026-03-26 22:03:04.688 [main] [] DEBUG c.t.r.agent.SequentialAgentExecutor - Agent repeat_agent output stored with key 'output': response
2026-03-26 22:03:04.688 [main] [] INFO  c.t.r.agent.SequentialAgentExecutor - SequentialAgent execution completed. Last agent: repeat_agent, output length: 8
2026-03-26 22:03:04.715 [main] [] DEBUG c.t.rectagent.agent.AgentDataContext - AgentDataContext put: user_intent = 查询项目数据
2026-03-26 22:03:04.718 [main] [] WARN  c.t.r.agent.SequentialAgentExecutor - Agent 'test_agent' has no mapping in outputKeyMap, will use name as key
2026-03-26 22:03:04.718 [main] [] INFO  c.t.r.agent.SequentialAgentExecutor - Executing agent test_agent (1/1): input
2026-03-26 22:03:04.718 [main] [] DEBUG c.t.rectagent.agent.AgentDataContext - AgentDataContext put: test_agent = agent_output
2026-03-26 22:03:04.718 [main] [] DEBUG c.t.r.agent.SequentialAgentExecutor - Agent test_agent output stored with key 'test_agent': agent_output
2026-03-26 22:03:04.718 [main] [] INFO  c.t.r.agent.SequentialAgentExecutor - SequentialAgent execution completed. Last agent: test_agent, output length: 12
2026-03-26 22:03:04.728 [main] [] WARN  c.t.r.agent.SequentialAgentExecutor - Agent 'failing_agent' has no mapping in outputKeyMap, will use name as key
2026-03-26 22:03:04.728 [main] [] INFO  c.t.r.agent.SequentialAgentExecutor - Executing agent failing_agent (1/1): input
2026-03-26 22:03:04.729 [main] [] ERROR c.t.r.agent.SequentialAgentExecutor - Agent failing_agent execution failed: Intent recognition failed
com.alibaba.cloud.ai.graph.exception.GraphRunnerException: Intent recognition failed
	at com.alibaba.cloud.ai.graph.agent.ReactAgent.call(ReactAgent.java:165)
	at com.tlq.rectagent.agent.SequentialAgentExecutor.executeWithContext(SequentialAgentExecutor.java:115)
	at com.tlq.rectagent.agent.SequentialAgentExecutor.execute(SequentialAgentExecutor.java:70)
	at com.tlq.rectagent.agent.CoordinatorAgentE2ETest.throwsRuntimeException_whenAgentCallFails(CoordinatorAgentE2ETest.java:128)
	at java.base/jdk.internal.reflect.DirectMethodHandleAccessor.invoke(DirectMethodHandleAccessor.java:103)
	at java.base/java.lang.reflect.Method.invoke(Method.java:580)
	at org.junit.runners.model.FrameworkMethod$1.runReflectiveCall(FrameworkMethod.java:59)
	at org.junit.internal.runners.model.ReflectiveCallable.run(ReflectiveCallable.java:12)
	at org.junit.runners.model.FrameworkMethod.invokeExplosively(FrameworkMethod.java:56)
	at org.junit.internal.runners.statements.InvokeMethod.evaluate(InvokeMethod.java:17)
	at org.junit.runners.ParentRunner$3.evaluate(ParentRunner.java:306)
	at org.junit.runners.BlockJUnit4ClassRunner$1.evaluate(BlockJUnit4ClassRunner.java:100)
	at org.junit.runners.ParentRunner.runLeaf(ParentRunner.java:366)
	at org.junit.runners.BlockJUnit4ClassRunner.runChild(BlockJUnit4ClassRunner.java:103)
	at org.junit.runners.BlockJUnit4ClassRunner.runChild(BlockJUnit4ClassRunner.java:63)
	at org.junit.runners.ParentRunner$4.run(ParentRunner.java:331)
	at org.junit.runners.ParentRunner$1.schedule(ParentRunner.java:79)
	at org.junit.runners.ParentRunner.runChildren(ParentRunner.java:329)
	at org.junit.runners.ParentRunner.access$100(ParentRunner.java:66)
	at org.junit.runners.ParentRunner$2.evaluate(ParentRunner.java:293)
	at org.junit.runners.ParentRunner$3.evaluate(ParentRunner.java:306)
	at org.junit.runners.ParentRunner.run(ParentRunner.java:413)
	at org.junit.runner.JUnitCore.run(JUnitCore.java:137)
	at org.junit.runner.JUnitCore.run(JUnitCore.java:115)
	at org.junit.vintage.engine.execution.RunnerExecutor.execute(RunnerExecutor.java:42)
	at org.junit.vintage.engine.VintageTestEngine.executeAllChildren(VintageTestEngine.java:80)
	at org.junit.vintage.engine.VintageTestEngine.execute(VintageTestEngine.java:72)
	at org.junit.platform.launcher.core.EngineExecutionOrchestrator.execute(EngineExecutionOrchestrator.java:198)
	at org.junit.platform.launcher.core.EngineExecutionOrchestrator.execute(EngineExecutionOrchestrator.java:169)
	at org.junit.platform.launcher.core.EngineExecutionOrchestrator.execute(EngineExecutionOrchestrator.java:93)
	at org.junit.platform.launcher.core.EngineExecutionOrchestrator.lambda$execute$0(EngineExecutionOrchestrator.java:58)
	at org.junit.platform.launcher.core.EngineExecutionOrchestrator.withInterceptedStreams(EngineExecutionOrchestrator.java:141)
	at org.junit.platform.launcher.core.EngineExecutionOrchestrator.execute(EngineExecutionOrchestrator.java:57)
	at org.junit.platform.launcher.core.DefaultLauncher.execute(DefaultLauncher.java:103)
	at org.junit.platform.launcher.core.DefaultLauncher.execute(DefaultLauncher.java:85)
	at org.junit.platform.launcher.core.DelegatingLauncher.execute(DelegatingLauncher.java:47)
	at org.apache.maven.surefire.junitplatform.LazyLauncher.execute(LazyLauncher.java:56)
	at org.apache.maven.surefire.junitplatform.JUnitPlatformProvider.execute(JUnitPlatformProvider.java:184)
	at org.apache.maven.surefire.junitplatform.JUnitPlatformProvider.invokeAllTests(JUnitPlatformProvider.java:148)
	at org.apache.maven.surefire.junitplatform.JUnitPlatformProvider.invoke(JUnitPlatformProvider.java:122)
	at org.apache.maven.surefire.booter.ForkedBooter.runSuitesInProcess(ForkedBooter.java:385)
	at org.apache.maven.surefire.booter.ForkedBooter.execute(ForkedBooter.java:162)
	at org.apache.maven.surefire.booter.ForkedBooter.run(ForkedBooter.java:507)
	at org.apache.maven.surefire.booter.ForkedBooter.main(ForkedBooter.java:495)
2026-03-26 22:03:04.733 [main] [] WARN  c.t.r.agent.SequentialAgentExecutor - Agent 'agent1' has no mapping in outputKeyMap, will use name as key
2026-03-26 22:03:04.733 [main] [] WARN  c.t.r.agent.SequentialAgentExecutor - Agent 'agent2' has no mapping in outputKeyMap, will use name as key
2026-03-26 22:03:04.733 [main] [] INFO  c.t.r.agent.SequentialAgentExecutor - Executing agent agent1 (1/2): initial
2026-03-26 22:03:04.736 [main] [] DEBUG c.t.rectagent.agent.AgentDataContext - AgentDataContext put: agent1 = result_from_step1
2026-03-26 22:03:04.736 [main] [] DEBUG c.t.r.agent.SequentialAgentExecutor - Agent agent1 output stored with key 'agent1': result_from_step1
2026-03-26 22:03:04.736 [main] [] INFO  c.t.r.agent.SequentialAgentExecutor - Executing agent agent2 (2/2): 【agent1】result_from_step1
2026-03-26 22:03:04.738 [main] [] DEBUG c.t.rectagent.agent.AgentDataContext - AgentDataContext put: agent2 = result_from_step2
2026-03-26 22:03:04.738 [main] [] DEBUG c.t.r.agent.SequentialAgentExecutor - Agent agent2 output stored with key 'agent2': result_from_step2
2026-03-26 22:03:04.738 [main] [] INFO  c.t.r.agent.SequentialAgentExecutor - SequentialAgent execution completed. Last agent: agent2, output length: 17
2026-03-26 22:03:04.741 [main] [] INFO  c.t.r.agent.SequentialAgentExecutor - Executing agent simple_agent (1/1): simple input
2026-03-26 22:03:04.741 [main] [] DEBUG c.t.rectagent.agent.AgentDataContext - AgentDataContext put: output = simple_output
2026-03-26 22:03:04.741 [main] [] DEBUG c.t.r.agent.SequentialAgentExecutor - Agent simple_agent output stored with key 'output': simple_output
2026-03-26 22:03:04.741 [main] [] INFO  c.t.r.agent.SequentialAgentExecutor - SequentialAgent execution completed. Last agent: simple_agent, output length: 13
2026-03-26 22:03:04.741 [main] [] DEBUG c.t.rectagent.agent.AgentDataContext - AgentDataContext put: user_intent = 查询项目数据
2026-03-26 22:03:04.742 [main] [] DEBUG c.t.rectagent.agent.AgentDataContext - AgentDataContext put: generated_prompt = 请分析{user_intent}并生成报告
2026-03-26 22:03:04.744 [main] [] INFO  c.t.r.agent.SequentialAgentExecutor - Executing agent first_agent (1/2): initial input
2026-03-26 22:03:04.746 [main] [] DEBUG c.t.rectagent.agent.AgentDataContext - AgentDataContext put: key_one = output1
2026-03-26 22:03:04.746 [main] [] DEBUG c.t.r.agent.SequentialAgentExecutor - Agent first_agent output stored with key 'key_one': output1
2026-03-26 22:03:04.746 [main] [] INFO  c.t.r.agent.SequentialAgentExecutor - Executing agent second_agent (2/2): 【key_one】output1
2026-03-26 22:03:04.746 [main] [] DEBUG c.t.rectagent.agent.AgentDataContext - AgentDataContext put: key_two = output2
2026-03-26 22:03:04.746 [main] [] DEBUG c.t.r.agent.SequentialAgentExecutor - Agent second_agent output stored with key 'key_two': output2
2026-03-26 22:03:04.746 [main] [] INFO  c.t.r.agent.SequentialAgentExecutor - SequentialAgent execution completed. Last agent: second_agent, output length: 7
2026-03-26 22:03:04.749 [main] [] INFO  c.t.r.agent.SequentialAgentExecutor - Executing agent intent_recognition_agent (1/3): 分析项目 test 的数据
2026-03-26 22:03:04.750 [main] [] DEBUG c.t.rectagent.agent.AgentDataContext - AgentDataContext put: user_intent = {"intent":"data_analysis","entities":["test"],"confidence":0.95}
2026-03-26 22:03:04.750 [main] [] DEBUG c.t.r.agent.SequentialAgentExecutor - Agent intent_recognition_agent output stored with key 'user_intent': {"intent":"data_analysis","entities":["test"],"confidence":0.95}
2026-03-26 22:03:04.750 [main] [] INFO  c.t.r.agent.SequentialAgentExecutor - Executing agent dynamic_prompt_agent (2/3): 【user_intent】{"intent":"data_analysis","entities":["test"],"confidence":0.95}
2026-03-26 22:03:04.750 [main] [] DEBUG c.t.rectagent.agent.AgentDataContext - AgentDataContext put: generated_prompt = 请分析项目 test 的风险数据
2026-03-26 22:03:04.750 [main] [] DEBUG c.t.r.agent.SequentialAgentExecutor - Agent dynamic_prompt_agent output stored with key 'generated_prompt': 请分析项目 test 的风险数据
2026-03-26 22:03:04.750 [main] [] INFO  c.t.r.agent.SequentialAgentExecutor - Executing agent data_analysis_agent (3/3): 【意图识别结果】{"intent":"data_analysis","entities":["test"],"confidence":0.95}
【generated_prompt】请分析项目 test 的风险数据
2026-03-26 22:03:04.752 [main] [] DEBUG c.t.rectagent.agent.AgentDataContext - AgentDataContext put: analysis_result = 分析完成：发现3个中等风险项。
2026-03-26 22:03:04.752 [main] [] DEBUG c.t.r.agent.SequentialAgentExecutor - Agent data_analysis_agent output stored with key 'analysis_result': 分析完成：发现3个中等风险项。
2026-03-26 22:03:04.752 [main] [] INFO  c.t.r.agent.SequentialAgentExecutor - SequentialAgent execution completed. Last agent: data_analysis_agent, output length: 15
[INFO] Tests run: 9, Failures: 0, Errors: 0, Skipped: 0, Time elapsed: 0.465 s -- in com.tlq.rectagent.agent.CoordinatorAgentE2ETest
[INFO] Running com.tlq.rectagent.agent.SupervisorAgentPerfTest
2026-03-26 22:03:04.757 [main] [] DEBUG c.t.r.agent.AgentToolRegistry - 注册工具: name=intent_recognition_agent, description=用户意图识别工具
2026-03-26 22:03:04.760 [main] [] DEBUG c.t.r.agent.AgentToolRegistry - 注册工具: name=data_analysis_agent, description=数据安全分析工具
2026-03-26 22:03:04.760 [main] [] INFO  c.t.rectagent.agent.SupervisorAgent - [367966f17dd547ab] SupervisorAgent 开始处理: inputLength=16
2026-03-26 22:03:04.760 [main] [] DEBUG c.t.rectagent.agent.SupervisorAgent - [367966f17dd547ab] 执行工具: data_analysis_agent, input=83
2026-03-26 22:03:04.760 [main] [] DEBUG c.t.rectagent.agent.SupervisorAgent - [367966f17dd547ab] 工具 data_analysis_agent 执行完成, outputLength=83
2026-03-26 22:03:04.761 [main] [] INFO  c.t.rectagent.agent.SupervisorAgent - [367966f17dd547ab] 任务完成
2026-03-26 22:03:04.761 [main] [] INFO  c.t.rectagent.agent.SupervisorAgent - [367966f17dd547ab] SupervisorAgent 处理完成: outputLength=83, 调用次数=1
2026-03-26 22:03:04.761 [main] [] INFO  c.t.rectagent.agent.SupervisorAgent - [4645e34e46eb46ac] SupervisorAgent 开始处理: inputLength=16
2026-03-26 22:03:04.761 [main] [] DEBUG c.t.rectagent.agent.SupervisorAgent - [4645e34e46eb46ac] 执行工具: data_analysis_agent, input=83
2026-03-26 22:03:04.761 [main] [] DEBUG c.t.rectagent.agent.SupervisorAgent - [4645e34e46eb46ac] 工具 data_analysis_agent 执行完成, outputLength=83
2026-03-26 22:03:04.763 [main] [] INFO  c.t.rectagent.agent.SupervisorAgent - [4645e34e46eb46ac] 任务完成
2026-03-26 22:03:04.763 [main] [] INFO  c.t.rectagent.agent.SupervisorAgent - [4645e34e46eb46ac] SupervisorAgent 处理完成: outputLength=83, 调用次数=1
2026-03-26 22:03:04.763 [main] [] INFO  c.t.rectagent.agent.SupervisorAgent - [9d25b6fb09994803] SupervisorAgent 开始处理: inputLength=16
2026-03-26 22:03:04.763 [main] [] DEBUG c.t.rectagent.agent.SupervisorAgent - [9d25b6fb09994803] 执行工具: data_analysis_agent, input=83
2026-03-26 22:03:04.763 [main] [] DEBUG c.t.rectagent.agent.SupervisorAgent - [9d25b6fb09994803] 工具 data_analysis_agent 执行完成, outputLength=83
2026-03-26 22:03:04.763 [main] [] INFO  c.t.rectagent.agent.SupervisorAgent - [9d25b6fb09994803] 任务完成
2026-03-26 22:03:04.763 [main] [] INFO  c.t.rectagent.agent.SupervisorAgent - [9d25b6fb09994803] SupervisorAgent 处理完成: outputLength=83, 调用次数=1
2026-03-26 22:03:04.763 [main] [] INFO  c.t.rectagent.agent.SupervisorAgent - [32aaece02bd845d5] SupervisorAgent 开始处理: inputLength=16
2026-03-26 22:03:04.763 [main] [] DEBUG c.t.rectagent.agent.SupervisorAgent - [32aaece02bd845d5] 执行工具: data_analysis_agent, input=83
2026-03-26 22:03:04.763 [main] [] DEBUG c.t.rectagent.agent.SupervisorAgent - [32aaece02bd845d5] 工具 data_analysis_agent 执行完成, outputLength=83
2026-03-26 22:03:04.763 [main] [] INFO  c.t.rectagent.agent.SupervisorAgent - [32aaece02bd845d5] 任务完成
2026-03-26 22:03:04.763 [main] [] INFO  c.t.rectagent.agent.SupervisorAgent - [32aaece02bd845d5] SupervisorAgent 处理完成: outputLength=83, 调用次数=1
2026-03-26 22:03:04.763 [main] [] INFO  c.t.rectagent.agent.SupervisorAgent - [ee5411d8d7944fd5] SupervisorAgent 开始处理: inputLength=16
2026-03-26 22:03:04.763 [main] [] DEBUG c.t.rectagent.agent.SupervisorAgent - [ee5411d8d7944fd5] 执行工具: data_analysis_agent, input=83
2026-03-26 22:03:04.763 [main] [] DEBUG c.t.rectagent.agent.SupervisorAgent - [ee5411d8d7944fd5] 工具 data_analysis_agent 执行完成, outputLength=83
2026-03-26 22:03:04.763 [main] [] INFO  c.t.rectagent.agent.SupervisorAgent - [ee5411d8d7944fd5] 任务完成
2026-03-26 22:03:04.763 [main] [] INFO  c.t.rectagent.agent.SupervisorAgent - [ee5411d8d7944fd5] SupervisorAgent 处理完成: outputLength=83, 调用次数=1
2026-03-26 22:03:04.763 [main] [] INFO  c.t.rectagent.agent.SupervisorAgent - [393fbee9ca1f4259] SupervisorAgent 开始处理: inputLength=16
2026-03-26 22:03:04.763 [main] [] DEBUG c.t.rectagent.agent.SupervisorAgent - [393fbee9ca1f4259] 执行工具: data_analysis_agent, input=83
2026-03-26 22:03:04.763 [main] [] DEBUG c.t.rectagent.agent.SupervisorAgent - [393fbee9ca1f4259] 工具 data_analysis_agent 执行完成, outputLength=83
2026-03-26 22:03:04.763 [main] [] INFO  c.t.rectagent.agent.SupervisorAgent - [393fbee9ca1f4259] 任务完成
2026-03-26 22:03:04.763 [main] [] INFO  c.t.rectagent.agent.SupervisorAgent - [393fbee9ca1f4259] SupervisorAgent 处理完成: outputLength=83, 调用次数=1
2026-03-26 22:03:04.763 [main] [] INFO  c.t.rectagent.agent.SupervisorAgent - [42815ced294549a9] SupervisorAgent 开始处理: inputLength=16
2026-03-26 22:03:04.763 [main] [] DEBUG c.t.rectagent.agent.SupervisorAgent - [42815ced294549a9] 执行工具: data_analysis_agent, input=83
2026-03-26 22:03:04.763 [main] [] DEBUG c.t.rectagent.agent.SupervisorAgent - [42815ced294549a9] 工具 data_analysis_agent 执行完成, outputLength=83
2026-03-26 22:03:04.765 [main] [] INFO  c.t.rectagent.agent.SupervisorAgent - [42815ced294549a9] 任务完成
2026-03-26 22:03:04.765 [main] [] INFO  c.t.rectagent.agent.SupervisorAgent - [42815ced294549a9] SupervisorAgent 处理完成: outputLength=83, 调用次数=1
2026-03-26 22:03:04.765 [main] [] INFO  c.t.rectagent.agent.SupervisorAgent - [37648d89246441eb] SupervisorAgent 开始处理: inputLength=16
2026-03-26 22:03:04.765 [main] [] DEBUG c.t.rectagent.agent.SupervisorAgent - [37648d89246441eb] 执行工具: data_analysis_agent, input=83
2026-03-26 22:03:04.765 [main] [] DEBUG c.t.rectagent.agent.SupervisorAgent - [37648d89246441eb] 工具 data_analysis_agent 执行完成, outputLength=83
2026-03-26 22:03:04.765 [main] [] INFO  c.t.rectagent.agent.SupervisorAgent - [37648d89246441eb] 任务完成
2026-03-26 22:03:04.765 [main] [] INFO  c.t.rectagent.agent.SupervisorAgent - [37648d89246441eb] SupervisorAgent 处理完成: outputLength=83, 调用次数=1
2026-03-26 22:03:04.765 [main] [] INFO  c.t.rectagent.agent.SupervisorAgent - [68c140ceeeaf48c7] SupervisorAgent 开始处理: inputLength=16
2026-03-26 22:03:04.765 [main] [] DEBUG c.t.rectagent.agent.SupervisorAgent - [68c140ceeeaf48c7] 执行工具: data_analysis_agent, input=83
2026-03-26 22:03:04.765 [main] [] DEBUG c.t.rectagent.agent.SupervisorAgent - [68c140ceeeaf48c7] 工具 data_analysis_agent 执行完成, outputLength=83
2026-03-26 22:03:04.765 [main] [] INFO  c.t.rectagent.agent.SupervisorAgent - [68c140ceeeaf48c7] 任务完成
2026-03-26 22:03:04.765 [main] [] INFO  c.t.rectagent.agent.SupervisorAgent - [68c140ceeeaf48c7] SupervisorAgent 处理完成: outputLength=83, 调用次数=1
2026-03-26 22:03:04.765 [main] [] INFO  c.t.rectagent.agent.SupervisorAgent - [ab16dcd171994e19] SupervisorAgent 开始处理: inputLength=16
2026-03-26 22:03:04.765 [main] [] DEBUG c.t.rectagent.agent.SupervisorAgent - [ab16dcd171994e19] 执行工具: data_analysis_agent, input=83
2026-03-26 22:03:04.765 [main] [] DEBUG c.t.rectagent.agent.SupervisorAgent - [ab16dcd171994e19] 工具 data_analysis_agent 执行完成, outputLength=83
2026-03-26 22:03:04.765 [main] [] INFO  c.t.rectagent.agent.SupervisorAgent - [ab16dcd171994e19] 任务完成
2026-03-26 22:03:04.765 [main] [] INFO  c.t.rectagent.agent.SupervisorAgent - [ab16dcd171994e19] SupervisorAgent 处理完成: outputLength=83, 调用次数=1
2026-03-26 22:03:04.765 [main] [] DEBUG c.t.r.agent.AgentToolRegistry - 注册工具: name=intent_recognition_agent, description=用户意图识别工具
2026-03-26 22:03:04.765 [main] [] DEBUG c.t.r.agent.AgentToolRegistry - 注册工具: name=data_analysis_agent, description=数据安全分析工具
2026-03-26 22:03:04.769 [pool-2-thread-1] [] INFO  c.t.rectagent.agent.SupervisorAgent - [1c6b6ebd93f748ee] SupervisorAgent 开始处理: inputLength=14
2026-03-26 22:03:04.769 [pool-2-thread-2] [] INFO  c.t.rectagent.agent.SupervisorAgent - [25b219f7e1ec4192] SupervisorAgent 开始处理: inputLength=14
2026-03-26 22:03:04.769 [pool-2-thread-2] [] DEBUG c.t.rectagent.agent.SupervisorAgent - [25b219f7e1ec4192] 执行工具: data_analysis_agent, input=81
2026-03-26 22:03:04.769 [pool-2-thread-1] [] DEBUG c.t.rectagent.agent.SupervisorAgent - [1c6b6ebd93f748ee] 执行工具: data_analysis_agent, input=81
2026-03-26 22:03:04.771 [pool-2-thread-2] [] DEBUG c.t.rectagent.agent.SupervisorAgent - [25b219f7e1ec4192] 工具 data_analysis_agent 执行完成, outputLength=81
2026-03-26 22:03:04.771 [pool-2-thread-1] [] DEBUG c.t.rectagent.agent.SupervisorAgent - [1c6b6ebd93f748ee] 工具 data_analysis_agent 执行完成, outputLength=81
2026-03-26 22:03:04.771 [pool-2-thread-3] [] INFO  c.t.rectagent.agent.SupervisorAgent - [358b835e98e0455c] SupervisorAgent 开始处理: inputLength=14
2026-03-26 22:03:04.771 [pool-2-thread-1] [] INFO  c.t.rectagent.agent.SupervisorAgent - [1c6b6ebd93f748ee] 任务完成
2026-03-26 22:03:04.771 [pool-2-thread-2] [] INFO  c.t.rectagent.agent.SupervisorAgent - [25b219f7e1ec4192] 任务完成
2026-03-26 22:03:04.771 [pool-2-thread-3] [] DEBUG c.t.rectagent.agent.SupervisorAgent - [358b835e98e0455c] 执行工具: data_analysis_agent, input=81
2026-03-26 22:03:04.771 [pool-2-thread-1] [] INFO  c.t.rectagent.agent.SupervisorAgent - [1c6b6ebd93f748ee] SupervisorAgent 处理完成: outputLength=81, 调用次数=1
2026-03-26 22:03:04.771 [pool-2-thread-3] [] DEBUG c.t.rectagent.agent.SupervisorAgent - [358b835e98e0455c] 工具 data_analysis_agent 执行完成, outputLength=81
2026-03-26 22:03:04.771 [pool-2-thread-2] [] INFO  c.t.rectagent.agent.SupervisorAgent - [25b219f7e1ec4192] SupervisorAgent 处理完成: outputLength=81, 调用次数=1
2026-03-26 22:03:04.771 [pool-2-thread-3] [] INFO  c.t.rectagent.agent.SupervisorAgent - [358b835e98e0455c] 任务完成
2026-03-26 22:03:04.771 [pool-2-thread-3] [] INFO  c.t.rectagent.agent.SupervisorAgent - [358b835e98e0455c] SupervisorAgent 处理完成: outputLength=81, 调用次数=1
2026-03-26 22:03:04.771 [pool-2-thread-1] [] INFO  c.t.rectagent.agent.SupervisorAgent - [40543689afc74538] SupervisorAgent 开始处理: inputLength=14
2026-03-26 22:03:04.771 [pool-2-thread-3] [] INFO  c.t.rectagent.agent.SupervisorAgent - [4ac498da0fb64c5f] SupervisorAgent 开始处理: inputLength=14
2026-03-26 22:03:04.771 [pool-2-thread-4] [] INFO  c.t.rectagent.agent.SupervisorAgent - [6c364e00ea3b4018] SupervisorAgent 开始处理: inputLength=14
2026-03-26 22:03:04.771 [pool-2-thread-3] [] DEBUG c.t.rectagent.agent.SupervisorAgent - [4ac498da0fb64c5f] 执行工具: data_analysis_agent, input=81
2026-03-26 22:03:04.771 [pool-2-thread-2] [] INFO  c.t.rectagent.agent.SupervisorAgent - [156db85fb7904db5] SupervisorAgent 开始处理: inputLength=14
2026-03-26 22:03:04.771 [pool-2-thread-1] [] DEBUG c.t.rectagent.agent.SupervisorAgent - [40543689afc74538] 执行工具: data_analysis_agent, input=81
2026-03-26 22:03:04.771 [pool-2-thread-4] [] DEBUG c.t.rectagent.agent.SupervisorAgent - [6c364e00ea3b4018] 执行工具: data_analysis_agent, input=81
2026-03-26 22:03:04.771 [pool-2-thread-3] [] DEBUG c.t.rectagent.agent.SupervisorAgent - [4ac498da0fb64c5f] 工具 data_analysis_agent 执行完成, outputLength=81
2026-03-26 22:03:04.771 [pool-2-thread-2] [] DEBUG c.t.rectagent.agent.SupervisorAgent - [156db85fb7904db5] 执行工具: data_analysis_agent, input=81
2026-03-26 22:03:04.771 [pool-2-thread-4] [] DEBUG c.t.rectagent.agent.SupervisorAgent - [6c364e00ea3b4018] 工具 data_analysis_agent 执行完成, outputLength=81
2026-03-26 22:03:04.771 [pool-2-thread-2] [] DEBUG c.t.rectagent.agent.SupervisorAgent - [156db85fb7904db5] 工具 data_analysis_agent 执行完成, outputLength=81
2026-03-26 22:03:04.771 [pool-2-thread-1] [] DEBUG c.t.rectagent.agent.SupervisorAgent - [40543689afc74538] 工具 data_analysis_agent 执行完成, outputLength=81
2026-03-26 22:03:04.771 [pool-2-thread-4] [] INFO  c.t.rectagent.agent.SupervisorAgent - [6c364e00ea3b4018] 任务完成
2026-03-26 22:03:04.771 [pool-2-thread-1] [] INFO  c.t.rectagent.agent.SupervisorAgent - [40543689afc74538] 任务完成
2026-03-26 22:03:04.771 [pool-2-thread-2] [] INFO  c.t.rectagent.agent.SupervisorAgent - [156db85fb7904db5] 任务完成
2026-03-26 22:03:04.771 [pool-2-thread-1] [] INFO  c.t.rectagent.agent.SupervisorAgent - [40543689afc74538] SupervisorAgent 处理完成: outputLength=81, 调用次数=1
2026-03-26 22:03:04.771 [pool-2-thread-4] [] INFO  c.t.rectagent.agent.SupervisorAgent - [6c364e00ea3b4018] SupervisorAgent 处理完成: outputLength=81, 调用次数=1
2026-03-26 22:03:04.771 [pool-2-thread-2] [] INFO  c.t.rectagent.agent.SupervisorAgent - [156db85fb7904db5] SupervisorAgent 处理完成: outputLength=81, 调用次数=1
2026-03-26 22:03:04.771 [pool-2-thread-1] [] INFO  c.t.rectagent.agent.SupervisorAgent - [99b07240854047b0] SupervisorAgent 开始处理: inputLength=14
2026-03-26 22:03:04.771 [pool-2-thread-5] [] INFO  c.t.rectagent.agent.SupervisorAgent - [6c64fece9fce4cee] SupervisorAgent 开始处理: inputLength=14
2026-03-26 22:03:04.771 [pool-2-thread-3] [] INFO  c.t.rectagent.agent.SupervisorAgent - [4ac498da0fb64c5f] 任务完成
2026-03-26 22:03:04.771 [pool-2-thread-5] [] DEBUG c.t.rectagent.agent.SupervisorAgent - [6c64fece9fce4cee] 执行工具: data_analysis_agent, input=81
2026-03-26 22:03:04.771 [pool-2-thread-4] [] INFO  c.t.rectagent.agent.SupervisorAgent - [4349ecb0b53149bf] SupervisorAgent 开始处理: inputLength=14
2026-03-26 22:03:04.771 [pool-2-thread-1] [] DEBUG c.t.rectagent.agent.SupervisorAgent - [99b07240854047b0] 执行工具: data_analysis_agent, input=81
2026-03-26 22:03:04.771 [pool-2-thread-2] [] INFO  c.t.rectagent.agent.SupervisorAgent - [103e5a4188644331] SupervisorAgent 开始处理: inputLength=14
2026-03-26 22:03:04.771 [pool-2-thread-1] [] DEBUG c.t.rectagent.agent.SupervisorAgent - [99b07240854047b0] 工具 data_analysis_agent 执行完成, outputLength=81
2026-03-26 22:03:04.771 [pool-2-thread-2] [] DEBUG c.t.rectagent.agent.SupervisorAgent - [103e5a4188644331] 执行工具: data_analysis_agent, input=81
2026-03-26 22:03:04.771 [pool-2-thread-3] [] INFO  c.t.rectagent.agent.SupervisorAgent - [4ac498da0fb64c5f] SupervisorAgent 处理完成: outputLength=81, 调用次数=1
2026-03-26 22:03:04.771 [pool-2-thread-5] [] DEBUG c.t.rectagent.agent.SupervisorAgent - [6c64fece9fce4cee] 工具 data_analysis_agent 执行完成, outputLength=81
2026-03-26 22:03:04.771 [pool-2-thread-4] [] DEBUG c.t.rectagent.agent.SupervisorAgent - [4349ecb0b53149bf] 执行工具: data_analysis_agent, input=81
2026-03-26 22:03:04.771 [pool-2-thread-3] [] INFO  c.t.rectagent.agent.SupervisorAgent - [5ad41cfdbc2c4837] SupervisorAgent 开始处理: inputLength=14
2026-03-26 22:03:04.771 [pool-2-thread-2] [] DEBUG c.t.rectagent.agent.SupervisorAgent - [103e5a4188644331] 工具 data_analysis_agent 执行完成, outputLength=81
2026-03-26 22:03:04.771 [pool-2-thread-1] [] INFO  c.t.rectagent.agent.SupervisorAgent - [99b07240854047b0] 任务完成
2026-03-26 22:03:04.771 [pool-2-thread-5] [] INFO  c.t.rectagent.agent.SupervisorAgent - [6c64fece9fce4cee] 任务完成
2026-03-26 22:03:04.771 [pool-2-thread-2] [] INFO  c.t.rectagent.agent.SupervisorAgent - [103e5a4188644331] 任务完成
2026-03-26 22:03:04.771 [pool-2-thread-5] [] INFO  c.t.rectagent.agent.SupervisorAgent - [6c64fece9fce4cee] SupervisorAgent 处理完成: outputLength=81, 调用次数=1
2026-03-26 22:03:04.771 [pool-2-thread-3] [] DEBUG c.t.rectagent.agent.SupervisorAgent - [5ad41cfdbc2c4837] 执行工具: data_analysis_agent, input=81
2026-03-26 22:03:04.771 [pool-2-thread-1] [] INFO  c.t.rectagent.agent.SupervisorAgent - [99b07240854047b0] SupervisorAgent 处理完成: outputLength=81, 调用次数=1
2026-03-26 22:03:04.771 [pool-2-thread-2] [] INFO  c.t.rectagent.agent.SupervisorAgent - [103e5a4188644331] SupervisorAgent 处理完成: outputLength=81, 调用次数=1
2026-03-26 22:03:04.773 [pool-2-thread-5] [] INFO  c.t.rectagent.agent.SupervisorAgent - [d4842cdffe184755] SupervisorAgent 开始处理: inputLength=14
2026-03-26 22:03:04.773 [pool-2-thread-1] [] INFO  c.t.rectagent.agent.SupervisorAgent - [3996352b018b4495] SupervisorAgent 开始处理: inputLength=14
2026-03-26 22:03:04.771 [pool-2-thread-4] [] DEBUG c.t.rectagent.agent.SupervisorAgent - [4349ecb0b53149bf] 工具 data_analysis_agent 执行完成, outputLength=81
2026-03-26 22:03:04.773 [pool-2-thread-2] [] INFO  c.t.rectagent.agent.SupervisorAgent - [bcfc96f69b1e4568] SupervisorAgent 开始处理: inputLength=14
2026-03-26 22:03:04.773 [pool-2-thread-1] [] DEBUG c.t.rectagent.agent.SupervisorAgent - [3996352b018b4495] 执行工具: data_analysis_agent, input=81
2026-03-26 22:03:04.773 [pool-2-thread-4] [] INFO  c.t.rectagent.agent.SupervisorAgent - [4349ecb0b53149bf] 任务完成
2026-03-26 22:03:04.773 [pool-2-thread-3] [] DEBUG c.t.rectagent.agent.SupervisorAgent - [5ad41cfdbc2c4837] 工具 data_analysis_agent 执行完成, outputLength=81
2026-03-26 22:03:04.773 [pool-2-thread-4] [] INFO  c.t.rectagent.agent.SupervisorAgent - [4349ecb0b53149bf] SupervisorAgent 处理完成: outputLength=81, 调用次数=1
2026-03-26 22:03:04.773 [pool-2-thread-6] [] INFO  c.t.rectagent.agent.SupervisorAgent - [7494162ad57e4245] SupervisorAgent 开始处理: inputLength=14
2026-03-26 22:03:04.773 [pool-2-thread-3] [] INFO  c.t.rectagent.agent.SupervisorAgent - [5ad41cfdbc2c4837] 任务完成
2026-03-26 22:03:04.773 [pool-2-thread-5] [] DEBUG c.t.rectagent.agent.SupervisorAgent - [d4842cdffe184755] 执行工具: data_analysis_agent, input=81
2026-03-26 22:03:04.773 [pool-2-thread-2] [] DEBUG c.t.rectagent.agent.SupervisorAgent - [bcfc96f69b1e4568] 执行工具: data_analysis_agent, input=81
2026-03-26 22:03:04.773 [pool-2-thread-5] [] DEBUG c.t.rectagent.agent.SupervisorAgent - [d4842cdffe184755] 工具 data_analysis_agent 执行完成, outputLength=81
2026-03-26 22:03:04.773 [pool-2-thread-1] [] DEBUG c.t.rectagent.agent.SupervisorAgent - [3996352b018b4495] 工具 data_analysis_agent 执行完成, outputLength=81
2026-03-26 22:03:04.773 [pool-2-thread-6] [] DEBUG c.t.rectagent.agent.SupervisorAgent - [7494162ad57e4245] 执行工具: data_analysis_agent, input=81
2026-03-26 22:03:04.773 [pool-2-thread-3] [] INFO  c.t.rectagent.agent.SupervisorAgent - [5ad41cfdbc2c4837] SupervisorAgent 处理完成: outputLength=81, 调用次数=1
2026-03-26 22:03:04.773 [pool-2-thread-6] [] DEBUG c.t.rectagent.agent.SupervisorAgent - [7494162ad57e4245] 工具 data_analysis_agent 执行完成, outputLength=81
2026-03-26 22:03:04.773 [pool-2-thread-7] [] INFO  c.t.rectagent.agent.SupervisorAgent - [9e3cef9a4fd743f4] SupervisorAgent 开始处理: inputLength=14
2026-03-26 22:03:04.773 [pool-2-thread-6] [] INFO  c.t.rectagent.agent.SupervisorAgent - [7494162ad57e4245] 任务完成
2026-03-26 22:03:04.773 [pool-2-thread-7] [] DEBUG c.t.rectagent.agent.SupervisorAgent - [9e3cef9a4fd743f4] 执行工具: data_analysis_agent, input=81
2026-03-26 22:03:04.773 [pool-2-thread-6] [] INFO  c.t.rectagent.agent.SupervisorAgent - [7494162ad57e4245] SupervisorAgent 处理完成: outputLength=81, 调用次数=1
2026-03-26 22:03:04.773 [pool-2-thread-7] [] DEBUG c.t.rectagent.agent.SupervisorAgent - [9e3cef9a4fd743f4] 工具 data_analysis_agent 执行完成, outputLength=81
2026-03-26 22:03:04.773 [pool-2-thread-4] [] INFO  c.t.rectagent.agent.SupervisorAgent - [fc67b1851b6246cd] SupervisorAgent 开始处理: inputLength=14
2026-03-26 22:03:04.773 [pool-2-thread-7] [] INFO  c.t.rectagent.agent.SupervisorAgent - [9e3cef9a4fd743f4] 任务完成
2026-03-26 22:03:04.773 [pool-2-thread-2] [] DEBUG c.t.rectagent.agent.SupervisorAgent - [bcfc96f69b1e4568] 工具 data_analysis_agent 执行完成, outputLength=81
2026-03-26 22:03:04.773 [pool-2-thread-4] [] DEBUG c.t.rectagent.agent.SupervisorAgent - [fc67b1851b6246cd] 执行工具: data_analysis_agent, input=81
2026-03-26 22:03:04.773 [pool-2-thread-5] [] INFO  c.t.rectagent.agent.SupervisorAgent - [d4842cdffe184755] 任务完成
2026-03-26 22:03:04.773 [pool-2-thread-2] [] INFO  c.t.rectagent.agent.SupervisorAgent - [bcfc96f69b1e4568] 任务完成
2026-03-26 22:03:04.773 [pool-2-thread-1] [] INFO  c.t.rectagent.agent.SupervisorAgent - [3996352b018b4495] 任务完成
2026-03-26 22:03:04.773 [pool-2-thread-3] [] INFO  c.t.rectagent.agent.SupervisorAgent - [ae98067281a44ee8] SupervisorAgent 开始处理: inputLength=14
2026-03-26 22:03:04.773 [pool-2-thread-7] [] INFO  c.t.rectagent.agent.SupervisorAgent - [9e3cef9a4fd743f4] SupervisorAgent 处理完成: outputLength=81, 调用次数=1
2026-03-26 22:03:04.773 [pool-2-thread-3] [] DEBUG c.t.rectagent.agent.SupervisorAgent - [ae98067281a44ee8] 执行工具: data_analysis_agent, input=81
2026-03-26 22:03:04.773 [pool-2-thread-6] [] INFO  c.t.rectagent.agent.SupervisorAgent - [a1e6671cd9b348ff] SupervisorAgent 开始处理: inputLength=14
2026-03-26 22:03:04.773 [pool-2-thread-4] [] DEBUG c.t.rectagent.agent.SupervisorAgent - [fc67b1851b6246cd] 工具 data_analysis_agent 执行完成, outputLength=81
2026-03-26 22:03:04.773 [pool-2-thread-6] [] DEBUG c.t.rectagent.agent.SupervisorAgent - [a1e6671cd9b348ff] 执行工具: data_analysis_agent, input=81
2026-03-26 22:03:04.773 [pool-2-thread-5] [] INFO  c.t.rectagent.agent.SupervisorAgent - [d4842cdffe184755] SupervisorAgent 处理完成: outputLength=81, 调用次数=1
2026-03-26 22:03:04.773 [pool-2-thread-4] [] INFO  c.t.rectagent.agent.SupervisorAgent - [fc67b1851b6246cd] 任务完成
2026-03-26 22:03:04.773 [pool-2-thread-2] [] INFO  c.t.rectagent.agent.SupervisorAgent - [bcfc96f69b1e4568] SupervisorAgent 处理完成: outputLength=81, 调用次数=1
2026-03-26 22:03:04.773 [pool-2-thread-6] [] DEBUG c.t.rectagent.agent.SupervisorAgent - [a1e6671cd9b348ff] 工具 data_analysis_agent 执行完成, outputLength=81
2026-03-26 22:03:04.773 [pool-2-thread-1] [] INFO  c.t.rectagent.agent.SupervisorAgent - [3996352b018b4495] SupervisorAgent 处理完成: outputLength=81, 调用次数=1
2026-03-26 22:03:04.773 [pool-2-thread-5] [] INFO  c.t.rectagent.agent.SupervisorAgent - [f62b3e0a9ca64db9] SupervisorAgent 开始处理: inputLength=14
2026-03-26 22:03:04.773 [pool-2-thread-2] [] INFO  c.t.rectagent.agent.SupervisorAgent - [1306af4c4adc446e] SupervisorAgent 开始处理: inputLength=14
2026-03-26 22:03:04.773 [pool-2-thread-3] [] DEBUG c.t.rectagent.agent.SupervisorAgent - [ae98067281a44ee8] 工具 data_analysis_agent 执行完成, outputLength=81
2026-03-26 22:03:04.773 [pool-2-thread-1] [] INFO  c.t.rectagent.agent.SupervisorAgent - [dcb14562e3c14ccd] SupervisorAgent 开始处理: inputLength=14
2026-03-26 22:03:04.773 [pool-2-thread-7] [] INFO  c.t.rectagent.agent.SupervisorAgent - [582724ace79c4707] SupervisorAgent 开始处理: inputLength=14
2026-03-26 22:03:04.773 [pool-2-thread-1] [] DEBUG c.t.rectagent.agent.SupervisorAgent - [dcb14562e3c14ccd] 执行工具: data_analysis_agent, input=81
2026-03-26 22:03:04.773 [pool-2-thread-3] [] INFO  c.t.rectagent.agent.SupervisorAgent - [ae98067281a44ee8] 任务完成
2026-03-26 22:03:04.773 [pool-2-thread-1] [] DEBUG c.t.rectagent.agent.SupervisorAgent - [dcb14562e3c14ccd] 工具 data_analysis_agent 执行完成, outputLength=81
2026-03-26 22:03:04.773 [pool-2-thread-3] [] INFO  c.t.rectagent.agent.SupervisorAgent - [ae98067281a44ee8] SupervisorAgent 处理完成: outputLength=81, 调用次数=1
2026-03-26 22:03:04.773 [pool-2-thread-8] [] INFO  c.t.rectagent.agent.SupervisorAgent - [fc07505c29a04a70] SupervisorAgent 开始处理: inputLength=14
2026-03-26 22:03:04.773 [pool-2-thread-1] [] INFO  c.t.rectagent.agent.SupervisorAgent - [dcb14562e3c14ccd] 任务完成
2026-03-26 22:03:04.773 [pool-2-thread-4] [] INFO  c.t.rectagent.agent.SupervisorAgent - [fc67b1851b6246cd] SupervisorAgent 处理完成: outputLength=81, 调用次数=1
2026-03-26 22:03:04.773 [pool-2-thread-8] [] DEBUG c.t.rectagent.agent.SupervisorAgent - [fc07505c29a04a70] 执行工具: data_analysis_agent, input=81
2026-03-26 22:03:04.773 [pool-2-thread-6] [] INFO  c.t.rectagent.agent.SupervisorAgent - [a1e6671cd9b348ff] 任务完成
2026-03-26 22:03:04.773 [pool-2-thread-5] [] DEBUG c.t.rectagent.agent.SupervisorAgent - [f62b3e0a9ca64db9] 执行工具: data_analysis_agent, input=81
2026-03-26 22:03:04.773 [pool-2-thread-4] [] INFO  c.t.rectagent.agent.SupervisorAgent - [40be4118c71b4f25] SupervisorAgent 开始处理: inputLength=14
2026-03-26 22:03:04.773 [pool-2-thread-2] [] DEBUG c.t.rectagent.agent.SupervisorAgent - [1306af4c4adc446e] 执行工具: data_analysis_agent, input=81
2026-03-26 22:03:04.773 [pool-2-thread-7] [] DEBUG c.t.rectagent.agent.SupervisorAgent - [582724ace79c4707] 执行工具: data_analysis_agent, input=81
2026-03-26 22:03:04.773 [pool-2-thread-1] [] INFO  c.t.rectagent.agent.SupervisorAgent - [dcb14562e3c14ccd] SupervisorAgent 处理完成: outputLength=81, 调用次数=1
2026-03-26 22:03:04.773 [pool-2-thread-8] [] DEBUG c.t.rectagent.agent.SupervisorAgent - [fc07505c29a04a70] 工具 data_analysis_agent 执行完成, outputLength=81
2026-03-26 22:03:04.773 [pool-2-thread-3] [] INFO  c.t.rectagent.agent.SupervisorAgent - [e540a159f96b4df6] SupervisorAgent 开始处理: inputLength=14
2026-03-26 22:03:04.773 [pool-2-thread-6] [] INFO  c.t.rectagent.agent.SupervisorAgent - [a1e6671cd9b348ff] SupervisorAgent 处理完成: outputLength=81, 调用次数=1
2026-03-26 22:03:04.773 [pool-2-thread-5] [] DEBUG c.t.rectagent.agent.SupervisorAgent - [f62b3e0a9ca64db9] 工具 data_analysis_agent 执行完成, outputLength=81
2026-03-26 22:03:04.774 [pool-2-thread-1] [] INFO  c.t.rectagent.agent.SupervisorAgent - [ae6805d253a94e94] SupervisorAgent 开始处理: inputLength=14
2026-03-26 22:03:04.773 [pool-2-thread-4] [] DEBUG c.t.rectagent.agent.SupervisorAgent - [40be4118c71b4f25] 执行工具: data_analysis_agent, input=81
2026-03-26 22:03:04.773 [pool-2-thread-2] [] DEBUG c.t.rectagent.agent.SupervisorAgent - [1306af4c4adc446e] 工具 data_analysis_agent 执行完成, outputLength=81
2026-03-26 22:03:04.774 [pool-2-thread-4] [] DEBUG c.t.rectagent.agent.SupervisorAgent - [40be4118c71b4f25] 工具 data_analysis_agent 执行完成, outputLength=81
2026-03-26 22:03:04.773 [pool-2-thread-9] [] INFO  c.t.rectagent.agent.SupervisorAgent - [2ad099b7d725405a] SupervisorAgent 开始处理: inputLength=14
2026-03-26 22:03:04.773 [pool-2-thread-7] [] DEBUG c.t.rectagent.agent.SupervisorAgent - [582724ace79c4707] 工具 data_analysis_agent 执行完成, outputLength=81
2026-03-26 22:03:04.774 [pool-2-thread-9] [] DEBUG c.t.rectagent.agent.SupervisorAgent - [2ad099b7d725405a] 执行工具: data_analysis_agent, input=81
2026-03-26 22:03:04.774 [pool-2-thread-3] [] DEBUG c.t.rectagent.agent.SupervisorAgent - [e540a159f96b4df6] 执行工具: data_analysis_agent, input=81
2026-03-26 22:03:04.774 [pool-2-thread-9] [] DEBUG c.t.rectagent.agent.SupervisorAgent - [2ad099b7d725405a] 工具 data_analysis_agent 执行完成, outputLength=81
2026-03-26 22:03:04.774 [pool-2-thread-8] [] INFO  c.t.rectagent.agent.SupervisorAgent - [fc07505c29a04a70] 任务完成
2026-03-26 22:03:04.774 [pool-2-thread-9] [] INFO  c.t.rectagent.agent.SupervisorAgent - [2ad099b7d725405a] 任务完成
2026-03-26 22:03:04.774 [pool-2-thread-8] [] INFO  c.t.rectagent.agent.SupervisorAgent - [fc07505c29a04a70] SupervisorAgent 处理完成: outputLength=81, 调用次数=1
2026-03-26 22:03:04.774 [pool-2-thread-9] [] INFO  c.t.rectagent.agent.SupervisorAgent - [2ad099b7d725405a] SupervisorAgent 处理完成: outputLength=81, 调用次数=1
2026-03-26 22:03:04.774 [pool-2-thread-6] [] INFO  c.t.rectagent.agent.SupervisorAgent - [d610b2a0e28c4162] SupervisorAgent 开始处理: inputLength=14
2026-03-26 22:03:04.774 [pool-2-thread-5] [] INFO  c.t.rectagent.agent.SupervisorAgent - [f62b3e0a9ca64db9] 任务完成
2026-03-26 22:03:04.774 [pool-2-thread-6] [] DEBUG c.t.rectagent.agent.SupervisorAgent - [d610b2a0e28c4162] 执行工具: data_analysis_agent, input=81
2026-03-26 22:03:04.774 [pool-2-thread-8] [] INFO  c.t.rectagent.agent.SupervisorAgent - [b3f2ee0f1e5a45e4] SupervisorAgent 开始处理: inputLength=14
2026-03-26 22:03:04.774 [pool-2-thread-10] [] INFO  c.t.rectagent.agent.SupervisorAgent - [d4e9dec8491849ff] SupervisorAgent 开始处理: inputLength=14
2026-03-26 22:03:04.774 [pool-2-thread-9] [] INFO  c.t.rectagent.agent.SupervisorAgent - [75f02bb3de51482d] SupervisorAgent 开始处理: inputLength=14
2026-03-26 22:03:04.774 [pool-2-thread-1] [] DEBUG c.t.rectagent.agent.SupervisorAgent - [ae6805d253a94e94] 执行工具: data_analysis_agent, input=81
2026-03-26 22:03:04.774 [pool-2-thread-10] [] DEBUG c.t.rectagent.agent.SupervisorAgent - [d4e9dec8491849ff] 执行工具: data_analysis_agent, input=81
2026-03-26 22:03:04.774 [pool-2-thread-1] [] DEBUG c.t.rectagent.agent.SupervisorAgent - [ae6805d253a94e94] 工具 data_analysis_agent 执行完成, outputLength=81
2026-03-26 22:03:04.774 [pool-2-thread-4] [] INFO  c.t.rectagent.agent.SupervisorAgent - [40be4118c71b4f25] 任务完成
2026-03-26 22:03:04.774 [pool-2-thread-1] [] INFO  c.t.rectagent.agent.SupervisorAgent - [ae6805d253a94e94] 任务完成
2026-03-26 22:03:04.774 [pool-2-thread-2] [] INFO  c.t.rectagent.agent.SupervisorAgent - [1306af4c4adc446e] 任务完成
2026-03-26 22:03:04.774 [pool-2-thread-7] [] INFO  c.t.rectagent.agent.SupervisorAgent - [582724ace79c4707] 任务完成
2026-03-26 22:03:04.774 [pool-2-thread-3] [] DEBUG c.t.rectagent.agent.SupervisorAgent - [e540a159f96b4df6] 工具 data_analysis_agent 执行完成, outputLength=81
2026-03-26 22:03:04.774 [pool-2-thread-6] [] DEBUG c.t.rectagent.agent.SupervisorAgent - [d610b2a0e28c4162] 工具 data_analysis_agent 执行完成, outputLength=81
2026-03-26 22:03:04.774 [pool-2-thread-3] [] INFO  c.t.rectagent.agent.SupervisorAgent - [e540a159f96b4df6] 任务完成
2026-03-26 22:03:04.774 [pool-2-thread-3] [] INFO  c.t.rectagent.agent.SupervisorAgent - [e540a159f96b4df6] SupervisorAgent 处理完成: outputLength=81, 调用次数=1
2026-03-26 22:03:04.774 [pool-2-thread-5] [] INFO  c.t.rectagent.agent.SupervisorAgent - [f62b3e0a9ca64db9] SupervisorAgent 处理完成: outputLength=81, 调用次数=1
2026-03-26 22:03:04.774 [pool-2-thread-6] [] INFO  c.t.rectagent.agent.SupervisorAgent - [d610b2a0e28c4162] 任务完成
2026-03-26 22:03:04.774 [pool-2-thread-8] [] DEBUG c.t.rectagent.agent.SupervisorAgent - [b3f2ee0f1e5a45e4] 执行工具: intent_recognition_agent, input=86
2026-03-26 22:03:04.774 [pool-2-thread-3] [] INFO  c.t.rectagent.agent.SupervisorAgent - [6ad3b7d8e26a4832] SupervisorAgent 开始处理: inputLength=14
2026-03-26 22:03:04.774 [pool-2-thread-9] [] DEBUG c.t.rectagent.agent.SupervisorAgent - [75f02bb3de51482d] 执行工具: data_analysis_agent, input=81
2026-03-26 22:03:04.774 [pool-2-thread-3] [] DEBUG c.t.rectagent.agent.SupervisorAgent - [6ad3b7d8e26a4832] 执行工具: data_analysis_agent, input=81
2026-03-26 22:03:04.774 [pool-2-thread-10] [] DEBUG c.t.rectagent.agent.SupervisorAgent - [d4e9dec8491849ff] 工具 data_analysis_agent 执行完成, outputLength=81
2026-03-26 22:03:04.774 [pool-2-thread-3] [] DEBUG c.t.rectagent.agent.SupervisorAgent - [6ad3b7d8e26a4832] 工具 data_analysis_agent 执行完成, outputLength=81
2026-03-26 22:03:04.774 [pool-2-thread-4] [] INFO  c.t.rectagent.agent.SupervisorAgent - [40be4118c71b4f25] SupervisorAgent 处理完成: outputLength=81, 调用次数=1
2026-03-26 22:03:04.774 [pool-2-thread-1] [] INFO  c.t.rectagent.agent.SupervisorAgent - [ae6805d253a94e94] SupervisorAgent 处理完成: outputLength=81, 调用次数=1
2026-03-26 22:03:04.774 [pool-2-thread-2] [] INFO  c.t.rectagent.agent.SupervisorAgent - [1306af4c4adc446e] SupervisorAgent 处理完成: outputLength=81, 调用次数=1
2026-03-26 22:03:04.774 [pool-2-thread-7] [] INFO  c.t.rectagent.agent.SupervisorAgent - [582724ace79c4707] SupervisorAgent 处理完成: outputLength=81, 调用次数=1
2026-03-26 22:03:04.776 [pool-2-thread-1] [] INFO  c.t.rectagent.agent.SupervisorAgent - [b3511f7aee714d09] SupervisorAgent 开始处理: inputLength=14
2026-03-26 22:03:04.774 [pool-2-thread-6] [] INFO  c.t.rectagent.agent.SupervisorAgent - [d610b2a0e28c4162] SupervisorAgent 处理完成: outputLength=81, 调用次数=1
2026-03-26 22:03:04.776 [pool-2-thread-1] [] DEBUG c.t.rectagent.agent.SupervisorAgent - [b3511f7aee714d09] 执行工具: data_analysis_agent, input=81
2026-03-26 22:03:04.776 [pool-2-thread-7] [] INFO  c.t.rectagent.agent.SupervisorAgent - [cc07b05f34804e7d] SupervisorAgent 开始处理: inputLength=14
2026-03-26 22:03:04.774 [pool-2-thread-5] [] INFO  c.t.rectagent.agent.SupervisorAgent - [36539424c27e4c3c] SupervisorAgent 开始处理: inputLength=14
2026-03-26 22:03:04.776 [pool-2-thread-6] [] INFO  c.t.rectagent.agent.SupervisorAgent - [220db03dadf94a11] SupervisorAgent 开始处理: inputLength=14
2026-03-26 22:03:04.774 [pool-2-thread-8] [] DEBUG c.t.rectagent.agent.SupervisorAgent - [b3f2ee0f1e5a45e4] 工具 intent_recognition_agent 执行完成, outputLength=86
2026-03-26 22:03:04.776 [pool-2-thread-6] [] DEBUG c.t.rectagent.agent.SupervisorAgent - [220db03dadf94a11] 执行工具: data_analysis_agent, input=81
2026-03-26 22:03:04.774 [pool-2-thread-9] [] DEBUG c.t.rectagent.agent.SupervisorAgent - [75f02bb3de51482d] 工具 data_analysis_agent 执行完成, outputLength=81
2026-03-26 22:03:04.776 [pool-2-thread-8] [] INFO  c.t.rectagent.agent.SupervisorAgent - [b3f2ee0f1e5a45e4] 任务完成
2026-03-26 22:03:04.776 [pool-2-thread-8] [] INFO  c.t.rectagent.agent.SupervisorAgent - [b3f2ee0f1e5a45e4] SupervisorAgent 处理完成: outputLength=86, 调用次数=1
2026-03-26 22:03:04.776 [pool-2-thread-3] [] INFO  c.t.rectagent.agent.SupervisorAgent - [6ad3b7d8e26a4832] 任务完成
2026-03-26 22:03:04.776 [pool-2-thread-10] [] INFO  c.t.rectagent.agent.SupervisorAgent - [d4e9dec8491849ff] 任务完成
2026-03-26 22:03:04.776 [pool-2-thread-4] [] INFO  c.t.rectagent.agent.SupervisorAgent - [0b465faa43d14b62] SupervisorAgent 开始处理: inputLength=14
2026-03-26 22:03:04.776 [pool-2-thread-8] [] INFO  c.t.rectagent.agent.SupervisorAgent - [a64c0791c3674490] SupervisorAgent 开始处理: inputLength=14
2026-03-26 22:03:04.776 [pool-2-thread-2] [] INFO  c.t.rectagent.agent.SupervisorAgent - [c8d74d244d02434c] SupervisorAgent 开始处理: inputLength=14
2026-03-26 22:03:04.776 [pool-2-thread-8] [] DEBUG c.t.rectagent.agent.SupervisorAgent - [a64c0791c3674490] 执行工具: data_analysis_agent, input=81
2026-03-26 22:03:04.776 [pool-2-thread-1] [] DEBUG c.t.rectagent.agent.SupervisorAgent - [b3511f7aee714d09] 工具 data_analysis_agent 执行完成, outputLength=81
2026-03-26 22:03:04.776 [pool-2-thread-8] [] DEBUG c.t.rectagent.agent.SupervisorAgent - [a64c0791c3674490] 工具 data_analysis_agent 执行完成, outputLength=81
2026-03-26 22:03:04.776 [pool-2-thread-7] [] DEBUG c.t.rectagent.agent.SupervisorAgent - [cc07b05f34804e7d] 执行工具: data_analysis_agent, input=81
2026-03-26 22:03:04.776 [pool-2-thread-8] [] INFO  c.t.rectagent.agent.SupervisorAgent - [a64c0791c3674490] 任务完成
2026-03-26 22:03:04.776 [pool-2-thread-7] [] DEBUG c.t.rectagent.agent.SupervisorAgent - [cc07b05f34804e7d] 工具 data_analysis_agent 执行完成, outputLength=81
2026-03-26 22:03:04.776 [pool-2-thread-5] [] DEBUG c.t.rectagent.agent.SupervisorAgent - [36539424c27e4c3c] 执行工具: data_analysis_agent, input=81
2026-03-26 22:03:04.776 [pool-2-thread-7] [] INFO  c.t.rectagent.agent.SupervisorAgent - [cc07b05f34804e7d] 任务完成
2026-03-26 22:03:04.776 [pool-2-thread-5] [] DEBUG c.t.rectagent.agent.SupervisorAgent - [36539424c27e4c3c] 工具 data_analysis_agent 执行完成, outputLength=81
2026-03-26 22:03:04.776 [pool-2-thread-6] [] DEBUG c.t.rectagent.agent.SupervisorAgent - [220db03dadf94a11] 工具 data_analysis_agent 执行完成, outputLength=81
2026-03-26 22:03:04.776 [pool-2-thread-5] [] INFO  c.t.rectagent.agent.SupervisorAgent - [36539424c27e4c3c] 任务完成
2026-03-26 22:03:04.776 [pool-2-thread-9] [] INFO  c.t.rectagent.agent.SupervisorAgent - [75f02bb3de51482d] 任务完成
2026-03-26 22:03:04.776 [pool-2-thread-6] [] INFO  c.t.rectagent.agent.SupervisorAgent - [220db03dadf94a11] 任务完成
2026-03-26 22:03:04.776 [pool-2-thread-9] [] INFO  c.t.rectagent.agent.SupervisorAgent - [75f02bb3de51482d] SupervisorAgent 处理完成: outputLength=81, 调用次数=1
2026-03-26 22:03:04.776 [pool-2-thread-3] [] INFO  c.t.rectagent.agent.SupervisorAgent - [6ad3b7d8e26a4832] SupervisorAgent 处理完成: outputLength=81, 调用次数=1
2026-03-26 22:03:04.776 [pool-2-thread-10] [] INFO  c.t.rectagent.agent.SupervisorAgent - [d4e9dec8491849ff] SupervisorAgent 处理完成: outputLength=81, 调用次数=1
2026-03-26 22:03:04.776 [pool-2-thread-4] [] DEBUG c.t.rectagent.agent.SupervisorAgent - [0b465faa43d14b62] 执行工具: data_analysis_agent, input=81
2026-03-26 22:03:04.776 [pool-2-thread-9] [] INFO  c.t.rectagent.agent.SupervisorAgent - [cdb143fdfb414633] SupervisorAgent 开始处理: inputLength=14
2026-03-26 22:03:04.776 [pool-2-thread-2] [] DEBUG c.t.rectagent.agent.SupervisorAgent - [c8d74d244d02434c] 执行工具: data_analysis_agent, input=81
2026-03-26 22:03:04.776 [pool-2-thread-10] [] INFO  c.t.rectagent.agent.SupervisorAgent - [ee5b1139ff4e4408] SupervisorAgent 开始处理: inputLength=14
2026-03-26 22:03:04.776 [pool-2-thread-9] [] DEBUG c.t.rectagent.agent.SupervisorAgent - [cdb143fdfb414633] 执行工具: data_analysis_agent, input=81
2026-03-26 22:03:04.776 [pool-2-thread-2] [] DEBUG c.t.rectagent.agent.SupervisorAgent - [c8d74d244d02434c] 工具 data_analysis_agent 执行完成, outputLength=81
2026-03-26 22:03:04.776 [pool-2-thread-9] [] DEBUG c.t.rectagent.agent.SupervisorAgent - [cdb143fdfb414633] 工具 data_analysis_agent 执行完成, outputLength=81
2026-03-26 22:03:04.776 [pool-2-thread-1] [] INFO  c.t.rectagent.agent.SupervisorAgent - [b3511f7aee714d09] 任务完成
2026-03-26 22:03:04.776 [pool-2-thread-8] [] INFO  c.t.rectagent.agent.SupervisorAgent - [a64c0791c3674490] SupervisorAgent 处理完成: outputLength=81, 调用次数=1
2026-03-26 22:03:04.776 [pool-2-thread-2] [] INFO  c.t.rectagent.agent.SupervisorAgent - [c8d74d244d02434c] 任务完成
2026-03-26 22:03:04.776 [pool-2-thread-7] [] INFO  c.t.rectagent.agent.SupervisorAgent - [cc07b05f34804e7d] SupervisorAgent 处理完成: outputLength=81, 调用次数=1
2026-03-26 22:03:04.776 [pool-2-thread-5] [] INFO  c.t.rectagent.agent.SupervisorAgent - [36539424c27e4c3c] SupervisorAgent 处理完成: outputLength=81, 调用次数=1
2026-03-26 22:03:04.776 [pool-2-thread-6] [] INFO  c.t.rectagent.agent.SupervisorAgent - [220db03dadf94a11] SupervisorAgent 处理完成: outputLength=81, 调用次数=1
2026-03-26 22:03:04.776 [pool-2-thread-3] [] INFO  c.t.rectagent.agent.SupervisorAgent - [791900a1fa3e4f75] SupervisorAgent 开始处理: inputLength=14
2026-03-26 22:03:04.776 [pool-2-thread-5] [] INFO  c.t.rectagent.agent.SupervisorAgent - [7cb593f237ad438b] SupervisorAgent 开始处理: inputLength=14
2026-03-26 22:03:04.776 [pool-2-thread-4] [] DEBUG c.t.rectagent.agent.SupervisorAgent - [0b465faa43d14b62] 工具 data_analysis_agent 执行完成, outputLength=81
2026-03-26 22:03:04.776 [pool-2-thread-5] [] DEBUG c.t.rectagent.agent.SupervisorAgent - [7cb593f237ad438b] 执行工具: data_analysis_agent, input=81
2026-03-26 22:03:04.776 [pool-2-thread-10] [] DEBUG c.t.rectagent.agent.SupervisorAgent - [ee5b1139ff4e4408] 执行工具: data_analysis_agent, input=81
2026-03-26 22:03:04.776 [pool-2-thread-4] [] INFO  c.t.rectagent.agent.SupervisorAgent - [0b465faa43d14b62] 任务完成
2026-03-26 22:03:04.776 [pool-2-thread-10] [] DEBUG c.t.rectagent.agent.SupervisorAgent - [ee5b1139ff4e4408] 工具 data_analysis_agent 执行完成, outputLength=81
2026-03-26 22:03:04.776 [pool-2-thread-1] [] INFO  c.t.rectagent.agent.SupervisorAgent - [b3511f7aee714d09] SupervisorAgent 处理完成: outputLength=81, 调用次数=1
2026-03-26 22:03:04.776 [pool-2-thread-10] [] INFO  c.t.rectagent.agent.SupervisorAgent - [ee5b1139ff4e4408] 任务完成
2026-03-26 22:03:04.776 [pool-2-thread-9] [] INFO  c.t.rectagent.agent.SupervisorAgent - [cdb143fdfb414633] 任务完成
2026-03-26 22:03:04.776 [pool-2-thread-2] [] INFO  c.t.rectagent.agent.SupervisorAgent - [c8d74d244d02434c] SupervisorAgent 处理完成: outputLength=81, 调用次数=1
2026-03-26 22:03:04.776 [pool-2-thread-8] [] INFO  c.t.rectagent.agent.SupervisorAgent - [564c736703a64cc4] SupervisorAgent 开始处理: inputLength=14
2026-03-26 22:03:04.778 [pool-2-thread-9] [] INFO  c.t.rectagent.agent.SupervisorAgent - [cdb143fdfb414633] SupervisorAgent 处理完成: outputLength=81, 调用次数=1
2026-03-26 22:03:04.776 [pool-2-thread-7] [] INFO  c.t.rectagent.agent.SupervisorAgent - [4174dfebf14f45fc] SupervisorAgent 开始处理: inputLength=14
2026-03-26 22:03:04.778 [pool-2-thread-8] [] DEBUG c.t.rectagent.agent.SupervisorAgent - [564c736703a64cc4] 执行工具: data_analysis_agent, input=81
2026-03-26 22:03:04.778 [pool-2-thread-9] [] INFO  c.t.rectagent.agent.SupervisorAgent - [42d5ed571b994905] SupervisorAgent 开始处理: inputLength=14
2026-03-26 22:03:04.776 [pool-2-thread-6] [] INFO  c.t.rectagent.agent.SupervisorAgent - [a4a8edbff911406f] SupervisorAgent 开始处理: inputLength=14
2026-03-26 22:03:04.776 [pool-2-thread-3] [] DEBUG c.t.rectagent.agent.SupervisorAgent - [791900a1fa3e4f75] 执行工具: data_analysis_agent, input=81
2026-03-26 22:03:04.776 [pool-2-thread-5] [] DEBUG c.t.rectagent.agent.SupervisorAgent - [7cb593f237ad438b] 工具 data_analysis_agent 执行完成, outputLength=81
2026-03-26 22:03:04.776 [pool-2-thread-4] [] INFO  c.t.rectagent.agent.SupervisorAgent - [0b465faa43d14b62] SupervisorAgent 处理完成: outputLength=81, 调用次数=1
2026-03-26 22:03:04.778 [pool-2-thread-5] [] INFO  c.t.rectagent.agent.SupervisorAgent - [7cb593f237ad438b] 任务完成
2026-03-26 22:03:04.776 [pool-2-thread-10] [] INFO  c.t.rectagent.agent.SupervisorAgent - [ee5b1139ff4e4408] SupervisorAgent 处理完成: outputLength=81, 调用次数=1
2026-03-26 22:03:04.778 [pool-2-thread-1] [] INFO  c.t.rectagent.agent.SupervisorAgent - [8cc811fa7417497f] SupervisorAgent 开始处理: inputLength=14
2026-03-26 22:03:04.778 [pool-2-thread-4] [] INFO  c.t.rectagent.agent.SupervisorAgent - [a91273ba13c140ea] SupervisorAgent 开始处理: inputLength=14
2026-03-26 22:03:04.778 [pool-2-thread-7] [] DEBUG c.t.rectagent.agent.SupervisorAgent - [4174dfebf14f45fc] 执行工具: data_analysis_agent, input=81
2026-03-26 22:03:04.778 [pool-2-thread-2] [] INFO  c.t.rectagent.agent.SupervisorAgent - [10ed334bda774ee4] SupervisorAgent 开始处理: inputLength=14
2026-03-26 22:03:04.778 [pool-2-thread-7] [] DEBUG c.t.rectagent.agent.SupervisorAgent - [4174dfebf14f45fc] 工具 data_analysis_agent 执行完成, outputLength=81
2026-03-26 22:03:04.778 [pool-2-thread-8] [] DEBUG c.t.rectagent.agent.SupervisorAgent - [564c736703a64cc4] 工具 data_analysis_agent 执行完成, outputLength=81
2026-03-26 22:03:04.778 [pool-2-thread-9] [] DEBUG c.t.rectagent.agent.SupervisorAgent - [42d5ed571b994905] 执行工具: data_analysis_agent, input=81
2026-03-26 22:03:04.778 [pool-2-thread-8] [] INFO  c.t.rectagent.agent.SupervisorAgent - [564c736703a64cc4] 任务完成
2026-03-26 22:03:04.778 [pool-2-thread-6] [] DEBUG c.t.rectagent.agent.SupervisorAgent - [a4a8edbff911406f] 执行工具: data_analysis_agent, input=81
2026-03-26 22:03:04.778 [pool-2-thread-3] [] DEBUG c.t.rectagent.agent.SupervisorAgent - [791900a1fa3e4f75] 工具 data_analysis_agent 执行完成, outputLength=81
2026-03-26 22:03:04.778 [pool-2-thread-5] [] INFO  c.t.rectagent.agent.SupervisorAgent - [7cb593f237ad438b] SupervisorAgent 处理完成: outputLength=81, 调用次数=1
2026-03-26 22:03:04.778 [pool-2-thread-10] [] INFO  c.t.rectagent.agent.SupervisorAgent - [3f93ec915c70425e] SupervisorAgent 开始处理: inputLength=14
2026-03-26 22:03:04.778 [pool-2-thread-4] [] DEBUG c.t.rectagent.agent.SupervisorAgent - [a91273ba13c140ea] 执行工具: data_analysis_agent, input=81
2026-03-26 22:03:04.778 [pool-2-thread-10] [] DEBUG c.t.rectagent.agent.SupervisorAgent - [3f93ec915c70425e] 执行工具: data_analysis_agent, input=81
2026-03-26 22:03:04.778 [pool-2-thread-4] [] DEBUG c.t.rectagent.agent.SupervisorAgent - [a91273ba13c140ea] 工具 data_analysis_agent 执行完成, outputLength=81
2026-03-26 22:03:04.778 [pool-2-thread-10] [] DEBUG c.t.rectagent.agent.SupervisorAgent - [3f93ec915c70425e] 工具 data_analysis_agent 执行完成, outputLength=81
2026-03-26 22:03:04.778 [pool-2-thread-1] [] DEBUG c.t.rectagent.agent.SupervisorAgent - [8cc811fa7417497f] 执行工具: data_analysis_agent, input=81
2026-03-26 22:03:04.778 [pool-2-thread-10] [] INFO  c.t.rectagent.agent.SupervisorAgent - [3f93ec915c70425e] 任务完成
2026-03-26 22:03:04.778 [pool-2-thread-2] [] DEBUG c.t.rectagent.agent.SupervisorAgent - [10ed334bda774ee4] 执行工具: data_analysis_agent, input=81
2026-03-26 22:03:04.778 [pool-2-thread-7] [] INFO  c.t.rectagent.agent.SupervisorAgent - [4174dfebf14f45fc] 任务完成
2026-03-26 22:03:04.778 [pool-2-thread-9] [] DEBUG c.t.rectagent.agent.SupervisorAgent - [42d5ed571b994905] 工具 data_analysis_agent 执行完成, outputLength=81
2026-03-26 22:03:04.778 [pool-2-thread-8] [] INFO  c.t.rectagent.agent.SupervisorAgent - [564c736703a64cc4] SupervisorAgent 处理完成: outputLength=81, 调用次数=1
2026-03-26 22:03:04.778 [pool-2-thread-9] [] INFO  c.t.rectagent.agent.SupervisorAgent - [42d5ed571b994905] 任务完成
2026-03-26 22:03:04.778 [pool-2-thread-6] [] DEBUG c.t.rectagent.agent.SupervisorAgent - [a4a8edbff911406f] 工具 data_analysis_agent 执行完成, outputLength=81
2026-03-26 22:03:04.778 [pool-2-thread-3] [] INFO  c.t.rectagent.agent.SupervisorAgent - [791900a1fa3e4f75] 任务完成
2026-03-26 22:03:04.778 [pool-2-thread-5] [] INFO  c.t.rectagent.agent.SupervisorAgent - [c41d76d53d914cc1] SupervisorAgent 开始处理: inputLength=14
2026-03-26 22:03:04.778 [pool-2-thread-3] [] INFO  c.t.rectagent.agent.SupervisorAgent - [791900a1fa3e4f75] SupervisorAgent 处理完成: outputLength=81, 调用次数=1
2026-03-26 22:03:04.778 [pool-2-thread-4] [] INFO  c.t.rectagent.agent.SupervisorAgent - [a91273ba13c140ea] 任务完成
2026-03-26 22:03:04.778 [pool-2-thread-10] [] INFO  c.t.rectagent.agent.SupervisorAgent - [3f93ec915c70425e] SupervisorAgent 处理完成: outputLength=81, 调用次数=1
2026-03-26 22:03:04.778 [pool-2-thread-1] [] DEBUG c.t.rectagent.agent.SupervisorAgent - [8cc811fa7417497f] 工具 data_analysis_agent 执行完成, outputLength=81
2026-03-26 22:03:04.778 [pool-2-thread-2] [] DEBUG c.t.rectagent.agent.SupervisorAgent - [10ed334bda774ee4] 工具 data_analysis_agent 执行完成, outputLength=81
2026-03-26 22:03:04.778 [pool-2-thread-1] [] INFO  c.t.rectagent.agent.SupervisorAgent - [8cc811fa7417497f] 任务完成
2026-03-26 22:03:04.778 [pool-2-thread-7] [] INFO  c.t.rectagent.agent.SupervisorAgent - [4174dfebf14f45fc] SupervisorAgent 处理完成: outputLength=81, 调用次数=1
2026-03-26 22:03:04.778 [pool-2-thread-2] [] INFO  c.t.rectagent.agent.SupervisorAgent - [10ed334bda774ee4] 任务完成
2026-03-26 22:03:04.778 [pool-2-thread-9] [] INFO  c.t.rectagent.agent.SupervisorAgent - [42d5ed571b994905] SupervisorAgent 处理完成: outputLength=81, 调用次数=1
2026-03-26 22:03:04.778 [pool-2-thread-6] [] INFO  c.t.rectagent.agent.SupervisorAgent - [a4a8edbff911406f] 任务完成
2026-03-26 22:03:04.778 [pool-2-thread-8] [] INFO  c.t.rectagent.agent.SupervisorAgent - [cdf723ee039e411d] SupervisorAgent 开始处理: inputLength=14
2026-03-26 22:03:04.778 [pool-2-thread-5] [] DEBUG c.t.rectagent.agent.SupervisorAgent - [c41d76d53d914cc1] 执行工具: data_analysis_agent, input=81
2026-03-26 22:03:04.779 [pool-2-thread-2] [] INFO  c.t.rectagent.agent.SupervisorAgent - [10ed334bda774ee4] SupervisorAgent 处理完成: outputLength=81, 调用次数=1
2026-03-26 22:03:04.778 [pool-2-thread-4] [] INFO  c.t.rectagent.agent.SupervisorAgent - [a91273ba13c140ea] SupervisorAgent 处理完成: outputLength=81, 调用次数=1
2026-03-26 22:03:04.779 [pool-2-thread-9] [] INFO  c.t.rectagent.agent.SupervisorAgent - [a702e8efefec4f00] SupervisorAgent 开始处理: inputLength=14
2026-03-26 22:03:04.778 [pool-2-thread-3] [] INFO  c.t.rectagent.agent.SupervisorAgent - [f10c9bfa73af44d4] SupervisorAgent 开始处理: inputLength=14
2026-03-26 22:03:04.779 [pool-2-thread-8] [] DEBUG c.t.rectagent.agent.SupervisorAgent - [cdf723ee039e411d] 执行工具: data_analysis_agent, input=81
2026-03-26 22:03:04.778 [pool-2-thread-10] [] INFO  c.t.rectagent.agent.SupervisorAgent - [ac117bc705004b9a] SupervisorAgent 开始处理: inputLength=14
2026-03-26 22:03:04.779 [pool-2-thread-8] [] DEBUG c.t.rectagent.agent.SupervisorAgent - [cdf723ee039e411d] 工具 data_analysis_agent 执行完成, outputLength=81
2026-03-26 22:03:04.778 [pool-2-thread-1] [] INFO  c.t.rectagent.agent.SupervisorAgent - [8cc811fa7417497f] SupervisorAgent 处理完成: outputLength=81, 调用次数=1
2026-03-26 22:03:04.779 [pool-2-thread-6] [] INFO  c.t.rectagent.agent.SupervisorAgent - [a4a8edbff911406f] SupervisorAgent 处理完成: outputLength=81, 调用次数=1
2026-03-26 22:03:04.779 [pool-2-thread-5] [] DEBUG c.t.rectagent.agent.SupervisorAgent - [c41d76d53d914cc1] 工具 data_analysis_agent 执行完成, outputLength=81
2026-03-26 22:03:04.780 [pool-2-thread-8] [] INFO  c.t.rectagent.agent.SupervisorAgent - [cdf723ee039e411d] 任务完成
2026-03-26 22:03:04.780 [pool-2-thread-6] [] INFO  c.t.rectagent.agent.SupervisorAgent - [7d92b3bf357e402b] SupervisorAgent 开始处理: inputLength=14
2026-03-26 22:03:04.779 [pool-2-thread-7] [] INFO  c.t.rectagent.agent.SupervisorAgent - [338f525ea1624723] SupervisorAgent 开始处理: inputLength=14
2026-03-26 22:03:04.780 [pool-2-thread-5] [] INFO  c.t.rectagent.agent.SupervisorAgent - [c41d76d53d914cc1] 任务完成
2026-03-26 22:03:04.779 [pool-2-thread-9] [] DEBUG c.t.rectagent.agent.SupervisorAgent - [a702e8efefec4f00] 执行工具: data_analysis_agent, input=81
2026-03-26 22:03:04.779 [pool-2-thread-2] [] INFO  c.t.rectagent.agent.SupervisorAgent - [f8e71785229543f6] SupervisorAgent 开始处理: inputLength=14
2026-03-26 22:03:04.779 [pool-2-thread-3] [] DEBUG c.t.rectagent.agent.SupervisorAgent - [f10c9bfa73af44d4] 执行工具: data_analysis_agent, input=81
2026-03-26 22:03:04.779 [pool-2-thread-4] [] INFO  c.t.rectagent.agent.SupervisorAgent - [11ad73eda1584991] SupervisorAgent 开始处理: inputLength=14
2026-03-26 22:03:04.779 [pool-2-thread-10] [] DEBUG c.t.rectagent.agent.SupervisorAgent - [ac117bc705004b9a] 执行工具: data_analysis_agent, input=81
2026-03-26 22:03:04.780 [pool-2-thread-4] [] DEBUG c.t.rectagent.agent.SupervisorAgent - [11ad73eda1584991] 执行工具: data_analysis_agent, input=81
2026-03-26 22:03:04.780 [pool-2-thread-8] [] INFO  c.t.rectagent.agent.SupervisorAgent - [cdf723ee039e411d] SupervisorAgent 处理完成: outputLength=81, 调用次数=1
2026-03-26 22:03:04.780 [pool-2-thread-4] [] DEBUG c.t.rectagent.agent.SupervisorAgent - [11ad73eda1584991] 工具 data_analysis_agent 执行完成, outputLength=81
2026-03-26 22:03:04.780 [pool-2-thread-1] [] INFO  c.t.rectagent.agent.SupervisorAgent - [f0e15f66929c42be] SupervisorAgent 开始处理: inputLength=14
2026-03-26 22:03:04.780 [pool-2-thread-4] [] INFO  c.t.rectagent.agent.SupervisorAgent - [11ad73eda1584991] 任务完成
2026-03-26 22:03:04.780 [pool-2-thread-1] [] DEBUG c.t.rectagent.agent.SupervisorAgent - [f0e15f66929c42be] 执行工具: data_analysis_agent, input=81
2026-03-26 22:03:04.780 [pool-2-thread-6] [] DEBUG c.t.rectagent.agent.SupervisorAgent - [7d92b3bf357e402b] 执行工具: data_analysis_agent, input=81
2026-03-26 22:03:04.780 [pool-2-thread-7] [] DEBUG c.t.rectagent.agent.SupervisorAgent - [338f525ea1624723] 执行工具: data_analysis_agent, input=81
2026-03-26 22:03:04.780 [pool-2-thread-6] [] DEBUG c.t.rectagent.agent.SupervisorAgent - [7d92b3bf357e402b] 工具 data_analysis_agent 执行完成, outputLength=81
2026-03-26 22:03:04.780 [pool-2-thread-5] [] INFO  c.t.rectagent.agent.SupervisorAgent - [c41d76d53d914cc1] SupervisorAgent 处理完成: outputLength=81, 调用次数=1
2026-03-26 22:03:04.780 [pool-2-thread-6] [] INFO  c.t.rectagent.agent.SupervisorAgent - [7d92b3bf357e402b] 任务完成
2026-03-26 22:03:04.780 [pool-2-thread-9] [] DEBUG c.t.rectagent.agent.SupervisorAgent - [a702e8efefec4f00] 工具 data_analysis_agent 执行完成, outputLength=81
2026-03-26 22:03:04.780 [pool-2-thread-3] [] DEBUG c.t.rectagent.agent.SupervisorAgent - [f10c9bfa73af44d4] 工具 data_analysis_agent 执行完成, outputLength=81
2026-03-26 22:03:04.780 [pool-2-thread-9] [] INFO  c.t.rectagent.agent.SupervisorAgent - [a702e8efefec4f00] 任务完成
2026-03-26 22:03:04.780 [pool-2-thread-2] [] DEBUG c.t.rectagent.agent.SupervisorAgent - [f8e71785229543f6] 执行工具: data_analysis_agent, input=81
2026-03-26 22:03:04.780 [pool-2-thread-3] [] INFO  c.t.rectagent.agent.SupervisorAgent - [f10c9bfa73af44d4] 任务完成
2026-03-26 22:03:04.780 [pool-2-thread-3] [] INFO  c.t.rectagent.agent.SupervisorAgent - [f10c9bfa73af44d4] SupervisorAgent 处理完成: outputLength=81, 调用次数=1
2026-03-26 22:03:04.780 [pool-2-thread-10] [] DEBUG c.t.rectagent.agent.SupervisorAgent - [ac117bc705004b9a] 工具 data_analysis_agent 执行完成, outputLength=81
2026-03-26 22:03:04.780 [pool-2-thread-4] [] INFO  c.t.rectagent.agent.SupervisorAgent - [11ad73eda1584991] SupervisorAgent 处理完成: outputLength=81, 调用次数=1
2026-03-26 22:03:04.780 [pool-2-thread-1] [] DEBUG c.t.rectagent.agent.SupervisorAgent - [f0e15f66929c42be] 工具 data_analysis_agent 执行完成, outputLength=81
2026-03-26 22:03:04.781 [pool-2-thread-3] [] INFO  c.t.rectagent.agent.SupervisorAgent - [2bd01d07fdcd4e17] SupervisorAgent 开始处理: inputLength=14
2026-03-26 22:03:04.780 [pool-2-thread-8] [] INFO  c.t.rectagent.agent.SupervisorAgent - [87648f6714a84a8a] SupervisorAgent 开始处理: inputLength=14
2026-03-26 22:03:04.781 [pool-2-thread-3] [] DEBUG c.t.rectagent.agent.SupervisorAgent - [2bd01d07fdcd4e17] 执行工具: data_analysis_agent, input=81
2026-03-26 22:03:04.780 [pool-2-thread-7] [] DEBUG c.t.rectagent.agent.SupervisorAgent - [338f525ea1624723] 工具 data_analysis_agent 执行完成, outputLength=81
2026-03-26 22:03:04.780 [pool-2-thread-6] [] INFO  c.t.rectagent.agent.SupervisorAgent - [7d92b3bf357e402b] SupervisorAgent 处理完成: outputLength=81, 调用次数=1
2026-03-26 22:03:04.781 [pool-2-thread-8] [] DEBUG c.t.rectagent.agent.SupervisorAgent - [87648f6714a84a8a] 执行工具: intent_recognition_agent, input=86
2026-03-26 22:03:04.781 [pool-2-thread-7] [] INFO  c.t.rectagent.agent.SupervisorAgent - [338f525ea1624723] 任务完成
2026-03-26 22:03:04.780 [pool-2-thread-5] [] INFO  c.t.rectagent.agent.SupervisorAgent - [50e9185399c04738] SupervisorAgent 开始处理: inputLength=14
2026-03-26 22:03:04.781 [pool-2-thread-8] [] DEBUG c.t.rectagent.agent.SupervisorAgent - [87648f6714a84a8a] 工具 intent_recognition_agent 执行完成, outputLength=86
2026-03-26 22:03:04.780 [pool-2-thread-9] [] INFO  c.t.rectagent.agent.SupervisorAgent - [a702e8efefec4f00] SupervisorAgent 处理完成: outputLength=81, 调用次数=1
2026-03-26 22:03:04.781 [pool-2-thread-8] [] INFO  c.t.rectagent.agent.SupervisorAgent - [87648f6714a84a8a] 任务完成
2026-03-26 22:03:04.780 [pool-2-thread-2] [] DEBUG c.t.rectagent.agent.SupervisorAgent - [f8e71785229543f6] 工具 data_analysis_agent 执行完成, outputLength=81
2026-03-26 22:03:04.781 [pool-2-thread-10] [] INFO  c.t.rectagent.agent.SupervisorAgent - [ac117bc705004b9a] 任务完成
2026-03-26 22:03:04.781 [pool-2-thread-2] [] INFO  c.t.rectagent.agent.SupervisorAgent - [f8e71785229543f6] 任务完成
2026-03-26 22:03:04.781 [pool-2-thread-10] [] INFO  c.t.rectagent.agent.SupervisorAgent - [ac117bc705004b9a] SupervisorAgent 处理完成: outputLength=81, 调用次数=1
2026-03-26 22:03:04.781 [pool-2-thread-4] [] INFO  c.t.rectagent.agent.SupervisorAgent - [6fad1cf105c5494a] SupervisorAgent 开始处理: inputLength=14
2026-03-26 22:03:04.781 [pool-2-thread-1] [] INFO  c.t.rectagent.agent.SupervisorAgent - [f0e15f66929c42be] 任务完成
2026-03-26 22:03:04.781 [pool-2-thread-4] [] DEBUG c.t.rectagent.agent.SupervisorAgent - [6fad1cf105c5494a] 执行工具: data_analysis_agent, input=81
2026-03-26 22:03:04.781 [pool-2-thread-1] [] INFO  c.t.rectagent.agent.SupervisorAgent - [f0e15f66929c42be] SupervisorAgent 处理完成: outputLength=81, 调用次数=1
2026-03-26 22:03:04.781 [pool-2-thread-4] [] DEBUG c.t.rectagent.agent.SupervisorAgent - [6fad1cf105c5494a] 工具 data_analysis_agent 执行完成, outputLength=81
2026-03-26 22:03:04.781 [pool-2-thread-3] [] DEBUG c.t.rectagent.agent.SupervisorAgent - [2bd01d07fdcd4e17] 工具 data_analysis_agent 执行完成, outputLength=81
2026-03-26 22:03:04.781 [pool-2-thread-1] [] INFO  c.t.rectagent.agent.SupervisorAgent - [db9cbe3fb82b4204] SupervisorAgent 开始处理: inputLength=14
2026-03-26 22:03:04.781 [pool-2-thread-7] [] INFO  c.t.rectagent.agent.SupervisorAgent - [338f525ea1624723] SupervisorAgent 处理完成: outputLength=81, 调用次数=1
2026-03-26 22:03:04.781 [pool-2-thread-5] [] DEBUG c.t.rectagent.agent.SupervisorAgent - [50e9185399c04738] 执行工具: data_analysis_agent, input=81
2026-03-26 22:03:04.781 [pool-2-thread-6] [] INFO  c.t.rectagent.agent.SupervisorAgent - [4468f2e1d3654080] SupervisorAgent 开始处理: inputLength=14
2026-03-26 22:03:04.781 [pool-2-thread-5] [] DEBUG c.t.rectagent.agent.SupervisorAgent - [50e9185399c04738] 工具 data_analysis_agent 执行完成, outputLength=81
2026-03-26 22:03:04.781 [pool-2-thread-8] [] INFO  c.t.rectagent.agent.SupervisorAgent - [87648f6714a84a8a] SupervisorAgent 处理完成: outputLength=86, 调用次数=1
2026-03-26 22:03:04.781 [pool-2-thread-9] [] INFO  c.t.rectagent.agent.SupervisorAgent - [69d75d01a1a64cca] SupervisorAgent 开始处理: inputLength=14
2026-03-26 22:03:04.781 [pool-2-thread-2] [] INFO  c.t.rectagent.agent.SupervisorAgent - [f8e71785229543f6] SupervisorAgent 处理完成: outputLength=81, 调用次数=1
2026-03-26 22:03:04.781 [pool-2-thread-10] [] INFO  c.t.rectagent.agent.SupervisorAgent - [7977ce10831040a1] SupervisorAgent 开始处理: inputLength=14
2026-03-26 22:03:04.781 [pool-2-thread-4] [] INFO  c.t.rectagent.agent.SupervisorAgent - [6fad1cf105c5494a] 任务完成
2026-03-26 22:03:04.781 [pool-2-thread-3] [] INFO  c.t.rectagent.agent.SupervisorAgent - [2bd01d07fdcd4e17] 任务完成
2026-03-26 22:03:04.781 [pool-2-thread-10] [] DEBUG c.t.rectagent.agent.SupervisorAgent - [7977ce10831040a1] 执行工具: data_analysis_agent, input=81
2026-03-26 22:03:04.781 [pool-2-thread-3] [] INFO  c.t.rectagent.agent.SupervisorAgent - [2bd01d07fdcd4e17] SupervisorAgent 处理完成: outputLength=81, 调用次数=1
2026-03-26 22:03:04.781 [pool-2-thread-1] [] DEBUG c.t.rectagent.agent.SupervisorAgent - [db9cbe3fb82b4204] 执行工具: data_analysis_agent, input=81
2026-03-26 22:03:04.781 [pool-2-thread-10] [] DEBUG c.t.rectagent.agent.SupervisorAgent - [7977ce10831040a1] 工具 data_analysis_agent 执行完成, outputLength=81
2026-03-26 22:03:04.781 [pool-2-thread-7] [] INFO  c.t.rectagent.agent.SupervisorAgent - [224a2c0d433f4829] SupervisorAgent 开始处理: inputLength=14
2026-03-26 22:03:04.781 [pool-2-thread-10] [] INFO  c.t.rectagent.agent.SupervisorAgent - [7977ce10831040a1] 任务完成
2026-03-26 22:03:04.781 [pool-2-thread-6] [] DEBUG c.t.rectagent.agent.SupervisorAgent - [4468f2e1d3654080] 执行工具: data_analysis_agent, input=81
2026-03-26 22:03:04.781 [pool-2-thread-7] [] DEBUG c.t.rectagent.agent.SupervisorAgent - [224a2c0d433f4829] 执行工具: data_analysis_agent, input=81
2026-03-26 22:03:04.781 [pool-2-thread-6] [] DEBUG c.t.rectagent.agent.SupervisorAgent - [4468f2e1d3654080] 工具 data_analysis_agent 执行完成, outputLength=81
2026-03-26 22:03:04.781 [pool-2-thread-5] [] INFO  c.t.rectagent.agent.SupervisorAgent - [50e9185399c04738] 任务完成
2026-03-26 22:03:04.781 [pool-2-thread-6] [] INFO  c.t.rectagent.agent.SupervisorAgent - [4468f2e1d3654080] 任务完成
2026-03-26 22:03:04.781 [pool-2-thread-5] [] INFO  c.t.rectagent.agent.SupervisorAgent - [50e9185399c04738] SupervisorAgent 处理完成: outputLength=81, 调用次数=1
2026-03-26 22:03:04.781 [pool-2-thread-9] [] DEBUG c.t.rectagent.agent.SupervisorAgent - [69d75d01a1a64cca] 执行工具: data_analysis_agent, input=81
2026-03-26 22:03:04.781 [pool-2-thread-8] [] INFO  c.t.rectagent.agent.SupervisorAgent - [dabf44d2942744a1] SupervisorAgent 开始处理: inputLength=14
2026-03-26 22:03:04.781 [pool-2-thread-4] [] INFO  c.t.rectagent.agent.SupervisorAgent - [6fad1cf105c5494a] SupervisorAgent 处理完成: outputLength=81, 调用次数=1
2026-03-26 22:03:04.781 [pool-2-thread-8] [] DEBUG c.t.rectagent.agent.SupervisorAgent - [dabf44d2942744a1] 执行工具: data_analysis_agent, input=81
2026-03-26 22:03:04.781 [pool-2-thread-1] [] DEBUG c.t.rectagent.agent.SupervisorAgent - [db9cbe3fb82b4204] 工具 data_analysis_agent 执行完成, outputLength=81
2026-03-26 22:03:04.781 [pool-2-thread-10] [] INFO  c.t.rectagent.agent.SupervisorAgent - [7977ce10831040a1] SupervisorAgent 处理完成: outputLength=81, 调用次数=1
2026-03-26 22:03:04.782 [pool-2-thread-8] [] DEBUG c.t.rectagent.agent.SupervisorAgent - [dabf44d2942744a1] 工具 data_analysis_agent 执行完成, outputLength=81
2026-03-26 22:03:04.781 [pool-2-thread-2] [] INFO  c.t.rectagent.agent.SupervisorAgent - [465fffc2eb84474c] SupervisorAgent 开始处理: inputLength=14
2026-03-26 22:03:04.782 [pool-2-thread-8] [] INFO  c.t.rectagent.agent.SupervisorAgent - [dabf44d2942744a1] 任务完成
2026-03-26 22:03:04.781 [pool-2-thread-3] [] INFO  c.t.rectagent.agent.SupervisorAgent - [3c84eb958143413a] SupervisorAgent 开始处理: inputLength=14
2026-03-26 22:03:04.781 [pool-2-thread-7] [] DEBUG c.t.rectagent.agent.SupervisorAgent - [224a2c0d433f4829] 工具 data_analysis_agent 执行完成, outputLength=81
2026-03-26 22:03:04.781 [pool-2-thread-6] [] INFO  c.t.rectagent.agent.SupervisorAgent - [4468f2e1d3654080] SupervisorAgent 处理完成: outputLength=81, 调用次数=1
2026-03-26 22:03:04.782 [pool-2-thread-7] [] INFO  c.t.rectagent.agent.SupervisorAgent - [224a2c0d433f4829] 任务完成
2026-03-26 22:03:04.782 [pool-2-thread-3] [] DEBUG c.t.rectagent.agent.SupervisorAgent - [3c84eb958143413a] 执行工具: data_analysis_agent, input=81
2026-03-26 22:03:04.781 [pool-2-thread-5] [] INFO  c.t.rectagent.agent.SupervisorAgent - [a483f58a4c0c4c4e] SupervisorAgent 开始处理: inputLength=14
2026-03-26 22:03:04.782 [pool-2-thread-3] [] DEBUG c.t.rectagent.agent.SupervisorAgent - [3c84eb958143413a] 工具 data_analysis_agent 执行完成, outputLength=81
2026-03-26 22:03:04.781 [pool-2-thread-9] [] DEBUG c.t.rectagent.agent.SupervisorAgent - [69d75d01a1a64cca] 工具 data_analysis_agent 执行完成, outputLength=81
2026-03-26 22:03:04.782 [pool-2-thread-3] [] INFO  c.t.rectagent.agent.SupervisorAgent - [3c84eb958143413a] 任务完成
2026-03-26 22:03:04.782 [pool-2-thread-1] [] INFO  c.t.rectagent.agent.SupervisorAgent - [db9cbe3fb82b4204] 任务完成
2026-03-26 22:03:04.782 [pool-2-thread-6] [] INFO  c.t.rectagent.agent.SupervisorAgent - [1730ff2a3a0b402e] SupervisorAgent 开始处理: inputLength=14
2026-03-26 22:03:04.782 [pool-2-thread-4] [] INFO  c.t.rectagent.agent.SupervisorAgent - [64b58dd9a32a4ef5] SupervisorAgent 开始处理: inputLength=14
2026-03-26 22:03:04.782 [pool-2-thread-6] [] DEBUG c.t.rectagent.agent.SupervisorAgent - [1730ff2a3a0b402e] 执行工具: data_analysis_agent, input=81
2026-03-26 22:03:04.782 [pool-2-thread-10] [] INFO  c.t.rectagent.agent.SupervisorAgent - [d651aba7bce449f2] SupervisorAgent 开始处理: inputLength=14
2026-03-26 22:03:04.782 [pool-2-thread-8] [] INFO  c.t.rectagent.agent.SupervisorAgent - [dabf44d2942744a1] SupervisorAgent 处理完成: outputLength=81, 调用次数=1
2026-03-26 22:03:04.782 [pool-2-thread-2] [] DEBUG c.t.rectagent.agent.SupervisorAgent - [465fffc2eb84474c] 执行工具: data_analysis_agent, input=81
2026-03-26 22:03:04.782 [pool-2-thread-7] [] INFO  c.t.rectagent.agent.SupervisorAgent - [224a2c0d433f4829] SupervisorAgent 处理完成: outputLength=81, 调用次数=1
2026-03-26 22:03:04.782 [pool-2-thread-8] [] INFO  c.t.rectagent.agent.SupervisorAgent - [0d3bc6819ad64a6a] SupervisorAgent 开始处理: inputLength=14
2026-03-26 22:03:04.782 [pool-2-thread-5] [] DEBUG c.t.rectagent.agent.SupervisorAgent - [a483f58a4c0c4c4e] 执行工具: data_analysis_agent, input=81
2026-03-26 22:03:04.782 [pool-2-thread-8] [] DEBUG c.t.rectagent.agent.SupervisorAgent - [0d3bc6819ad64a6a] 执行工具: data_analysis_agent, input=81
2026-03-26 22:03:04.782 [pool-2-thread-7] [] INFO  c.t.rectagent.agent.SupervisorAgent - [2c1a445aaba94ab3] SupervisorAgent 开始处理: inputLength=14
2026-03-26 22:03:04.782 [pool-2-thread-5] [] DEBUG c.t.rectagent.agent.SupervisorAgent - [a483f58a4c0c4c4e] 工具 data_analysis_agent 执行完成, outputLength=81
2026-03-26 22:03:04.782 [pool-2-thread-8] [] DEBUG c.t.rectagent.agent.SupervisorAgent - [0d3bc6819ad64a6a] 工具 data_analysis_agent 执行完成, outputLength=81
2026-03-26 22:03:04.782 [pool-2-thread-7] [] DEBUG c.t.rectagent.agent.SupervisorAgent - [2c1a445aaba94ab3] 执行工具: data_analysis_agent, input=81
2026-03-26 22:03:04.782 [pool-2-thread-3] [] INFO  c.t.rectagent.agent.SupervisorAgent - [3c84eb958143413a] SupervisorAgent 处理完成: outputLength=81, 调用次数=1
2026-03-26 22:03:04.782 [pool-2-thread-1] [] INFO  c.t.rectagent.agent.SupervisorAgent - [db9cbe3fb82b4204] SupervisorAgent 处理完成: outputLength=81, 调用次数=1
2026-03-26 22:03:04.782 [pool-2-thread-7] [] DEBUG c.t.rectagent.agent.SupervisorAgent - [2c1a445aaba94ab3] 工具 data_analysis_agent 执行完成, outputLength=81
2026-03-26 22:03:04.782 [pool-2-thread-9] [] INFO  c.t.rectagent.agent.SupervisorAgent - [69d75d01a1a64cca] 任务完成
2026-03-26 22:03:04.782 [pool-2-thread-7] [] INFO  c.t.rectagent.agent.SupervisorAgent - [2c1a445aaba94ab3] 任务完成
2026-03-26 22:03:04.782 [pool-2-thread-6] [] DEBUG c.t.rectagent.agent.SupervisorAgent - [1730ff2a3a0b402e] 工具 data_analysis_agent 执行完成, outputLength=81
2026-03-26 22:03:04.782 [pool-2-thread-1] [] INFO  c.t.rectagent.agent.SupervisorAgent - [251188e8c42c4493] SupervisorAgent 开始处理: inputLength=15
2026-03-26 22:03:04.782 [pool-2-thread-6] [] INFO  c.t.rectagent.agent.SupervisorAgent - [1730ff2a3a0b402e] 任务完成
2026-03-26 22:03:04.782 [pool-2-thread-1] [] DEBUG c.t.rectagent.agent.SupervisorAgent - [251188e8c42c4493] 执行工具: data_analysis_agent, input=82
2026-03-26 22:03:04.782 [pool-2-thread-6] [] INFO  c.t.rectagent.agent.SupervisorAgent - [1730ff2a3a0b402e] SupervisorAgent 处理完成: outputLength=81, 调用次数=1
2026-03-26 22:03:04.782 [pool-2-thread-4] [] DEBUG c.t.rectagent.agent.SupervisorAgent - [64b58dd9a32a4ef5] 执行工具: data_analysis_agent, input=81
2026-03-26 22:03:04.782 [pool-2-thread-1] [] DEBUG c.t.rectagent.agent.SupervisorAgent - [251188e8c42c4493] 工具 data_analysis_agent 执行完成, outputLength=82
2026-03-26 22:03:04.782 [pool-2-thread-10] [] DEBUG c.t.rectagent.agent.SupervisorAgent - [d651aba7bce449f2] 执行工具: data_analysis_agent, input=81
2026-03-26 22:03:04.782 [pool-2-thread-4] [] DEBUG c.t.rectagent.agent.SupervisorAgent - [64b58dd9a32a4ef5] 工具 data_analysis_agent 执行完成, outputLength=81
2026-03-26 22:03:04.782 [pool-2-thread-10] [] DEBUG c.t.rectagent.agent.SupervisorAgent - [d651aba7bce449f2] 工具 data_analysis_agent 执行完成, outputLength=81
2026-03-26 22:03:04.782 [pool-2-thread-2] [] DEBUG c.t.rectagent.agent.SupervisorAgent - [465fffc2eb84474c] 工具 data_analysis_agent 执行完成, outputLength=81
2026-03-26 22:03:04.782 [pool-2-thread-5] [] INFO  c.t.rectagent.agent.SupervisorAgent - [a483f58a4c0c4c4e] 任务完成
2026-03-26 22:03:04.782 [pool-2-thread-8] [] INFO  c.t.rectagent.agent.SupervisorAgent - [0d3bc6819ad64a6a] 任务完成
2026-03-26 22:03:04.782 [pool-2-thread-3] [] INFO  c.t.rectagent.agent.SupervisorAgent - [55423be6fe2442cf] SupervisorAgent 开始处理: inputLength=15
2026-03-26 22:03:04.782 [pool-2-thread-7] [] INFO  c.t.rectagent.agent.SupervisorAgent - [2c1a445aaba94ab3] SupervisorAgent 处理完成: outputLength=81, 调用次数=1
2026-03-26 22:03:04.782 [pool-2-thread-9] [] INFO  c.t.rectagent.agent.SupervisorAgent - [69d75d01a1a64cca] SupervisorAgent 处理完成: outputLength=81, 调用次数=1
2026-03-26 22:03:04.782 [pool-2-thread-6] [] INFO  c.t.rectagent.agent.SupervisorAgent - [d718e674d9a84d75] SupervisorAgent 开始处理: inputLength=14
2026-03-26 22:03:04.782 [pool-2-thread-1] [] INFO  c.t.rectagent.agent.SupervisorAgent - [251188e8c42c4493] 任务完成
2026-03-26 22:03:04.782 [pool-2-thread-6] [] DEBUG c.t.rectagent.agent.SupervisorAgent - [d718e674d9a84d75] 执行工具: data_analysis_agent, input=81
2026-03-26 22:03:04.782 [pool-2-thread-4] [] INFO  c.t.rectagent.agent.SupervisorAgent - [64b58dd9a32a4ef5] 任务完成
2026-03-26 22:03:04.782 [pool-2-thread-10] [] INFO  c.t.rectagent.agent.SupervisorAgent - [d651aba7bce449f2] 任务完成
2026-03-26 22:03:04.782 [pool-2-thread-4] [] INFO  c.t.rectagent.agent.SupervisorAgent - [64b58dd9a32a4ef5] SupervisorAgent 处理完成: outputLength=81, 调用次数=1
2026-03-26 22:03:04.782 [pool-2-thread-2] [] INFO  c.t.rectagent.agent.SupervisorAgent - [465fffc2eb84474c] 任务完成
2026-03-26 22:03:04.782 [pool-2-thread-5] [] INFO  c.t.rectagent.agent.SupervisorAgent - [a483f58a4c0c4c4e] SupervisorAgent 处理完成: outputLength=81, 调用次数=1
2026-03-26 22:03:04.782 [pool-2-thread-4] [] INFO  c.t.rectagent.agent.SupervisorAgent - [ab7703276d384794] SupervisorAgent 开始处理: inputLength=14
2026-03-26 22:03:04.782 [pool-2-thread-8] [] INFO  c.t.rectagent.agent.SupervisorAgent - [0d3bc6819ad64a6a] SupervisorAgent 处理完成: outputLength=81, 调用次数=1
2026-03-26 22:03:04.782 [pool-2-thread-3] [] DEBUG c.t.rectagent.agent.SupervisorAgent - [55423be6fe2442cf] 执行工具: data_analysis_agent, input=82
2026-03-26 22:03:04.782 [pool-2-thread-7] [] INFO  c.t.rectagent.agent.SupervisorAgent - [417752d3b4754e70] SupervisorAgent 开始处理: inputLength=14
2026-03-26 22:03:04.784 [pool-2-thread-3] [] DEBUG c.t.rectagent.agent.SupervisorAgent - [55423be6fe2442cf] 工具 data_analysis_agent 执行完成, outputLength=82
2026-03-26 22:03:04.782 [pool-2-thread-9] [] INFO  c.t.rectagent.agent.SupervisorAgent - [622f45df9ee44521] SupervisorAgent 开始处理: inputLength=14
2026-03-26 22:03:04.784 [pool-2-thread-3] [] INFO  c.t.rectagent.agent.SupervisorAgent - [55423be6fe2442cf] 任务完成
2026-03-26 22:03:04.782 [pool-2-thread-1] [] INFO  c.t.rectagent.agent.SupervisorAgent - [251188e8c42c4493] SupervisorAgent 处理完成: outputLength=82, 调用次数=1
2026-03-26 22:03:04.784 [pool-2-thread-9] [] DEBUG c.t.rectagent.agent.SupervisorAgent - [622f45df9ee44521] 执行工具: data_analysis_agent, input=81
2026-03-26 22:03:04.782 [pool-2-thread-6] [] DEBUG c.t.rectagent.agent.SupervisorAgent - [d718e674d9a84d75] 工具 data_analysis_agent 执行完成, outputLength=81
2026-03-26 22:03:04.784 [pool-2-thread-1] [] INFO  c.t.rectagent.agent.SupervisorAgent - [8aa02c9d1b71469f] SupervisorAgent 开始处理: inputLength=15
2026-03-26 22:03:04.782 [pool-2-thread-10] [] INFO  c.t.rectagent.agent.SupervisorAgent - [d651aba7bce449f2] SupervisorAgent 处理完成: outputLength=81, 调用次数=1
2026-03-26 22:03:04.782 [pool-2-thread-2] [] INFO  c.t.rectagent.agent.SupervisorAgent - [465fffc2eb84474c] SupervisorAgent 处理完成: outputLength=81, 调用次数=1
2026-03-26 22:03:04.784 [pool-2-thread-4] [] DEBUG c.t.rectagent.agent.SupervisorAgent - [ab7703276d384794] 执行工具: data_analysis_agent, input=81
2026-03-26 22:03:04.784 [pool-2-thread-2] [] INFO  c.t.rectagent.agent.SupervisorAgent - [2593f7a7fa224179] SupervisorAgent 开始处理: inputLength=14
2026-03-26 22:03:04.784 [pool-2-thread-5] [] INFO  c.t.rectagent.agent.SupervisorAgent - [96e3be8000d144d3] SupervisorAgent 开始处理: inputLength=14
2026-03-26 22:03:04.784 [pool-2-thread-8] [] INFO  c.t.rectagent.agent.SupervisorAgent - [0c97acd3219b4514] SupervisorAgent 开始处理: inputLength=14
2026-03-26 22:03:04.784 [pool-2-thread-5] [] DEBUG c.t.rectagent.agent.SupervisorAgent - [96e3be8000d144d3] 执行工具: data_analysis_agent, input=81
2026-03-26 22:03:04.784 [pool-2-thread-7] [] DEBUG c.t.rectagent.agent.SupervisorAgent - [417752d3b4754e70] 执行工具: data_analysis_agent, input=81
2026-03-26 22:03:04.784 [pool-2-thread-3] [] INFO  c.t.rectagent.agent.SupervisorAgent - [55423be6fe2442cf] SupervisorAgent 处理完成: outputLength=82, 调用次数=1
2026-03-26 22:03:04.784 [pool-2-thread-7] [] DEBUG c.t.rectagent.agent.SupervisorAgent - [417752d3b4754e70] 工具 data_analysis_agent 执行完成, outputLength=81
2026-03-26 22:03:04.784 [pool-2-thread-9] [] DEBUG c.t.rectagent.agent.SupervisorAgent - [622f45df9ee44521] 工具 data_analysis_agent 执行完成, outputLength=81
2026-03-26 22:03:04.784 [pool-2-thread-6] [] INFO  c.t.rectagent.agent.SupervisorAgent - [d718e674d9a84d75] 任务完成
2026-03-26 22:03:04.784 [pool-2-thread-1] [] DEBUG c.t.rectagent.agent.SupervisorAgent - [8aa02c9d1b71469f] 执行工具: data_analysis_agent, input=82
2026-03-26 22:03:04.784 [pool-2-thread-10] [] INFO  c.t.rectagent.agent.SupervisorAgent - [928062a1e18f4a0f] SupervisorAgent 开始处理: inputLength=14
2026-03-26 22:03:04.784 [pool-2-thread-1] [] DEBUG c.t.rectagent.agent.SupervisorAgent - [8aa02c9d1b71469f] 工具 data_analysis_agent 执行完成, outputLength=82
2026-03-26 22:03:04.784 [pool-2-thread-4] [] DEBUG c.t.rectagent.agent.SupervisorAgent - [ab7703276d384794] 工具 data_analysis_agent 执行完成, outputLength=81
2026-03-26 22:03:04.784 [pool-2-thread-1] [] INFO  c.t.rectagent.agent.SupervisorAgent - [8aa02c9d1b71469f] 任务完成
2026-03-26 22:03:04.784 [pool-2-thread-2] [] DEBUG c.t.rectagent.agent.SupervisorAgent - [2593f7a7fa224179] 执行工具: data_analysis_agent, input=81
2026-03-26 22:03:04.784 [pool-2-thread-8] [] DEBUG c.t.rectagent.agent.SupervisorAgent - [0c97acd3219b4514] 执行工具: data_analysis_agent, input=81
2026-03-26 22:03:04.784 [pool-2-thread-2] [] DEBUG c.t.rectagent.agent.SupervisorAgent - [2593f7a7fa224179] 工具 data_analysis_agent 执行完成, outputLength=81
2026-03-26 22:03:04.784 [pool-2-thread-5] [] DEBUG c.t.rectagent.agent.SupervisorAgent - [96e3be8000d144d3] 工具 data_analysis_agent 执行完成, outputLength=81
2026-03-26 22:03:04.784 [pool-2-thread-2] [] INFO  c.t.rectagent.agent.SupervisorAgent - [2593f7a7fa224179] 任务完成
2026-03-26 22:03:04.784 [pool-2-thread-3] [] INFO  c.t.rectagent.agent.SupervisorAgent - [4d150306d7e940e4] SupervisorAgent 开始处理: inputLength=15
2026-03-26 22:03:04.784 [pool-2-thread-5] [] INFO  c.t.rectagent.agent.SupervisorAgent - [96e3be8000d144d3] 任务完成
2026-03-26 22:03:04.784 [pool-2-thread-7] [] INFO  c.t.rectagent.agent.SupervisorAgent - [417752d3b4754e70] 任务完成
2026-03-26 22:03:04.784 [pool-2-thread-9] [] INFO  c.t.rectagent.agent.SupervisorAgent - [622f45df9ee44521] 任务完成
2026-03-26 22:03:04.784 [pool-2-thread-6] [] INFO  c.t.rectagent.agent.SupervisorAgent - [d718e674d9a84d75] SupervisorAgent 处理完成: outputLength=81, 调用次数=1
2026-03-26 22:03:04.784 [pool-2-thread-10] [] DEBUG c.t.rectagent.agent.SupervisorAgent - [928062a1e18f4a0f] 执行工具: data_analysis_agent, input=81
2026-03-26 22:03:04.784 [pool-2-thread-4] [] INFO  c.t.rectagent.agent.SupervisorAgent - [ab7703276d384794] 任务完成
2026-03-26 22:03:04.784 [pool-2-thread-10] [] DEBUG c.t.rectagent.agent.SupervisorAgent - [928062a1e18f4a0f] 工具 data_analysis_agent 执行完成, outputLength=81
2026-03-26 22:03:04.784 [pool-2-thread-1] [] INFO  c.t.rectagent.agent.SupervisorAgent - [8aa02c9d1b71469f] SupervisorAgent 处理完成: outputLength=82, 调用次数=1
2026-03-26 22:03:04.784 [pool-2-thread-6] [] INFO  c.t.rectagent.agent.SupervisorAgent - [e299145e488d4465] SupervisorAgent 开始处理: inputLength=14
2026-03-26 22:03:04.784 [pool-2-thread-8] [] DEBUG c.t.rectagent.agent.SupervisorAgent - [0c97acd3219b4514] 工具 data_analysis_agent 执行完成, outputLength=81
2026-03-26 22:03:04.784 [pool-2-thread-1] [] INFO  c.t.rectagent.agent.SupervisorAgent - [ef0546ce4dbc4105] SupervisorAgent 开始处理: inputLength=15
2026-03-26 22:03:04.784 [pool-2-thread-6] [] DEBUG c.t.rectagent.agent.SupervisorAgent - [e299145e488d4465] 执行工具: data_analysis_agent, input=81
2026-03-26 22:03:04.784 [pool-2-thread-2] [] INFO  c.t.rectagent.agent.SupervisorAgent - [2593f7a7fa224179] SupervisorAgent 处理完成: outputLength=81, 调用次数=1
2026-03-26 22:03:04.784 [pool-2-thread-8] [] INFO  c.t.rectagent.agent.SupervisorAgent - [0c97acd3219b4514] 任务完成
2026-03-26 22:03:04.784 [pool-2-thread-5] [] INFO  c.t.rectagent.agent.SupervisorAgent - [96e3be8000d144d3] SupervisorAgent 处理完成: outputLength=81, 调用次数=1
2026-03-26 22:03:04.784 [pool-2-thread-3] [] DEBUG c.t.rectagent.agent.SupervisorAgent - [4d150306d7e940e4] 执行工具: data_analysis_agent, input=82
2026-03-26 22:03:04.784 [pool-2-thread-2] [] INFO  c.t.rectagent.agent.SupervisorAgent - [59ec7f0db40f4087] SupervisorAgent 开始处理: inputLength=15
2026-03-26 22:03:04.784 [pool-2-thread-3] [] DEBUG c.t.rectagent.agent.SupervisorAgent - [4d150306d7e940e4] 工具 data_analysis_agent 执行完成, outputLength=82
2026-03-26 22:03:04.784 [pool-2-thread-7] [] INFO  c.t.rectagent.agent.SupervisorAgent - [417752d3b4754e70] SupervisorAgent 处理完成: outputLength=81, 调用次数=1
2026-03-26 22:03:04.786 [pool-2-thread-2] [] DEBUG c.t.rectagent.agent.SupervisorAgent - [59ec7f0db40f4087] 执行工具: data_analysis_agent, input=82
2026-03-26 22:03:04.786 [pool-2-thread-3] [] INFO  c.t.rectagent.agent.SupervisorAgent - [4d150306d7e940e4] 任务完成
2026-03-26 22:03:04.784 [pool-2-thread-9] [] INFO  c.t.rectagent.agent.SupervisorAgent - [622f45df9ee44521] SupervisorAgent 处理完成: outputLength=81, 调用次数=1
2026-03-26 22:03:04.786 [pool-2-thread-7] [] INFO  c.t.rectagent.agent.SupervisorAgent - [c3a7626e0d464a7e] SupervisorAgent 开始处理: inputLength=14
2026-03-26 22:03:04.784 [pool-2-thread-4] [] INFO  c.t.rectagent.agent.SupervisorAgent - [ab7703276d384794] SupervisorAgent 处理完成: outputLength=81, 调用次数=1
2026-03-26 22:03:04.786 [pool-2-thread-7] [] DEBUG c.t.rectagent.agent.SupervisorAgent - [c3a7626e0d464a7e] 执行工具: data_analysis_agent, input=81
2026-03-26 22:03:04.784 [pool-2-thread-10] [] INFO  c.t.rectagent.agent.SupervisorAgent - [928062a1e18f4a0f] 任务完成
2026-03-26 22:03:04.784 [pool-2-thread-1] [] DEBUG c.t.rectagent.agent.SupervisorAgent - [ef0546ce4dbc4105] 执行工具: data_analysis_agent, input=82
2026-03-26 22:03:04.784 [pool-2-thread-6] [] DEBUG c.t.rectagent.agent.SupervisorAgent - [e299145e488d4465] 工具 data_analysis_agent 执行完成, outputLength=81
2026-03-26 22:03:04.786 [pool-2-thread-1] [] DEBUG c.t.rectagent.agent.SupervisorAgent - [ef0546ce4dbc4105] 工具 data_analysis_agent 执行完成, outputLength=82
2026-03-26 22:03:04.784 [pool-2-thread-8] [] INFO  c.t.rectagent.agent.SupervisorAgent - [0c97acd3219b4514] SupervisorAgent 处理完成: outputLength=81, 调用次数=1
2026-03-26 22:03:04.786 [pool-2-thread-5] [] INFO  c.t.rectagent.agent.SupervisorAgent - [67b2b78b1da74b3d] SupervisorAgent 开始处理: inputLength=14
2026-03-26 22:03:04.786 [pool-2-thread-3] [] INFO  c.t.rectagent.agent.SupervisorAgent - [4d150306d7e940e4] SupervisorAgent 处理完成: outputLength=82, 调用次数=1
2026-03-26 22:03:04.786 [pool-2-thread-8] [] INFO  c.t.rectagent.agent.SupervisorAgent - [850fc74907d44fed] SupervisorAgent 开始处理: inputLength=14
2026-03-26 22:03:04.786 [pool-2-thread-5] [] DEBUG c.t.rectagent.agent.SupervisorAgent - [67b2b78b1da74b3d] 执行工具: data_analysis_agent, input=81
2026-03-26 22:03:04.786 [pool-2-thread-2] [] DEBUG c.t.rectagent.agent.SupervisorAgent - [59ec7f0db40f4087] 工具 data_analysis_agent 执行完成, outputLength=82
2026-03-26 22:03:04.786 [pool-2-thread-8] [] DEBUG c.t.rectagent.agent.SupervisorAgent - [850fc74907d44fed] 执行工具: data_analysis_agent, input=81
2026-03-26 22:03:04.786 [pool-2-thread-9] [] INFO  c.t.rectagent.agent.SupervisorAgent - [87324ccf5dd841eb] SupervisorAgent 开始处理: inputLength=14
2026-03-26 22:03:04.786 [pool-2-thread-8] [] DEBUG c.t.rectagent.agent.SupervisorAgent - [850fc74907d44fed] 工具 data_analysis_agent 执行完成, outputLength=81
2026-03-26 22:03:04.786 [pool-2-thread-3] [] INFO  c.t.rectagent.agent.SupervisorAgent - [98b9c6d943534d95] SupervisorAgent 开始处理: inputLength=15
2026-03-26 22:03:04.786 [pool-2-thread-4] [] INFO  c.t.rectagent.agent.SupervisorAgent - [5e736e133f954aa0] SupervisorAgent 开始处理: inputLength=15
2026-03-26 22:03:04.786 [pool-2-thread-3] [] DEBUG c.t.rectagent.agent.SupervisorAgent - [98b9c6d943534d95] 执行工具: data_analysis_agent, input=82
2026-03-26 22:03:04.786 [pool-2-thread-7] [] DEBUG c.t.rectagent.agent.SupervisorAgent - [c3a7626e0d464a7e] 工具 data_analysis_agent 执行完成, outputLength=81
2026-03-26 22:03:04.786 [pool-2-thread-10] [] INFO  c.t.rectagent.agent.SupervisorAgent - [928062a1e18f4a0f] SupervisorAgent 处理完成: outputLength=81, 调用次数=1
2026-03-26 22:03:04.786 [pool-2-thread-6] [] INFO  c.t.rectagent.agent.SupervisorAgent - [e299145e488d4465] 任务完成
2026-03-26 22:03:04.786 [pool-2-thread-1] [] INFO  c.t.rectagent.agent.SupervisorAgent - [ef0546ce4dbc4105] 任务完成
2026-03-26 22:03:04.786 [pool-2-thread-10] [] INFO  c.t.rectagent.agent.SupervisorAgent - [c977f989f1c94b75] SupervisorAgent 开始处理: inputLength=14
2026-03-26 22:03:04.786 [pool-2-thread-1] [] INFO  c.t.rectagent.agent.SupervisorAgent - [ef0546ce4dbc4105] SupervisorAgent 处理完成: outputLength=82, 调用次数=1
2026-03-26 22:03:04.786 [pool-2-thread-5] [] DEBUG c.t.rectagent.agent.SupervisorAgent - [67b2b78b1da74b3d] 工具 data_analysis_agent 执行完成, outputLength=81
2026-03-26 22:03:04.786 [pool-2-thread-2] [] INFO  c.t.rectagent.agent.SupervisorAgent - [59ec7f0db40f4087] 任务完成
2026-03-26 22:03:04.786 [pool-2-thread-5] [] INFO  c.t.rectagent.agent.SupervisorAgent - [67b2b78b1da74b3d] 任务完成
2026-03-26 22:03:04.786 [pool-2-thread-1] [] INFO  c.t.rectagent.agent.SupervisorAgent - [f09af2b1094a485c] SupervisorAgent 开始处理: inputLength=15
2026-03-26 22:03:04.786 [pool-2-thread-5] [] INFO  c.t.rectagent.agent.SupervisorAgent - [67b2b78b1da74b3d] SupervisorAgent 处理完成: outputLength=81, 调用次数=1
2026-03-26 22:03:04.786 [pool-2-thread-9] [] DEBUG c.t.rectagent.agent.SupervisorAgent - [87324ccf5dd841eb] 执行工具: data_analysis_agent, input=81
2026-03-26 22:03:04.786 [pool-2-thread-1] [] DEBUG c.t.rectagent.agent.SupervisorAgent - [f09af2b1094a485c] 执行工具: data_analysis_agent, input=82
2026-03-26 22:03:04.786 [pool-2-thread-8] [] INFO  c.t.rectagent.agent.SupervisorAgent - [850fc74907d44fed] 任务完成
2026-03-26 22:03:04.786 [pool-2-thread-1] [] DEBUG c.t.rectagent.agent.SupervisorAgent - [f09af2b1094a485c] 工具 data_analysis_agent 执行完成, outputLength=82
2026-03-26 22:03:04.786 [pool-2-thread-8] [] INFO  c.t.rectagent.agent.SupervisorAgent - [850fc74907d44fed] SupervisorAgent 处理完成: outputLength=81, 调用次数=1
2026-03-26 22:03:04.786 [pool-2-thread-1] [] INFO  c.t.rectagent.agent.SupervisorAgent - [f09af2b1094a485c] 任务完成
2026-03-26 22:03:04.786 [pool-2-thread-3] [] DEBUG c.t.rectagent.agent.SupervisorAgent - [98b9c6d943534d95] 工具 data_analysis_agent 执行完成, outputLength=82
2026-03-26 22:03:04.786 [pool-2-thread-4] [] DEBUG c.t.rectagent.agent.SupervisorAgent - [5e736e133f954aa0] 执行工具: intent_recognition_agent, input=87
2026-03-26 22:03:04.786 [pool-2-thread-3] [] INFO  c.t.rectagent.agent.SupervisorAgent - [98b9c6d943534d95] 任务完成
2026-03-26 22:03:04.786 [pool-2-thread-4] [] DEBUG c.t.rectagent.agent.SupervisorAgent - [5e736e133f954aa0] 工具 intent_recognition_agent 执行完成, outputLength=87
2026-03-26 22:03:04.786 [pool-2-thread-7] [] INFO  c.t.rectagent.agent.SupervisorAgent - [c3a7626e0d464a7e] 任务完成
2026-03-26 22:03:04.786 [pool-2-thread-4] [] INFO  c.t.rectagent.agent.SupervisorAgent - [5e736e133f954aa0] 任务完成
2026-03-26 22:03:04.786 [pool-2-thread-6] [] INFO  c.t.rectagent.agent.SupervisorAgent - [e299145e488d4465] SupervisorAgent 处理完成: outputLength=81, 调用次数=1
2026-03-26 22:03:04.786 [pool-2-thread-7] [] INFO  c.t.rectagent.agent.SupervisorAgent - [c3a7626e0d464a7e] SupervisorAgent 处理完成: outputLength=81, 调用次数=1
2026-03-26 22:03:04.786 [pool-2-thread-10] [] DEBUG c.t.rectagent.agent.SupervisorAgent - [c977f989f1c94b75] 执行工具: data_analysis_agent, input=81
2026-03-26 22:03:04.786 [pool-2-thread-2] [] INFO  c.t.rectagent.agent.SupervisorAgent - [59ec7f0db40f4087] SupervisorAgent 处理完成: outputLength=82, 调用次数=1
2026-03-26 22:03:04.786 [pool-2-thread-10] [] DEBUG c.t.rectagent.agent.SupervisorAgent - [c977f989f1c94b75] 工具 data_analysis_agent 执行完成, outputLength=81
2026-03-26 22:03:04.786 [pool-2-thread-9] [] DEBUG c.t.rectagent.agent.SupervisorAgent - [87324ccf5dd841eb] 工具 data_analysis_agent 执行完成, outputLength=81
2026-03-26 22:03:04.786 [pool-2-thread-5] [] INFO  c.t.rectagent.agent.SupervisorAgent - [de1053f2b9584944] SupervisorAgent 开始处理: inputLength=15
2026-03-26 22:03:04.787 [pool-2-thread-10] [] INFO  c.t.rectagent.agent.SupervisorAgent - [c977f989f1c94b75] 任务完成
2026-03-26 22:03:04.786 [pool-2-thread-1] [] INFO  c.t.rectagent.agent.SupervisorAgent - [f09af2b1094a485c] SupervisorAgent 处理完成: outputLength=82, 调用次数=1
2026-03-26 22:03:04.787 [pool-2-thread-5] [] DEBUG c.t.rectagent.agent.SupervisorAgent - [de1053f2b9584944] 执行工具: data_analysis_agent, input=82
2026-03-26 22:03:04.786 [pool-2-thread-8] [] INFO  c.t.rectagent.agent.SupervisorAgent - [8c011215d71f44ec] SupervisorAgent 开始处理: inputLength=15
2026-03-26 22:03:04.787 [pool-2-thread-1] [] INFO  c.t.rectagent.agent.SupervisorAgent - [22f8ddd952314070] SupervisorAgent 开始处理: inputLength=15
2026-03-26 22:03:04.786 [pool-2-thread-3] [] INFO  c.t.rectagent.agent.SupervisorAgent - [98b9c6d943534d95] SupervisorAgent 处理完成: outputLength=82, 调用次数=1
2026-03-26 22:03:04.787 [pool-2-thread-1] [] DEBUG c.t.rectagent.agent.SupervisorAgent - [22f8ddd952314070] 执行工具: data_analysis_agent, input=82
2026-03-26 22:03:04.786 [pool-2-thread-4] [] INFO  c.t.rectagent.agent.SupervisorAgent - [5e736e133f954aa0] SupervisorAgent 处理完成: outputLength=87, 调用次数=1
2026-03-26 22:03:04.786 [pool-2-thread-7] [] INFO  c.t.rectagent.agent.SupervisorAgent - [f8a183f03d1b4deb] SupervisorAgent 开始处理: inputLength=14
2026-03-26 22:03:04.786 [pool-2-thread-6] [] INFO  c.t.rectagent.agent.SupervisorAgent - [9414723b284c4d2c] SupervisorAgent 开始处理: inputLength=15
2026-03-26 22:03:04.787 [pool-2-thread-2] [] INFO  c.t.rectagent.agent.SupervisorAgent - [83070040a0e64e21] SupervisorAgent 开始处理: inputLength=15
2026-03-26 22:03:04.787 [pool-2-thread-6] [] DEBUG c.t.rectagent.agent.SupervisorAgent - [9414723b284c4d2c] 执行工具: data_analysis_agent, input=82
2026-03-26 22:03:04.787 [pool-2-thread-9] [] INFO  c.t.rectagent.agent.SupervisorAgent - [87324ccf5dd841eb] 任务完成
2026-03-26 22:03:04.787 [pool-2-thread-6] [] DEBUG c.t.rectagent.agent.SupervisorAgent - [9414723b284c4d2c] 工具 data_analysis_agent 执行完成, outputLength=82
2026-03-26 22:03:04.787 [pool-2-thread-10] [] INFO  c.t.rectagent.agent.SupervisorAgent - [c977f989f1c94b75] SupervisorAgent 处理完成: outputLength=81, 调用次数=1
2026-03-26 22:03:04.787 [pool-2-thread-6] [] INFO  c.t.rectagent.agent.SupervisorAgent - [9414723b284c4d2c] 任务完成
2026-03-26 22:03:04.787 [pool-2-thread-5] [] DEBUG c.t.rectagent.agent.SupervisorAgent - [de1053f2b9584944] 工具 data_analysis_agent 执行完成, outputLength=82
2026-03-26 22:03:04.787 [pool-2-thread-1] [] DEBUG c.t.rectagent.agent.SupervisorAgent - [22f8ddd952314070] 工具 data_analysis_agent 执行完成, outputLength=82
2026-03-26 22:03:04.787 [pool-2-thread-5] [] INFO  c.t.rectagent.agent.SupervisorAgent - [de1053f2b9584944] 任务完成
2026-03-26 22:03:04.787 [pool-2-thread-8] [] DEBUG c.t.rectagent.agent.SupervisorAgent - [8c011215d71f44ec] 执行工具: data_analysis_agent, input=82
2026-03-26 22:03:04.787 [pool-2-thread-1] [] INFO  c.t.rectagent.agent.SupervisorAgent - [22f8ddd952314070] 任务完成
2026-03-26 22:03:04.787 [pool-2-thread-3] [] INFO  c.t.rectagent.agent.SupervisorAgent - [6b3a31c7cb574aa9] SupervisorAgent 开始处理: inputLength=15
2026-03-26 22:03:04.787 [pool-2-thread-1] [] INFO  c.t.rectagent.agent.SupervisorAgent - [22f8ddd952314070] SupervisorAgent 处理完成: outputLength=82, 调用次数=1
2026-03-26 22:03:04.787 [pool-2-thread-4] [] INFO  c.t.rectagent.agent.SupervisorAgent - [fdcb0b4d34c944b6] SupervisorAgent 开始处理: inputLength=15
2026-03-26 22:03:04.787 [pool-2-thread-3] [] DEBUG c.t.rectagent.agent.SupervisorAgent - [6b3a31c7cb574aa9] 执行工具: data_analysis_agent, input=82
2026-03-26 22:03:04.787 [pool-2-thread-7] [] DEBUG c.t.rectagent.agent.SupervisorAgent - [f8a183f03d1b4deb] 执行工具: data_analysis_agent, input=81
2026-03-26 22:03:04.787 [pool-2-thread-3] [] DEBUG c.t.rectagent.agent.SupervisorAgent - [6b3a31c7cb574aa9] 工具 data_analysis_agent 执行完成, outputLength=82
2026-03-26 22:03:04.787 [pool-2-thread-1] [] INFO  c.t.rectagent.agent.SupervisorAgent - [bafd092a99be4c55] SupervisorAgent 开始处理: inputLength=15
2026-03-26 22:03:04.787 [pool-2-thread-2] [] DEBUG c.t.rectagent.agent.SupervisorAgent - [83070040a0e64e21] 执行工具: data_analysis_agent, input=82
2026-03-26 22:03:04.787 [pool-2-thread-1] [] DEBUG c.t.rectagent.agent.SupervisorAgent - [bafd092a99be4c55] 执行工具: data_analysis_agent, input=82
2026-03-26 22:03:04.787 [pool-2-thread-2] [] DEBUG c.t.rectagent.agent.SupervisorAgent - [83070040a0e64e21] 工具 data_analysis_agent 执行完成, outputLength=82
2026-03-26 22:03:04.787 [pool-2-thread-9] [] INFO  c.t.rectagent.agent.SupervisorAgent - [87324ccf5dd841eb] SupervisorAgent 处理完成: outputLength=81, 调用次数=1
2026-03-26 22:03:04.787 [pool-2-thread-1] [] DEBUG c.t.rectagent.agent.SupervisorAgent - [bafd092a99be4c55] 工具 data_analysis_agent 执行完成, outputLength=82
2026-03-26 22:03:04.787 [pool-2-thread-2] [] INFO  c.t.rectagent.agent.SupervisorAgent - [83070040a0e64e21] 任务完成
2026-03-26 22:03:04.787 [pool-2-thread-6] [] INFO  c.t.rectagent.agent.SupervisorAgent - [9414723b284c4d2c] SupervisorAgent 处理完成: outputLength=82, 调用次数=1
2026-03-26 22:03:04.787 [pool-2-thread-10] [] INFO  c.t.rectagent.agent.SupervisorAgent - [c3e225c9af784046] SupervisorAgent 开始处理: inputLength=14
2026-03-26 22:03:04.787 [pool-2-thread-5] [] INFO  c.t.rectagent.agent.SupervisorAgent - [de1053f2b9584944] SupervisorAgent 处理完成: outputLength=82, 调用次数=1
2026-03-26 22:03:04.787 [pool-2-thread-10] [] DEBUG c.t.rectagent.agent.SupervisorAgent - [c3e225c9af784046] 执行工具: data_analysis_agent, input=81
2026-03-26 22:03:04.787 [pool-2-thread-8] [] DEBUG c.t.rectagent.agent.SupervisorAgent - [8c011215d71f44ec] 工具 data_analysis_agent 执行完成, outputLength=82
2026-03-26 22:03:04.787 [pool-2-thread-4] [] DEBUG c.t.rectagent.agent.SupervisorAgent - [fdcb0b4d34c944b6] 执行工具: data_analysis_agent, input=82
2026-03-26 22:03:04.787 [pool-2-thread-8] [] INFO  c.t.rectagent.agent.SupervisorAgent - [8c011215d71f44ec] 任务完成
2026-03-26 22:03:04.787 [pool-2-thread-5] [] INFO  c.t.rectagent.agent.SupervisorAgent - [bba4efc19dcd418c] SupervisorAgent 开始处理: inputLength=15
2026-03-26 22:03:04.787 [pool-2-thread-8] [] INFO  c.t.rectagent.agent.SupervisorAgent - [8c011215d71f44ec] SupervisorAgent 处理完成: outputLength=82, 调用次数=1
2026-03-26 22:03:04.787 [pool-2-thread-7] [] DEBUG c.t.rectagent.agent.SupervisorAgent - [f8a183f03d1b4deb] 工具 data_analysis_agent 执行完成, outputLength=81
2026-03-26 22:03:04.787 [pool-2-thread-5] [] DEBUG c.t.rectagent.agent.SupervisorAgent - [bba4efc19dcd418c] 执行工具: data_analysis_agent, input=82
2026-03-26 22:03:04.787 [pool-2-thread-5] [] DEBUG c.t.rectagent.agent.SupervisorAgent - [bba4efc19dcd418c] 工具 data_analysis_agent 执行完成, outputLength=82
2026-03-26 22:03:04.787 [pool-2-thread-7] [] INFO  c.t.rectagent.agent.SupervisorAgent - [f8a183f03d1b4deb] 任务完成
2026-03-26 22:03:04.787 [pool-2-thread-3] [] INFO  c.t.rectagent.agent.SupervisorAgent - [6b3a31c7cb574aa9] 任务完成
2026-03-26 22:03:04.787 [pool-2-thread-8] [] INFO  c.t.rectagent.agent.SupervisorAgent - [dd6785628f8341ee] SupervisorAgent 开始处理: inputLength=15
2026-03-26 22:03:04.787 [pool-2-thread-1] [] INFO  c.t.rectagent.agent.SupervisorAgent - [bafd092a99be4c55] 任务完成
2026-03-26 22:03:04.787 [pool-2-thread-3] [] INFO  c.t.rectagent.agent.SupervisorAgent - [6b3a31c7cb574aa9] SupervisorAgent 处理完成: outputLength=82, 调用次数=1
2026-03-26 22:03:04.787 [pool-2-thread-8] [] DEBUG c.t.rectagent.agent.SupervisorAgent - [dd6785628f8341ee] 执行工具: data_analysis_agent, input=82
2026-03-26 22:03:04.787 [pool-2-thread-1] [] INFO  c.t.rectagent.agent.SupervisorAgent - [bafd092a99be4c55] SupervisorAgent 处理完成: outputLength=82, 调用次数=1
2026-03-26 22:03:04.787 [pool-2-thread-2] [] INFO  c.t.rectagent.agent.SupervisorAgent - [83070040a0e64e21] SupervisorAgent 处理完成: outputLength=82, 调用次数=1
2026-03-26 22:03:04.787 [pool-2-thread-8] [] DEBUG c.t.rectagent.agent.SupervisorAgent - [dd6785628f8341ee] 工具 data_analysis_agent 执行完成, outputLength=82
2026-03-26 22:03:04.787 [pool-2-thread-9] [] INFO  c.t.rectagent.agent.SupervisorAgent - [b84d1d48ac4b4b0e] SupervisorAgent 开始处理: inputLength=14
2026-03-26 22:03:04.787 [pool-2-thread-10] [] DEBUG c.t.rectagent.agent.SupervisorAgent - [c3e225c9af784046] 工具 data_analysis_agent 执行完成, outputLength=81
2026-03-26 22:03:04.787 [pool-2-thread-4] [] DEBUG c.t.rectagent.agent.SupervisorAgent - [fdcb0b4d34c944b6] 工具 data_analysis_agent 执行完成, outputLength=82
2026-03-26 22:03:04.787 [pool-2-thread-3] [] INFO  c.t.rectagent.agent.SupervisorAgent - [602b373a5a0d488a] SupervisorAgent 开始处理: inputLength=15
2026-03-26 22:03:04.787 [pool-2-thread-7] [] INFO  c.t.rectagent.agent.SupervisorAgent - [f8a183f03d1b4deb] SupervisorAgent 处理完成: outputLength=81, 调用次数=1
2026-03-26 22:03:04.787 [pool-2-thread-5] [] INFO  c.t.rectagent.agent.SupervisorAgent - [bba4efc19dcd418c] 任务完成
2026-03-26 22:03:04.789 [pool-2-thread-4] [] INFO  c.t.rectagent.agent.SupervisorAgent - [fdcb0b4d34c944b6] 任务完成
2026-03-26 22:03:04.789 [pool-2-thread-5] [] INFO  c.t.rectagent.agent.SupervisorAgent - [bba4efc19dcd418c] SupervisorAgent 处理完成: outputLength=82, 调用次数=1
2026-03-26 22:03:04.787 [pool-2-thread-6] [] INFO  c.t.rectagent.agent.SupervisorAgent - [49c30b735f8d4aa4] SupervisorAgent 开始处理: inputLength=15
2026-03-26 22:03:04.789 [pool-2-thread-7] [] INFO  c.t.rectagent.agent.SupervisorAgent - [afa46b5447fb4054] SupervisorAgent 开始处理: inputLength=15
2026-03-26 22:03:04.789 [pool-2-thread-5] [] INFO  c.t.rectagent.agent.SupervisorAgent - [162e23a4bb2d436b] SupervisorAgent 开始处理: inputLength=15
2026-03-26 22:03:04.787 [pool-2-thread-8] [] INFO  c.t.rectagent.agent.SupervisorAgent - [dd6785628f8341ee] 任务完成
2026-03-26 22:03:04.789 [pool-2-thread-5] [] DEBUG c.t.rectagent.agent.SupervisorAgent - [162e23a4bb2d436b] 执行工具: data_analysis_agent, input=82
2026-03-26 22:03:04.789 [pool-2-thread-10] [] INFO  c.t.rectagent.agent.SupervisorAgent - [c3e225c9af784046] 任务完成
2026-03-26 22:03:04.789 [pool-2-thread-5] [] DEBUG c.t.rectagent.agent.SupervisorAgent - [162e23a4bb2d436b] 工具 data_analysis_agent 执行完成, outputLength=82
2026-03-26 22:03:04.789 [pool-2-thread-3] [] DEBUG c.t.rectagent.agent.SupervisorAgent - [602b373a5a0d488a] 执行工具: data_analysis_agent, input=82
2026-03-26 22:03:04.789 [pool-2-thread-9] [] DEBUG c.t.rectagent.agent.SupervisorAgent - [b84d1d48ac4b4b0e] 执行工具: data_analysis_agent, input=81
2026-03-26 22:03:04.789 [pool-2-thread-3] [] DEBUG c.t.rectagent.agent.SupervisorAgent - [602b373a5a0d488a] 工具 data_analysis_agent 执行完成, outputLength=82
2026-03-26 22:03:04.789 [pool-2-thread-9] [] DEBUG c.t.rectagent.agent.SupervisorAgent - [b84d1d48ac4b4b0e] 工具 data_analysis_agent 执行完成, outputLength=81
2026-03-26 22:03:04.789 [pool-2-thread-1] [] INFO  c.t.rectagent.agent.SupervisorAgent - [b4721c8b8a2a44b8] SupervisorAgent 开始处理: inputLength=15
2026-03-26 22:03:04.789 [pool-2-thread-3] [] INFO  c.t.rectagent.agent.SupervisorAgent - [602b373a5a0d488a] 任务完成
2026-03-26 22:03:04.789 [pool-2-thread-4] [] INFO  c.t.rectagent.agent.SupervisorAgent - [fdcb0b4d34c944b6] SupervisorAgent 处理完成: outputLength=82, 调用次数=1
2026-03-26 22:03:04.789 [pool-2-thread-2] [] INFO  c.t.rectagent.agent.SupervisorAgent - [2ad475b7a3dd4224] SupervisorAgent 开始处理: inputLength=15
2026-03-26 22:03:04.789 [pool-2-thread-6] [] DEBUG c.t.rectagent.agent.SupervisorAgent - [49c30b735f8d4aa4] 执行工具: data_analysis_agent, input=82
2026-03-26 22:03:04.789 [pool-2-thread-7] [] DEBUG c.t.rectagent.agent.SupervisorAgent - [afa46b5447fb4054] 执行工具: data_analysis_agent, input=82
2026-03-26 22:03:04.789 [pool-2-thread-8] [] INFO  c.t.rectagent.agent.SupervisorAgent - [dd6785628f8341ee] SupervisorAgent 处理完成: outputLength=82, 调用次数=1
2026-03-26 22:03:04.789 [pool-2-thread-7] [] DEBUG c.t.rectagent.agent.SupervisorAgent - [afa46b5447fb4054] 工具 data_analysis_agent 执行完成, outputLength=82
2026-03-26 22:03:04.789 [pool-2-thread-10] [] INFO  c.t.rectagent.agent.SupervisorAgent - [c3e225c9af784046] SupervisorAgent 处理完成: outputLength=81, 调用次数=1
2026-03-26 22:03:04.789 [pool-2-thread-7] [] INFO  c.t.rectagent.agent.SupervisorAgent - [afa46b5447fb4054] 任务完成
2026-03-26 22:03:04.789 [pool-2-thread-5] [] INFO  c.t.rectagent.agent.SupervisorAgent - [162e23a4bb2d436b] 任务完成
2026-03-26 22:03:04.789 [pool-2-thread-9] [] INFO  c.t.rectagent.agent.SupervisorAgent - [b84d1d48ac4b4b0e] 任务完成
2026-03-26 22:03:04.789 [pool-2-thread-3] [] INFO  c.t.rectagent.agent.SupervisorAgent - [602b373a5a0d488a] SupervisorAgent 处理完成: outputLength=82, 调用次数=1
2026-03-26 22:03:04.789 [pool-2-thread-9] [] INFO  c.t.rectagent.agent.SupervisorAgent - [b84d1d48ac4b4b0e] SupervisorAgent 处理完成: outputLength=81, 调用次数=1
2026-03-26 22:03:04.789 [pool-2-thread-1] [] DEBUG c.t.rectagent.agent.SupervisorAgent - [b4721c8b8a2a44b8] 执行工具: data_analysis_agent, input=82
2026-03-26 22:03:04.789 [pool-2-thread-2] [] DEBUG c.t.rectagent.agent.SupervisorAgent - [2ad475b7a3dd4224] 执行工具: data_analysis_agent, input=82
2026-03-26 22:03:04.789 [pool-2-thread-1] [] DEBUG c.t.rectagent.agent.SupervisorAgent - [b4721c8b8a2a44b8] 工具 data_analysis_agent 执行完成, outputLength=82
2026-03-26 22:03:04.789 [pool-2-thread-6] [] DEBUG c.t.rectagent.agent.SupervisorAgent - [49c30b735f8d4aa4] 工具 data_analysis_agent 执行完成, outputLength=82
2026-03-26 22:03:04.789 [pool-2-thread-4] [] INFO  c.t.rectagent.agent.SupervisorAgent - [eac05aa21af040a1] SupervisorAgent 开始处理: inputLength=15
2026-03-26 22:03:04.789 [pool-2-thread-1] [] INFO  c.t.rectagent.agent.SupervisorAgent - [b4721c8b8a2a44b8] 任务完成
2026-03-26 22:03:04.789 [pool-2-thread-9] [] INFO  c.t.rectagent.agent.SupervisorAgent - [631fc85a04b94f79] SupervisorAgent 开始处理: inputLength=14
2026-03-26 22:03:04.789 [pool-2-thread-10] [] INFO  c.t.rectagent.agent.SupervisorAgent - [b6083cbf9fcf414c] SupervisorAgent 开始处理: inputLength=14
2026-03-26 22:03:04.789 [pool-2-thread-9] [] DEBUG c.t.rectagent.agent.SupervisorAgent - [631fc85a04b94f79] 执行工具: data_analysis_agent, input=81
2026-03-26 22:03:04.789 [pool-2-thread-8] [] INFO  c.t.rectagent.agent.SupervisorAgent - [dc6625e960ef490c] SupervisorAgent 开始处理: inputLength=15
2026-03-26 22:03:04.789 [pool-2-thread-7] [] INFO  c.t.rectagent.agent.SupervisorAgent - [afa46b5447fb4054] SupervisorAgent 处理完成: outputLength=82, 调用次数=1
2026-03-26 22:03:04.789 [pool-2-thread-10] [] DEBUG c.t.rectagent.agent.SupervisorAgent - [b6083cbf9fcf414c] 执行工具: data_analysis_agent, input=81
2026-03-26 22:03:04.789 [pool-2-thread-8] [] DEBUG c.t.rectagent.agent.SupervisorAgent - [dc6625e960ef490c] 执行工具: data_analysis_agent, input=82
2026-03-26 22:03:04.789 [pool-2-thread-5] [] INFO  c.t.rectagent.agent.SupervisorAgent - [162e23a4bb2d436b] SupervisorAgent 处理完成: outputLength=82, 调用次数=1
2026-03-26 22:03:04.789 [pool-2-thread-8] [] DEBUG c.t.rectagent.agent.SupervisorAgent - [dc6625e960ef490c] 工具 data_analysis_agent 执行完成, outputLength=82
2026-03-26 22:03:04.789 [pool-2-thread-2] [] DEBUG c.t.rectagent.agent.SupervisorAgent - [2ad475b7a3dd4224] 工具 data_analysis_agent 执行完成, outputLength=82
2026-03-26 22:03:04.789 [pool-2-thread-8] [] INFO  c.t.rectagent.agent.SupervisorAgent - [dc6625e960ef490c] 任务完成
2026-03-26 22:03:04.789 [pool-2-thread-3] [] INFO  c.t.rectagent.agent.SupervisorAgent - [eb486779cba24be5] SupervisorAgent 开始处理: inputLength=15
2026-03-26 22:03:04.789 [pool-2-thread-8] [] INFO  c.t.rectagent.agent.SupervisorAgent - [dc6625e960ef490c] SupervisorAgent 处理完成: outputLength=82, 调用次数=1
2026-03-26 22:03:04.789 [pool-2-thread-2] [] INFO  c.t.rectagent.agent.SupervisorAgent - [2ad475b7a3dd4224] 任务完成
2026-03-26 22:03:04.789 [pool-2-thread-6] [] INFO  c.t.rectagent.agent.SupervisorAgent - [49c30b735f8d4aa4] 任务完成
2026-03-26 22:03:04.789 [pool-2-thread-3] [] DEBUG c.t.rectagent.agent.SupervisorAgent - [eb486779cba24be5] 执行工具: data_analysis_agent, input=82
2026-03-26 22:03:04.789 [pool-2-thread-1] [] INFO  c.t.rectagent.agent.SupervisorAgent - [b4721c8b8a2a44b8] SupervisorAgent 处理完成: outputLength=82, 调用次数=1
2026-03-26 22:03:04.789 [pool-2-thread-6] [] INFO  c.t.rectagent.agent.SupervisorAgent - [49c30b735f8d4aa4] SupervisorAgent 处理完成: outputLength=82, 调用次数=1
2026-03-26 22:03:04.789 [pool-2-thread-4] [] DEBUG c.t.rectagent.agent.SupervisorAgent - [eac05aa21af040a1] 执行工具: data_analysis_agent, input=82
2026-03-26 22:03:04.789 [pool-2-thread-9] [] DEBUG c.t.rectagent.agent.SupervisorAgent - [631fc85a04b94f79] 工具 data_analysis_agent 执行完成, outputLength=81
2026-03-26 22:03:04.789 [pool-2-thread-4] [] DEBUG c.t.rectagent.agent.SupervisorAgent - [eac05aa21af040a1] 工具 data_analysis_agent 执行完成, outputLength=82
2026-03-26 22:03:04.789 [pool-2-thread-10] [] DEBUG c.t.rectagent.agent.SupervisorAgent - [b6083cbf9fcf414c] 工具 data_analysis_agent 执行完成, outputLength=81
2026-03-26 22:03:04.789 [pool-2-thread-7] [] INFO  c.t.rectagent.agent.SupervisorAgent - [a985202c960c4396] SupervisorAgent 开始处理: inputLength=15
2026-03-26 22:03:04.789 [pool-2-thread-5] [] INFO  c.t.rectagent.agent.SupervisorAgent - [2e805397783c4a14] SupervisorAgent 开始处理: inputLength=15
2026-03-26 22:03:04.790 [pool-2-thread-10] [] INFO  c.t.rectagent.agent.SupervisorAgent - [b6083cbf9fcf414c] 任务完成
2026-03-26 22:03:04.789 [pool-2-thread-2] [] INFO  c.t.rectagent.agent.SupervisorAgent - [2ad475b7a3dd4224] SupervisorAgent 处理完成: outputLength=82, 调用次数=1
2026-03-26 22:03:04.789 [pool-2-thread-8] [] INFO  c.t.rectagent.agent.SupervisorAgent - [c7a0183f5f0c44f5] SupervisorAgent 开始处理: inputLength=15
2026-03-26 22:03:04.789 [pool-2-thread-3] [] DEBUG c.t.rectagent.agent.SupervisorAgent - [eb486779cba24be5] 工具 data_analysis_agent 执行完成, outputLength=82
2026-03-26 22:03:04.790 [pool-2-thread-8] [] DEBUG c.t.rectagent.agent.SupervisorAgent - [c7a0183f5f0c44f5] 执行工具: data_analysis_agent, input=82
2026-03-26 22:03:04.789 [pool-2-thread-6] [] INFO  c.t.rectagent.agent.SupervisorAgent - [fc53684e32514adf] SupervisorAgent 开始处理: inputLength=15
2026-03-26 22:03:04.790 [pool-2-thread-8] [] DEBUG c.t.rectagent.agent.SupervisorAgent - [c7a0183f5f0c44f5] 工具 data_analysis_agent 执行完成, outputLength=82
2026-03-26 22:03:04.790 [pool-2-thread-3] [] INFO  c.t.rectagent.agent.SupervisorAgent - [eb486779cba24be5] 任务完成
2026-03-26 22:03:04.790 [pool-2-thread-6] [] DEBUG c.t.rectagent.agent.SupervisorAgent - [fc53684e32514adf] 执行工具: data_analysis_agent, input=82
2026-03-26 22:03:04.789 [pool-2-thread-9] [] INFO  c.t.rectagent.agent.SupervisorAgent - [631fc85a04b94f79] 任务完成
2026-03-26 22:03:04.790 [pool-2-thread-9] [] INFO  c.t.rectagent.agent.SupervisorAgent - [631fc85a04b94f79] SupervisorAgent 处理完成: outputLength=81, 调用次数=1
2026-03-26 22:03:04.789 [pool-2-thread-4] [] INFO  c.t.rectagent.agent.SupervisorAgent - [eac05aa21af040a1] 任务完成
2026-03-26 22:03:04.789 [pool-2-thread-1] [] INFO  c.t.rectagent.agent.SupervisorAgent - [24ef579f024c49ff] SupervisorAgent 开始处理: inputLength=15
2026-03-26 22:03:04.790 [pool-2-thread-4] [] INFO  c.t.rectagent.agent.SupervisorAgent - [eac05aa21af040a1] SupervisorAgent 处理完成: outputLength=82, 调用次数=1
2026-03-26 22:03:04.790 [pool-2-thread-1] [] DEBUG c.t.rectagent.agent.SupervisorAgent - [24ef579f024c49ff] 执行工具: data_analysis_agent, input=82
2026-03-26 22:03:04.790 [pool-2-thread-7] [] DEBUG c.t.rectagent.agent.SupervisorAgent - [a985202c960c4396] 执行工具: data_analysis_agent, input=82
2026-03-26 22:03:04.790 [pool-2-thread-5] [] DEBUG c.t.rectagent.agent.SupervisorAgent - [2e805397783c4a14] 执行工具: data_analysis_agent, input=82
2026-03-26 22:03:04.790 [pool-2-thread-7] [] DEBUG c.t.rectagent.agent.SupervisorAgent - [a985202c960c4396] 工具 data_analysis_agent 执行完成, outputLength=82
2026-03-26 22:03:04.790 [pool-2-thread-10] [] INFO  c.t.rectagent.agent.SupervisorAgent - [b6083cbf9fcf414c] SupervisorAgent 处理完成: outputLength=81, 调用次数=1
2026-03-26 22:03:04.790 [pool-2-thread-4] [] INFO  c.t.rectagent.agent.SupervisorAgent - [f0823b9c8af44c0c] SupervisorAgent 开始处理: inputLength=15
2026-03-26 22:03:04.790 [pool-2-thread-2] [] INFO  c.t.rectagent.agent.SupervisorAgent - [20b6426de7354d46] SupervisorAgent 开始处理: inputLength=15
2026-03-26 22:03:04.790 [pool-2-thread-4] [] DEBUG c.t.rectagent.agent.SupervisorAgent - [f0823b9c8af44c0c] 执行工具: data_analysis_agent, input=82
2026-03-26 22:03:04.790 [pool-2-thread-3] [] INFO  c.t.rectagent.agent.SupervisorAgent - [eb486779cba24be5] SupervisorAgent 处理完成: outputLength=82, 调用次数=1
2026-03-26 22:03:04.790 [pool-2-thread-2] [] DEBUG c.t.rectagent.agent.SupervisorAgent - [20b6426de7354d46] 执行工具: data_analysis_agent, input=82
2026-03-26 22:03:04.790 [pool-2-thread-6] [] DEBUG c.t.rectagent.agent.SupervisorAgent - [fc53684e32514adf] 工具 data_analysis_agent 执行完成, outputLength=82
2026-03-26 22:03:04.790 [pool-2-thread-8] [] INFO  c.t.rectagent.agent.SupervisorAgent - [c7a0183f5f0c44f5] 任务完成
2026-03-26 22:03:04.790 [pool-2-thread-3] [] INFO  c.t.rectagent.agent.SupervisorAgent - [8adc97f16f154500] SupervisorAgent 开始处理: inputLength=15
2026-03-26 22:03:04.790 [pool-2-thread-6] [] INFO  c.t.rectagent.agent.SupervisorAgent - [fc53684e32514adf] 任务完成
2026-03-26 22:03:04.790 [pool-2-thread-3] [] DEBUG c.t.rectagent.agent.SupervisorAgent - [8adc97f16f154500] 执行工具: data_analysis_agent, input=82
2026-03-26 22:03:04.790 [pool-2-thread-9] [] INFO  c.t.rectagent.agent.SupervisorAgent - [3c0cadb50bfc4612] SupervisorAgent 开始处理: inputLength=15
2026-03-26 22:03:04.790 [pool-2-thread-3] [] DEBUG c.t.rectagent.agent.SupervisorAgent - [8adc97f16f154500] 工具 data_analysis_agent 执行完成, outputLength=82
2026-03-26 22:03:04.790 [pool-2-thread-1] [] DEBUG c.t.rectagent.agent.SupervisorAgent - [24ef579f024c49ff] 工具 data_analysis_agent 执行完成, outputLength=82
2026-03-26 22:03:04.790 [pool-2-thread-3] [] INFO  c.t.rectagent.agent.SupervisorAgent - [8adc97f16f154500] 任务完成
2026-03-26 22:03:04.790 [pool-2-thread-5] [] DEBUG c.t.rectagent.agent.SupervisorAgent - [2e805397783c4a14] 工具 data_analysis_agent 执行完成, outputLength=82
2026-03-26 22:03:04.790 [pool-2-thread-7] [] INFO  c.t.rectagent.agent.SupervisorAgent - [a985202c960c4396] 任务完成
2026-03-26 22:03:04.790 [pool-2-thread-5] [] INFO  c.t.rectagent.agent.SupervisorAgent - [2e805397783c4a14] 任务完成
2026-03-26 22:03:04.790 [pool-2-thread-4] [] DEBUG c.t.rectagent.agent.SupervisorAgent - [f0823b9c8af44c0c] 工具 data_analysis_agent 执行完成, outputLength=82
2026-03-26 22:03:04.790 [pool-2-thread-5] [] INFO  c.t.rectagent.agent.SupervisorAgent - [2e805397783c4a14] SupervisorAgent 处理完成: outputLength=82, 调用次数=1
2026-03-26 22:03:04.790 [pool-2-thread-10] [] INFO  c.t.rectagent.agent.SupervisorAgent - [d02ba9b17cf24b72] SupervisorAgent 开始处理: inputLength=15
2026-03-26 22:03:04.790 [pool-2-thread-4] [] INFO  c.t.rectagent.agent.SupervisorAgent - [f0823b9c8af44c0c] 任务完成
2026-03-26 22:03:04.790 [pool-2-thread-2] [] DEBUG c.t.rectagent.agent.SupervisorAgent - [20b6426de7354d46] 工具 data_analysis_agent 执行完成, outputLength=82
2026-03-26 22:03:04.790 [pool-2-thread-4] [] INFO  c.t.rectagent.agent.SupervisorAgent - [f0823b9c8af44c0c] SupervisorAgent 处理完成: outputLength=82, 调用次数=1
2026-03-26 22:03:04.790 [pool-2-thread-5] [] INFO  c.t.rectagent.agent.SupervisorAgent - [32407457c98e4ad8] SupervisorAgent 开始处理: inputLength=15
2026-03-26 22:03:04.790 [pool-2-thread-8] [] INFO  c.t.rectagent.agent.SupervisorAgent - [c7a0183f5f0c44f5] SupervisorAgent 处理完成: outputLength=82, 调用次数=1
2026-03-26 22:03:04.790 [pool-2-thread-4] [] INFO  c.t.rectagent.agent.SupervisorAgent - [37640f4c518c4365] SupervisorAgent 开始处理: inputLength=15
2026-03-26 22:03:04.790 [pool-2-thread-6] [] INFO  c.t.rectagent.agent.SupervisorAgent - [fc53684e32514adf] SupervisorAgent 处理完成: outputLength=82, 调用次数=1
2026-03-26 22:03:04.790 [pool-2-thread-4] [] DEBUG c.t.rectagent.agent.SupervisorAgent - [37640f4c518c4365] 执行工具: data_analysis_agent, input=82
2026-03-26 22:03:04.790 [pool-2-thread-9] [] DEBUG c.t.rectagent.agent.SupervisorAgent - [3c0cadb50bfc4612] 执行工具: data_analysis_agent, input=82
2026-03-26 22:03:04.790 [pool-2-thread-3] [] INFO  c.t.rectagent.agent.SupervisorAgent - [8adc97f16f154500] SupervisorAgent 处理完成: outputLength=82, 调用次数=1
2026-03-26 22:03:04.790 [pool-2-thread-9] [] DEBUG c.t.rectagent.agent.SupervisorAgent - [3c0cadb50bfc4612] 工具 data_analysis_agent 执行完成, outputLength=82
2026-03-26 22:03:04.790 [pool-2-thread-8] [] INFO  c.t.rectagent.agent.SupervisorAgent - [6db556340548478c] SupervisorAgent 开始处理: inputLength=15
2026-03-26 22:03:04.790 [pool-2-thread-1] [] INFO  c.t.rectagent.agent.SupervisorAgent - [24ef579f024c49ff] 任务完成
2026-03-26 22:03:04.790 [pool-2-thread-8] [] DEBUG c.t.rectagent.agent.SupervisorAgent - [6db556340548478c] 执行工具: data_analysis_agent, input=82
2026-03-26 22:03:04.790 [pool-2-thread-7] [] INFO  c.t.rectagent.agent.SupervisorAgent - [a985202c960c4396] SupervisorAgent 处理完成: outputLength=82, 调用次数=1
2026-03-26 22:03:04.790 [pool-2-thread-8] [] DEBUG c.t.rectagent.agent.SupervisorAgent - [6db556340548478c] 工具 data_analysis_agent 执行完成, outputLength=82
2026-03-26 22:03:04.790 [pool-2-thread-10] [] DEBUG c.t.rectagent.agent.SupervisorAgent - [d02ba9b17cf24b72] 执行工具: data_analysis_agent, input=82
2026-03-26 22:03:04.790 [pool-2-thread-2] [] INFO  c.t.rectagent.agent.SupervisorAgent - [20b6426de7354d46] 任务完成
2026-03-26 22:03:04.790 [pool-2-thread-7] [] INFO  c.t.rectagent.agent.SupervisorAgent - [bdb63f885df146ad] SupervisorAgent 开始处理: inputLength=15
2026-03-26 22:03:04.790 [pool-2-thread-10] [] DEBUG c.t.rectagent.agent.SupervisorAgent - [d02ba9b17cf24b72] 工具 data_analysis_agent 执行完成, outputLength=82
2026-03-26 22:03:04.790 [pool-2-thread-2] [] INFO  c.t.rectagent.agent.SupervisorAgent - [20b6426de7354d46] SupervisorAgent 处理完成: outputLength=82, 调用次数=1
2026-03-26 22:03:04.790 [pool-2-thread-5] [] DEBUG c.t.rectagent.agent.SupervisorAgent - [32407457c98e4ad8] 执行工具: data_analysis_agent, input=82
2026-03-26 22:03:04.790 [pool-2-thread-10] [] INFO  c.t.rectagent.agent.SupervisorAgent - [d02ba9b17cf24b72] 任务完成
2026-03-26 22:03:04.790 [pool-2-thread-2] [] INFO  c.t.rectagent.agent.SupervisorAgent - [ffd89918b9db4fc4] SupervisorAgent 开始处理: inputLength=15
2026-03-26 22:03:04.790 [pool-2-thread-10] [] INFO  c.t.rectagent.agent.SupervisorAgent - [d02ba9b17cf24b72] SupervisorAgent 处理完成: outputLength=82, 调用次数=1
2026-03-26 22:03:04.790 [pool-2-thread-4] [] DEBUG c.t.rectagent.agent.SupervisorAgent - [37640f4c518c4365] 工具 data_analysis_agent 执行完成, outputLength=82
2026-03-26 22:03:04.790 [pool-2-thread-6] [] INFO  c.t.rectagent.agent.SupervisorAgent - [8740092cc8244a73] SupervisorAgent 开始处理: inputLength=15
2026-03-26 22:03:04.790 [pool-2-thread-9] [] INFO  c.t.rectagent.agent.SupervisorAgent - [3c0cadb50bfc4612] 任务完成
2026-03-26 22:03:04.790 [pool-2-thread-6] [] DEBUG c.t.rectagent.agent.SupervisorAgent - [8740092cc8244a73] 执行工具: data_analysis_agent, input=82
2026-03-26 22:03:04.790 [pool-2-thread-10] [] INFO  c.t.rectagent.agent.SupervisorAgent - [d35eaa91a69c481d] SupervisorAgent 开始处理: inputLength=15
2026-03-26 22:03:04.790 [pool-2-thread-6] [] DEBUG c.t.rectagent.agent.SupervisorAgent - [8740092cc8244a73] 工具 data_analysis_agent 执行完成, outputLength=82
2026-03-26 22:03:04.790 [pool-2-thread-9] [] INFO  c.t.rectagent.agent.SupervisorAgent - [3c0cadb50bfc4612] SupervisorAgent 处理完成: outputLength=82, 调用次数=1
2026-03-26 22:03:04.790 [pool-2-thread-3] [] INFO  c.t.rectagent.agent.SupervisorAgent - [7badec4ebb224434] SupervisorAgent 开始处理: inputLength=15
2026-03-26 22:03:04.790 [pool-2-thread-1] [] INFO  c.t.rectagent.agent.SupervisorAgent - [24ef579f024c49ff] SupervisorAgent 处理完成: outputLength=82, 调用次数=1
2026-03-26 22:03:04.790 [pool-2-thread-8] [] INFO  c.t.rectagent.agent.SupervisorAgent - [6db556340548478c] 任务完成
2026-03-26 22:03:04.790 [pool-2-thread-7] [] DEBUG c.t.rectagent.agent.SupervisorAgent - [bdb63f885df146ad] 执行工具: data_analysis_agent, input=82
2026-03-26 22:03:04.790 [pool-2-thread-5] [] DEBUG c.t.rectagent.agent.SupervisorAgent - [32407457c98e4ad8] 工具 data_analysis_agent 执行完成, outputLength=82
2026-03-26 22:03:04.792 [pool-2-thread-7] [] DEBUG c.t.rectagent.agent.SupervisorAgent - [bdb63f885df146ad] 工具 data_analysis_agent 执行完成, outputLength=82
2026-03-26 22:03:04.790 [pool-2-thread-2] [] DEBUG c.t.rectagent.agent.SupervisorAgent - [ffd89918b9db4fc4] 执行工具: data_analysis_agent, input=82
2026-03-26 22:03:04.792 [pool-2-thread-5] [] INFO  c.t.rectagent.agent.SupervisorAgent - [32407457c98e4ad8] 任务完成
2026-03-26 22:03:04.792 [pool-2-thread-7] [] INFO  c.t.rectagent.agent.SupervisorAgent - [bdb63f885df146ad] 任务完成
2026-03-26 22:03:04.792 [pool-2-thread-5] [] INFO  c.t.rectagent.agent.SupervisorAgent - [32407457c98e4ad8] SupervisorAgent 处理完成: outputLength=82, 调用次数=1
2026-03-26 22:03:04.790 [pool-2-thread-4] [] INFO  c.t.rectagent.agent.SupervisorAgent - [37640f4c518c4365] 任务完成
2026-03-26 22:03:04.790 [pool-2-thread-10] [] DEBUG c.t.rectagent.agent.SupervisorAgent - [d35eaa91a69c481d] 执行工具: data_analysis_agent, input=82
2026-03-26 22:03:04.790 [pool-2-thread-6] [] INFO  c.t.rectagent.agent.SupervisorAgent - [8740092cc8244a73] 任务完成
2026-03-26 22:03:04.792 [pool-2-thread-10] [] DEBUG c.t.rectagent.agent.SupervisorAgent - [d35eaa91a69c481d] 工具 data_analysis_agent 执行完成, outputLength=82
2026-03-26 22:03:04.790 [pool-2-thread-9] [] INFO  c.t.rectagent.agent.SupervisorAgent - [a475e555129d45f3] SupervisorAgent 开始处理: inputLength=15
2026-03-26 22:03:04.792 [pool-2-thread-6] [] INFO  c.t.rectagent.agent.SupervisorAgent - [8740092cc8244a73] SupervisorAgent 处理完成: outputLength=82, 调用次数=1
2026-03-26 22:03:04.790 [pool-2-thread-3] [] DEBUG c.t.rectagent.agent.SupervisorAgent - [7badec4ebb224434] 执行工具: data_analysis_agent, input=82
2026-03-26 22:03:04.792 [pool-2-thread-9] [] DEBUG c.t.rectagent.agent.SupervisorAgent - [a475e555129d45f3] 执行工具: data_analysis_agent, input=82
2026-03-26 22:03:04.792 [pool-2-thread-8] [] INFO  c.t.rectagent.agent.SupervisorAgent - [6db556340548478c] SupervisorAgent 处理完成: outputLength=82, 调用次数=1
2026-03-26 22:03:04.792 [pool-2-thread-3] [] DEBUG c.t.rectagent.agent.SupervisorAgent - [7badec4ebb224434] 工具 data_analysis_agent 执行完成, outputLength=82
2026-03-26 22:03:04.792 [pool-2-thread-1] [] INFO  c.t.rectagent.agent.SupervisorAgent - [b9b86d16901c437b] SupervisorAgent 开始处理: inputLength=15
2026-03-26 22:03:04.792 [pool-2-thread-3] [] INFO  c.t.rectagent.agent.SupervisorAgent - [7badec4ebb224434] 任务完成
2026-03-26 22:03:04.792 [pool-2-thread-2] [] DEBUG c.t.rectagent.agent.SupervisorAgent - [ffd89918b9db4fc4] 工具 data_analysis_agent 执行完成, outputLength=82
2026-03-26 22:03:04.792 [pool-2-thread-3] [] INFO  c.t.rectagent.agent.SupervisorAgent - [7badec4ebb224434] SupervisorAgent 处理完成: outputLength=82, 调用次数=1
2026-03-26 22:03:04.792 [pool-2-thread-7] [] INFO  c.t.rectagent.agent.SupervisorAgent - [bdb63f885df146ad] SupervisorAgent 处理完成: outputLength=82, 调用次数=1
2026-03-26 22:03:04.792 [pool-2-thread-3] [] INFO  c.t.rectagent.agent.SupervisorAgent - [c21e61553d65419f] SupervisorAgent 开始处理: inputLength=15
2026-03-26 22:03:04.792 [pool-2-thread-4] [] INFO  c.t.rectagent.agent.SupervisorAgent - [37640f4c518c4365] SupervisorAgent 处理完成: outputLength=82, 调用次数=1
2026-03-26 22:03:04.792 [pool-2-thread-3] [] DEBUG c.t.rectagent.agent.SupervisorAgent - [c21e61553d65419f] 执行工具: data_analysis_agent, input=82
2026-03-26 22:03:04.792 [pool-2-thread-5] [] INFO  c.t.rectagent.agent.SupervisorAgent - [168103ad30114cef] SupervisorAgent 开始处理: inputLength=15
2026-03-26 22:03:04.792 [pool-2-thread-3] [] DEBUG c.t.rectagent.agent.SupervisorAgent - [c21e61553d65419f] 工具 data_analysis_agent 执行完成, outputLength=82
2026-03-26 22:03:04.792 [pool-2-thread-5] [] DEBUG c.t.rectagent.agent.SupervisorAgent - [168103ad30114cef] 执行工具: data_analysis_agent, input=82
2026-03-26 22:03:04.792 [pool-2-thread-10] [] INFO  c.t.rectagent.agent.SupervisorAgent - [d35eaa91a69c481d] 任务完成
2026-03-26 22:03:04.792 [pool-2-thread-9] [] DEBUG c.t.rectagent.agent.SupervisorAgent - [a475e555129d45f3] 工具 data_analysis_agent 执行完成, outputLength=82
2026-03-26 22:03:04.792 [pool-2-thread-6] [] INFO  c.t.rectagent.agent.SupervisorAgent - [04d0b4f9bc474aa4] SupervisorAgent 开始处理: inputLength=15
2026-03-26 22:03:04.792 [pool-2-thread-9] [] INFO  c.t.rectagent.agent.SupervisorAgent - [a475e555129d45f3] 任务完成
2026-03-26 22:03:04.792 [pool-2-thread-1] [] DEBUG c.t.rectagent.agent.SupervisorAgent - [b9b86d16901c437b] 执行工具: data_analysis_agent, input=82
2026-03-26 22:03:04.792 [pool-2-thread-6] [] DEBUG c.t.rectagent.agent.SupervisorAgent - [04d0b4f9bc474aa4] 执行工具: data_analysis_agent, input=82
2026-03-26 22:03:04.792 [pool-2-thread-2] [] INFO  c.t.rectagent.agent.SupervisorAgent - [ffd89918b9db4fc4] 任务完成
2026-03-26 22:03:04.792 [pool-2-thread-1] [] DEBUG c.t.rectagent.agent.SupervisorAgent - [b9b86d16901c437b] 工具 data_analysis_agent 执行完成, outputLength=82
2026-03-26 22:03:04.792 [pool-2-thread-2] [] INFO  c.t.rectagent.agent.SupervisorAgent - [ffd89918b9db4fc4] SupervisorAgent 处理完成: outputLength=82, 调用次数=1
2026-03-26 22:03:04.792 [pool-2-thread-8] [] INFO  c.t.rectagent.agent.SupervisorAgent - [c0272f3c8db34e5c] SupervisorAgent 开始处理: inputLength=15
2026-03-26 22:03:04.792 [pool-2-thread-7] [] INFO  c.t.rectagent.agent.SupervisorAgent - [9a8d057a6ce34624] SupervisorAgent 开始处理: inputLength=15
2026-03-26 22:03:04.792 [pool-2-thread-8] [] DEBUG c.t.rectagent.agent.SupervisorAgent - [c0272f3c8db34e5c] 执行工具: data_analysis_agent, input=82
2026-03-26 22:03:04.792 [pool-2-thread-7] [] DEBUG c.t.rectagent.agent.SupervisorAgent - [9a8d057a6ce34624] 执行工具: data_analysis_agent, input=82
2026-03-26 22:03:04.792 [pool-2-thread-4] [] INFO  c.t.rectagent.agent.SupervisorAgent - [648988696a2c4558] SupervisorAgent 开始处理: inputLength=15
2026-03-26 22:03:04.792 [pool-2-thread-8] [] DEBUG c.t.rectagent.agent.SupervisorAgent - [c0272f3c8db34e5c] 工具 data_analysis_agent 执行完成, outputLength=82
2026-03-26 22:03:04.792 [pool-2-thread-5] [] DEBUG c.t.rectagent.agent.SupervisorAgent - [168103ad30114cef] 工具 data_analysis_agent 执行完成, outputLength=82
2026-03-26 22:03:04.792 [pool-2-thread-8] [] INFO  c.t.rectagent.agent.SupervisorAgent - [c0272f3c8db34e5c] 任务完成
2026-03-26 22:03:04.792 [pool-2-thread-3] [] INFO  c.t.rectagent.agent.SupervisorAgent - [c21e61553d65419f] 任务完成
2026-03-26 22:03:04.792 [pool-2-thread-5] [] INFO  c.t.rectagent.agent.SupervisorAgent - [168103ad30114cef] 任务完成
2026-03-26 22:03:04.792 [pool-2-thread-3] [] INFO  c.t.rectagent.agent.SupervisorAgent - [c21e61553d65419f] SupervisorAgent 处理完成: outputLength=82, 调用次数=1
2026-03-26 22:03:04.792 [pool-2-thread-10] [] INFO  c.t.rectagent.agent.SupervisorAgent - [d35eaa91a69c481d] SupervisorAgent 处理完成: outputLength=82, 调用次数=1
2026-03-26 22:03:04.792 [pool-2-thread-9] [] INFO  c.t.rectagent.agent.SupervisorAgent - [a475e555129d45f3] SupervisorAgent 处理完成: outputLength=82, 调用次数=1
2026-03-26 22:03:04.792 [pool-2-thread-6] [] DEBUG c.t.rectagent.agent.SupervisorAgent - [04d0b4f9bc474aa4] 工具 data_analysis_agent 执行完成, outputLength=82
2026-03-26 22:03:04.792 [pool-2-thread-3] [] INFO  c.t.rectagent.agent.SupervisorAgent - [d63104cf596f4360] SupervisorAgent 开始处理: inputLength=15
2026-03-26 22:03:04.792 [pool-2-thread-1] [] INFO  c.t.rectagent.agent.SupervisorAgent - [b9b86d16901c437b] 任务完成
2026-03-26 22:03:04.792 [pool-2-thread-9] [] INFO  c.t.rectagent.agent.SupervisorAgent - [7f08a23b09e242a5] SupervisorAgent 开始处理: inputLength=15
2026-03-26 22:03:04.792 [pool-2-thread-3] [] DEBUG c.t.rectagent.agent.SupervisorAgent - [d63104cf596f4360] 执行工具: data_analysis_agent, input=82
2026-03-26 22:03:04.792 [pool-2-thread-9] [] DEBUG c.t.rectagent.agent.SupervisorAgent - [7f08a23b09e242a5] 执行工具: data_analysis_agent, input=82
2026-03-26 22:03:04.792 [pool-2-thread-9] [] DEBUG c.t.rectagent.agent.SupervisorAgent - [7f08a23b09e242a5] 工具 data_analysis_agent 执行完成, outputLength=82
2026-03-26 22:03:04.792 [pool-2-thread-2] [] INFO  c.t.rectagent.agent.SupervisorAgent - [0a9b4d45e7fe4ef3] SupervisorAgent 开始处理: inputLength=15
2026-03-26 22:03:04.792 [pool-2-thread-9] [] INFO  c.t.rectagent.agent.SupervisorAgent - [7f08a23b09e242a5] 任务完成
2026-03-26 22:03:04.792 [pool-2-thread-7] [] DEBUG c.t.rectagent.agent.SupervisorAgent - [9a8d057a6ce34624] 工具 data_analysis_agent 执行完成, outputLength=82
2026-03-26 22:03:04.792 [pool-2-thread-2] [] DEBUG c.t.rectagent.agent.SupervisorAgent - [0a9b4d45e7fe4ef3] 执行工具: data_analysis_agent, input=82
2026-03-26 22:03:04.792 [pool-2-thread-4] [] DEBUG c.t.rectagent.agent.SupervisorAgent - [648988696a2c4558] 执行工具: data_analysis_agent, input=82
2026-03-26 22:03:04.792 [pool-2-thread-7] [] INFO  c.t.rectagent.agent.SupervisorAgent - [9a8d057a6ce34624] 任务完成
2026-03-26 22:03:04.792 [pool-2-thread-8] [] INFO  c.t.rectagent.agent.SupervisorAgent - [c0272f3c8db34e5c] SupervisorAgent 处理完成: outputLength=82, 调用次数=1
2026-03-26 22:03:04.792 [pool-2-thread-7] [] INFO  c.t.rectagent.agent.SupervisorAgent - [9a8d057a6ce34624] SupervisorAgent 处理完成: outputLength=82, 调用次数=1
2026-03-26 22:03:04.792 [pool-2-thread-5] [] INFO  c.t.rectagent.agent.SupervisorAgent - [168103ad30114cef] SupervisorAgent 处理完成: outputLength=82, 调用次数=1
2026-03-26 22:03:04.792 [pool-2-thread-10] [] INFO  c.t.rectagent.agent.SupervisorAgent - [5bdbb207d1dd48f9] SupervisorAgent 开始处理: inputLength=15
2026-03-26 22:03:04.792 [pool-2-thread-7] [] INFO  c.t.rectagent.agent.SupervisorAgent - [1d6c6287efd44089] SupervisorAgent 开始处理: inputLength=15
2026-03-26 22:03:04.792 [pool-2-thread-6] [] INFO  c.t.rectagent.agent.SupervisorAgent - [04d0b4f9bc474aa4] 任务完成
2026-03-26 22:03:04.792 [pool-2-thread-8] [] INFO  c.t.rectagent.agent.SupervisorAgent - [c1e17acc5fe14495] SupervisorAgent 开始处理: inputLength=15
2026-03-26 22:03:04.792 [pool-2-thread-7] [] DEBUG c.t.rectagent.agent.SupervisorAgent - [1d6c6287efd44089] 执行工具: data_analysis_agent, input=82
2026-03-26 22:03:04.792 [pool-2-thread-5] [] INFO  c.t.rectagent.agent.SupervisorAgent - [21055d5a17f6474e] SupervisorAgent 开始处理: inputLength=15
2026-03-26 22:03:04.792 [pool-2-thread-1] [] INFO  c.t.rectagent.agent.SupervisorAgent - [b9b86d16901c437b] SupervisorAgent 处理完成: outputLength=82, 调用次数=1
2026-03-26 22:03:04.792 [pool-2-thread-6] [] INFO  c.t.rectagent.agent.SupervisorAgent - [04d0b4f9bc474aa4] SupervisorAgent 处理完成: outputLength=82, 调用次数=1
2026-03-26 22:03:04.792 [pool-2-thread-3] [] DEBUG c.t.rectagent.agent.SupervisorAgent - [d63104cf596f4360] 工具 data_analysis_agent 执行完成, outputLength=82
2026-03-26 22:03:04.792 [pool-2-thread-9] [] INFO  c.t.rectagent.agent.SupervisorAgent - [7f08a23b09e242a5] SupervisorAgent 处理完成: outputLength=82, 调用次数=1
2026-03-26 22:03:04.792 [pool-2-thread-2] [] DEBUG c.t.rectagent.agent.SupervisorAgent - [0a9b4d45e7fe4ef3] 工具 data_analysis_agent 执行完成, outputLength=82
2026-03-26 22:03:04.794 [pool-2-thread-1] [] INFO  c.t.rectagent.agent.SupervisorAgent - [c8f48387eedf4b00] SupervisorAgent 开始处理: inputLength=15
2026-03-26 22:03:04.794 [pool-2-thread-3] [] INFO  c.t.rectagent.agent.SupervisorAgent - [d63104cf596f4360] 任务完成
2026-03-26 22:03:04.794 [pool-2-thread-6] [] INFO  c.t.rectagent.agent.SupervisorAgent - [22fa36f0472a4aa0] SupervisorAgent 开始处理: inputLength=15
2026-03-26 22:03:04.794 [pool-2-thread-9] [] INFO  c.t.rectagent.agent.SupervisorAgent - [e85053f6ba084fb4] SupervisorAgent 开始处理: inputLength=15
2026-03-26 22:03:04.794 [pool-2-thread-2] [] INFO  c.t.rectagent.agent.SupervisorAgent - [0a9b4d45e7fe4ef3] 任务完成
2026-03-26 22:03:04.792 [pool-2-thread-4] [] DEBUG c.t.rectagent.agent.SupervisorAgent - [648988696a2c4558] 工具 data_analysis_agent 执行完成, outputLength=82
2026-03-26 22:03:04.792 [pool-2-thread-10] [] DEBUG c.t.rectagent.agent.SupervisorAgent - [5bdbb207d1dd48f9] 执行工具: data_analysis_agent, input=82
2026-03-26 22:03:04.794 [pool-2-thread-4] [] INFO  c.t.rectagent.agent.SupervisorAgent - [648988696a2c4558] 任务完成
2026-03-26 22:03:04.792 [pool-2-thread-5] [] DEBUG c.t.rectagent.agent.SupervisorAgent - [21055d5a17f6474e] 执行工具: intent_recognition_agent, input=87
2026-03-26 22:03:04.792 [pool-2-thread-7] [] DEBUG c.t.rectagent.agent.SupervisorAgent - [1d6c6287efd44089] 工具 data_analysis_agent 执行完成, outputLength=82
2026-03-26 22:03:04.792 [pool-2-thread-8] [] DEBUG c.t.rectagent.agent.SupervisorAgent - [c1e17acc5fe14495] 执行工具: data_analysis_agent, input=82
2026-03-26 22:03:04.794 [pool-2-thread-1] [] DEBUG c.t.rectagent.agent.SupervisorAgent - [c8f48387eedf4b00] 执行工具: data_analysis_agent, input=82
2026-03-26 22:03:04.794 [pool-2-thread-7] [] INFO  c.t.rectagent.agent.SupervisorAgent - [1d6c6287efd44089] 任务完成
2026-03-26 22:03:04.794 [pool-2-thread-1] [] DEBUG c.t.rectagent.agent.SupervisorAgent - [c8f48387eedf4b00] 工具 data_analysis_agent 执行完成, outputLength=82
2026-03-26 22:03:04.794 [pool-2-thread-7] [] INFO  c.t.rectagent.agent.SupervisorAgent - [1d6c6287efd44089] SupervisorAgent 处理完成: outputLength=82, 调用次数=1
2026-03-26 22:03:04.794 [pool-2-thread-3] [] INFO  c.t.rectagent.agent.SupervisorAgent - [d63104cf596f4360] SupervisorAgent 处理完成: outputLength=82, 调用次数=1
2026-03-26 22:03:04.794 [pool-2-thread-9] [] DEBUG c.t.rectagent.agent.SupervisorAgent - [e85053f6ba084fb4] 执行工具: data_analysis_agent, input=82
2026-03-26 22:03:04.794 [pool-2-thread-2] [] INFO  c.t.rectagent.agent.SupervisorAgent - [0a9b4d45e7fe4ef3] SupervisorAgent 处理完成: outputLength=82, 调用次数=1
2026-03-26 22:03:04.794 [pool-2-thread-9] [] DEBUG c.t.rectagent.agent.SupervisorAgent - [e85053f6ba084fb4] 工具 data_analysis_agent 执行完成, outputLength=82
2026-03-26 22:03:04.794 [pool-2-thread-6] [] DEBUG c.t.rectagent.agent.SupervisorAgent - [22fa36f0472a4aa0] 执行工具: data_analysis_agent, input=82
2026-03-26 22:03:04.794 [pool-2-thread-7] [] INFO  c.t.rectagent.agent.SupervisorAgent - [bc07454ef0de4ac0] SupervisorAgent 开始处理: inputLength=15
2026-03-26 22:03:04.794 [pool-2-thread-4] [] INFO  c.t.rectagent.agent.SupervisorAgent - [648988696a2c4558] SupervisorAgent 处理完成: outputLength=82, 调用次数=1
2026-03-26 22:03:04.794 [pool-2-thread-9] [] INFO  c.t.rectagent.agent.SupervisorAgent - [e85053f6ba084fb4] 任务完成
2026-03-26 22:03:04.794 [pool-2-thread-2] [] INFO  c.t.rectagent.agent.SupervisorAgent - [069471b9955a4db0] SupervisorAgent 开始处理: inputLength=15
2026-03-26 22:03:04.794 [pool-2-thread-9] [] INFO  c.t.rectagent.agent.SupervisorAgent - [e85053f6ba084fb4] SupervisorAgent 处理完成: outputLength=82, 调用次数=1
2026-03-26 22:03:04.794 [pool-2-thread-2] [] DEBUG c.t.rectagent.agent.SupervisorAgent - [069471b9955a4db0] 执行工具: data_analysis_agent, input=82
2026-03-26 22:03:04.794 [pool-2-thread-10] [] DEBUG c.t.rectagent.agent.SupervisorAgent - [5bdbb207d1dd48f9] 工具 data_analysis_agent 执行完成, outputLength=82
2026-03-26 22:03:04.794 [pool-2-thread-2] [] DEBUG c.t.rectagent.agent.SupervisorAgent - [069471b9955a4db0] 工具 data_analysis_agent 执行完成, outputLength=82
2026-03-26 22:03:04.794 [pool-2-thread-5] [] DEBUG c.t.rectagent.agent.SupervisorAgent - [21055d5a17f6474e] 工具 intent_recognition_agent 执行完成, outputLength=87
2026-03-26 22:03:04.794 [pool-2-thread-9] [] INFO  c.t.rectagent.agent.SupervisorAgent - [4d1dca8a28ef452a] SupervisorAgent 开始处理: inputLength=15
2026-03-26 22:03:04.794 [pool-2-thread-8] [] DEBUG c.t.rectagent.agent.SupervisorAgent - [c1e17acc5fe14495] 工具 data_analysis_agent 执行完成, outputLength=82
2026-03-26 22:03:04.794 [pool-2-thread-2] [] INFO  c.t.rectagent.agent.SupervisorAgent - [069471b9955a4db0] 任务完成
2026-03-26 22:03:04.794 [pool-2-thread-1] [] INFO  c.t.rectagent.agent.SupervisorAgent - [c8f48387eedf4b00] 任务完成
2026-03-26 22:03:04.794 [pool-2-thread-8] [] INFO  c.t.rectagent.agent.SupervisorAgent - [c1e17acc5fe14495] 任务完成
2026-03-26 22:03:04.794 [pool-2-thread-6] [] DEBUG c.t.rectagent.agent.SupervisorAgent - [22fa36f0472a4aa0] 工具 data_analysis_agent 执行完成, outputLength=82
2026-03-26 22:03:04.794 [pool-2-thread-8] [] INFO  c.t.rectagent.agent.SupervisorAgent - [c1e17acc5fe14495] SupervisorAgent 处理完成: outputLength=82, 调用次数=1
2026-03-26 22:03:04.794 [pool-2-thread-7] [] DEBUG c.t.rectagent.agent.SupervisorAgent - [bc07454ef0de4ac0] 执行工具: data_analysis_agent, input=82
2026-03-26 22:03:04.794 [pool-2-thread-6] [] INFO  c.t.rectagent.agent.SupervisorAgent - [22fa36f0472a4aa0] 任务完成
2026-03-26 22:03:04.794 [pool-2-thread-3] [] INFO  c.t.rectagent.agent.SupervisorAgent - [0f310b93f949463d] SupervisorAgent 开始处理: inputLength=15
2026-03-26 22:03:04.794 [pool-2-thread-7] [] DEBUG c.t.rectagent.agent.SupervisorAgent - [bc07454ef0de4ac0] 工具 data_analysis_agent 执行完成, outputLength=82
2026-03-26 22:03:04.794 [pool-2-thread-4] [] INFO  c.t.rectagent.agent.SupervisorAgent - [4eb7be2e726842dc] SupervisorAgent 开始处理: inputLength=15
2026-03-26 22:03:04.794 [pool-2-thread-10] [] INFO  c.t.rectagent.agent.SupervisorAgent - [5bdbb207d1dd48f9] 任务完成
2026-03-26 22:03:04.794 [pool-2-thread-5] [] INFO  c.t.rectagent.agent.SupervisorAgent - [21055d5a17f6474e] 任务完成
2026-03-26 22:03:04.794 [pool-2-thread-9] [] DEBUG c.t.rectagent.agent.SupervisorAgent - [4d1dca8a28ef452a] 执行工具: data_analysis_agent, input=82
2026-03-26 22:03:04.794 [pool-2-thread-5] [] INFO  c.t.rectagent.agent.SupervisorAgent - [21055d5a17f6474e] SupervisorAgent 处理完成: outputLength=87, 调用次数=1
2026-03-26 22:03:04.794 [pool-2-thread-2] [] INFO  c.t.rectagent.agent.SupervisorAgent - [069471b9955a4db0] SupervisorAgent 处理完成: outputLength=82, 调用次数=1
2026-03-26 22:03:04.794 [pool-2-thread-1] [] INFO  c.t.rectagent.agent.SupervisorAgent - [c8f48387eedf4b00] SupervisorAgent 处理完成: outputLength=82, 调用次数=1
2026-03-26 22:03:04.794 [pool-2-thread-6] [] INFO  c.t.rectagent.agent.SupervisorAgent - [22fa36f0472a4aa0] SupervisorAgent 处理完成: outputLength=82, 调用次数=1
2026-03-26 22:03:04.794 [pool-2-thread-5] [] INFO  c.t.rectagent.agent.SupervisorAgent - [c2b8f8ac52294e2e] SupervisorAgent 开始处理: inputLength=15
2026-03-26 22:03:04.794 [pool-2-thread-8] [] INFO  c.t.rectagent.agent.SupervisorAgent - [b2bf1c7be1f54b71] SupervisorAgent 开始处理: inputLength=15
2026-03-26 22:03:04.794 [pool-2-thread-2] [] INFO  c.t.rectagent.agent.SupervisorAgent - [3654a31632f34e4e] SupervisorAgent 开始处理: inputLength=15
2026-03-26 22:03:04.794 [pool-2-thread-5] [] DEBUG c.t.rectagent.agent.SupervisorAgent - [c2b8f8ac52294e2e] 执行工具: data_analysis_agent, input=82
2026-03-26 22:03:04.794 [pool-2-thread-3] [] DEBUG c.t.rectagent.agent.SupervisorAgent - [0f310b93f949463d] 执行工具: data_analysis_agent, input=82
2026-03-26 22:03:04.794 [pool-2-thread-2] [] DEBUG c.t.rectagent.agent.SupervisorAgent - [3654a31632f34e4e] 执行工具: data_analysis_agent, input=82
2026-03-26 22:03:04.794 [pool-2-thread-7] [] INFO  c.t.rectagent.agent.SupervisorAgent - [bc07454ef0de4ac0] 任务完成
2026-03-26 22:03:04.794 [pool-2-thread-3] [] DEBUG c.t.rectagent.agent.SupervisorAgent - [0f310b93f949463d] 工具 data_analysis_agent 执行完成, outputLength=82
2026-03-26 22:03:04.794 [pool-2-thread-4] [] DEBUG c.t.rectagent.agent.SupervisorAgent - [4eb7be2e726842dc] 执行工具: data_analysis_agent, input=82
2026-03-26 22:03:04.794 [pool-2-thread-3] [] INFO  c.t.rectagent.agent.SupervisorAgent - [0f310b93f949463d] 任务完成
2026-03-26 22:03:04.794 [pool-2-thread-4] [] DEBUG c.t.rectagent.agent.SupervisorAgent - [4eb7be2e726842dc] 工具 data_analysis_agent 执行完成, outputLength=82
2026-03-26 22:03:04.794 [pool-2-thread-3] [] INFO  c.t.rectagent.agent.SupervisorAgent - [0f310b93f949463d] SupervisorAgent 处理完成: outputLength=82, 调用次数=1
2026-03-26 22:03:04.794 [pool-2-thread-10] [] INFO  c.t.rectagent.agent.SupervisorAgent - [5bdbb207d1dd48f9] SupervisorAgent 处理完成: outputLength=82, 调用次数=1
2026-03-26 22:03:04.794 [pool-2-thread-9] [] DEBUG c.t.rectagent.agent.SupervisorAgent - [4d1dca8a28ef452a] 工具 data_analysis_agent 执行完成, outputLength=82
2026-03-26 22:03:04.794 [pool-2-thread-1] [] INFO  c.t.rectagent.agent.SupervisorAgent - [1f5f798cca1c4957] SupervisorAgent 开始处理: inputLength=15
2026-03-26 22:03:04.795 [pool-2-thread-3] [] INFO  c.t.rectagent.agent.SupervisorAgent - [8da697e6417e4ac9] SupervisorAgent 开始处理: inputLength=15
2026-03-26 22:03:04.794 [pool-2-thread-6] [] INFO  c.t.rectagent.agent.SupervisorAgent - [44813501c3684196] SupervisorAgent 开始处理: inputLength=15
2026-03-26 22:03:04.795 [pool-2-thread-3] [] DEBUG c.t.rectagent.agent.SupervisorAgent - [8da697e6417e4ac9] 执行工具: data_analysis_agent, input=82
2026-03-26 22:03:04.794 [pool-2-thread-5] [] DEBUG c.t.rectagent.agent.SupervisorAgent - [c2b8f8ac52294e2e] 工具 data_analysis_agent 执行完成, outputLength=82
2026-03-26 22:03:04.795 [pool-2-thread-6] [] DEBUG c.t.rectagent.agent.SupervisorAgent - [44813501c3684196] 执行工具: data_analysis_agent, input=82
2026-03-26 22:03:04.794 [pool-2-thread-8] [] DEBUG c.t.rectagent.agent.SupervisorAgent - [b2bf1c7be1f54b71] 执行工具: data_analysis_agent, input=82
2026-03-26 22:03:04.794 [pool-2-thread-2] [] DEBUG c.t.rectagent.agent.SupervisorAgent - [3654a31632f34e4e] 工具 data_analysis_agent 执行完成, outputLength=82
2026-03-26 22:03:04.794 [pool-2-thread-7] [] INFO  c.t.rectagent.agent.SupervisorAgent - [bc07454ef0de4ac0] SupervisorAgent 处理完成: outputLength=82, 调用次数=1
2026-03-26 22:03:04.795 [pool-2-thread-2] [] INFO  c.t.rectagent.agent.SupervisorAgent - [3654a31632f34e4e] 任务完成
2026-03-26 22:03:04.795 [pool-2-thread-9] [] INFO  c.t.rectagent.agent.SupervisorAgent - [4d1dca8a28ef452a] 任务完成
2026-03-26 22:03:04.795 [pool-2-thread-4] [] INFO  c.t.rectagent.agent.SupervisorAgent - [4eb7be2e726842dc] 任务完成
2026-03-26 22:03:04.795 [pool-2-thread-10] [] INFO  c.t.rectagent.agent.SupervisorAgent - [bd694bf44474446c] SupervisorAgent 开始处理: inputLength=15
2026-03-26 22:03:04.795 [pool-2-thread-4] [] INFO  c.t.rectagent.agent.SupervisorAgent - [4eb7be2e726842dc] SupervisorAgent 处理完成: outputLength=82, 调用次数=1
2026-03-26 22:03:04.795 [pool-2-thread-1] [] DEBUG c.t.rectagent.agent.SupervisorAgent - [1f5f798cca1c4957] 执行工具: data_analysis_agent, input=82
2026-03-26 22:03:04.795 [pool-2-thread-10] [] DEBUG c.t.rectagent.agent.SupervisorAgent - [bd694bf44474446c] 执行工具: data_analysis_agent, input=82
2026-03-26 22:03:04.795 [pool-2-thread-10] [] DEBUG c.t.rectagent.agent.SupervisorAgent - [bd694bf44474446c] 工具 data_analysis_agent 执行完成, outputLength=82
2026-03-26 22:03:04.795 [pool-2-thread-3] [] DEBUG c.t.rectagent.agent.SupervisorAgent - [8da697e6417e4ac9] 工具 data_analysis_agent 执行完成, outputLength=82
2026-03-26 22:03:04.795 [pool-2-thread-6] [] DEBUG c.t.rectagent.agent.SupervisorAgent - [44813501c3684196] 工具 data_analysis_agent 执行完成, outputLength=82
2026-03-26 22:03:04.795 [pool-2-thread-10] [] INFO  c.t.rectagent.agent.SupervisorAgent - [bd694bf44474446c] 任务完成
2026-03-26 22:03:04.795 [pool-2-thread-5] [] INFO  c.t.rectagent.agent.SupervisorAgent - [c2b8f8ac52294e2e] 任务完成
2026-03-26 22:03:04.795 [pool-2-thread-6] [] INFO  c.t.rectagent.agent.SupervisorAgent - [44813501c3684196] 任务完成
2026-03-26 22:03:04.795 [pool-2-thread-8] [] DEBUG c.t.rectagent.agent.SupervisorAgent - [b2bf1c7be1f54b71] 工具 data_analysis_agent 执行完成, outputLength=82
2026-03-26 22:03:04.795 [pool-2-thread-6] [] INFO  c.t.rectagent.agent.SupervisorAgent - [44813501c3684196] SupervisorAgent 处理完成: outputLength=82, 调用次数=1
2026-03-26 22:03:04.795 [pool-2-thread-5] [] INFO  c.t.rectagent.agent.SupervisorAgent - [c2b8f8ac52294e2e] SupervisorAgent 处理完成: outputLength=82, 调用次数=1
2026-03-26 22:03:04.795 [pool-2-thread-8] [] INFO  c.t.rectagent.agent.SupervisorAgent - [b2bf1c7be1f54b71] 任务完成
2026-03-26 22:03:04.795 [pool-2-thread-2] [] INFO  c.t.rectagent.agent.SupervisorAgent - [3654a31632f34e4e] SupervisorAgent 处理完成: outputLength=82, 调用次数=1
2026-03-26 22:03:04.795 [pool-2-thread-9] [] INFO  c.t.rectagent.agent.SupervisorAgent - [4d1dca8a28ef452a] SupervisorAgent 处理完成: outputLength=82, 调用次数=1
2026-03-26 22:03:04.795 [pool-2-thread-5] [] INFO  c.t.rectagent.agent.SupervisorAgent - [8a9dea35046b4881] SupervisorAgent 开始处理: inputLength=15
2026-03-26 22:03:04.795 [pool-2-thread-7] [] INFO  c.t.rectagent.agent.SupervisorAgent - [fb28fc4e5fad485b] SupervisorAgent 开始处理: inputLength=15
2026-03-26 22:03:04.795 [pool-2-thread-6] [] INFO  c.t.rectagent.agent.SupervisorAgent - [5e4f738d53c3418f] SupervisorAgent 开始处理: inputLength=15
2026-03-26 22:03:04.795 [pool-2-thread-1] [] DEBUG c.t.rectagent.agent.SupervisorAgent - [1f5f798cca1c4957] 工具 data_analysis_agent 执行完成, outputLength=82
2026-03-26 22:03:04.795 [pool-2-thread-7] [] DEBUG c.t.rectagent.agent.SupervisorAgent - [fb28fc4e5fad485b] 执行工具: data_analysis_agent, input=82
2026-03-26 22:03:04.795 [pool-2-thread-4] [] INFO  c.t.rectagent.agent.SupervisorAgent - [dc34843e33534fe0] SupervisorAgent 开始处理: inputLength=15
2026-03-26 22:03:04.795 [pool-2-thread-7] [] DEBUG c.t.rectagent.agent.SupervisorAgent - [fb28fc4e5fad485b] 工具 data_analysis_agent 执行完成, outputLength=82
2026-03-26 22:03:04.795 [pool-2-thread-1] [] INFO  c.t.rectagent.agent.SupervisorAgent - [1f5f798cca1c4957] 任务完成
2026-03-26 22:03:04.795 [pool-2-thread-4] [] DEBUG c.t.rectagent.agent.SupervisorAgent - [dc34843e33534fe0] 执行工具: data_analysis_agent, input=82
2026-03-26 22:03:04.795 [pool-2-thread-10] [] INFO  c.t.rectagent.agent.SupervisorAgent - [bd694bf44474446c] SupervisorAgent 处理完成: outputLength=82, 调用次数=1
2026-03-26 22:03:04.795 [pool-2-thread-4] [] DEBUG c.t.rectagent.agent.SupervisorAgent - [dc34843e33534fe0] 工具 data_analysis_agent 执行完成, outputLength=82
2026-03-26 22:03:04.795 [pool-2-thread-3] [] INFO  c.t.rectagent.agent.SupervisorAgent - [8da697e6417e4ac9] 任务完成
2026-03-26 22:03:04.795 [pool-2-thread-4] [] INFO  c.t.rectagent.agent.SupervisorAgent - [dc34843e33534fe0] 任务完成
2026-03-26 22:03:04.795 [pool-2-thread-4] [] INFO  c.t.rectagent.agent.SupervisorAgent - [dc34843e33534fe0] SupervisorAgent 处理完成: outputLength=82, 调用次数=1
2026-03-26 22:03:04.795 [pool-2-thread-4] [] INFO  c.t.rectagent.agent.SupervisorAgent - [9733b1df5bcd4f0d] SupervisorAgent 开始处理: inputLength=15
2026-03-26 22:03:04.795 [pool-2-thread-8] [] INFO  c.t.rectagent.agent.SupervisorAgent - [b2bf1c7be1f54b71] SupervisorAgent 处理完成: outputLength=82, 调用次数=1
2026-03-26 22:03:04.795 [pool-2-thread-4] [] DEBUG c.t.rectagent.agent.SupervisorAgent - [9733b1df5bcd4f0d] 执行工具: data_analysis_agent, input=82
2026-03-26 22:03:04.795 [pool-2-thread-5] [] DEBUG c.t.rectagent.agent.SupervisorAgent - [8a9dea35046b4881] 执行工具: data_analysis_agent, input=82
2026-03-26 22:03:04.795 [pool-2-thread-2] [] INFO  c.t.rectagent.agent.SupervisorAgent - [15f60da50e96467c] SupervisorAgent 开始处理: inputLength=15
2026-03-26 22:03:04.795 [pool-2-thread-6] [] DEBUG c.t.rectagent.agent.SupervisorAgent - [5e4f738d53c3418f] 执行工具: data_analysis_agent, input=82
2026-03-26 22:03:04.795 [pool-2-thread-9] [] INFO  c.t.rectagent.agent.SupervisorAgent - [21eb23175da24916] SupervisorAgent 开始处理: inputLength=15
2026-03-26 22:03:04.795 [pool-2-thread-1] [] INFO  c.t.rectagent.agent.SupervisorAgent - [1f5f798cca1c4957] SupervisorAgent 处理完成: outputLength=82, 调用次数=1
2026-03-26 22:03:04.795 [pool-2-thread-7] [] INFO  c.t.rectagent.agent.SupervisorAgent - [fb28fc4e5fad485b] 任务完成
2026-03-26 22:03:04.795 [pool-2-thread-3] [] INFO  c.t.rectagent.agent.SupervisorAgent - [8da697e6417e4ac9] SupervisorAgent 处理完成: outputLength=82, 调用次数=1
2026-03-26 22:03:04.795 [pool-2-thread-10] [] INFO  c.t.rectagent.agent.SupervisorAgent - [db473db7afd249ed] SupervisorAgent 开始处理: inputLength=15
2026-03-26 22:03:04.797 [pool-2-thread-1] [] INFO  c.t.rectagent.agent.SupervisorAgent - [9e6b0947165546ff] SupervisorAgent 开始处理: inputLength=15
2026-03-26 22:03:04.795 [pool-2-thread-5] [] DEBUG c.t.rectagent.agent.SupervisorAgent - [8a9dea35046b4881] 工具 data_analysis_agent 执行完成, outputLength=82
2026-03-26 22:03:04.797 [pool-2-thread-1] [] DEBUG c.t.rectagent.agent.SupervisorAgent - [9e6b0947165546ff] 执行工具: data_analysis_agent, input=82
2026-03-26 22:03:04.797 [pool-2-thread-10] [] DEBUG c.t.rectagent.agent.SupervisorAgent - [db473db7afd249ed] 执行工具: data_analysis_agent, input=82
2026-03-26 22:03:04.795 [pool-2-thread-4] [] DEBUG c.t.rectagent.agent.SupervisorAgent - [9733b1df5bcd4f0d] 工具 data_analysis_agent 执行完成, outputLength=82
2026-03-26 22:03:04.797 [pool-2-thread-1] [] DEBUG c.t.rectagent.agent.SupervisorAgent - [9e6b0947165546ff] 工具 data_analysis_agent 执行完成, outputLength=82
2026-03-26 22:03:04.797 [pool-2-thread-3] [] INFO  c.t.rectagent.agent.SupervisorAgent - [a0d069ed870e490f] SupervisorAgent 开始处理: inputLength=15
2026-03-26 22:03:04.797 [pool-2-thread-5] [] INFO  c.t.rectagent.agent.SupervisorAgent - [8a9dea35046b4881] 任务完成
2026-03-26 22:03:04.795 [pool-2-thread-2] [] DEBUG c.t.rectagent.agent.SupervisorAgent - [15f60da50e96467c] 执行工具: data_analysis_agent, input=82
2026-03-26 22:03:04.797 [pool-2-thread-3] [] DEBUG c.t.rectagent.agent.SupervisorAgent - [a0d069ed870e490f] 执行工具: data_analysis_agent, input=82
2026-03-26 22:03:04.797 [pool-2-thread-4] [] INFO  c.t.rectagent.agent.SupervisorAgent - [9733b1df5bcd4f0d] 任务完成
2026-03-26 22:03:04.797 [pool-2-thread-3] [] DEBUG c.t.rectagent.agent.SupervisorAgent - [a0d069ed870e490f] 工具 data_analysis_agent 执行完成, outputLength=82
2026-03-26 22:03:04.797 [pool-2-thread-4] [] INFO  c.t.rectagent.agent.SupervisorAgent - [9733b1df5bcd4f0d] SupervisorAgent 处理完成: outputLength=82, 调用次数=1
2026-03-26 22:03:04.795 [pool-2-thread-8] [] INFO  c.t.rectagent.agent.SupervisorAgent - [80caa0e10acb4add] SupervisorAgent 开始处理: inputLength=15
2026-03-26 22:03:04.795 [pool-2-thread-6] [] DEBUG c.t.rectagent.agent.SupervisorAgent - [5e4f738d53c3418f] 工具 data_analysis_agent 执行完成, outputLength=82
2026-03-26 22:03:04.797 [pool-2-thread-8] [] DEBUG c.t.rectagent.agent.SupervisorAgent - [80caa0e10acb4add] 执行工具: data_analysis_agent, input=82
2026-03-26 22:03:04.797 [pool-2-thread-4] [] INFO  c.t.rectagent.agent.SupervisorAgent - [c41df951a14f48b5] SupervisorAgent 开始处理: inputLength=15
2026-03-26 22:03:04.795 [pool-2-thread-9] [] DEBUG c.t.rectagent.agent.SupervisorAgent - [21eb23175da24916] 执行工具: data_analysis_agent, input=82
2026-03-26 22:03:04.797 [pool-2-thread-4] [] DEBUG c.t.rectagent.agent.SupervisorAgent - [c41df951a14f48b5] 执行工具: intent_recognition_agent, input=87
2026-03-26 22:03:04.797 [pool-2-thread-7] [] INFO  c.t.rectagent.agent.SupervisorAgent - [fb28fc4e5fad485b] SupervisorAgent 处理完成: outputLength=82, 调用次数=1
2026-03-26 22:03:04.797 [pool-2-thread-9] [] DEBUG c.t.rectagent.agent.SupervisorAgent - [21eb23175da24916] 工具 data_analysis_agent 执行完成, outputLength=82
2026-03-26 22:03:04.797 [pool-2-thread-10] [] DEBUG c.t.rectagent.agent.SupervisorAgent - [db473db7afd249ed] 工具 data_analysis_agent 执行完成, outputLength=82
2026-03-26 22:03:04.797 [pool-2-thread-5] [] INFO  c.t.rectagent.agent.SupervisorAgent - [8a9dea35046b4881] SupervisorAgent 处理完成: outputLength=82, 调用次数=1
2026-03-26 22:03:04.797 [pool-2-thread-9] [] INFO  c.t.rectagent.agent.SupervisorAgent - [21eb23175da24916] 任务完成
2026-03-26 22:03:04.797 [pool-2-thread-10] [] INFO  c.t.rectagent.agent.SupervisorAgent - [db473db7afd249ed] 任务完成
2026-03-26 22:03:04.797 [pool-2-thread-1] [] INFO  c.t.rectagent.agent.SupervisorAgent - [9e6b0947165546ff] 任务完成
2026-03-26 22:03:04.797 [pool-2-thread-10] [] INFO  c.t.rectagent.agent.SupervisorAgent - [db473db7afd249ed] SupervisorAgent 处理完成: outputLength=82, 调用次数=1
2026-03-26 22:03:04.797 [pool-2-thread-2] [] DEBUG c.t.rectagent.agent.SupervisorAgent - [15f60da50e96467c] 工具 data_analysis_agent 执行完成, outputLength=82
2026-03-26 22:03:04.797 [pool-2-thread-3] [] INFO  c.t.rectagent.agent.SupervisorAgent - [a0d069ed870e490f] 任务完成
2026-03-26 22:03:04.797 [pool-2-thread-10] [] INFO  c.t.rectagent.agent.SupervisorAgent - [337a343fe69c441b] SupervisorAgent 开始处理: inputLength=15
2026-03-26 22:03:04.797 [pool-2-thread-2] [] INFO  c.t.rectagent.agent.SupervisorAgent - [15f60da50e96467c] 任务完成
2026-03-26 22:03:04.797 [pool-2-thread-6] [] INFO  c.t.rectagent.agent.SupervisorAgent - [5e4f738d53c3418f] 任务完成
2026-03-26 22:03:04.797 [pool-2-thread-2] [] INFO  c.t.rectagent.agent.SupervisorAgent - [15f60da50e96467c] SupervisorAgent 处理完成: outputLength=82, 调用次数=1
2026-03-26 22:03:04.797 [pool-2-thread-8] [] DEBUG c.t.rectagent.agent.SupervisorAgent - [80caa0e10acb4add] 工具 data_analysis_agent 执行完成, outputLength=82
2026-03-26 22:03:04.797 [pool-2-thread-4] [] DEBUG c.t.rectagent.agent.SupervisorAgent - [c41df951a14f48b5] 工具 intent_recognition_agent 执行完成, outputLength=87
2026-03-26 22:03:04.797 [pool-2-thread-8] [] INFO  c.t.rectagent.agent.SupervisorAgent - [80caa0e10acb4add] 任务完成
2026-03-26 22:03:04.797 [pool-2-thread-7] [] INFO  c.t.rectagent.agent.SupervisorAgent - [34d7f39c9318479a] SupervisorAgent 开始处理: inputLength=15
2026-03-26 22:03:04.797 [pool-2-thread-9] [] INFO  c.t.rectagent.agent.SupervisorAgent - [21eb23175da24916] SupervisorAgent 处理完成: outputLength=82, 调用次数=1
2026-03-26 22:03:04.797 [pool-2-thread-7] [] DEBUG c.t.rectagent.agent.SupervisorAgent - [34d7f39c9318479a] 执行工具: data_analysis_agent, input=82
2026-03-26 22:03:04.797 [pool-2-thread-5] [] INFO  c.t.rectagent.agent.SupervisorAgent - [00f280108e5443f5] SupervisorAgent 开始处理: inputLength=15
2026-03-26 22:03:04.797 [pool-2-thread-1] [] INFO  c.t.rectagent.agent.SupervisorAgent - [9e6b0947165546ff] SupervisorAgent 处理完成: outputLength=82, 调用次数=1
2026-03-26 22:03:04.797 [pool-2-thread-5] [] DEBUG c.t.rectagent.agent.SupervisorAgent - [00f280108e5443f5] 执行工具: data_analysis_agent, input=82
2026-03-26 22:03:04.797 [pool-2-thread-3] [] INFO  c.t.rectagent.agent.SupervisorAgent - [a0d069ed870e490f] SupervisorAgent 处理完成: outputLength=82, 调用次数=1
2026-03-26 22:03:04.797 [pool-2-thread-10] [] DEBUG c.t.rectagent.agent.SupervisorAgent - [337a343fe69c441b] 执行工具: data_analysis_agent, input=82
2026-03-26 22:03:04.797 [pool-2-thread-6] [] INFO  c.t.rectagent.agent.SupervisorAgent - [5e4f738d53c3418f] SupervisorAgent 处理完成: outputLength=82, 调用次数=1
2026-03-26 22:03:04.797 [pool-2-thread-10] [] DEBUG c.t.rectagent.agent.SupervisorAgent - [337a343fe69c441b] 工具 data_analysis_agent 执行完成, outputLength=82
2026-03-26 22:03:04.797 [pool-2-thread-2] [] INFO  c.t.rectagent.agent.SupervisorAgent - [83afe3290e1f46ab] SupervisorAgent 开始处理: inputLength=15
2026-03-26 22:03:04.797 [pool-2-thread-8] [] INFO  c.t.rectagent.agent.SupervisorAgent - [80caa0e10acb4add] SupervisorAgent 处理完成: outputLength=82, 调用次数=1
2026-03-26 22:03:04.797 [pool-2-thread-6] [] INFO  c.t.rectagent.agent.SupervisorAgent - [5a8233043cd94813] SupervisorAgent 开始处理: inputLength=15
2026-03-26 22:03:04.797 [pool-2-thread-4] [] INFO  c.t.rectagent.agent.SupervisorAgent - [c41df951a14f48b5] 任务完成
2026-03-26 22:03:04.797 [pool-2-thread-6] [] DEBUG c.t.rectagent.agent.SupervisorAgent - [5a8233043cd94813] 执行工具: data_analysis_agent, input=82
2026-03-26 22:03:04.797 [pool-2-thread-7] [] DEBUG c.t.rectagent.agent.SupervisorAgent - [34d7f39c9318479a] 工具 data_analysis_agent 执行完成, outputLength=82
2026-03-26 22:03:04.797 [pool-2-thread-9] [] INFO  c.t.rectagent.agent.SupervisorAgent - [f4f98470b57d493b] SupervisorAgent 开始处理: inputLength=15
2026-03-26 22:03:04.797 [pool-2-thread-5] [] DEBUG c.t.rectagent.agent.SupervisorAgent - [00f280108e5443f5] 工具 data_analysis_agent 执行完成, outputLength=82
2026-03-26 22:03:04.797 [pool-2-thread-9] [] DEBUG c.t.rectagent.agent.SupervisorAgent - [f4f98470b57d493b] 执行工具: data_analysis_agent, input=82
2026-03-26 22:03:04.797 [pool-2-thread-9] [] DEBUG c.t.rectagent.agent.SupervisorAgent - [f4f98470b57d493b] 工具 data_analysis_agent 执行完成, outputLength=82
2026-03-26 22:03:04.797 [pool-2-thread-1] [] INFO  c.t.rectagent.agent.SupervisorAgent - [a708db15205f4732] SupervisorAgent 开始处理: inputLength=15
2026-03-26 22:03:04.797 [pool-2-thread-9] [] INFO  c.t.rectagent.agent.SupervisorAgent - [f4f98470b57d493b] 任务完成
2026-03-26 22:03:04.797 [pool-2-thread-9] [] INFO  c.t.rectagent.agent.SupervisorAgent - [f4f98470b57d493b] SupervisorAgent 处理完成: outputLength=82, 调用次数=1
2026-03-26 22:03:04.797 [pool-2-thread-10] [] INFO  c.t.rectagent.agent.SupervisorAgent - [337a343fe69c441b] 任务完成
2026-03-26 22:03:04.797 [pool-2-thread-3] [] INFO  c.t.rectagent.agent.SupervisorAgent - [35b7c3a81f0a48c7] SupervisorAgent 开始处理: inputLength=15
2026-03-26 22:03:04.797 [pool-2-thread-2] [] DEBUG c.t.rectagent.agent.SupervisorAgent - [83afe3290e1f46ab] 执行工具: data_analysis_agent, input=82
2026-03-26 22:03:04.797 [pool-2-thread-3] [] DEBUG c.t.rectagent.agent.SupervisorAgent - [35b7c3a81f0a48c7] 执行工具: data_analysis_agent, input=82
2026-03-26 22:03:04.797 [pool-2-thread-4] [] INFO  c.t.rectagent.agent.SupervisorAgent - [c41df951a14f48b5] SupervisorAgent 处理完成: outputLength=87, 调用次数=1
2026-03-26 22:03:04.797 [pool-2-thread-6] [] DEBUG c.t.rectagent.agent.SupervisorAgent - [5a8233043cd94813] 工具 data_analysis_agent 执行完成, outputLength=82
2026-03-26 22:03:04.797 [pool-2-thread-4] [] INFO  c.t.rectagent.agent.SupervisorAgent - [c27f65492f944191] SupervisorAgent 开始处理: inputLength=15
2026-03-26 22:03:04.797 [pool-2-thread-8] [] INFO  c.t.rectagent.agent.SupervisorAgent - [6a695ae4d3ac44db] SupervisorAgent 开始处理: inputLength=15
2026-03-26 22:03:04.797 [pool-2-thread-4] [] DEBUG c.t.rectagent.agent.SupervisorAgent - [c27f65492f944191] 执行工具: data_analysis_agent, input=82
2026-03-26 22:03:04.797 [pool-2-thread-7] [] INFO  c.t.rectagent.agent.SupervisorAgent - [34d7f39c9318479a] 任务完成
2026-03-26 22:03:04.797 [pool-2-thread-8] [] DEBUG c.t.rectagent.agent.SupervisorAgent - [6a695ae4d3ac44db] 执行工具: intent_recognition_agent, input=87
2026-03-26 22:03:04.797 [pool-2-thread-7] [] INFO  c.t.rectagent.agent.SupervisorAgent - [34d7f39c9318479a] SupervisorAgent 处理完成: outputLength=82, 调用次数=1
2026-03-26 22:03:04.797 [pool-2-thread-5] [] INFO  c.t.rectagent.agent.SupervisorAgent - [00f280108e5443f5] 任务完成
2026-03-26 22:03:04.797 [pool-2-thread-1] [] DEBUG c.t.rectagent.agent.SupervisorAgent - [a708db15205f4732] 执行工具: data_analysis_agent, input=82
2026-03-26 22:03:04.799 [pool-2-thread-8] [] DEBUG c.t.rectagent.agent.SupervisorAgent - [6a695ae4d3ac44db] 工具 intent_recognition_agent 执行完成, outputLength=87
2026-03-26 22:03:04.797 [pool-2-thread-10] [] INFO  c.t.rectagent.agent.SupervisorAgent - [337a343fe69c441b] SupervisorAgent 处理完成: outputLength=82, 调用次数=1
2026-03-26 22:03:04.799 [pool-2-thread-5] [] INFO  c.t.rectagent.agent.SupervisorAgent - [00f280108e5443f5] SupervisorAgent 处理完成: outputLength=82, 调用次数=1
2026-03-26 22:03:04.797 [pool-2-thread-9] [] INFO  c.t.rectagent.agent.SupervisorAgent - [d36dfa104cf14270] SupervisorAgent 开始处理: inputLength=15
2026-03-26 22:03:04.797 [pool-2-thread-3] [] DEBUG c.t.rectagent.agent.SupervisorAgent - [35b7c3a81f0a48c7] 工具 data_analysis_agent 执行完成, outputLength=82
2026-03-26 22:03:04.799 [pool-2-thread-9] [] DEBUG c.t.rectagent.agent.SupervisorAgent - [d36dfa104cf14270] 执行工具: data_analysis_agent, input=82
2026-03-26 22:03:04.797 [pool-2-thread-2] [] DEBUG c.t.rectagent.agent.SupervisorAgent - [83afe3290e1f46ab] 工具 data_analysis_agent 执行完成, outputLength=82
2026-03-26 22:03:04.799 [pool-2-thread-9] [] DEBUG c.t.rectagent.agent.SupervisorAgent - [d36dfa104cf14270] 工具 data_analysis_agent 执行完成, outputLength=82
2026-03-26 22:03:04.799 [pool-2-thread-3] [] INFO  c.t.rectagent.agent.SupervisorAgent - [35b7c3a81f0a48c7] 任务完成
2026-03-26 22:03:04.797 [pool-2-thread-6] [] INFO  c.t.rectagent.agent.SupervisorAgent - [5a8233043cd94813] 任务完成
2026-03-26 22:03:04.799 [pool-2-thread-3] [] INFO  c.t.rectagent.agent.SupervisorAgent - [35b7c3a81f0a48c7] SupervisorAgent 处理完成: outputLength=82, 调用次数=1
2026-03-26 22:03:04.799 [pool-2-thread-2] [] INFO  c.t.rectagent.agent.SupervisorAgent - [83afe3290e1f46ab] 任务完成
2026-03-26 22:03:04.799 [pool-2-thread-6] [] INFO  c.t.rectagent.agent.SupervisorAgent - [5a8233043cd94813] SupervisorAgent 处理完成: outputLength=82, 调用次数=1
2026-03-26 22:03:04.799 [pool-2-thread-2] [] INFO  c.t.rectagent.agent.SupervisorAgent - [83afe3290e1f46ab] SupervisorAgent 处理完成: outputLength=82, 调用次数=1
2026-03-26 22:03:04.797 [pool-2-thread-4] [] DEBUG c.t.rectagent.agent.SupervisorAgent - [c27f65492f944191] 工具 data_analysis_agent 执行完成, outputLength=82
2026-03-26 22:03:04.799 [pool-2-thread-3] [] INFO  c.t.rectagent.agent.SupervisorAgent - [e02ee87132474452] SupervisorAgent 开始处理: inputLength=15
2026-03-26 22:03:04.799 [pool-2-thread-7] [] INFO  c.t.rectagent.agent.SupervisorAgent - [5942b3ea31ea41f6] SupervisorAgent 开始处理: inputLength=15
2026-03-26 22:03:04.799 [pool-2-thread-3] [] DEBUG c.t.rectagent.agent.SupervisorAgent - [e02ee87132474452] 执行工具: data_analysis_agent, input=82
2026-03-26 22:03:04.799 [pool-2-thread-4] [] INFO  c.t.rectagent.agent.SupervisorAgent - [c27f65492f944191] 任务完成
2026-03-26 22:03:04.799 [pool-2-thread-3] [] DEBUG c.t.rectagent.agent.SupervisorAgent - [e02ee87132474452] 工具 data_analysis_agent 执行完成, outputLength=82
2026-03-26 22:03:04.799 [pool-2-thread-1] [] DEBUG c.t.rectagent.agent.SupervisorAgent - [a708db15205f4732] 工具 data_analysis_agent 执行完成, outputLength=82
2026-03-26 22:03:04.799 [pool-2-thread-8] [] INFO  c.t.rectagent.agent.SupervisorAgent - [6a695ae4d3ac44db] 任务完成
2026-03-26 22:03:04.799 [pool-2-thread-10] [] INFO  c.t.rectagent.agent.SupervisorAgent - [558775dddf514d57] SupervisorAgent 开始处理: inputLength=15
2026-03-26 22:03:04.799 [pool-2-thread-8] [] INFO  c.t.rectagent.agent.SupervisorAgent - [6a695ae4d3ac44db] SupervisorAgent 处理完成: outputLength=87, 调用次数=1
2026-03-26 22:03:04.799 [pool-2-thread-5] [] INFO  c.t.rectagent.agent.SupervisorAgent - [25b76efd3bc4454c] SupervisorAgent 开始处理: inputLength=15
2026-03-26 22:03:04.799 [pool-2-thread-10] [] DEBUG c.t.rectagent.agent.SupervisorAgent - [558775dddf514d57] 执行工具: data_analysis_agent, input=82
2026-03-26 22:03:04.799 [pool-2-thread-9] [] INFO  c.t.rectagent.agent.SupervisorAgent - [d36dfa104cf14270] 任务完成
2026-03-26 22:03:04.799 [pool-2-thread-2] [] INFO  c.t.rectagent.agent.SupervisorAgent - [f3a2796981784b44] SupervisorAgent 开始处理: inputLength=15
2026-03-26 22:03:04.799 [pool-2-thread-4] [] INFO  c.t.rectagent.agent.SupervisorAgent - [c27f65492f944191] SupervisorAgent 处理完成: outputLength=82, 调用次数=1
2026-03-26 22:03:04.799 [pool-2-thread-2] [] DEBUG c.t.rectagent.agent.SupervisorAgent - [f3a2796981784b44] 执行工具: data_analysis_agent, input=82
2026-03-26 22:03:04.799 [pool-2-thread-8] [] INFO  c.t.rectagent.agent.SupervisorAgent - [081a57e6cb404d8c] SupervisorAgent 开始处理: inputLength=15
2026-03-26 22:03:04.799 [pool-2-thread-2] [] DEBUG c.t.rectagent.agent.SupervisorAgent - [f3a2796981784b44] 工具 data_analysis_agent 执行完成, outputLength=82
2026-03-26 22:03:04.799 [pool-2-thread-6] [] INFO  c.t.rectagent.agent.SupervisorAgent - [e67096405a444a1f] SupervisorAgent 开始处理: inputLength=15
2026-03-26 22:03:04.799 [pool-2-thread-8] [] DEBUG c.t.rectagent.agent.SupervisorAgent - [081a57e6cb404d8c] 执行工具: data_analysis_agent, input=82
2026-03-26 22:03:04.799 [pool-2-thread-7] [] DEBUG c.t.rectagent.agent.SupervisorAgent - [5942b3ea31ea41f6] 执行工具: intent_recognition_agent, input=87
2026-03-26 22:03:04.799 [pool-2-thread-8] [] DEBUG c.t.rectagent.agent.SupervisorAgent - [081a57e6cb404d8c] 工具 data_analysis_agent 执行完成, outputLength=82
2026-03-26 22:03:04.799 [pool-2-thread-3] [] INFO  c.t.rectagent.agent.SupervisorAgent - [e02ee87132474452] 任务完成
2026-03-26 22:03:04.799 [pool-2-thread-7] [] DEBUG c.t.rectagent.agent.SupervisorAgent - [5942b3ea31ea41f6] 工具 intent_recognition_agent 执行完成, outputLength=87
2026-03-26 22:03:04.799 [pool-2-thread-8] [] INFO  c.t.rectagent.agent.SupervisorAgent - [081a57e6cb404d8c] 任务完成
2026-03-26 22:03:04.799 [pool-2-thread-3] [] INFO  c.t.rectagent.agent.SupervisorAgent - [e02ee87132474452] SupervisorAgent 处理完成: outputLength=82, 调用次数=1
2026-03-26 22:03:04.799 [pool-2-thread-1] [] INFO  c.t.rectagent.agent.SupervisorAgent - [a708db15205f4732] 任务完成
2026-03-26 22:03:04.799 [pool-2-thread-8] [] INFO  c.t.rectagent.agent.SupervisorAgent - [081a57e6cb404d8c] SupervisorAgent 处理完成: outputLength=82, 调用次数=1
2026-03-26 22:03:04.799 [pool-2-thread-10] [] DEBUG c.t.rectagent.agent.SupervisorAgent - [558775dddf514d57] 工具 data_analysis_agent 执行完成, outputLength=82
2026-03-26 22:03:04.799 [pool-2-thread-1] [] INFO  c.t.rectagent.agent.SupervisorAgent - [a708db15205f4732] SupervisorAgent 处理完成: outputLength=82, 调用次数=1
2026-03-26 22:03:04.799 [pool-2-thread-5] [] DEBUG c.t.rectagent.agent.SupervisorAgent - [25b76efd3bc4454c] 执行工具: data_analysis_agent, input=82
2026-03-26 22:03:04.799 [pool-2-thread-10] [] INFO  c.t.rectagent.agent.SupervisorAgent - [558775dddf514d57] 任务完成
2026-03-26 22:03:04.799 [pool-2-thread-8] [] INFO  c.t.rectagent.agent.SupervisorAgent - [483bc230d4044e57] SupervisorAgent 开始处理: inputLength=15
2026-03-26 22:03:04.799 [pool-2-thread-5] [] DEBUG c.t.rectagent.agent.SupervisorAgent - [25b76efd3bc4454c] 工具 data_analysis_agent 执行完成, outputLength=82
2026-03-26 22:03:04.799 [pool-2-thread-9] [] INFO  c.t.rectagent.agent.SupervisorAgent - [d36dfa104cf14270] SupervisorAgent 处理完成: outputLength=82, 调用次数=1
2026-03-26 22:03:04.799 [pool-2-thread-8] [] DEBUG c.t.rectagent.agent.SupervisorAgent - [483bc230d4044e57] 执行工具: data_analysis_agent, input=82
2026-03-26 22:03:04.799 [pool-2-thread-1] [] INFO  c.t.rectagent.agent.SupervisorAgent - [04ade876023e4563] SupervisorAgent 开始处理: inputLength=15
2026-03-26 22:03:04.799 [pool-2-thread-2] [] INFO  c.t.rectagent.agent.SupervisorAgent - [f3a2796981784b44] 任务完成
2026-03-26 22:03:04.799 [pool-2-thread-9] [] INFO  c.t.rectagent.agent.SupervisorAgent - [49adb19e20424b15] SupervisorAgent 开始处理: inputLength=15
2026-03-26 22:03:04.799 [pool-2-thread-6] [] DEBUG c.t.rectagent.agent.SupervisorAgent - [e67096405a444a1f] 执行工具: data_analysis_agent, input=82
2026-03-26 22:03:04.799 [pool-2-thread-1] [] DEBUG c.t.rectagent.agent.SupervisorAgent - [04ade876023e4563] 执行工具: data_analysis_agent, input=82
2026-03-26 22:03:04.799 [pool-2-thread-5] [] INFO  c.t.rectagent.agent.SupervisorAgent - [25b76efd3bc4454c] 任务完成
2026-03-26 22:03:04.799 [pool-2-thread-4] [] INFO  c.t.rectagent.agent.SupervisorAgent - [a6ef69ec9e4243f2] SupervisorAgent 开始处理: inputLength=15
2026-03-26 22:03:04.799 [pool-2-thread-5] [] INFO  c.t.rectagent.agent.SupervisorAgent - [25b76efd3bc4454c] SupervisorAgent 处理完成: outputLength=82, 调用次数=1
2026-03-26 22:03:04.799 [pool-2-thread-4] [] DEBUG c.t.rectagent.agent.SupervisorAgent - [a6ef69ec9e4243f2] 执行工具: data_analysis_agent, input=82
2026-03-26 22:03:04.799 [pool-2-thread-7] [] INFO  c.t.rectagent.agent.SupervisorAgent - [5942b3ea31ea41f6] 任务完成
2026-03-26 22:03:04.799 [pool-2-thread-4] [] DEBUG c.t.rectagent.agent.SupervisorAgent - [a6ef69ec9e4243f2] 工具 data_analysis_agent 执行完成, outputLength=82
2026-03-26 22:03:04.799 [pool-2-thread-3] [] INFO  c.t.rectagent.agent.SupervisorAgent - [453ecea6203d43d8] SupervisorAgent 开始处理: inputLength=15
2026-03-26 22:03:04.799 [pool-2-thread-7] [] INFO  c.t.rectagent.agent.SupervisorAgent - [5942b3ea31ea41f6] SupervisorAgent 处理完成: outputLength=87, 调用次数=1
2026-03-26 22:03:04.799 [pool-2-thread-10] [] INFO  c.t.rectagent.agent.SupervisorAgent - [558775dddf514d57] SupervisorAgent 处理完成: outputLength=82, 调用次数=1
2026-03-26 22:03:04.799 [pool-2-thread-3] [] DEBUG c.t.rectagent.agent.SupervisorAgent - [453ecea6203d43d8] 执行工具: data_analysis_agent, input=82
2026-03-26 22:03:04.799 [pool-2-thread-8] [] DEBUG c.t.rectagent.agent.SupervisorAgent - [483bc230d4044e57] 工具 data_analysis_agent 执行完成, outputLength=82
2026-03-26 22:03:04.799 [pool-2-thread-2] [] INFO  c.t.rectagent.agent.SupervisorAgent - [f3a2796981784b44] SupervisorAgent 处理完成: outputLength=82, 调用次数=1
2026-03-26 22:03:04.799 [pool-2-thread-9] [] DEBUG c.t.rectagent.agent.SupervisorAgent - [49adb19e20424b15] 执行工具: data_analysis_agent, input=82
2026-03-26 22:03:04.799 [pool-2-thread-6] [] DEBUG c.t.rectagent.agent.SupervisorAgent - [e67096405a444a1f] 工具 data_analysis_agent 执行完成, outputLength=82
2026-03-26 22:03:04.799 [pool-2-thread-2] [] INFO  c.t.rectagent.agent.SupervisorAgent - [2e6d583c0b0749dc] SupervisorAgent 开始处理: inputLength=15
2026-03-26 22:03:04.799 [pool-2-thread-1] [] DEBUG c.t.rectagent.agent.SupervisorAgent - [04ade876023e4563] 工具 data_analysis_agent 执行完成, outputLength=82
2026-03-26 22:03:04.799 [pool-2-thread-2] [] DEBUG c.t.rectagent.agent.SupervisorAgent - [2e6d583c0b0749dc] 执行工具: data_analysis_agent, input=82
2026-03-26 22:03:04.799 [pool-2-thread-4] [] INFO  c.t.rectagent.agent.SupervisorAgent - [a6ef69ec9e4243f2] 任务完成
2026-03-26 22:03:04.799 [pool-2-thread-1] [] INFO  c.t.rectagent.agent.SupervisorAgent - [04ade876023e4563] 任务完成
2026-03-26 22:03:04.799 [pool-2-thread-5] [] INFO  c.t.rectagent.agent.SupervisorAgent - [15ae9642220d4a7f] SupervisorAgent 开始处理: inputLength=15
2026-03-26 22:03:04.799 [pool-2-thread-3] [] DEBUG c.t.rectagent.agent.SupervisorAgent - [453ecea6203d43d8] 工具 data_analysis_agent 执行完成, outputLength=82
2026-03-26 22:03:04.800 [pool-2-thread-4] [] INFO  c.t.rectagent.agent.SupervisorAgent - [a6ef69ec9e4243f2] SupervisorAgent 处理完成: outputLength=82, 调用次数=1
2026-03-26 22:03:04.799 [pool-2-thread-7] [] INFO  c.t.rectagent.agent.SupervisorAgent - [a4f714fdef624285] SupervisorAgent 开始处理: inputLength=15
2026-03-26 22:03:04.800 [pool-2-thread-3] [] INFO  c.t.rectagent.agent.SupervisorAgent - [453ecea6203d43d8] 任务完成
2026-03-26 22:03:04.799 [pool-2-thread-10] [] INFO  c.t.rectagent.agent.SupervisorAgent - [e9d1eaffb30b4bfd] SupervisorAgent 开始处理: inputLength=15
2026-03-26 22:03:04.799 [pool-2-thread-8] [] INFO  c.t.rectagent.agent.SupervisorAgent - [483bc230d4044e57] 任务完成
2026-03-26 22:03:04.799 [pool-2-thread-9] [] DEBUG c.t.rectagent.agent.SupervisorAgent - [49adb19e20424b15] 工具 data_analysis_agent 执行完成, outputLength=82
2026-03-26 22:03:04.800 [pool-2-thread-8] [] INFO  c.t.rectagent.agent.SupervisorAgent - [483bc230d4044e57] SupervisorAgent 处理完成: outputLength=82, 调用次数=1
2026-03-26 22:03:04.799 [pool-2-thread-6] [] INFO  c.t.rectagent.agent.SupervisorAgent - [e67096405a444a1f] 任务完成
2026-03-26 22:03:04.800 [pool-2-thread-9] [] INFO  c.t.rectagent.agent.SupervisorAgent - [49adb19e20424b15] 任务完成
2026-03-26 22:03:04.799 [pool-2-thread-2] [] DEBUG c.t.rectagent.agent.SupervisorAgent - [2e6d583c0b0749dc] 工具 data_analysis_agent 执行完成, outputLength=82
2026-03-26 22:03:04.800 [pool-2-thread-9] [] INFO  c.t.rectagent.agent.SupervisorAgent - [49adb19e20424b15] SupervisorAgent 处理完成: outputLength=82, 调用次数=1
2026-03-26 22:03:04.800 [pool-2-thread-6] [] INFO  c.t.rectagent.agent.SupervisorAgent - [e67096405a444a1f] SupervisorAgent 处理完成: outputLength=82, 调用次数=1
2026-03-26 22:03:04.800 [pool-2-thread-8] [] INFO  c.t.rectagent.agent.SupervisorAgent - [db240cfa9b5c4509] SupervisorAgent 开始处理: inputLength=15
2026-03-26 22:03:04.800 [pool-2-thread-1] [] INFO  c.t.rectagent.agent.SupervisorAgent - [04ade876023e4563] SupervisorAgent 处理完成: outputLength=82, 调用次数=1
2026-03-26 22:03:04.800 [pool-2-thread-8] [] DEBUG c.t.rectagent.agent.SupervisorAgent - [db240cfa9b5c4509] 执行工具: data_analysis_agent, input=82
2026-03-26 22:03:04.800 [pool-2-thread-5] [] DEBUG c.t.rectagent.agent.SupervisorAgent - [15ae9642220d4a7f] 执行工具: data_analysis_agent, input=82
2026-03-26 22:03:04.800 [pool-2-thread-8] [] DEBUG c.t.rectagent.agent.SupervisorAgent - [db240cfa9b5c4509] 工具 data_analysis_agent 执行完成, outputLength=82
2026-03-26 22:03:04.800 [pool-2-thread-3] [] INFO  c.t.rectagent.agent.SupervisorAgent - [453ecea6203d43d8] SupervisorAgent 处理完成: outputLength=82, 调用次数=1
2026-03-26 22:03:04.800 [pool-2-thread-8] [] INFO  c.t.rectagent.agent.SupervisorAgent - [db240cfa9b5c4509] 任务完成
2026-03-26 22:03:04.800 [pool-2-thread-1] [] INFO  c.t.rectagent.agent.SupervisorAgent - [1ca57a80ade84351] SupervisorAgent 开始处理: inputLength=15
2026-03-26 22:03:04.800 [pool-2-thread-8] [] INFO  c.t.rectagent.agent.SupervisorAgent - [db240cfa9b5c4509] SupervisorAgent 处理完成: outputLength=82, 调用次数=1
2026-03-26 22:03:04.800 [pool-2-thread-7] [] DEBUG c.t.rectagent.agent.SupervisorAgent - [a4f714fdef624285] 执行工具: data_analysis_agent, input=82
2026-03-26 22:03:04.800 [pool-2-thread-1] [] DEBUG c.t.rectagent.agent.SupervisorAgent - [1ca57a80ade84351] 执行工具: data_analysis_agent, input=82
2026-03-26 22:03:04.800 [pool-2-thread-10] [] DEBUG c.t.rectagent.agent.SupervisorAgent - [e9d1eaffb30b4bfd] 执行工具: data_analysis_agent, input=82
2026-03-26 22:03:04.800 [pool-2-thread-3] [] INFO  c.t.rectagent.agent.SupervisorAgent - [c9cc343802434584] SupervisorAgent 开始处理: inputLength=15
2026-03-26 22:03:04.800 [pool-2-thread-10] [] DEBUG c.t.rectagent.agent.SupervisorAgent - [e9d1eaffb30b4bfd] 工具 data_analysis_agent 执行完成, outputLength=82
2026-03-26 22:03:04.800 [pool-2-thread-3] [] DEBUG c.t.rectagent.agent.SupervisorAgent - [c9cc343802434584] 执行工具: data_analysis_agent, input=82
2026-03-26 22:03:04.800 [pool-2-thread-4] [] INFO  c.t.rectagent.agent.SupervisorAgent - [9dd7c586c8714c9b] SupervisorAgent 开始处理: inputLength=15
2026-03-26 22:03:04.800 [pool-2-thread-3] [] DEBUG c.t.rectagent.agent.SupervisorAgent - [c9cc343802434584] 工具 data_analysis_agent 执行完成, outputLength=82
2026-03-26 22:03:04.800 [pool-2-thread-10] [] INFO  c.t.rectagent.agent.SupervisorAgent - [e9d1eaffb30b4bfd] 任务完成
2026-03-26 22:03:04.800 [pool-2-thread-9] [] INFO  c.t.rectagent.agent.SupervisorAgent - [74f13bf3f2e14520] SupervisorAgent 开始处理: inputLength=15
2026-03-26 22:03:04.800 [pool-2-thread-3] [] INFO  c.t.rectagent.agent.SupervisorAgent - [c9cc343802434584] 任务完成
2026-03-26 22:03:04.800 [pool-2-thread-3] [] INFO  c.t.rectagent.agent.SupervisorAgent - [c9cc343802434584] SupervisorAgent 处理完成: outputLength=82, 调用次数=1
2026-03-26 22:03:04.800 [pool-2-thread-6] [] INFO  c.t.rectagent.agent.SupervisorAgent - [853693dd21b540f7] SupervisorAgent 开始处理: inputLength=15
2026-03-26 22:03:04.800 [pool-2-thread-9] [] DEBUG c.t.rectagent.agent.SupervisorAgent - [74f13bf3f2e14520] 执行工具: data_analysis_agent, input=82
2026-03-26 22:03:04.800 [pool-2-thread-6] [] DEBUG c.t.rectagent.agent.SupervisorAgent - [853693dd21b540f7] 执行工具: data_analysis_agent, input=82
2026-03-26 22:03:04.800 [pool-2-thread-3] [] INFO  c.t.rectagent.agent.SupervisorAgent - [570c034020914f7d] SupervisorAgent 开始处理: inputLength=15
2026-03-26 22:03:04.800 [pool-2-thread-6] [] DEBUG c.t.rectagent.agent.SupervisorAgent - [853693dd21b540f7] 工具 data_analysis_agent 执行完成, outputLength=82
2026-03-26 22:03:04.800 [pool-2-thread-5] [] DEBUG c.t.rectagent.agent.SupervisorAgent - [15ae9642220d4a7f] 工具 data_analysis_agent 执行完成, outputLength=82
2026-03-26 22:03:04.800 [pool-2-thread-2] [] INFO  c.t.rectagent.agent.SupervisorAgent - [2e6d583c0b0749dc] 任务完成
2026-03-26 22:03:04.800 [pool-2-thread-7] [] DEBUG c.t.rectagent.agent.SupervisorAgent - [a4f714fdef624285] 工具 data_analysis_agent 执行完成, outputLength=82
2026-03-26 22:03:04.800 [pool-2-thread-1] [] DEBUG c.t.rectagent.agent.SupervisorAgent - [1ca57a80ade84351] 工具 data_analysis_agent 执行完成, outputLength=82
2026-03-26 22:03:04.800 [pool-2-thread-8] [] INFO  c.t.rectagent.agent.SupervisorAgent - [3a75f6a0c80b4314] SupervisorAgent 开始处理: inputLength=15
2026-03-26 22:03:04.800 [pool-2-thread-7] [] INFO  c.t.rectagent.agent.SupervisorAgent - [a4f714fdef624285] 任务完成
2026-03-26 22:03:04.800 [pool-2-thread-10] [] INFO  c.t.rectagent.agent.SupervisorAgent - [e9d1eaffb30b4bfd] SupervisorAgent 处理完成: outputLength=82, 调用次数=1
2026-03-26 22:03:04.800 [pool-2-thread-7] [] INFO  c.t.rectagent.agent.SupervisorAgent - [a4f714fdef624285] SupervisorAgent 处理完成: outputLength=82, 调用次数=1
2026-03-26 22:03:04.800 [pool-2-thread-4] [] DEBUG c.t.rectagent.agent.SupervisorAgent - [9dd7c586c8714c9b] 执行工具: data_analysis_agent, input=82
2026-03-26 22:03:04.800 [pool-2-thread-9] [] DEBUG c.t.rectagent.agent.SupervisorAgent - [74f13bf3f2e14520] 工具 data_analysis_agent 执行完成, outputLength=82
2026-03-26 22:03:04.800 [pool-2-thread-4] [] DEBUG c.t.rectagent.agent.SupervisorAgent - [9dd7c586c8714c9b] 工具 data_analysis_agent 执行完成, outputLength=82
2026-03-26 22:03:04.800 [pool-2-thread-3] [] DEBUG c.t.rectagent.agent.SupervisorAgent - [570c034020914f7d] 执行工具: data_analysis_agent, input=82
2026-03-26 22:03:04.800 [pool-2-thread-6] [] INFO  c.t.rectagent.agent.SupervisorAgent - [853693dd21b540f7] 任务完成
2026-03-26 22:03:04.800 [pool-2-thread-7] [] INFO  c.t.rectagent.agent.SupervisorAgent - [b4f655b81d0b4245] SupervisorAgent 开始处理: inputLength=15
2026-03-26 22:03:04.800 [pool-2-thread-6] [] INFO  c.t.rectagent.agent.SupervisorAgent - [853693dd21b540f7] SupervisorAgent 处理完成: outputLength=82, 调用次数=1
2026-03-26 22:03:04.800 [pool-2-thread-5] [] INFO  c.t.rectagent.agent.SupervisorAgent - [15ae9642220d4a7f] 任务完成
2026-03-26 22:03:04.800 [pool-2-thread-4] [] INFO  c.t.rectagent.agent.SupervisorAgent - [9dd7c586c8714c9b] 任务完成
2026-03-26 22:03:04.800 [pool-2-thread-2] [] INFO  c.t.rectagent.agent.SupervisorAgent - [2e6d583c0b0749dc] SupervisorAgent 处理完成: outputLength=82, 调用次数=1
2026-03-26 22:03:04.800 [pool-2-thread-6] [] INFO  c.t.rectagent.agent.SupervisorAgent - [003f8a5a93b9451f] SupervisorAgent 开始处理: inputLength=15
2026-03-26 22:03:04.800 [pool-2-thread-1] [] INFO  c.t.rectagent.agent.SupervisorAgent - [1ca57a80ade84351] 任务完成
2026-03-26 22:03:04.800 [pool-2-thread-6] [] DEBUG c.t.rectagent.agent.SupervisorAgent - [003f8a5a93b9451f] 执行工具: data_analysis_agent, input=82
2026-03-26 22:03:04.800 [pool-2-thread-6] [] DEBUG c.t.rectagent.agent.SupervisorAgent - [003f8a5a93b9451f] 工具 data_analysis_agent 执行完成, outputLength=82
2026-03-26 22:03:04.800 [pool-2-thread-8] [] DEBUG c.t.rectagent.agent.SupervisorAgent - [3a75f6a0c80b4314] 执行工具: data_analysis_agent, input=82
2026-03-26 22:03:04.800 [pool-2-thread-6] [] INFO  c.t.rectagent.agent.SupervisorAgent - [003f8a5a93b9451f] 任务完成
2026-03-26 22:03:04.800 [pool-2-thread-6] [] INFO  c.t.rectagent.agent.SupervisorAgent - [003f8a5a93b9451f] SupervisorAgent 处理完成: outputLength=82, 调用次数=1
2026-03-26 22:03:04.800 [pool-2-thread-10] [] INFO  c.t.rectagent.agent.SupervisorAgent - [57770fa629d7444d] SupervisorAgent 开始处理: inputLength=15
2026-03-26 22:03:04.800 [pool-2-thread-8] [] DEBUG c.t.rectagent.agent.SupervisorAgent - [3a75f6a0c80b4314] 工具 data_analysis_agent 执行完成, outputLength=82
2026-03-26 22:03:04.800 [pool-2-thread-3] [] DEBUG c.t.rectagent.agent.SupervisorAgent - [570c034020914f7d] 工具 data_analysis_agent 执行完成, outputLength=82
2026-03-26 22:03:04.800 [pool-2-thread-10] [] DEBUG c.t.rectagent.agent.SupervisorAgent - [57770fa629d7444d] 执行工具: data_analysis_agent, input=82
2026-03-26 22:03:04.800 [pool-2-thread-7] [] DEBUG c.t.rectagent.agent.SupervisorAgent - [b4f655b81d0b4245] 执行工具: data_analysis_agent, input=82
2026-03-26 22:03:04.800 [pool-2-thread-8] [] INFO  c.t.rectagent.agent.SupervisorAgent - [3a75f6a0c80b4314] 任务完成
2026-03-26 22:03:04.800 [pool-2-thread-9] [] INFO  c.t.rectagent.agent.SupervisorAgent - [74f13bf3f2e14520] 任务完成
2026-03-26 22:03:04.800 [pool-2-thread-4] [] INFO  c.t.rectagent.agent.SupervisorAgent - [9dd7c586c8714c9b] SupervisorAgent 处理完成: outputLength=82, 调用次数=1
2026-03-26 22:03:04.800 [pool-2-thread-9] [] INFO  c.t.rectagent.agent.SupervisorAgent - [74f13bf3f2e14520] SupervisorAgent 处理完成: outputLength=82, 调用次数=1
2026-03-26 22:03:04.800 [pool-2-thread-5] [] INFO  c.t.rectagent.agent.SupervisorAgent - [15ae9642220d4a7f] SupervisorAgent 处理完成: outputLength=82, 调用次数=1
2026-03-26 22:03:04.800 [pool-2-thread-1] [] INFO  c.t.rectagent.agent.SupervisorAgent - [1ca57a80ade84351] SupervisorAgent 处理完成: outputLength=82, 调用次数=1
2026-03-26 22:03:04.800 [pool-2-thread-2] [] INFO  c.t.rectagent.agent.SupervisorAgent - [eafe68af47cf497d] SupervisorAgent 开始处理: inputLength=15
2026-03-26 22:03:04.802 [pool-2-thread-5] [] INFO  c.t.rectagent.agent.SupervisorAgent - [a346955f534547fb] SupervisorAgent 开始处理: inputLength=15
2026-03-26 22:03:04.800 [pool-2-thread-6] [] INFO  c.t.rectagent.agent.SupervisorAgent - [946ea23c0b4f4c49] SupervisorAgent 开始处理: inputLength=15
2026-03-26 22:03:04.802 [pool-2-thread-5] [] DEBUG c.t.rectagent.agent.SupervisorAgent - [a346955f534547fb] 执行工具: data_analysis_agent, input=82
2026-03-26 22:03:04.802 [pool-2-thread-2] [] DEBUG c.t.rectagent.agent.SupervisorAgent - [eafe68af47cf497d] 执行工具: data_analysis_agent, input=82
2026-03-26 22:03:04.800 [pool-2-thread-10] [] DEBUG c.t.rectagent.agent.SupervisorAgent - [57770fa629d7444d] 工具 data_analysis_agent 执行完成, outputLength=82
2026-03-26 22:03:04.802 [pool-2-thread-2] [] DEBUG c.t.rectagent.agent.SupervisorAgent - [eafe68af47cf497d] 工具 data_analysis_agent 执行完成, outputLength=82
2026-03-26 22:03:04.800 [pool-2-thread-3] [] INFO  c.t.rectagent.agent.SupervisorAgent - [570c034020914f7d] 任务完成
2026-03-26 22:03:04.802 [pool-2-thread-1] [] INFO  c.t.rectagent.agent.SupervisorAgent - [3f4a17226f874f42] SupervisorAgent 开始处理: inputLength=15
2026-03-26 22:03:04.800 [pool-2-thread-8] [] INFO  c.t.rectagent.agent.SupervisorAgent - [3a75f6a0c80b4314] SupervisorAgent 处理完成: outputLength=82, 调用次数=1
2026-03-26 22:03:04.802 [pool-2-thread-1] [] DEBUG c.t.rectagent.agent.SupervisorAgent - [3f4a17226f874f42] 执行工具: data_analysis_agent, input=82
2026-03-26 22:03:04.800 [pool-2-thread-7] [] DEBUG c.t.rectagent.agent.SupervisorAgent - [b4f655b81d0b4245] 工具 data_analysis_agent 执行完成, outputLength=82
2026-03-26 22:03:04.802 [pool-2-thread-1] [] DEBUG c.t.rectagent.agent.SupervisorAgent - [3f4a17226f874f42] 工具 data_analysis_agent 执行完成, outputLength=82
2026-03-26 22:03:04.800 [pool-2-thread-4] [] INFO  c.t.rectagent.agent.SupervisorAgent - [ebd1e1bfed554b5e] SupervisorAgent 开始处理: inputLength=15
2026-03-26 22:03:04.802 [pool-2-thread-9] [] INFO  c.t.rectagent.agent.SupervisorAgent - [c73e251274d54080] SupervisorAgent 开始处理: inputLength=15
2026-03-26 22:03:04.802 [pool-2-thread-7] [] INFO  c.t.rectagent.agent.SupervisorAgent - [b4f655b81d0b4245] 任务完成
2026-03-26 22:03:04.802 [pool-2-thread-5] [] DEBUG c.t.rectagent.agent.SupervisorAgent - [a346955f534547fb] 工具 data_analysis_agent 执行完成, outputLength=82
2026-03-26 22:03:04.802 [pool-2-thread-9] [] DEBUG c.t.rectagent.agent.SupervisorAgent - [c73e251274d54080] 执行工具: data_analysis_agent, input=82
2026-03-26 22:03:04.802 [pool-2-thread-6] [] DEBUG c.t.rectagent.agent.SupervisorAgent - [946ea23c0b4f4c49] 执行工具: intent_recognition_agent, input=87
2026-03-26 22:03:04.802 [pool-2-thread-5] [] INFO  c.t.rectagent.agent.SupervisorAgent - [a346955f534547fb] 任务完成
2026-03-26 22:03:04.802 [pool-2-thread-2] [] INFO  c.t.rectagent.agent.SupervisorAgent - [eafe68af47cf497d] 任务完成
2026-03-26 22:03:04.802 [pool-2-thread-5] [] INFO  c.t.rectagent.agent.SupervisorAgent - [a346955f534547fb] SupervisorAgent 处理完成: outputLength=82, 调用次数=1
2026-03-26 22:03:04.802 [pool-2-thread-10] [] INFO  c.t.rectagent.agent.SupervisorAgent - [57770fa629d7444d] 任务完成
2026-03-26 22:03:04.802 [pool-2-thread-3] [] INFO  c.t.rectagent.agent.SupervisorAgent - [570c034020914f7d] SupervisorAgent 处理完成: outputLength=82, 调用次数=1
2026-03-26 22:03:04.802 [pool-2-thread-4] [] DEBUG c.t.rectagent.agent.SupervisorAgent - [ebd1e1bfed554b5e] 执行工具: data_analysis_agent, input=82
2026-03-26 22:03:04.802 [pool-2-thread-7] [] INFO  c.t.rectagent.agent.SupervisorAgent - [b4f655b81d0b4245] SupervisorAgent 处理完成: outputLength=82, 调用次数=1
2026-03-26 22:03:04.802 [pool-2-thread-4] [] DEBUG c.t.rectagent.agent.SupervisorAgent - [ebd1e1bfed554b5e] 工具 data_analysis_agent 执行完成, outputLength=82
2026-03-26 22:03:04.802 [pool-2-thread-8] [] INFO  c.t.rectagent.agent.SupervisorAgent - [5df029636c384920] SupervisorAgent 开始处理: inputLength=15
2026-03-26 22:03:04.802 [pool-2-thread-4] [] INFO  c.t.rectagent.agent.SupervisorAgent - [ebd1e1bfed554b5e] 任务完成
2026-03-26 22:03:04.802 [pool-2-thread-3] [] INFO  c.t.rectagent.agent.SupervisorAgent - [ed5c536330904138] SupervisorAgent 开始处理: inputLength=15
2026-03-26 22:03:04.802 [pool-2-thread-8] [] DEBUG c.t.rectagent.agent.SupervisorAgent - [5df029636c384920] 执行工具: data_analysis_agent, input=82
2026-03-26 22:03:04.802 [pool-2-thread-1] [] INFO  c.t.rectagent.agent.SupervisorAgent - [3f4a17226f874f42] 任务完成
2026-03-26 22:03:04.802 [pool-2-thread-3] [] DEBUG c.t.rectagent.agent.SupervisorAgent - [ed5c536330904138] 执行工具: intent_recognition_agent, input=87
2026-03-26 22:03:04.802 [pool-2-thread-9] [] DEBUG c.t.rectagent.agent.SupervisorAgent - [c73e251274d54080] 工具 data_analysis_agent 执行完成, outputLength=82
2026-03-26 22:03:04.802 [pool-2-thread-3] [] DEBUG c.t.rectagent.agent.SupervisorAgent - [ed5c536330904138] 工具 intent_recognition_agent 执行完成, outputLength=87
2026-03-26 22:03:04.802 [pool-2-thread-6] [] DEBUG c.t.rectagent.agent.SupervisorAgent - [946ea23c0b4f4c49] 工具 intent_recognition_agent 执行完成, outputLength=87
2026-03-26 22:03:04.802 [pool-2-thread-3] [] INFO  c.t.rectagent.agent.SupervisorAgent - [ed5c536330904138] 任务完成
2026-03-26 22:03:04.802 [pool-2-thread-2] [] INFO  c.t.rectagent.agent.SupervisorAgent - [eafe68af47cf497d] SupervisorAgent 处理完成: outputLength=82, 调用次数=1
2026-03-26 22:03:04.802 [pool-2-thread-10] [] INFO  c.t.rectagent.agent.SupervisorAgent - [57770fa629d7444d] SupervisorAgent 处理完成: outputLength=82, 调用次数=1
2026-03-26 22:03:04.802 [pool-2-thread-5] [] INFO  c.t.rectagent.agent.SupervisorAgent - [5e778d9e0ff8435c] SupervisorAgent 开始处理: inputLength=15
2026-03-26 22:03:04.802 [pool-2-thread-4] [] INFO  c.t.rectagent.agent.SupervisorAgent - [ebd1e1bfed554b5e] SupervisorAgent 处理完成: outputLength=82, 调用次数=1
2026-03-26 22:03:04.802 [pool-2-thread-2] [] INFO  c.t.rectagent.agent.SupervisorAgent - [68e96bc961634851] SupervisorAgent 开始处理: inputLength=15
2026-03-26 22:03:04.802 [pool-2-thread-7] [] INFO  c.t.rectagent.agent.SupervisorAgent - [50cb768512f84dc5] SupervisorAgent 开始处理: inputLength=15
2026-03-26 22:03:04.802 [pool-2-thread-2] [] DEBUG c.t.rectagent.agent.SupervisorAgent - [68e96bc961634851] 执行工具: data_analysis_agent, input=82
2026-03-26 22:03:04.802 [pool-2-thread-8] [] DEBUG c.t.rectagent.agent.SupervisorAgent - [5df029636c384920] 工具 data_analysis_agent 执行完成, outputLength=82
2026-03-26 22:03:04.802 [pool-2-thread-4] [] INFO  c.t.rectagent.agent.SupervisorAgent - [9d419462dd4447fb] SupervisorAgent 开始处理: inputLength=15
2026-03-26 22:03:04.802 [pool-2-thread-1] [] INFO  c.t.rectagent.agent.SupervisorAgent - [3f4a17226f874f42] SupervisorAgent 处理完成: outputLength=82, 调用次数=1
2026-03-26 22:03:04.802 [pool-2-thread-4] [] DEBUG c.t.rectagent.agent.SupervisorAgent - [9d419462dd4447fb] 执行工具: data_analysis_agent, input=82
2026-03-26 22:03:04.802 [pool-2-thread-9] [] INFO  c.t.rectagent.agent.SupervisorAgent - [c73e251274d54080] 任务完成
2026-03-26 22:03:04.802 [pool-2-thread-6] [] INFO  c.t.rectagent.agent.SupervisorAgent - [946ea23c0b4f4c49] 任务完成
2026-03-26 22:03:04.802 [pool-2-thread-9] [] INFO  c.t.rectagent.agent.SupervisorAgent - [c73e251274d54080] SupervisorAgent 处理完成: outputLength=82, 调用次数=1
2026-03-26 22:03:04.802 [pool-2-thread-3] [] INFO  c.t.rectagent.agent.SupervisorAgent - [ed5c536330904138] SupervisorAgent 处理完成: outputLength=87, 调用次数=1
2026-03-26 22:03:04.802 [pool-2-thread-5] [] DEBUG c.t.rectagent.agent.SupervisorAgent - [5e778d9e0ff8435c] 执行工具: data_analysis_agent, input=82
2026-03-26 22:03:04.802 [pool-2-thread-10] [] INFO  c.t.rectagent.agent.SupervisorAgent - [14b49c14303b43bc] SupervisorAgent 开始处理: inputLength=15
2026-03-26 22:03:04.802 [pool-2-thread-2] [] DEBUG c.t.rectagent.agent.SupervisorAgent - [68e96bc961634851] 工具 data_analysis_agent 执行完成, outputLength=82
2026-03-26 22:03:04.804 [pool-2-thread-3] [] INFO  c.t.rectagent.agent.SupervisorAgent - [d3538e5112ab4123] SupervisorAgent 开始处理: inputLength=15
2026-03-26 22:03:04.802 [pool-2-thread-7] [] DEBUG c.t.rectagent.agent.SupervisorAgent - [50cb768512f84dc5] 执行工具: intent_recognition_agent, input=87
2026-03-26 22:03:04.804 [pool-2-thread-3] [] DEBUG c.t.rectagent.agent.SupervisorAgent - [d3538e5112ab4123] 执行工具: data_analysis_agent, input=82
2026-03-26 22:03:04.802 [pool-2-thread-8] [] INFO  c.t.rectagent.agent.SupervisorAgent - [5df029636c384920] 任务完成
2026-03-26 22:03:04.804 [pool-2-thread-3] [] DEBUG c.t.rectagent.agent.SupervisorAgent - [d3538e5112ab4123] 工具 data_analysis_agent 执行完成, outputLength=82
2026-03-26 22:03:04.804 [pool-2-thread-7] [] DEBUG c.t.rectagent.agent.SupervisorAgent - [50cb768512f84dc5] 工具 intent_recognition_agent 执行完成, outputLength=87
2026-03-26 22:03:04.802 [pool-2-thread-4] [] DEBUG c.t.rectagent.agent.SupervisorAgent - [9d419462dd4447fb] 工具 data_analysis_agent 执行完成, outputLength=82
2026-03-26 22:03:04.802 [pool-2-thread-6] [] INFO  c.t.rectagent.agent.SupervisorAgent - [946ea23c0b4f4c49] SupervisorAgent 处理完成: outputLength=87, 调用次数=1
2026-03-26 22:03:04.804 [pool-2-thread-7] [] INFO  c.t.rectagent.agent.SupervisorAgent - [50cb768512f84dc5] 任务完成
2026-03-26 22:03:04.802 [pool-2-thread-1] [] INFO  c.t.rectagent.agent.SupervisorAgent - [b3a64584ed4240bb] SupervisorAgent 开始处理: inputLength=15
2026-03-26 22:03:04.804 [pool-2-thread-9] [] INFO  c.t.rectagent.agent.SupervisorAgent - [96a4889685ca4c00] SupervisorAgent 开始处理: inputLength=15
2026-03-26 22:03:04.804 [pool-2-thread-10] [] DEBUG c.t.rectagent.agent.SupervisorAgent - [14b49c14303b43bc] 执行工具: data_analysis_agent, input=82
2026-03-26 22:03:04.804 [pool-2-thread-6] [] INFO  c.t.rectagent.agent.SupervisorAgent - [5d69fb48e51d4202] SupervisorAgent 开始处理: inputLength=15
2026-03-26 22:03:04.804 [pool-2-thread-5] [] DEBUG c.t.rectagent.agent.SupervisorAgent - [5e778d9e0ff8435c] 工具 data_analysis_agent 执行完成, outputLength=82
2026-03-26 22:03:04.804 [pool-2-thread-6] [] DEBUG c.t.rectagent.agent.SupervisorAgent - [5d69fb48e51d4202] 执行工具: data_analysis_agent, input=82
2026-03-26 22:03:04.804 [pool-2-thread-2] [] INFO  c.t.rectagent.agent.SupervisorAgent - [68e96bc961634851] 任务完成
2026-03-26 22:03:04.804 [pool-2-thread-6] [] DEBUG c.t.rectagent.agent.SupervisorAgent - [5d69fb48e51d4202] 工具 data_analysis_agent 执行完成, outputLength=82
2026-03-26 22:03:04.804 [pool-2-thread-8] [] INFO  c.t.rectagent.agent.SupervisorAgent - [5df029636c384920] SupervisorAgent 处理完成: outputLength=82, 调用次数=1
2026-03-26 22:03:04.804 [pool-2-thread-3] [] INFO  c.t.rectagent.agent.SupervisorAgent - [d3538e5112ab4123] 任务完成
2026-03-26 22:03:04.804 [pool-2-thread-4] [] INFO  c.t.rectagent.agent.SupervisorAgent - [9d419462dd4447fb] 任务完成
2026-03-26 22:03:04.804 [pool-2-thread-7] [] INFO  c.t.rectagent.agent.SupervisorAgent - [50cb768512f84dc5] SupervisorAgent 处理完成: outputLength=87, 调用次数=1
2026-03-26 22:03:04.804 [pool-2-thread-4] [] INFO  c.t.rectagent.agent.SupervisorAgent - [9d419462dd4447fb] SupervisorAgent 处理完成: outputLength=82, 调用次数=1
2026-03-26 22:03:04.804 [pool-2-thread-8] [] INFO  c.t.rectagent.agent.SupervisorAgent - [85c02e9af9c4446e] SupervisorAgent 开始处理: inputLength=15
2026-03-26 22:03:04.804 [pool-2-thread-1] [] DEBUG c.t.rectagent.agent.SupervisorAgent - [b3a64584ed4240bb] 执行工具: data_analysis_agent, input=82
2026-03-26 22:03:04.804 [pool-2-thread-8] [] DEBUG c.t.rectagent.agent.SupervisorAgent - [85c02e9af9c4446e] 执行工具: data_analysis_agent, input=82
2026-03-26 22:03:04.804 [pool-2-thread-1] [] DEBUG c.t.rectagent.agent.SupervisorAgent - [b3a64584ed4240bb] 工具 data_analysis_agent 执行完成, outputLength=82
2026-03-26 22:03:04.804 [pool-2-thread-9] [] DEBUG c.t.rectagent.agent.SupervisorAgent - [96a4889685ca4c00] 执行工具: data_analysis_agent, input=82
2026-03-26 22:03:04.804 [pool-2-thread-7] [] INFO  c.t.rectagent.agent.SupervisorAgent - [6829be6bbb65431c] SupervisorAgent 开始处理: inputLength=15
2026-03-26 22:03:04.804 [pool-2-thread-10] [] DEBUG c.t.rectagent.agent.SupervisorAgent - [14b49c14303b43bc] 工具 data_analysis_agent 执行完成, outputLength=82
2026-03-26 22:03:04.804 [pool-2-thread-1] [] INFO  c.t.rectagent.agent.SupervisorAgent - [b3a64584ed4240bb] 任务完成
2026-03-26 22:03:04.804 [pool-2-thread-5] [] INFO  c.t.rectagent.agent.SupervisorAgent - [5e778d9e0ff8435c] 任务完成
2026-03-26 22:03:04.804 [pool-2-thread-1] [] INFO  c.t.rectagent.agent.SupervisorAgent - [b3a64584ed4240bb] SupervisorAgent 处理完成: outputLength=82, 调用次数=1
2026-03-26 22:03:04.804 [pool-2-thread-2] [] INFO  c.t.rectagent.agent.SupervisorAgent - [68e96bc961634851] SupervisorAgent 处理完成: outputLength=82, 调用次数=1
2026-03-26 22:03:04.804 [pool-2-thread-5] [] INFO  c.t.rectagent.agent.SupervisorAgent - [5e778d9e0ff8435c] SupervisorAgent 处理完成: outputLength=82, 调用次数=1
2026-03-26 22:03:04.804 [pool-2-thread-6] [] INFO  c.t.rectagent.agent.SupervisorAgent - [5d69fb48e51d4202] 任务完成
2026-03-26 22:03:04.804 [pool-2-thread-1] [] INFO  c.t.rectagent.agent.SupervisorAgent - [85b0a329806e4bbf] SupervisorAgent 开始处理: inputLength=15
2026-03-26 22:03:04.804 [pool-2-thread-3] [] INFO  c.t.rectagent.agent.SupervisorAgent - [d3538e5112ab4123] SupervisorAgent 处理完成: outputLength=82, 调用次数=1
2026-03-26 22:03:04.804 [pool-2-thread-1] [] DEBUG c.t.rectagent.agent.SupervisorAgent - [85b0a329806e4bbf] 执行工具: data_analysis_agent, input=82
2026-03-26 22:03:04.804 [pool-2-thread-5] [] INFO  c.t.rectagent.agent.SupervisorAgent - [96efc1d0922948e6] SupervisorAgent 开始处理: inputLength=15
2026-03-26 22:03:04.804 [pool-2-thread-8] [] DEBUG c.t.rectagent.agent.SupervisorAgent - [85c02e9af9c4446e] 工具 data_analysis_agent 执行完成, outputLength=82
2026-03-26 22:03:04.804 [pool-2-thread-2] [] INFO  c.t.rectagent.agent.SupervisorAgent - [3d8adfd577f64c2a] SupervisorAgent 开始处理: inputLength=15
2026-03-26 22:03:04.804 [pool-2-thread-4] [] INFO  c.t.rectagent.agent.SupervisorAgent - [8e519a83ce544a20] SupervisorAgent 开始处理: inputLength=15
2026-03-26 22:03:04.804 [pool-2-thread-3] [] INFO  c.t.rectagent.agent.SupervisorAgent - [66730478f756454a] SupervisorAgent 开始处理: inputLength=15
2026-03-26 22:03:04.804 [pool-2-thread-8] [] INFO  c.t.rectagent.agent.SupervisorAgent - [85c02e9af9c4446e] 任务完成
2026-03-26 22:03:04.804 [pool-2-thread-4] [] DEBUG c.t.rectagent.agent.SupervisorAgent - [8e519a83ce544a20] 执行工具: data_analysis_agent, input=82
2026-03-26 22:03:04.804 [pool-2-thread-7] [] DEBUG c.t.rectagent.agent.SupervisorAgent - [6829be6bbb65431c] 执行工具: data_analysis_agent, input=82
2026-03-26 22:03:04.804 [pool-2-thread-8] [] INFO  c.t.rectagent.agent.SupervisorAgent - [85c02e9af9c4446e] SupervisorAgent 处理完成: outputLength=82, 调用次数=1
2026-03-26 22:03:04.804 [pool-2-thread-4] [] DEBUG c.t.rectagent.agent.SupervisorAgent - [8e519a83ce544a20] 工具 data_analysis_agent 执行完成, outputLength=82
2026-03-26 22:03:04.804 [pool-2-thread-9] [] DEBUG c.t.rectagent.agent.SupervisorAgent - [96a4889685ca4c00] 工具 data_analysis_agent 执行完成, outputLength=82
2026-03-26 22:03:04.804 [pool-2-thread-7] [] DEBUG c.t.rectagent.agent.SupervisorAgent - [6829be6bbb65431c] 工具 data_analysis_agent 执行完成, outputLength=82
2026-03-26 22:03:04.804 [pool-2-thread-4] [] INFO  c.t.rectagent.agent.SupervisorAgent - [8e519a83ce544a20] 任务完成
2026-03-26 22:03:04.804 [pool-2-thread-10] [] INFO  c.t.rectagent.agent.SupervisorAgent - [14b49c14303b43bc] 任务完成
2026-03-26 22:03:04.804 [pool-2-thread-6] [] INFO  c.t.rectagent.agent.SupervisorAgent - [5d69fb48e51d4202] SupervisorAgent 处理完成: outputLength=82, 调用次数=1
2026-03-26 22:03:04.804 [pool-2-thread-1] [] DEBUG c.t.rectagent.agent.SupervisorAgent - [85b0a329806e4bbf] 工具 data_analysis_agent 执行完成, outputLength=82
2026-03-26 22:03:04.804 [pool-2-thread-5] [] DEBUG c.t.rectagent.agent.SupervisorAgent - [96efc1d0922948e6] 执行工具: data_analysis_agent, input=82
2026-03-26 22:03:04.804 [pool-2-thread-1] [] INFO  c.t.rectagent.agent.SupervisorAgent - [85b0a329806e4bbf] 任务完成
2026-03-26 22:03:04.804 [pool-2-thread-2] [] DEBUG c.t.rectagent.agent.SupervisorAgent - [3d8adfd577f64c2a] 执行工具: data_analysis_agent, input=82
2026-03-26 22:03:04.804 [pool-2-thread-5] [] DEBUG c.t.rectagent.agent.SupervisorAgent - [96efc1d0922948e6] 工具 data_analysis_agent 执行完成, outputLength=82
2026-03-26 22:03:04.804 [pool-2-thread-3] [] DEBUG c.t.rectagent.agent.SupervisorAgent - [66730478f756454a] 执行工具: data_analysis_agent, input=82
2026-03-26 22:03:04.804 [pool-2-thread-5] [] INFO  c.t.rectagent.agent.SupervisorAgent - [96efc1d0922948e6] 任务完成
2026-03-26 22:03:04.804 [pool-2-thread-5] [] INFO  c.t.rectagent.agent.SupervisorAgent - [96efc1d0922948e6] SupervisorAgent 处理完成: outputLength=82, 调用次数=1
2026-03-26 22:03:04.804 [pool-2-thread-3] [] DEBUG c.t.rectagent.agent.SupervisorAgent - [66730478f756454a] 工具 data_analysis_agent 执行完成, outputLength=82
2026-03-26 22:03:04.804 [pool-2-thread-4] [] INFO  c.t.rectagent.agent.SupervisorAgent - [8e519a83ce544a20] SupervisorAgent 处理完成: outputLength=82, 调用次数=1
2026-03-26 22:03:04.804 [pool-2-thread-8] [] INFO  c.t.rectagent.agent.SupervisorAgent - [c18717ff83204906] SupervisorAgent 开始处理: inputLength=15
2026-03-26 22:03:04.804 [pool-2-thread-9] [] INFO  c.t.rectagent.agent.SupervisorAgent - [96a4889685ca4c00] 任务完成
2026-03-26 22:03:04.804 [pool-2-thread-7] [] INFO  c.t.rectagent.agent.SupervisorAgent - [6829be6bbb65431c] 任务完成
2026-03-26 22:03:04.805 [pool-2-thread-9] [] INFO  c.t.rectagent.agent.SupervisorAgent - [96a4889685ca4c00] SupervisorAgent 处理完成: outputLength=82, 调用次数=1
2026-03-26 22:03:04.805 [pool-2-thread-7] [] INFO  c.t.rectagent.agent.SupervisorAgent - [6829be6bbb65431c] SupervisorAgent 处理完成: outputLength=82, 调用次数=1
2026-03-26 22:03:04.804 [pool-2-thread-10] [] INFO  c.t.rectagent.agent.SupervisorAgent - [14b49c14303b43bc] SupervisorAgent 处理完成: outputLength=82, 调用次数=1
2026-03-26 22:03:04.804 [pool-2-thread-1] [] INFO  c.t.rectagent.agent.SupervisorAgent - [85b0a329806e4bbf] SupervisorAgent 处理完成: outputLength=82, 调用次数=1
2026-03-26 22:03:04.804 [pool-2-thread-2] [] DEBUG c.t.rectagent.agent.SupervisorAgent - [3d8adfd577f64c2a] 工具 data_analysis_agent 执行完成, outputLength=82
2026-03-26 22:03:04.804 [pool-2-thread-3] [] INFO  c.t.rectagent.agent.SupervisorAgent - [66730478f756454a] 任务完成
2026-03-26 22:03:04.805 [pool-2-thread-9] [] INFO  c.t.rectagent.agent.SupervisorAgent - [d51fed0eb5ad4f9f] SupervisorAgent 开始处理: inputLength=15
2026-03-26 22:03:04.805 [pool-2-thread-8] [] DEBUG c.t.rectagent.agent.SupervisorAgent - [c18717ff83204906] 执行工具: data_analysis_agent, input=82
2026-03-26 22:03:04.805 [pool-2-thread-2] [] INFO  c.t.rectagent.agent.SupervisorAgent - [3d8adfd577f64c2a] 任务完成
2026-03-26 22:03:04.805 [pool-2-thread-1] [] INFO  c.t.rectagent.agent.SupervisorAgent - [556c5cac28c54563] SupervisorAgent 开始处理: inputLength=15
2026-03-26 22:03:04.805 [pool-2-thread-2] [] INFO  c.t.rectagent.agent.SupervisorAgent - [3d8adfd577f64c2a] SupervisorAgent 处理完成: outputLength=82, 调用次数=1
2026-03-26 22:03:04.805 [pool-2-thread-1] [] DEBUG c.t.rectagent.agent.SupervisorAgent - [556c5cac28c54563] 执行工具: data_analysis_agent, input=82
2026-03-26 22:03:04.805 [pool-2-thread-6] [] INFO  c.t.rectagent.agent.SupervisorAgent - [e703a17f93524932] SupervisorAgent 开始处理: inputLength=15
2026-03-26 22:03:04.805 [pool-2-thread-5] [] INFO  c.t.rectagent.agent.SupervisorAgent - [708c66084600487c] SupervisorAgent 开始处理: inputLength=15
2026-03-26 22:03:04.805 [pool-2-thread-3] [] INFO  c.t.rectagent.agent.SupervisorAgent - [66730478f756454a] SupervisorAgent 处理完成: outputLength=82, 调用次数=1
2026-03-26 22:03:04.805 [pool-2-thread-7] [] INFO  c.t.rectagent.agent.SupervisorAgent - [408f141c4fb74f2a] SupervisorAgent 开始处理: inputLength=15
2026-03-26 22:03:04.805 [pool-2-thread-6] [] DEBUG c.t.rectagent.agent.SupervisorAgent - [e703a17f93524932] 执行工具: data_analysis_agent, input=82
2026-03-26 22:03:04.805 [pool-2-thread-9] [] DEBUG c.t.rectagent.agent.SupervisorAgent - [d51fed0eb5ad4f9f] 执行工具: data_analysis_agent, input=82
2026-03-26 22:03:04.805 [pool-2-thread-6] [] DEBUG c.t.rectagent.agent.SupervisorAgent - [e703a17f93524932] 工具 data_analysis_agent 执行完成, outputLength=82
2026-03-26 22:03:04.805 [pool-2-thread-4] [] INFO  c.t.rectagent.agent.SupervisorAgent - [20fe464d765448fb] SupervisorAgent 开始处理: inputLength=15
2026-03-26 22:03:04.805 [pool-2-thread-8] [] DEBUG c.t.rectagent.agent.SupervisorAgent - [c18717ff83204906] 工具 data_analysis_agent 执行完成, outputLength=82
2026-03-26 22:03:04.805 [pool-2-thread-6] [] INFO  c.t.rectagent.agent.SupervisorAgent - [e703a17f93524932] 任务完成
2026-03-26 22:03:04.805 [pool-2-thread-4] [] DEBUG c.t.rectagent.agent.SupervisorAgent - [20fe464d765448fb] 执行工具: data_analysis_agent, input=82
2026-03-26 22:03:04.805 [pool-2-thread-10] [] INFO  c.t.rectagent.agent.SupervisorAgent - [14a943f9972f4bc5] SupervisorAgent 开始处理: inputLength=15
2026-03-26 22:03:04.805 [pool-2-thread-4] [] DEBUG c.t.rectagent.agent.SupervisorAgent - [20fe464d765448fb] 工具 data_analysis_agent 执行完成, outputLength=82
2026-03-26 22:03:04.805 [pool-2-thread-8] [] INFO  c.t.rectagent.agent.SupervisorAgent - [c18717ff83204906] 任务完成
2026-03-26 22:03:04.805 [pool-2-thread-1] [] DEBUG c.t.rectagent.agent.SupervisorAgent - [556c5cac28c54563] 工具 data_analysis_agent 执行完成, outputLength=82
2026-03-26 22:03:04.805 [pool-2-thread-10] [] DEBUG c.t.rectagent.agent.SupervisorAgent - [14a943f9972f4bc5] 执行工具: data_analysis_agent, input=82
2026-03-26 22:03:04.805 [pool-2-thread-5] [] DEBUG c.t.rectagent.agent.SupervisorAgent - [708c66084600487c] 执行工具: data_analysis_agent, input=82
2026-03-26 22:03:04.805 [pool-2-thread-2] [] INFO  c.t.rectagent.agent.SupervisorAgent - [26cee49fc2164696] SupervisorAgent 开始处理: inputLength=15
2026-03-26 22:03:04.805 [pool-2-thread-7] [] DEBUG c.t.rectagent.agent.SupervisorAgent - [408f141c4fb74f2a] 执行工具: data_analysis_agent, input=82
2026-03-26 22:03:04.805 [pool-2-thread-9] [] DEBUG c.t.rectagent.agent.SupervisorAgent - [d51fed0eb5ad4f9f] 工具 data_analysis_agent 执行完成, outputLength=82
2026-03-26 22:03:04.805 [pool-2-thread-3] [] INFO  c.t.rectagent.agent.SupervisorAgent - [c26736cec1ff47e5] SupervisorAgent 开始处理: inputLength=15
2026-03-26 22:03:04.805 [pool-2-thread-7] [] DEBUG c.t.rectagent.agent.SupervisorAgent - [408f141c4fb74f2a] 工具 data_analysis_agent 执行完成, outputLength=82
2026-03-26 22:03:04.805 [pool-2-thread-9] [] INFO  c.t.rectagent.agent.SupervisorAgent - [d51fed0eb5ad4f9f] 任务完成
2026-03-26 22:03:04.805 [pool-2-thread-6] [] INFO  c.t.rectagent.agent.SupervisorAgent - [e703a17f93524932] SupervisorAgent 处理完成: outputLength=82, 调用次数=1
2026-03-26 22:03:04.805 [pool-2-thread-9] [] INFO  c.t.rectagent.agent.SupervisorAgent - [d51fed0eb5ad4f9f] SupervisorAgent 处理完成: outputLength=82, 调用次数=1
2026-03-26 22:03:04.805 [pool-2-thread-8] [] INFO  c.t.rectagent.agent.SupervisorAgent - [c18717ff83204906] SupervisorAgent 处理完成: outputLength=82, 调用次数=1
2026-03-26 22:03:04.805 [pool-2-thread-4] [] INFO  c.t.rectagent.agent.SupervisorAgent - [20fe464d765448fb] 任务完成
2026-03-26 22:03:04.805 [pool-2-thread-10] [] DEBUG c.t.rectagent.agent.SupervisorAgent - [14a943f9972f4bc5] 工具 data_analysis_agent 执行完成, outputLength=82
2026-03-26 22:03:04.805 [pool-2-thread-1] [] INFO  c.t.rectagent.agent.SupervisorAgent - [556c5cac28c54563] 任务完成
2026-03-26 22:03:04.805 [pool-2-thread-9] [] INFO  c.t.rectagent.agent.SupervisorAgent - [3baff2eb9fe84e26] SupervisorAgent 开始处理: inputLength=15
2026-03-26 22:03:04.805 [pool-2-thread-5] [] DEBUG c.t.rectagent.agent.SupervisorAgent - [708c66084600487c] 工具 data_analysis_agent 执行完成, outputLength=82
2026-03-26 22:03:04.805 [pool-2-thread-10] [] INFO  c.t.rectagent.agent.SupervisorAgent - [14a943f9972f4bc5] 任务完成
2026-03-26 22:03:04.805 [pool-2-thread-9] [] DEBUG c.t.rectagent.agent.SupervisorAgent - [3baff2eb9fe84e26] 执行工具: data_analysis_agent, input=82
2026-03-26 22:03:04.805 [pool-2-thread-10] [] INFO  c.t.rectagent.agent.SupervisorAgent - [14a943f9972f4bc5] SupervisorAgent 处理完成: outputLength=82, 调用次数=1
2026-03-26 22:03:04.805 [pool-2-thread-2] [] DEBUG c.t.rectagent.agent.SupervisorAgent - [26cee49fc2164696] 执行工具: data_analysis_agent, input=82
2026-03-26 22:03:04.805 [pool-2-thread-9] [] DEBUG c.t.rectagent.agent.SupervisorAgent - [3baff2eb9fe84e26] 工具 data_analysis_agent 执行完成, outputLength=82
2026-03-26 22:03:04.805 [pool-2-thread-3] [] DEBUG c.t.rectagent.agent.SupervisorAgent - [c26736cec1ff47e5] 执行工具: data_analysis_agent, input=82
2026-03-26 22:03:04.805 [pool-2-thread-9] [] INFO  c.t.rectagent.agent.SupervisorAgent - [3baff2eb9fe84e26] 任务完成
2026-03-26 22:03:04.805 [pool-2-thread-3] [] DEBUG c.t.rectagent.agent.SupervisorAgent - [c26736cec1ff47e5] 工具 data_analysis_agent 执行完成, outputLength=82
2026-03-26 22:03:04.805 [pool-2-thread-7] [] INFO  c.t.rectagent.agent.SupervisorAgent - [408f141c4fb74f2a] 任务完成
2026-03-26 22:03:04.805 [pool-2-thread-3] [] INFO  c.t.rectagent.agent.SupervisorAgent - [c26736cec1ff47e5] 任务完成
2026-03-26 22:03:04.805 [pool-2-thread-7] [] INFO  c.t.rectagent.agent.SupervisorAgent - [408f141c4fb74f2a] SupervisorAgent 处理完成: outputLength=82, 调用次数=1
2026-03-26 22:03:04.805 [pool-2-thread-4] [] INFO  c.t.rectagent.agent.SupervisorAgent - [20fe464d765448fb] SupervisorAgent 处理完成: outputLength=82, 调用次数=1
2026-03-26 22:03:04.805 [pool-2-thread-1] [] INFO  c.t.rectagent.agent.SupervisorAgent - [556c5cac28c54563] SupervisorAgent 处理完成: outputLength=82, 调用次数=1
2026-03-26 22:03:04.805 [pool-2-thread-8] [] INFO  c.t.rectagent.agent.SupervisorAgent - [67b926e149624f94] SupervisorAgent 开始处理: inputLength=15
2026-03-26 22:03:04.805 [pool-2-thread-7] [] INFO  c.t.rectagent.agent.SupervisorAgent - [3612892ed23d4aa8] SupervisorAgent 开始处理: inputLength=15
2026-03-26 22:03:04.805 [pool-2-thread-4] [] INFO  c.t.rectagent.agent.SupervisorAgent - [2b1fd7cd9b9c435a] SupervisorAgent 开始处理: inputLength=15
2026-03-26 22:03:04.805 [pool-2-thread-6] [] INFO  c.t.rectagent.agent.SupervisorAgent - [3d0a561783824674] SupervisorAgent 开始处理: inputLength=15
2026-03-26 22:03:04.805 [pool-2-thread-4] [] DEBUG c.t.rectagent.agent.SupervisorAgent - [2b1fd7cd9b9c435a] 执行工具: data_analysis_agent, input=82
2026-03-26 22:03:04.805 [pool-2-thread-5] [] INFO  c.t.rectagent.agent.SupervisorAgent - [708c66084600487c] 任务完成
2026-03-26 22:03:04.805 [pool-2-thread-6] [] DEBUG c.t.rectagent.agent.SupervisorAgent - [3d0a561783824674] 执行工具: data_analysis_agent, input=82
2026-03-26 22:03:04.805 [pool-2-thread-2] [] DEBUG c.t.rectagent.agent.SupervisorAgent - [26cee49fc2164696] 工具 data_analysis_agent 执行完成, outputLength=82
2026-03-26 22:03:04.805 [pool-2-thread-9] [] INFO  c.t.rectagent.agent.SupervisorAgent - [3baff2eb9fe84e26] SupervisorAgent 处理完成: outputLength=82, 调用次数=1
2026-03-26 22:03:04.805 [pool-2-thread-10] [] INFO  c.t.rectagent.agent.SupervisorAgent - [033d6276d5764001] SupervisorAgent 开始处理: inputLength=15
2026-03-26 22:03:04.805 [pool-2-thread-3] [] INFO  c.t.rectagent.agent.SupervisorAgent - [c26736cec1ff47e5] SupervisorAgent 处理完成: outputLength=82, 调用次数=1
2026-03-26 22:03:04.807 [pool-2-thread-2] [] INFO  c.t.rectagent.agent.SupervisorAgent - [26cee49fc2164696] 任务完成
2026-03-26 22:03:04.805 [pool-2-thread-7] [] DEBUG c.t.rectagent.agent.SupervisorAgent - [3612892ed23d4aa8] 执行工具: data_analysis_agent, input=82
2026-03-26 22:03:04.805 [pool-2-thread-1] [] INFO  c.t.rectagent.agent.SupervisorAgent - [ec153b769e214d1c] SupervisorAgent 开始处理: inputLength=15
2026-03-26 22:03:04.807 [pool-2-thread-3] [] INFO  c.t.rectagent.agent.SupervisorAgent - [e4f80d82fe3d4fa6] SupervisorAgent 开始处理: inputLength=15
2026-03-26 22:03:04.805 [pool-2-thread-8] [] DEBUG c.t.rectagent.agent.SupervisorAgent - [67b926e149624f94] 执行工具: data_analysis_agent, input=82
2026-03-26 22:03:04.807 [pool-2-thread-1] [] DEBUG c.t.rectagent.agent.SupervisorAgent - [ec153b769e214d1c] 执行工具: data_analysis_agent, input=82
2026-03-26 22:03:04.807 [pool-2-thread-3] [] DEBUG c.t.rectagent.agent.SupervisorAgent - [e4f80d82fe3d4fa6] 执行工具: data_analysis_agent, input=82
2026-03-26 22:03:04.807 [pool-2-thread-3] [] DEBUG c.t.rectagent.agent.SupervisorAgent - [e4f80d82fe3d4fa6] 工具 data_analysis_agent 执行完成, outputLength=82
2026-03-26 22:03:04.807 [pool-2-thread-1] [] DEBUG c.t.rectagent.agent.SupervisorAgent - [ec153b769e214d1c] 工具 data_analysis_agent 执行完成, outputLength=82
2026-03-26 22:03:04.807 [pool-2-thread-8] [] DEBUG c.t.rectagent.agent.SupervisorAgent - [67b926e149624f94] 工具 data_analysis_agent 执行完成, outputLength=82
2026-03-26 22:03:04.805 [pool-2-thread-4] [] DEBUG c.t.rectagent.agent.SupervisorAgent - [2b1fd7cd9b9c435a] 工具 data_analysis_agent 执行完成, outputLength=82
2026-03-26 22:03:04.807 [pool-2-thread-1] [] INFO  c.t.rectagent.agent.SupervisorAgent - [ec153b769e214d1c] 任务完成
2026-03-26 22:03:04.807 [pool-2-thread-3] [] INFO  c.t.rectagent.agent.SupervisorAgent - [e4f80d82fe3d4fa6] 任务完成
2026-03-26 22:03:04.807 [pool-2-thread-1] [] INFO  c.t.rectagent.agent.SupervisorAgent - [ec153b769e214d1c] SupervisorAgent 处理完成: outputLength=82, 调用次数=1
2026-03-26 22:03:04.805 [pool-2-thread-6] [] DEBUG c.t.rectagent.agent.SupervisorAgent - [3d0a561783824674] 工具 data_analysis_agent 执行完成, outputLength=82
2026-03-26 22:03:04.807 [pool-2-thread-4] [] INFO  c.t.rectagent.agent.SupervisorAgent - [2b1fd7cd9b9c435a] 任务完成
2026-03-26 22:03:04.807 [pool-2-thread-4] [] INFO  c.t.rectagent.agent.SupervisorAgent - [2b1fd7cd9b9c435a] SupervisorAgent 处理完成: outputLength=82, 调用次数=1
2026-03-26 22:03:04.805 [pool-2-thread-5] [] INFO  c.t.rectagent.agent.SupervisorAgent - [708c66084600487c] SupervisorAgent 处理完成: outputLength=82, 调用次数=1
2026-03-26 22:03:04.807 [pool-2-thread-9] [] INFO  c.t.rectagent.agent.SupervisorAgent - [eb3bedd0cac948c0] SupervisorAgent 开始处理: inputLength=15
2026-03-26 22:03:04.807 [pool-2-thread-2] [] INFO  c.t.rectagent.agent.SupervisorAgent - [26cee49fc2164696] SupervisorAgent 处理完成: outputLength=82, 调用次数=1
2026-03-26 22:03:04.807 [pool-2-thread-10] [] DEBUG c.t.rectagent.agent.SupervisorAgent - [033d6276d5764001] 执行工具: data_analysis_agent, input=82
2026-03-26 22:03:04.807 [pool-2-thread-9] [] DEBUG c.t.rectagent.agent.SupervisorAgent - [eb3bedd0cac948c0] 执行工具: data_analysis_agent, input=82
2026-03-26 22:03:04.807 [pool-2-thread-7] [] DEBUG c.t.rectagent.agent.SupervisorAgent - [3612892ed23d4aa8] 工具 data_analysis_agent 执行完成, outputLength=82
2026-03-26 22:03:04.807 [pool-2-thread-8] [] INFO  c.t.rectagent.agent.SupervisorAgent - [67b926e149624f94] 任务完成
2026-03-26 22:03:04.807 [pool-2-thread-3] [] INFO  c.t.rectagent.agent.SupervisorAgent - [e4f80d82fe3d4fa6] SupervisorAgent 处理完成: outputLength=82, 调用次数=1
2026-03-26 22:03:04.807 [pool-2-thread-7] [] INFO  c.t.rectagent.agent.SupervisorAgent - [3612892ed23d4aa8] 任务完成
2026-03-26 22:03:04.807 [pool-2-thread-6] [] INFO  c.t.rectagent.agent.SupervisorAgent - [3d0a561783824674] 任务完成
2026-03-26 22:03:04.807 [pool-2-thread-7] [] INFO  c.t.rectagent.agent.SupervisorAgent - [3612892ed23d4aa8] SupervisorAgent 处理完成: outputLength=82, 调用次数=1
2026-03-26 22:03:04.807 [pool-2-thread-6] [] INFO  c.t.rectagent.agent.SupervisorAgent - [3d0a561783824674] SupervisorAgent 处理完成: outputLength=82, 调用次数=1
2026-03-26 22:03:04.807 [pool-2-thread-1] [] INFO  c.t.rectagent.agent.SupervisorAgent - [b7bb8a0933a7451c] SupervisorAgent 开始处理: inputLength=15
2026-03-26 22:03:04.807 [pool-2-thread-4] [] INFO  c.t.rectagent.agent.SupervisorAgent - [7e4f376070a241d7] SupervisorAgent 开始处理: inputLength=15
2026-03-26 22:03:04.807 [pool-2-thread-5] [] INFO  c.t.rectagent.agent.SupervisorAgent - [844cdda6cd744006] SupervisorAgent 开始处理: inputLength=15
2026-03-26 22:03:04.807 [pool-2-thread-4] [] DEBUG c.t.rectagent.agent.SupervisorAgent - [7e4f376070a241d7] 执行工具: data_analysis_agent, input=82
2026-03-26 22:03:04.807 [pool-2-thread-2] [] INFO  c.t.rectagent.agent.SupervisorAgent - [1ef73521aa3a4422] SupervisorAgent 开始处理: inputLength=15
2026-03-26 22:03:04.807 [pool-2-thread-4] [] DEBUG c.t.rectagent.agent.SupervisorAgent - [7e4f376070a241d7] 工具 data_analysis_agent 执行完成, outputLength=82
2026-03-26 22:03:04.807 [pool-2-thread-9] [] DEBUG c.t.rectagent.agent.SupervisorAgent - [eb3bedd0cac948c0] 工具 data_analysis_agent 执行完成, outputLength=82
2026-03-26 22:03:04.807 [pool-2-thread-2] [] DEBUG c.t.rectagent.agent.SupervisorAgent - [1ef73521aa3a4422] 执行工具: data_analysis_agent, input=82
2026-03-26 22:03:04.807 [pool-2-thread-10] [] DEBUG c.t.rectagent.agent.SupervisorAgent - [033d6276d5764001] 工具 data_analysis_agent 执行完成, outputLength=82
2026-03-26 22:03:04.807 [pool-2-thread-8] [] INFO  c.t.rectagent.agent.SupervisorAgent - [67b926e149624f94] SupervisorAgent 处理完成: outputLength=82, 调用次数=1
2026-03-26 22:03:04.807 [pool-2-thread-3] [] INFO  c.t.rectagent.agent.SupervisorAgent - [45ee92cae82348d2] SupervisorAgent 开始处理: inputLength=15
2026-03-26 22:03:04.807 [pool-2-thread-7] [] INFO  c.t.rectagent.agent.SupervisorAgent - [f30ea8c73a6e46ca] SupervisorAgent 开始处理: inputLength=15
2026-03-26 22:03:04.807 [pool-2-thread-1] [] DEBUG c.t.rectagent.agent.SupervisorAgent - [b7bb8a0933a7451c] 执行工具: data_analysis_agent, input=82
2026-03-26 22:03:04.807 [pool-2-thread-8] [] INFO  c.t.rectagent.agent.SupervisorAgent - [2dd3327af728477a] SupervisorAgent 开始处理: inputLength=15
2026-03-26 22:03:04.807 [pool-2-thread-6] [] INFO  c.t.rectagent.agent.SupervisorAgent - [aaa3908fa5ac4f17] SupervisorAgent 开始处理: inputLength=15
2026-03-26 22:03:04.807 [pool-2-thread-5] [] DEBUG c.t.rectagent.agent.SupervisorAgent - [844cdda6cd744006] 执行工具: data_analysis_agent, input=82
2026-03-26 22:03:04.807 [pool-2-thread-1] [] DEBUG c.t.rectagent.agent.SupervisorAgent - [b7bb8a0933a7451c] 工具 data_analysis_agent 执行完成, outputLength=82
2026-03-26 22:03:04.807 [pool-2-thread-4] [] INFO  c.t.rectagent.agent.SupervisorAgent - [7e4f376070a241d7] 任务完成
2026-03-26 22:03:04.807 [pool-2-thread-5] [] DEBUG c.t.rectagent.agent.SupervisorAgent - [844cdda6cd744006] 工具 data_analysis_agent 执行完成, outputLength=82
2026-03-26 22:03:04.807 [pool-2-thread-2] [] DEBUG c.t.rectagent.agent.SupervisorAgent - [1ef73521aa3a4422] 工具 data_analysis_agent 执行完成, outputLength=82
2026-03-26 22:03:04.807 [pool-2-thread-1] [] INFO  c.t.rectagent.agent.SupervisorAgent - [b7bb8a0933a7451c] 任务完成
2026-03-26 22:03:04.807 [pool-2-thread-9] [] INFO  c.t.rectagent.agent.SupervisorAgent - [eb3bedd0cac948c0] 任务完成
2026-03-26 22:03:04.807 [pool-2-thread-1] [] INFO  c.t.rectagent.agent.SupervisorAgent - [b7bb8a0933a7451c] SupervisorAgent 处理完成: outputLength=82, 调用次数=1
2026-03-26 22:03:04.807 [pool-2-thread-2] [] INFO  c.t.rectagent.agent.SupervisorAgent - [1ef73521aa3a4422] 任务完成
2026-03-26 22:03:04.807 [pool-2-thread-10] [] INFO  c.t.rectagent.agent.SupervisorAgent - [033d6276d5764001] 任务完成
2026-03-26 22:03:04.807 [pool-2-thread-9] [] INFO  c.t.rectagent.agent.SupervisorAgent - [eb3bedd0cac948c0] SupervisorAgent 处理完成: outputLength=82, 调用次数=1
2026-03-26 22:03:04.807 [pool-2-thread-3] [] DEBUG c.t.rectagent.agent.SupervisorAgent - [45ee92cae82348d2] 执行工具: data_analysis_agent, input=82
2026-03-26 22:03:04.807 [pool-2-thread-8] [] DEBUG c.t.rectagent.agent.SupervisorAgent - [2dd3327af728477a] 执行工具: data_analysis_agent, input=82
2026-03-26 22:03:04.807 [pool-2-thread-1] [] INFO  c.t.rectagent.agent.SupervisorAgent - [a9c2b7bbbd0d4e8c] SupervisorAgent 开始处理: inputLength=15
2026-03-26 22:03:04.807 [pool-2-thread-7] [] DEBUG c.t.rectagent.agent.SupervisorAgent - [f30ea8c73a6e46ca] 执行工具: data_analysis_agent, input=82
2026-03-26 22:03:04.807 [pool-2-thread-9] [] INFO  c.t.rectagent.agent.SupervisorAgent - [5e51f80bebde42ed] SupervisorAgent 开始处理: inputLength=15
2026-03-26 22:03:04.807 [pool-2-thread-1] [] DEBUG c.t.rectagent.agent.SupervisorAgent - [a9c2b7bbbd0d4e8c] 执行工具: data_analysis_agent, input=82
2026-03-26 22:03:04.807 [pool-2-thread-6] [] DEBUG c.t.rectagent.agent.SupervisorAgent - [aaa3908fa5ac4f17] 执行工具: data_analysis_agent, input=82
2026-03-26 22:03:04.807 [pool-2-thread-4] [] INFO  c.t.rectagent.agent.SupervisorAgent - [7e4f376070a241d7] SupervisorAgent 处理完成: outputLength=82, 调用次数=1
2026-03-26 22:03:04.807 [pool-2-thread-5] [] INFO  c.t.rectagent.agent.SupervisorAgent - [844cdda6cd744006] 任务完成
2026-03-26 22:03:04.807 [pool-2-thread-2] [] INFO  c.t.rectagent.agent.SupervisorAgent - [1ef73521aa3a4422] SupervisorAgent 处理完成: outputLength=82, 调用次数=1
2026-03-26 22:03:04.807 [pool-2-thread-4] [] INFO  c.t.rectagent.agent.SupervisorAgent - [8f1ebf87de3d4404] SupervisorAgent 开始处理: inputLength=15
2026-03-26 22:03:04.807 [pool-2-thread-10] [] INFO  c.t.rectagent.agent.SupervisorAgent - [033d6276d5764001] SupervisorAgent 处理完成: outputLength=82, 调用次数=1
2026-03-26 22:03:04.807 [pool-2-thread-4] [] DEBUG c.t.rectagent.agent.SupervisorAgent - [8f1ebf87de3d4404] 执行工具: data_analysis_agent, input=82
2026-03-26 22:03:04.807 [pool-2-thread-3] [] DEBUG c.t.rectagent.agent.SupervisorAgent - [45ee92cae82348d2] 工具 data_analysis_agent 执行完成, outputLength=82
2026-03-26 22:03:04.807 [pool-2-thread-8] [] DEBUG c.t.rectagent.agent.SupervisorAgent - [2dd3327af728477a] 工具 data_analysis_agent 执行完成, outputLength=82
2026-03-26 22:03:04.807 [pool-2-thread-9] [] DEBUG c.t.rectagent.agent.SupervisorAgent - [5e51f80bebde42ed] 执行工具: intent_recognition_agent, input=87
2026-03-26 22:03:04.809 [pool-2-thread-10] [] INFO  c.t.rectagent.agent.SupervisorAgent - [f8e376bffeab4fbc] SupervisorAgent 开始处理: inputLength=15
2026-03-26 22:03:04.809 [pool-2-thread-3] [] INFO  c.t.rectagent.agent.SupervisorAgent - [45ee92cae82348d2] 任务完成
2026-03-26 22:03:04.809 [pool-2-thread-2] [] INFO  c.t.rectagent.agent.SupervisorAgent - [c13dc98e0c764a56] SupervisorAgent 开始处理: inputLength=15
2026-03-26 22:03:04.807 [pool-2-thread-7] [] DEBUG c.t.rectagent.agent.SupervisorAgent - [f30ea8c73a6e46ca] 工具 data_analysis_agent 执行完成, outputLength=82
2026-03-26 22:03:04.809 [pool-2-thread-8] [] INFO  c.t.rectagent.agent.SupervisorAgent - [2dd3327af728477a] 任务完成
2026-03-26 22:03:04.809 [pool-2-thread-2] [] DEBUG c.t.rectagent.agent.SupervisorAgent - [c13dc98e0c764a56] 执行工具: data_analysis_agent, input=82
2026-03-26 22:03:04.809 [pool-2-thread-10] [] DEBUG c.t.rectagent.agent.SupervisorAgent - [f8e376bffeab4fbc] 执行工具: data_analysis_agent, input=82
2026-03-26 22:03:04.809 [pool-2-thread-7] [] INFO  c.t.rectagent.agent.SupervisorAgent - [f30ea8c73a6e46ca] 任务完成
2026-03-26 22:03:04.809 [pool-2-thread-10] [] DEBUG c.t.rectagent.agent.SupervisorAgent - [f8e376bffeab4fbc] 工具 data_analysis_agent 执行完成, outputLength=82
2026-03-26 22:03:04.809 [pool-2-thread-7] [] INFO  c.t.rectagent.agent.SupervisorAgent - [f30ea8c73a6e46ca] SupervisorAgent 处理完成: outputLength=82, 调用次数=1
2026-03-26 22:03:04.807 [pool-2-thread-1] [] DEBUG c.t.rectagent.agent.SupervisorAgent - [a9c2b7bbbd0d4e8c] 工具 data_analysis_agent 执行完成, outputLength=82
2026-03-26 22:03:04.809 [pool-2-thread-10] [] INFO  c.t.rectagent.agent.SupervisorAgent - [f8e376bffeab4fbc] 任务完成
2026-03-26 22:03:04.809 [pool-2-thread-10] [] INFO  c.t.rectagent.agent.SupervisorAgent - [f8e376bffeab4fbc] SupervisorAgent 处理完成: outputLength=82, 调用次数=1
2026-03-26 22:03:04.807 [pool-2-thread-6] [] DEBUG c.t.rectagent.agent.SupervisorAgent - [aaa3908fa5ac4f17] 工具 data_analysis_agent 执行完成, outputLength=82
2026-03-26 22:03:04.809 [pool-2-thread-7] [] INFO  c.t.rectagent.agent.SupervisorAgent - [09af184748a34f37] SupervisorAgent 开始处理: inputLength=15
2026-03-26 22:03:04.807 [pool-2-thread-5] [] INFO  c.t.rectagent.agent.SupervisorAgent - [844cdda6cd744006] SupervisorAgent 处理完成: outputLength=82, 调用次数=1
2026-03-26 22:03:04.809 [pool-2-thread-10] [] INFO  c.t.rectagent.agent.SupervisorAgent - [69a73607c2794d1e] SupervisorAgent 开始处理: inputLength=15
2026-03-26 22:03:04.809 [pool-2-thread-4] [] DEBUG c.t.rectagent.agent.SupervisorAgent - [8f1ebf87de3d4404] 工具 data_analysis_agent 执行完成, outputLength=82
2026-03-26 22:03:04.809 [pool-2-thread-10] [] DEBUG c.t.rectagent.agent.SupervisorAgent - [69a73607c2794d1e] 执行工具: data_analysis_agent, input=82
2026-03-26 22:03:04.809 [pool-2-thread-3] [] INFO  c.t.rectagent.agent.SupervisorAgent - [45ee92cae82348d2] SupervisorAgent 处理完成: outputLength=82, 调用次数=1
2026-03-26 22:03:04.809 [pool-2-thread-4] [] INFO  c.t.rectagent.agent.SupervisorAgent - [8f1ebf87de3d4404] 任务完成
2026-03-26 22:03:04.809 [pool-2-thread-9] [] DEBUG c.t.rectagent.agent.SupervisorAgent - [5e51f80bebde42ed] 工具 intent_recognition_agent 执行完成, outputLength=87
2026-03-26 22:03:04.809 [pool-2-thread-4] [] INFO  c.t.rectagent.agent.SupervisorAgent - [8f1ebf87de3d4404] SupervisorAgent 处理完成: outputLength=82, 调用次数=1
2026-03-26 22:03:04.809 [pool-2-thread-8] [] INFO  c.t.rectagent.agent.SupervisorAgent - [2dd3327af728477a] SupervisorAgent 处理完成: outputLength=82, 调用次数=1
2026-03-26 22:03:04.809 [pool-2-thread-2] [] DEBUG c.t.rectagent.agent.SupervisorAgent - [c13dc98e0c764a56] 工具 data_analysis_agent 执行完成, outputLength=82
2026-03-26 22:03:04.809 [pool-2-thread-4] [] INFO  c.t.rectagent.agent.SupervisorAgent - [d4eb1c98a1934bf3] SupervisorAgent 开始处理: inputLength=15
2026-03-26 22:03:04.809 [pool-2-thread-1] [] INFO  c.t.rectagent.agent.SupervisorAgent - [a9c2b7bbbd0d4e8c] 任务完成
2026-03-26 22:03:04.809 [pool-2-thread-8] [] INFO  c.t.rectagent.agent.SupervisorAgent - [922dd8db4de44b22] SupervisorAgent 开始处理: inputLength=15
2026-03-26 22:03:04.809 [pool-2-thread-4] [] DEBUG c.t.rectagent.agent.SupervisorAgent - [d4eb1c98a1934bf3] 执行工具: data_analysis_agent, input=82
2026-03-26 22:03:04.809 [pool-2-thread-2] [] INFO  c.t.rectagent.agent.SupervisorAgent - [c13dc98e0c764a56] 任务完成
2026-03-26 22:03:04.809 [pool-2-thread-6] [] INFO  c.t.rectagent.agent.SupervisorAgent - [aaa3908fa5ac4f17] 任务完成
2026-03-26 22:03:04.809 [pool-2-thread-1] [] INFO  c.t.rectagent.agent.SupervisorAgent - [a9c2b7bbbd0d4e8c] SupervisorAgent 处理完成: outputLength=82, 调用次数=1
2026-03-26 22:03:04.809 [pool-2-thread-2] [] INFO  c.t.rectagent.agent.SupervisorAgent - [c13dc98e0c764a56] SupervisorAgent 处理完成: outputLength=82, 调用次数=1
2026-03-26 22:03:04.809 [pool-2-thread-6] [] INFO  c.t.rectagent.agent.SupervisorAgent - [aaa3908fa5ac4f17] SupervisorAgent 处理完成: outputLength=82, 调用次数=1
2026-03-26 22:03:04.809 [pool-2-thread-7] [] DEBUG c.t.rectagent.agent.SupervisorAgent - [09af184748a34f37] 执行工具: data_analysis_agent, input=82
2026-03-26 22:03:04.809 [pool-2-thread-10] [] DEBUG c.t.rectagent.agent.SupervisorAgent - [69a73607c2794d1e] 工具 data_analysis_agent 执行完成, outputLength=82
2026-03-26 22:03:04.809 [pool-2-thread-7] [] DEBUG c.t.rectagent.agent.SupervisorAgent - [09af184748a34f37] 工具 data_analysis_agent 执行完成, outputLength=82
2026-03-26 22:03:04.809 [pool-2-thread-2] [] INFO  c.t.rectagent.agent.SupervisorAgent - [956f900a71c44093] SupervisorAgent 开始处理: inputLength=15
2026-03-26 22:03:04.809 [pool-2-thread-5] [] INFO  c.t.rectagent.agent.SupervisorAgent - [acee3b316aad4207] SupervisorAgent 开始处理: inputLength=15
2026-03-26 22:03:04.809 [pool-2-thread-7] [] INFO  c.t.rectagent.agent.SupervisorAgent - [09af184748a34f37] 任务完成
2026-03-26 22:03:04.809 [pool-2-thread-7] [] INFO  c.t.rectagent.agent.SupervisorAgent - [09af184748a34f37] SupervisorAgent 处理完成: outputLength=82, 调用次数=1
2026-03-26 22:03:04.809 [pool-2-thread-5] [] DEBUG c.t.rectagent.agent.SupervisorAgent - [acee3b316aad4207] 执行工具: data_analysis_agent, input=82
2026-03-26 22:03:04.809 [pool-2-thread-3] [] INFO  c.t.rectagent.agent.SupervisorAgent - [f9d15f1011aa45b9] SupervisorAgent 开始处理: inputLength=15
2026-03-26 22:03:04.809 [pool-2-thread-7] [] INFO  c.t.rectagent.agent.SupervisorAgent - [eb4630cf1b9a4b35] SupervisorAgent 开始处理: inputLength=15
2026-03-26 22:03:04.809 [pool-2-thread-9] [] INFO  c.t.rectagent.agent.SupervisorAgent - [5e51f80bebde42ed] 任务完成
2026-03-26 22:03:04.809 [pool-2-thread-3] [] DEBUG c.t.rectagent.agent.SupervisorAgent - [f9d15f1011aa45b9] 执行工具: data_analysis_agent, input=82
2026-03-26 22:03:04.809 [pool-2-thread-8] [] DEBUG c.t.rectagent.agent.SupervisorAgent - [922dd8db4de44b22] 执行工具: data_analysis_agent, input=82
2026-03-26 22:03:04.809 [pool-2-thread-3] [] DEBUG c.t.rectagent.agent.SupervisorAgent - [f9d15f1011aa45b9] 工具 data_analysis_agent 执行完成, outputLength=82
2026-03-26 22:03:04.809 [pool-2-thread-4] [] DEBUG c.t.rectagent.agent.SupervisorAgent - [d4eb1c98a1934bf3] 工具 data_analysis_agent 执行完成, outputLength=82
2026-03-26 22:03:04.809 [pool-2-thread-3] [] INFO  c.t.rectagent.agent.SupervisorAgent - [f9d15f1011aa45b9] 任务完成
2026-03-26 22:03:04.809 [pool-2-thread-1] [] INFO  c.t.rectagent.agent.SupervisorAgent - [13a0568cf6ab459e] SupervisorAgent 开始处理: inputLength=15
2026-03-26 22:03:04.809 [pool-2-thread-6] [] INFO  c.t.rectagent.agent.SupervisorAgent - [9b1898bef5294da5] SupervisorAgent 开始处理: inputLength=15
2026-03-26 22:03:04.809 [pool-2-thread-4] [] INFO  c.t.rectagent.agent.SupervisorAgent - [d4eb1c98a1934bf3] 任务完成
2026-03-26 22:03:04.809 [pool-2-thread-10] [] INFO  c.t.rectagent.agent.SupervisorAgent - [69a73607c2794d1e] 任务完成
2026-03-26 22:03:04.809 [pool-2-thread-6] [] DEBUG c.t.rectagent.agent.SupervisorAgent - [9b1898bef5294da5] 执行工具: data_analysis_agent, input=82
2026-03-26 22:03:04.809 [pool-2-thread-2] [] DEBUG c.t.rectagent.agent.SupervisorAgent - [956f900a71c44093] 执行工具: data_analysis_agent, input=82
2026-03-26 22:03:04.809 [pool-2-thread-10] [] INFO  c.t.rectagent.agent.SupervisorAgent - [69a73607c2794d1e] SupervisorAgent 处理完成: outputLength=82, 调用次数=1
2026-03-26 22:03:04.809 [pool-2-thread-5] [] DEBUG c.t.rectagent.agent.SupervisorAgent - [acee3b316aad4207] 工具 data_analysis_agent 执行完成, outputLength=82
2026-03-26 22:03:04.809 [pool-2-thread-7] [] DEBUG c.t.rectagent.agent.SupervisorAgent - [eb4630cf1b9a4b35] 执行工具: data_analysis_agent, input=82
2026-03-26 22:03:04.809 [pool-2-thread-10] [] INFO  c.t.rectagent.agent.SupervisorAgent - [0fb735b1ce094f04] SupervisorAgent 开始处理: inputLength=15
2026-03-26 22:03:04.809 [pool-2-thread-5] [] INFO  c.t.rectagent.agent.SupervisorAgent - [acee3b316aad4207] 任务完成
2026-03-26 22:03:04.809 [pool-2-thread-7] [] DEBUG c.t.rectagent.agent.SupervisorAgent - [eb4630cf1b9a4b35] 工具 data_analysis_agent 执行完成, outputLength=82
2026-03-26 22:03:04.809 [pool-2-thread-5] [] INFO  c.t.rectagent.agent.SupervisorAgent - [acee3b316aad4207] SupervisorAgent 处理完成: outputLength=82, 调用次数=1
2026-03-26 22:03:04.809 [pool-2-thread-7] [] INFO  c.t.rectagent.agent.SupervisorAgent - [eb4630cf1b9a4b35] 任务完成
2026-03-26 22:03:04.809 [pool-2-thread-9] [] INFO  c.t.rectagent.agent.SupervisorAgent - [5e51f80bebde42ed] SupervisorAgent 处理完成: outputLength=87, 调用次数=1
2026-03-26 22:03:04.809 [pool-2-thread-8] [] DEBUG c.t.rectagent.agent.SupervisorAgent - [922dd8db4de44b22] 工具 data_analysis_agent 执行完成, outputLength=82
2026-03-26 22:03:04.809 [pool-2-thread-3] [] INFO  c.t.rectagent.agent.SupervisorAgent - [f9d15f1011aa45b9] SupervisorAgent 处理完成: outputLength=82, 调用次数=1
2026-03-26 22:03:04.809 [pool-2-thread-8] [] INFO  c.t.rectagent.agent.SupervisorAgent - [922dd8db4de44b22] 任务完成
2026-03-26 22:03:04.809 [pool-2-thread-1] [] DEBUG c.t.rectagent.agent.SupervisorAgent - [13a0568cf6ab459e] 执行工具: data_analysis_agent, input=82
2026-03-26 22:03:04.809 [pool-2-thread-8] [] INFO  c.t.rectagent.agent.SupervisorAgent - [922dd8db4de44b22] SupervisorAgent 处理完成: outputLength=82, 调用次数=1
2026-03-26 22:03:04.809 [pool-2-thread-4] [] INFO  c.t.rectagent.agent.SupervisorAgent - [d4eb1c98a1934bf3] SupervisorAgent 处理完成: outputLength=82, 调用次数=1
2026-03-26 22:03:04.809 [pool-2-thread-1] [] DEBUG c.t.rectagent.agent.SupervisorAgent - [13a0568cf6ab459e] 工具 data_analysis_agent 执行完成, outputLength=82
2026-03-26 22:03:04.809 [pool-2-thread-6] [] DEBUG c.t.rectagent.agent.SupervisorAgent - [9b1898bef5294da5] 工具 data_analysis_agent 执行完成, outputLength=82
2026-03-26 22:03:04.809 [pool-2-thread-3] [] INFO  c.t.rectagent.agent.SupervisorAgent - [f9c7bcef02ca44ae] SupervisorAgent 开始处理: inputLength=15
2026-03-26 22:03:04.809 [pool-2-thread-2] [] DEBUG c.t.rectagent.agent.SupervisorAgent - [956f900a71c44093] 工具 data_analysis_agent 执行完成, outputLength=82
2026-03-26 22:03:04.809 [pool-2-thread-3] [] DEBUG c.t.rectagent.agent.SupervisorAgent - [f9c7bcef02ca44ae] 执行工具: data_analysis_agent, input=82
2026-03-26 22:03:04.809 [pool-2-thread-6] [] INFO  c.t.rectagent.agent.SupervisorAgent - [9b1898bef5294da5] 任务完成
2026-03-26 22:03:04.809 [pool-2-thread-10] [] DEBUG c.t.rectagent.agent.SupervisorAgent - [0fb735b1ce094f04] 执行工具: data_analysis_agent, input=82
2026-03-26 22:03:04.809 [pool-2-thread-7] [] INFO  c.t.rectagent.agent.SupervisorAgent - [eb4630cf1b9a4b35] SupervisorAgent 处理完成: outputLength=82, 调用次数=1
2026-03-26 22:03:04.809 [pool-2-thread-5] [] INFO  c.t.rectagent.agent.SupervisorAgent - [bbaaa81f8a8b4d78] SupervisorAgent 开始处理: inputLength=15
2026-03-26 22:03:04.810 [pool-2-thread-10] [] DEBUG c.t.rectagent.agent.SupervisorAgent - [0fb735b1ce094f04] 工具 data_analysis_agent 执行完成, outputLength=82
2026-03-26 22:03:04.809 [pool-2-thread-9] [] INFO  c.t.rectagent.agent.SupervisorAgent - [7aae2f233cac43e4] SupervisorAgent 开始处理: inputLength=15
2026-03-26 22:03:04.810 [pool-2-thread-10] [] INFO  c.t.rectagent.agent.SupervisorAgent - [0fb735b1ce094f04] 任务完成
2026-03-26 22:03:04.809 [pool-2-thread-1] [] INFO  c.t.rectagent.agent.SupervisorAgent - [13a0568cf6ab459e] 任务完成
2026-03-26 22:03:04.810 [pool-2-thread-10] [] INFO  c.t.rectagent.agent.SupervisorAgent - [0fb735b1ce094f04] SupervisorAgent 处理完成: outputLength=82, 调用次数=1
2026-03-26 22:03:04.810 [pool-2-thread-9] [] DEBUG c.t.rectagent.agent.SupervisorAgent - [7aae2f233cac43e4] 执行工具: data_analysis_agent, input=82
2026-03-26 22:03:04.810 [pool-2-thread-1] [] INFO  c.t.rectagent.agent.SupervisorAgent - [13a0568cf6ab459e] SupervisorAgent 处理完成: outputLength=82, 调用次数=1
2026-03-26 22:03:04.809 [pool-2-thread-8] [] INFO  c.t.rectagent.agent.SupervisorAgent - [e69a8b6d9ab041c2] SupervisorAgent 开始处理: inputLength=15
2026-03-26 22:03:04.810 [pool-2-thread-9] [] DEBUG c.t.rectagent.agent.SupervisorAgent - [7aae2f233cac43e4] 工具 data_analysis_agent 执行完成, outputLength=82
2026-03-26 22:03:04.809 [pool-2-thread-4] [] INFO  c.t.rectagent.agent.SupervisorAgent - [61fef09ed32046c2] SupervisorAgent 开始处理: inputLength=15
2026-03-26 22:03:04.810 [pool-2-thread-8] [] DEBUG c.t.rectagent.agent.SupervisorAgent - [e69a8b6d9ab041c2] 执行工具: data_analysis_agent, input=82
2026-03-26 22:03:04.810 [pool-2-thread-9] [] INFO  c.t.rectagent.agent.SupervisorAgent - [7aae2f233cac43e4] 任务完成
2026-03-26 22:03:04.809 [pool-2-thread-3] [] DEBUG c.t.rectagent.agent.SupervisorAgent - [f9c7bcef02ca44ae] 工具 data_analysis_agent 执行完成, outputLength=82
2026-03-26 22:03:04.810 [pool-2-thread-1] [] INFO  c.t.rectagent.agent.SupervisorAgent - [2f75fdff4dbf43d1] SupervisorAgent 开始处理: inputLength=15
2026-03-26 22:03:04.810 [pool-2-thread-9] [] INFO  c.t.rectagent.agent.SupervisorAgent - [7aae2f233cac43e4] SupervisorAgent 处理完成: outputLength=82, 调用次数=1
2026-03-26 22:03:04.810 [pool-2-thread-1] [] DEBUG c.t.rectagent.agent.SupervisorAgent - [2f75fdff4dbf43d1] 执行工具: data_analysis_agent, input=82
2026-03-26 22:03:04.809 [pool-2-thread-2] [] INFO  c.t.rectagent.agent.SupervisorAgent - [956f900a71c44093] 任务完成
2026-03-26 22:03:04.810 [pool-2-thread-1] [] DEBUG c.t.rectagent.agent.SupervisorAgent - [2f75fdff4dbf43d1] 工具 data_analysis_agent 执行完成, outputLength=82
2026-03-26 22:03:04.810 [pool-2-thread-6] [] INFO  c.t.rectagent.agent.SupervisorAgent - [9b1898bef5294da5] SupervisorAgent 处理完成: outputLength=82, 调用次数=1
2026-03-26 22:03:04.810 [pool-2-thread-1] [] INFO  c.t.rectagent.agent.SupervisorAgent - [2f75fdff4dbf43d1] 任务完成
2026-03-26 22:03:04.810 [pool-2-thread-5] [] DEBUG c.t.rectagent.agent.SupervisorAgent - [bbaaa81f8a8b4d78] 执行工具: data_analysis_agent, input=82
2026-03-26 22:03:04.810 [pool-2-thread-6] [] INFO  c.t.rectagent.agent.SupervisorAgent - [d95c0a2122654dd3] SupervisorAgent 开始处理: inputLength=15
2026-03-26 22:03:04.810 [pool-2-thread-7] [] INFO  c.t.rectagent.agent.SupervisorAgent - [4ef3d091adf24cd8] SupervisorAgent 开始处理: inputLength=15
2026-03-26 22:03:04.810 [pool-2-thread-5] [] DEBUG c.t.rectagent.agent.SupervisorAgent - [bbaaa81f8a8b4d78] 工具 data_analysis_agent 执行完成, outputLength=82
2026-03-26 22:03:04.810 [pool-2-thread-6] [] DEBUG c.t.rectagent.agent.SupervisorAgent - [d95c0a2122654dd3] 执行工具: intent_recognition_agent, input=87
2026-03-26 22:03:04.810 [pool-2-thread-10] [] INFO  c.t.rectagent.agent.SupervisorAgent - [27e52e7a5a934c23] SupervisorAgent 开始处理: inputLength=15
2026-03-26 22:03:04.810 [pool-2-thread-5] [] INFO  c.t.rectagent.agent.SupervisorAgent - [bbaaa81f8a8b4d78] 任务完成
2026-03-26 22:03:04.810 [pool-2-thread-5] [] INFO  c.t.rectagent.agent.SupervisorAgent - [bbaaa81f8a8b4d78] SupervisorAgent 处理完成: outputLength=82, 调用次数=1
2026-03-26 22:03:04.810 [pool-2-thread-4] [] DEBUG c.t.rectagent.agent.SupervisorAgent - [61fef09ed32046c2] 执行工具: data_analysis_agent, input=82
2026-03-26 22:03:04.810 [pool-2-thread-8] [] DEBUG c.t.rectagent.agent.SupervisorAgent - [e69a8b6d9ab041c2] 工具 data_analysis_agent 执行完成, outputLength=82
2026-03-26 22:03:04.810 [pool-2-thread-4] [] DEBUG c.t.rectagent.agent.SupervisorAgent - [61fef09ed32046c2] 工具 data_analysis_agent 执行完成, outputLength=82
2026-03-26 22:03:04.810 [pool-2-thread-3] [] INFO  c.t.rectagent.agent.SupervisorAgent - [f9c7bcef02ca44ae] 任务完成
2026-03-26 22:03:04.810 [pool-2-thread-5] [] INFO  c.t.rectagent.agent.SupervisorAgent - [1012412e94584c1b] SupervisorAgent 开始处理: inputLength=15
2026-03-26 22:03:04.810 [pool-2-thread-4] [] INFO  c.t.rectagent.agent.SupervisorAgent - [61fef09ed32046c2] 任务完成
2026-03-26 22:03:04.810 [pool-2-thread-2] [] INFO  c.t.rectagent.agent.SupervisorAgent - [956f900a71c44093] SupervisorAgent 处理完成: outputLength=82, 调用次数=1
2026-03-26 22:03:04.810 [pool-2-thread-8] [] INFO  c.t.rectagent.agent.SupervisorAgent - [e69a8b6d9ab041c2] 任务完成
2026-03-26 22:03:04.810 [pool-2-thread-9] [] INFO  c.t.rectagent.agent.SupervisorAgent - [2e198077210d45b2] SupervisorAgent 开始处理: inputLength=15
2026-03-26 22:03:04.810 [pool-2-thread-1] [] INFO  c.t.rectagent.agent.SupervisorAgent - [2f75fdff4dbf43d1] SupervisorAgent 处理完成: outputLength=82, 调用次数=1
2026-03-26 22:03:04.810 [pool-2-thread-9] [] DEBUG c.t.rectagent.agent.SupervisorAgent - [2e198077210d45b2] 执行工具: data_analysis_agent, input=82
2026-03-26 22:03:04.810 [pool-2-thread-6] [] DEBUG c.t.rectagent.agent.SupervisorAgent - [d95c0a2122654dd3] 工具 intent_recognition_agent 执行完成, outputLength=87
2026-03-26 22:03:04.810 [pool-2-thread-2] [] INFO  c.t.rectagent.agent.SupervisorAgent - [f3bc8478e472430d] SupervisorAgent 开始处理: inputLength=15
2026-03-26 22:03:04.810 [pool-2-thread-7] [] DEBUG c.t.rectagent.agent.SupervisorAgent - [4ef3d091adf24cd8] 执行工具: data_analysis_agent, input=82
2026-03-26 22:03:04.810 [pool-2-thread-2] [] DEBUG c.t.rectagent.agent.SupervisorAgent - [f3bc8478e472430d] 执行工具: data_analysis_agent, input=82
2026-03-26 22:03:04.810 [pool-2-thread-10] [] DEBUG c.t.rectagent.agent.SupervisorAgent - [27e52e7a5a934c23] 执行工具: data_analysis_agent, input=82
2026-03-26 22:03:04.810 [pool-2-thread-1] [] INFO  c.t.rectagent.agent.SupervisorAgent - [65a964b0ed074c98] SupervisorAgent 开始处理: inputLength=15
2026-03-26 22:03:04.810 [pool-2-thread-3] [] INFO  c.t.rectagent.agent.SupervisorAgent - [f9c7bcef02ca44ae] SupervisorAgent 处理完成: outputLength=82, 调用次数=1
2026-03-26 22:03:04.810 [pool-2-thread-4] [] INFO  c.t.rectagent.agent.SupervisorAgent - [61fef09ed32046c2] SupervisorAgent 处理完成: outputLength=82, 调用次数=1
2026-03-26 22:03:04.810 [pool-2-thread-5] [] DEBUG c.t.rectagent.agent.SupervisorAgent - [1012412e94584c1b] 执行工具: data_analysis_agent, input=82
2026-03-26 22:03:04.810 [pool-2-thread-8] [] INFO  c.t.rectagent.agent.SupervisorAgent - [e69a8b6d9ab041c2] SupervisorAgent 处理完成: outputLength=82, 调用次数=1
2026-03-26 22:03:04.810 [pool-2-thread-5] [] DEBUG c.t.rectagent.agent.SupervisorAgent - [1012412e94584c1b] 工具 data_analysis_agent 执行完成, outputLength=82
2026-03-26 22:03:04.810 [pool-2-thread-9] [] DEBUG c.t.rectagent.agent.SupervisorAgent - [2e198077210d45b2] 工具 data_analysis_agent 执行完成, outputLength=82
2026-03-26 22:03:04.810 [pool-2-thread-5] [] INFO  c.t.rectagent.agent.SupervisorAgent - [1012412e94584c1b] 任务完成
2026-03-26 22:03:04.810 [pool-2-thread-6] [] INFO  c.t.rectagent.agent.SupervisorAgent - [d95c0a2122654dd3] 任务完成
2026-03-26 22:03:04.810 [pool-2-thread-2] [] DEBUG c.t.rectagent.agent.SupervisorAgent - [f3bc8478e472430d] 工具 data_analysis_agent 执行完成, outputLength=82
2026-03-26 22:03:04.810 [pool-2-thread-7] [] DEBUG c.t.rectagent.agent.SupervisorAgent - [4ef3d091adf24cd8] 工具 data_analysis_agent 执行完成, outputLength=82
2026-03-26 22:03:04.810 [pool-2-thread-10] [] DEBUG c.t.rectagent.agent.SupervisorAgent - [27e52e7a5a934c23] 工具 data_analysis_agent 执行完成, outputLength=82
2026-03-26 22:03:04.810 [pool-2-thread-8] [] INFO  c.t.rectagent.agent.SupervisorAgent - [26eca400110f4ba5] SupervisorAgent 开始处理: inputLength=15
2026-03-26 22:03:04.810 [pool-2-thread-1] [] DEBUG c.t.rectagent.agent.SupervisorAgent - [65a964b0ed074c98] 执行工具: intent_recognition_agent, input=87
2026-03-26 22:03:04.812 [pool-2-thread-2] [] INFO  c.t.rectagent.agent.SupervisorAgent - [f3bc8478e472430d] 任务完成
2026-03-26 22:03:04.810 [pool-2-thread-3] [] INFO  c.t.rectagent.agent.SupervisorAgent - [bfda2408fb9f400e] SupervisorAgent 开始处理: inputLength=15
2026-03-26 22:03:04.812 [pool-2-thread-7] [] INFO  c.t.rectagent.agent.SupervisorAgent - [4ef3d091adf24cd8] 任务完成
2026-03-26 22:03:04.812 [pool-2-thread-2] [] INFO  c.t.rectagent.agent.SupervisorAgent - [f3bc8478e472430d] SupervisorAgent 处理完成: outputLength=82, 调用次数=1
2026-03-26 22:03:04.810 [pool-2-thread-4] [] INFO  c.t.rectagent.agent.SupervisorAgent - [8ac76f32537c40fc] SupervisorAgent 开始处理: inputLength=15
2026-03-26 22:03:04.812 [pool-2-thread-3] [] DEBUG c.t.rectagent.agent.SupervisorAgent - [bfda2408fb9f400e] 执行工具: data_analysis_agent, input=82
2026-03-26 22:03:04.810 [pool-2-thread-5] [] INFO  c.t.rectagent.agent.SupervisorAgent - [1012412e94584c1b] SupervisorAgent 处理完成: outputLength=82, 调用次数=1
2026-03-26 22:03:04.812 [pool-2-thread-4] [] DEBUG c.t.rectagent.agent.SupervisorAgent - [8ac76f32537c40fc] 执行工具: data_analysis_agent, input=82
2026-03-26 22:03:04.810 [pool-2-thread-9] [] INFO  c.t.rectagent.agent.SupervisorAgent - [2e198077210d45b2] 任务完成
2026-03-26 22:03:04.812 [pool-2-thread-2] [] INFO  c.t.rectagent.agent.SupervisorAgent - [c847acd30e304b36] SupervisorAgent 开始处理: inputLength=15
2026-03-26 22:03:04.810 [pool-2-thread-6] [] INFO  c.t.rectagent.agent.SupervisorAgent - [d95c0a2122654dd3] SupervisorAgent 处理完成: outputLength=87, 调用次数=1
2026-03-26 22:03:04.812 [pool-2-thread-9] [] INFO  c.t.rectagent.agent.SupervisorAgent - [2e198077210d45b2] SupervisorAgent 处理完成: outputLength=82, 调用次数=1
2026-03-26 22:03:04.812 [pool-2-thread-10] [] INFO  c.t.rectagent.agent.SupervisorAgent - [27e52e7a5a934c23] 任务完成
2026-03-26 22:03:04.812 [pool-2-thread-1] [] DEBUG c.t.rectagent.agent.SupervisorAgent - [65a964b0ed074c98] 工具 intent_recognition_agent 执行完成, outputLength=87
2026-03-26 22:03:04.812 [pool-2-thread-6] [] INFO  c.t.rectagent.agent.SupervisorAgent - [8d80cbbe45b04d22] SupervisorAgent 开始处理: inputLength=15
2026-03-26 22:03:04.812 [pool-2-thread-8] [] DEBUG c.t.rectagent.agent.SupervisorAgent - [26eca400110f4ba5] 执行工具: data_analysis_agent, input=82
2026-03-26 22:03:04.812 [pool-2-thread-9] [] INFO  c.t.rectagent.agent.SupervisorAgent - [e135db4c6175474d] SupervisorAgent 开始处理: inputLength=15
2026-03-26 22:03:04.812 [pool-2-thread-6] [] DEBUG c.t.rectagent.agent.SupervisorAgent - [8d80cbbe45b04d22] 执行工具: data_analysis_agent, input=82
2026-03-26 22:03:04.812 [pool-2-thread-7] [] INFO  c.t.rectagent.agent.SupervisorAgent - [4ef3d091adf24cd8] SupervisorAgent 处理完成: outputLength=82, 调用次数=1
2026-03-26 22:03:04.812 [pool-2-thread-8] [] DEBUG c.t.rectagent.agent.SupervisorAgent - [26eca400110f4ba5] 工具 data_analysis_agent 执行完成, outputLength=82
2026-03-26 22:03:04.812 [pool-2-thread-3] [] DEBUG c.t.rectagent.agent.SupervisorAgent - [bfda2408fb9f400e] 工具 data_analysis_agent 执行完成, outputLength=82
2026-03-26 22:03:04.812 [pool-2-thread-7] [] INFO  c.t.rectagent.agent.SupervisorAgent - [2d37392ec6074724] SupervisorAgent 开始处理: inputLength=15
2026-03-26 22:03:04.812 [pool-2-thread-4] [] DEBUG c.t.rectagent.agent.SupervisorAgent - [8ac76f32537c40fc] 工具 data_analysis_agent 执行完成, outputLength=82
2026-03-26 22:03:04.812 [pool-2-thread-7] [] DEBUG c.t.rectagent.agent.SupervisorAgent - [2d37392ec6074724] 执行工具: data_analysis_agent, input=82
2026-03-26 22:03:04.812 [pool-2-thread-3] [] INFO  c.t.rectagent.agent.SupervisorAgent - [bfda2408fb9f400e] 任务完成
2026-03-26 22:03:04.812 [pool-2-thread-2] [] DEBUG c.t.rectagent.agent.SupervisorAgent - [c847acd30e304b36] 执行工具: data_analysis_agent, input=82
2026-03-26 22:03:04.812 [pool-2-thread-3] [] INFO  c.t.rectagent.agent.SupervisorAgent - [bfda2408fb9f400e] SupervisorAgent 处理完成: outputLength=82, 调用次数=1
2026-03-26 22:03:04.812 [pool-2-thread-4] [] INFO  c.t.rectagent.agent.SupervisorAgent - [8ac76f32537c40fc] 任务完成
2026-03-26 22:03:04.812 [pool-2-thread-5] [] INFO  c.t.rectagent.agent.SupervisorAgent - [3769993d7f53496a] SupervisorAgent 开始处理: inputLength=15
2026-03-26 22:03:04.812 [pool-2-thread-10] [] INFO  c.t.rectagent.agent.SupervisorAgent - [27e52e7a5a934c23] SupervisorAgent 处理完成: outputLength=82, 调用次数=1
2026-03-26 22:03:04.812 [pool-2-thread-1] [] INFO  c.t.rectagent.agent.SupervisorAgent - [65a964b0ed074c98] 任务完成
2026-03-26 22:03:04.812 [pool-2-thread-5] [] DEBUG c.t.rectagent.agent.SupervisorAgent - [3769993d7f53496a] 执行工具: data_analysis_agent, input=82
2026-03-26 22:03:04.812 [pool-2-thread-9] [] DEBUG c.t.rectagent.agent.SupervisorAgent - [e135db4c6175474d] 执行工具: data_analysis_agent, input=82
2026-03-26 22:03:04.812 [pool-2-thread-5] [] DEBUG c.t.rectagent.agent.SupervisorAgent - [3769993d7f53496a] 工具 data_analysis_agent 执行完成, outputLength=82
2026-03-26 22:03:04.812 [pool-2-thread-10] [] INFO  c.t.rectagent.agent.SupervisorAgent - [a5a0529c607d4aa7] SupervisorAgent 开始处理: inputLength=15
2026-03-26 22:03:04.812 [pool-2-thread-9] [] DEBUG c.t.rectagent.agent.SupervisorAgent - [e135db4c6175474d] 工具 data_analysis_agent 执行完成, outputLength=82
2026-03-26 22:03:04.812 [pool-2-thread-6] [] DEBUG c.t.rectagent.agent.SupervisorAgent - [8d80cbbe45b04d22] 工具 data_analysis_agent 执行完成, outputLength=82
2026-03-26 22:03:04.812 [pool-2-thread-10] [] DEBUG c.t.rectagent.agent.SupervisorAgent - [a5a0529c607d4aa7] 执行工具: data_analysis_agent, input=82
2026-03-26 22:03:04.812 [pool-2-thread-8] [] INFO  c.t.rectagent.agent.SupervisorAgent - [26eca400110f4ba5] 任务完成
2026-03-26 22:03:04.812 [pool-2-thread-10] [] DEBUG c.t.rectagent.agent.SupervisorAgent - [a5a0529c607d4aa7] 工具 data_analysis_agent 执行完成, outputLength=82
2026-03-26 22:03:04.812 [pool-2-thread-6] [] INFO  c.t.rectagent.agent.SupervisorAgent - [8d80cbbe45b04d22] 任务完成
2026-03-26 22:03:04.812 [pool-2-thread-7] [] DEBUG c.t.rectagent.agent.SupervisorAgent - [2d37392ec6074724] 工具 data_analysis_agent 执行完成, outputLength=82
2026-03-26 22:03:04.812 [pool-2-thread-10] [] INFO  c.t.rectagent.agent.SupervisorAgent - [a5a0529c607d4aa7] 任务完成
2026-03-26 22:03:04.812 [pool-2-thread-10] [] INFO  c.t.rectagent.agent.SupervisorAgent - [a5a0529c607d4aa7] SupervisorAgent 处理完成: outputLength=82, 调用次数=1
2026-03-26 22:03:04.812 [pool-2-thread-2] [] DEBUG c.t.rectagent.agent.SupervisorAgent - [c847acd30e304b36] 工具 data_analysis_agent 执行完成, outputLength=82
2026-03-26 22:03:04.812 [pool-2-thread-4] [] INFO  c.t.rectagent.agent.SupervisorAgent - [8ac76f32537c40fc] SupervisorAgent 处理完成: outputLength=82, 调用次数=1
2026-03-26 22:03:04.812 [pool-2-thread-3] [] INFO  c.t.rectagent.agent.SupervisorAgent - [62350192586949bc] SupervisorAgent 开始处理: inputLength=15
2026-03-26 22:03:04.812 [pool-2-thread-1] [] INFO  c.t.rectagent.agent.SupervisorAgent - [65a964b0ed074c98] SupervisorAgent 处理完成: outputLength=87, 调用次数=1
2026-03-26 22:03:04.812 [pool-2-thread-5] [] INFO  c.t.rectagent.agent.SupervisorAgent - [3769993d7f53496a] 任务完成
2026-03-26 22:03:04.812 [pool-2-thread-9] [] INFO  c.t.rectagent.agent.SupervisorAgent - [e135db4c6175474d] 任务完成
2026-03-26 22:03:04.812 [pool-2-thread-5] [] INFO  c.t.rectagent.agent.SupervisorAgent - [3769993d7f53496a] SupervisorAgent 处理完成: outputLength=82, 调用次数=1
2026-03-26 22:03:04.812 [pool-2-thread-9] [] INFO  c.t.rectagent.agent.SupervisorAgent - [e135db4c6175474d] SupervisorAgent 处理完成: outputLength=82, 调用次数=1
2026-03-26 22:03:04.812 [pool-2-thread-8] [] INFO  c.t.rectagent.agent.SupervisorAgent - [26eca400110f4ba5] SupervisorAgent 处理完成: outputLength=82, 调用次数=1
2026-03-26 22:03:04.812 [pool-2-thread-6] [] INFO  c.t.rectagent.agent.SupervisorAgent - [8d80cbbe45b04d22] SupervisorAgent 处理完成: outputLength=82, 调用次数=1
2026-03-26 22:03:04.812 [pool-2-thread-7] [] INFO  c.t.rectagent.agent.SupervisorAgent - [2d37392ec6074724] 任务完成
2026-03-26 22:03:04.812 [pool-2-thread-2] [] INFO  c.t.rectagent.agent.SupervisorAgent - [c847acd30e304b36] 任务完成
2026-03-26 22:03:04.812 [pool-2-thread-7] [] INFO  c.t.rectagent.agent.SupervisorAgent - [2d37392ec6074724] SupervisorAgent 处理完成: outputLength=82, 调用次数=1
2026-03-26 22:03:04.812 [pool-2-thread-10] [] INFO  c.t.rectagent.agent.SupervisorAgent - [6802f00ed2d34444] SupervisorAgent 开始处理: inputLength=15
2026-03-26 22:03:04.812 [pool-2-thread-3] [] DEBUG c.t.rectagent.agent.SupervisorAgent - [62350192586949bc] 执行工具: data_analysis_agent, input=82
2026-03-26 22:03:04.812 [pool-2-thread-5] [] INFO  c.t.rectagent.agent.SupervisorAgent - [3bacea62ce234f34] SupervisorAgent 开始处理: inputLength=15
2026-03-26 22:03:04.812 [pool-2-thread-10] [] DEBUG c.t.rectagent.agent.SupervisorAgent - [6802f00ed2d34444] 执行工具: data_analysis_agent, input=82
2026-03-26 22:03:04.812 [pool-2-thread-4] [] INFO  c.t.rectagent.agent.SupervisorAgent - [4388f80dde5842b3] SupervisorAgent 开始处理: inputLength=15
2026-03-26 22:03:04.812 [pool-2-thread-5] [] DEBUG c.t.rectagent.agent.SupervisorAgent - [3bacea62ce234f34] 执行工具: data_analysis_agent, input=82
2026-03-26 22:03:04.812 [pool-2-thread-10] [] DEBUG c.t.rectagent.agent.SupervisorAgent - [6802f00ed2d34444] 工具 data_analysis_agent 执行完成, outputLength=82
2026-03-26 22:03:04.812 [pool-2-thread-1] [] INFO  c.t.rectagent.agent.SupervisorAgent - [217ad0d6a2fb4482] SupervisorAgent 开始处理: inputLength=15
2026-03-26 22:03:04.812 [pool-2-thread-4] [] DEBUG c.t.rectagent.agent.SupervisorAgent - [4388f80dde5842b3] 执行工具: data_analysis_agent, input=82
2026-03-26 22:03:04.812 [pool-2-thread-9] [] INFO  c.t.rectagent.agent.SupervisorAgent - [011f8135832b4596] SupervisorAgent 开始处理: inputLength=15
2026-03-26 22:03:04.812 [pool-2-thread-10] [] INFO  c.t.rectagent.agent.SupervisorAgent - [6802f00ed2d34444] 任务完成
2026-03-26 22:03:04.812 [pool-2-thread-8] [] INFO  c.t.rectagent.agent.SupervisorAgent - [353f725dd08c4321] SupervisorAgent 开始处理: inputLength=15
2026-03-26 22:03:04.812 [pool-2-thread-9] [] DEBUG c.t.rectagent.agent.SupervisorAgent - [011f8135832b4596] 执行工具: data_analysis_agent, input=82
2026-03-26 22:03:04.812 [pool-2-thread-6] [] INFO  c.t.rectagent.agent.SupervisorAgent - [c5268cbf27fe4000] SupervisorAgent 开始处理: inputLength=15
2026-03-26 22:03:04.812 [pool-2-thread-8] [] DEBUG c.t.rectagent.agent.SupervisorAgent - [353f725dd08c4321] 执行工具: intent_recognition_agent, input=87
2026-03-26 22:03:04.812 [pool-2-thread-2] [] INFO  c.t.rectagent.agent.SupervisorAgent - [c847acd30e304b36] SupervisorAgent 处理完成: outputLength=82, 调用次数=1
2026-03-26 22:03:04.812 [pool-2-thread-7] [] INFO  c.t.rectagent.agent.SupervisorAgent - [5e6519a912014369] SupervisorAgent 开始处理: inputLength=15
2026-03-26 22:03:04.814 [pool-2-thread-8] [] DEBUG c.t.rectagent.agent.SupervisorAgent - [353f725dd08c4321] 工具 intent_recognition_agent 执行完成, outputLength=87
2026-03-26 22:03:04.814 [pool-2-thread-6] [] DEBUG c.t.rectagent.agent.SupervisorAgent - [c5268cbf27fe4000] 执行工具: data_analysis_agent, input=82
2026-03-26 22:03:04.812 [pool-2-thread-3] [] DEBUG c.t.rectagent.agent.SupervisorAgent - [62350192586949bc] 工具 data_analysis_agent 执行完成, outputLength=82
2026-03-26 22:03:04.814 [pool-2-thread-6] [] DEBUG c.t.rectagent.agent.SupervisorAgent - [c5268cbf27fe4000] 工具 data_analysis_agent 执行完成, outputLength=82
2026-03-26 22:03:04.814 [pool-2-thread-8] [] INFO  c.t.rectagent.agent.SupervisorAgent - [353f725dd08c4321] 任务完成
2026-03-26 22:03:04.812 [pool-2-thread-5] [] DEBUG c.t.rectagent.agent.SupervisorAgent - [3bacea62ce234f34] 工具 data_analysis_agent 执行完成, outputLength=82
2026-03-26 22:03:04.814 [pool-2-thread-8] [] INFO  c.t.rectagent.agent.SupervisorAgent - [353f725dd08c4321] SupervisorAgent 处理完成: outputLength=87, 调用次数=1
2026-03-26 22:03:04.812 [pool-2-thread-4] [] DEBUG c.t.rectagent.agent.SupervisorAgent - [4388f80dde5842b3] 工具 data_analysis_agent 执行完成, outputLength=82
2026-03-26 22:03:04.814 [pool-2-thread-2] [] INFO  c.t.rectagent.agent.SupervisorAgent - [c3fe0c1dfa0b4d2f] SupervisorAgent 开始处理: inputLength=15
2026-03-26 22:03:04.814 [pool-2-thread-3] [] INFO  c.t.rectagent.agent.SupervisorAgent - [62350192586949bc] 任务完成
2026-03-26 22:03:04.814 [pool-2-thread-5] [] INFO  c.t.rectagent.agent.SupervisorAgent - [3bacea62ce234f34] 任务完成
2026-03-26 22:03:04.812 [pool-2-thread-1] [] DEBUG c.t.rectagent.agent.SupervisorAgent - [217ad0d6a2fb4482] 执行工具: intent_recognition_agent, input=87
2026-03-26 22:03:04.814 [pool-2-thread-4] [] INFO  c.t.rectagent.agent.SupervisorAgent - [4388f80dde5842b3] 任务完成
2026-03-26 22:03:04.812 [pool-2-thread-10] [] INFO  c.t.rectagent.agent.SupervisorAgent - [6802f00ed2d34444] SupervisorAgent 处理完成: outputLength=82, 调用次数=1
2026-03-26 22:03:04.814 [pool-2-thread-9] [] DEBUG c.t.rectagent.agent.SupervisorAgent - [011f8135832b4596] 工具 data_analysis_agent 执行完成, outputLength=82
2026-03-26 22:03:04.814 [pool-2-thread-7] [] DEBUG c.t.rectagent.agent.SupervisorAgent - [5e6519a912014369] 执行工具: data_analysis_agent, input=82
2026-03-26 22:03:04.814 [pool-2-thread-10] [] INFO  c.t.rectagent.agent.SupervisorAgent - [7c6531b654964b42] SupervisorAgent 开始处理: inputLength=15
2026-03-26 22:03:04.814 [pool-2-thread-9] [] INFO  c.t.rectagent.agent.SupervisorAgent - [011f8135832b4596] 任务完成
2026-03-26 22:03:04.814 [pool-2-thread-6] [] INFO  c.t.rectagent.agent.SupervisorAgent - [c5268cbf27fe4000] 任务完成
2026-03-26 22:03:04.814 [pool-2-thread-7] [] DEBUG c.t.rectagent.agent.SupervisorAgent - [5e6519a912014369] 工具 data_analysis_agent 执行完成, outputLength=82
2026-03-26 22:03:04.814 [pool-2-thread-3] [] INFO  c.t.rectagent.agent.SupervisorAgent - [62350192586949bc] SupervisorAgent 处理完成: outputLength=82, 调用次数=1
2026-03-26 22:03:04.814 [pool-2-thread-6] [] INFO  c.t.rectagent.agent.SupervisorAgent - [c5268cbf27fe4000] SupervisorAgent 处理完成: outputLength=82, 调用次数=1
2026-03-26 22:03:04.814 [pool-2-thread-7] [] INFO  c.t.rectagent.agent.SupervisorAgent - [5e6519a912014369] 任务完成
2026-03-26 22:03:04.814 [pool-2-thread-7] [] INFO  c.t.rectagent.agent.SupervisorAgent - [5e6519a912014369] SupervisorAgent 处理完成: outputLength=82, 调用次数=1
2026-03-26 22:03:04.814 [pool-2-thread-5] [] INFO  c.t.rectagent.agent.SupervisorAgent - [3bacea62ce234f34] SupervisorAgent 处理完成: outputLength=82, 调用次数=1
2026-03-26 22:03:04.814 [pool-2-thread-2] [] DEBUG c.t.rectagent.agent.SupervisorAgent - [c3fe0c1dfa0b4d2f] 执行工具: data_analysis_agent, input=82
2026-03-26 22:03:04.814 [pool-2-thread-6] [] INFO  c.t.rectagent.agent.SupervisorAgent - [fbd80f25fe234bfb] SupervisorAgent 开始处理: inputLength=15
2026-03-26 22:03:04.814 [pool-2-thread-4] [] INFO  c.t.rectagent.agent.SupervisorAgent - [4388f80dde5842b3] SupervisorAgent 处理完成: outputLength=82, 调用次数=1
2026-03-26 22:03:04.814 [pool-2-thread-3] [] INFO  c.t.rectagent.agent.SupervisorAgent - [0dfc382cc20644ac] SupervisorAgent 开始处理: inputLength=15
2026-03-26 22:03:04.814 [pool-2-thread-8] [] INFO  c.t.rectagent.agent.SupervisorAgent - [1599fc6afcd94b16] SupervisorAgent 开始处理: inputLength=15
2026-03-26 22:03:04.814 [pool-2-thread-3] [] DEBUG c.t.rectagent.agent.SupervisorAgent - [0dfc382cc20644ac] 执行工具: data_analysis_agent, input=82
2026-03-26 22:03:04.814 [pool-2-thread-1] [] DEBUG c.t.rectagent.agent.SupervisorAgent - [217ad0d6a2fb4482] 工具 intent_recognition_agent 执行完成, outputLength=87
2026-03-26 22:03:04.814 [pool-2-thread-3] [] DEBUG c.t.rectagent.agent.SupervisorAgent - [0dfc382cc20644ac] 工具 data_analysis_agent 执行完成, outputLength=82
2026-03-26 22:03:04.814 [pool-2-thread-8] [] DEBUG c.t.rectagent.agent.SupervisorAgent - [1599fc6afcd94b16] 执行工具: data_analysis_agent, input=82
2026-03-26 22:03:04.814 [pool-2-thread-7] [] INFO  c.t.rectagent.agent.SupervisorAgent - [bce03af1c7564ccc] SupervisorAgent 开始处理: inputLength=15
2026-03-26 22:03:04.814 [pool-2-thread-8] [] DEBUG c.t.rectagent.agent.SupervisorAgent - [1599fc6afcd94b16] 工具 data_analysis_agent 执行完成, outputLength=82
2026-03-26 22:03:04.814 [pool-2-thread-9] [] INFO  c.t.rectagent.agent.SupervisorAgent - [011f8135832b4596] SupervisorAgent 处理完成: outputLength=82, 调用次数=1
2026-03-26 22:03:04.814 [pool-2-thread-1] [] INFO  c.t.rectagent.agent.SupervisorAgent - [217ad0d6a2fb4482] 任务完成
2026-03-26 22:03:04.814 [pool-2-thread-8] [] INFO  c.t.rectagent.agent.SupervisorAgent - [1599fc6afcd94b16] 任务完成
2026-03-26 22:03:04.814 [pool-2-thread-1] [] INFO  c.t.rectagent.agent.SupervisorAgent - [217ad0d6a2fb4482] SupervisorAgent 处理完成: outputLength=87, 调用次数=1
2026-03-26 22:03:04.814 [pool-2-thread-4] [] INFO  c.t.rectagent.agent.SupervisorAgent - [0c8ff12e4cc74423] SupervisorAgent 开始处理: inputLength=15
2026-03-26 22:03:04.814 [pool-2-thread-8] [] INFO  c.t.rectagent.agent.SupervisorAgent - [1599fc6afcd94b16] SupervisorAgent 处理完成: outputLength=82, 调用次数=1
2026-03-26 22:03:04.814 [pool-2-thread-10] [] DEBUG c.t.rectagent.agent.SupervisorAgent - [7c6531b654964b42] 执行工具: intent_recognition_agent, input=87
2026-03-26 22:03:04.814 [pool-2-thread-4] [] DEBUG c.t.rectagent.agent.SupervisorAgent - [0c8ff12e4cc74423] 执行工具: data_analysis_agent, input=82
2026-03-26 22:03:04.814 [pool-2-thread-4] [] DEBUG c.t.rectagent.agent.SupervisorAgent - [0c8ff12e4cc74423] 工具 data_analysis_agent 执行完成, outputLength=82
2026-03-26 22:03:04.814 [pool-2-thread-2] [] DEBUG c.t.rectagent.agent.SupervisorAgent - [c3fe0c1dfa0b4d2f] 工具 data_analysis_agent 执行完成, outputLength=82
2026-03-26 22:03:04.814 [pool-2-thread-4] [] INFO  c.t.rectagent.agent.SupervisorAgent - [0c8ff12e4cc74423] 任务完成
2026-03-26 22:03:04.814 [pool-2-thread-6] [] DEBUG c.t.rectagent.agent.SupervisorAgent - [fbd80f25fe234bfb] 执行工具: intent_recognition_agent, input=87
2026-03-26 22:03:04.814 [pool-2-thread-5] [] INFO  c.t.rectagent.agent.SupervisorAgent - [0e4e53d42e4740df] SupervisorAgent 开始处理: inputLength=15
2026-03-26 22:03:04.814 [pool-2-thread-6] [] DEBUG c.t.rectagent.agent.SupervisorAgent - [fbd80f25fe234bfb] 工具 intent_recognition_agent 执行完成, outputLength=87
2026-03-26 22:03:04.814 [pool-2-thread-3] [] INFO  c.t.rectagent.agent.SupervisorAgent - [0dfc382cc20644ac] 任务完成
2026-03-26 22:03:04.814 [pool-2-thread-5] [] DEBUG c.t.rectagent.agent.SupervisorAgent - [0e4e53d42e4740df] 执行工具: data_analysis_agent, input=82
2026-03-26 22:03:04.814 [pool-2-thread-7] [] DEBUG c.t.rectagent.agent.SupervisorAgent - [bce03af1c7564ccc] 执行工具: data_analysis_agent, input=82
2026-03-26 22:03:04.814 [pool-2-thread-10] [] DEBUG c.t.rectagent.agent.SupervisorAgent - [7c6531b654964b42] 工具 intent_recognition_agent 执行完成, outputLength=87
2026-03-26 22:03:04.814 [pool-2-thread-7] [] DEBUG c.t.rectagent.agent.SupervisorAgent - [bce03af1c7564ccc] 工具 data_analysis_agent 执行完成, outputLength=82
2026-03-26 22:03:04.814 [pool-2-thread-8] [] INFO  c.t.rectagent.agent.SupervisorAgent - [4d490a33dab148ac] SupervisorAgent 开始处理: inputLength=15
2026-03-26 22:03:04.814 [pool-2-thread-10] [] INFO  c.t.rectagent.agent.SupervisorAgent - [7c6531b654964b42] 任务完成
2026-03-26 22:03:04.814 [pool-2-thread-7] [] INFO  c.t.rectagent.agent.SupervisorAgent - [bce03af1c7564ccc] 任务完成
2026-03-26 22:03:04.814 [pool-2-thread-10] [] INFO  c.t.rectagent.agent.SupervisorAgent - [7c6531b654964b42] SupervisorAgent 处理完成: outputLength=87, 调用次数=1
2026-03-26 22:03:04.814 [pool-2-thread-1] [] INFO  c.t.rectagent.agent.SupervisorAgent - [74a2dd0a0bfa4048] SupervisorAgent 开始处理: inputLength=15
2026-03-26 22:03:04.814 [pool-2-thread-4] [] INFO  c.t.rectagent.agent.SupervisorAgent - [0c8ff12e4cc74423] SupervisorAgent 处理完成: outputLength=82, 调用次数=1
2026-03-26 22:03:04.814 [pool-2-thread-1] [] DEBUG c.t.rectagent.agent.SupervisorAgent - [74a2dd0a0bfa4048] 执行工具: data_analysis_agent, input=82
2026-03-26 22:03:04.814 [pool-2-thread-2] [] INFO  c.t.rectagent.agent.SupervisorAgent - [c3fe0c1dfa0b4d2f] 任务完成
2026-03-26 22:03:04.814 [pool-2-thread-9] [] INFO  c.t.rectagent.agent.SupervisorAgent - [1bc56e1dfc504b7f] SupervisorAgent 开始处理: inputLength=15
2026-03-26 22:03:04.814 [pool-2-thread-10] [] INFO  c.t.rectagent.agent.SupervisorAgent - [e600876f52794fa2] SupervisorAgent 开始处理: inputLength=15
2026-03-26 22:03:04.814 [pool-2-thread-6] [] INFO  c.t.rectagent.agent.SupervisorAgent - [fbd80f25fe234bfb] 任务完成
2026-03-26 22:03:04.814 [pool-2-thread-9] [] DEBUG c.t.rectagent.agent.SupervisorAgent - [1bc56e1dfc504b7f] 执行工具: data_analysis_agent, input=82
2026-03-26 22:03:04.814 [pool-2-thread-6] [] INFO  c.t.rectagent.agent.SupervisorAgent - [fbd80f25fe234bfb] SupervisorAgent 处理完成: outputLength=87, 调用次数=1
2026-03-26 22:03:04.814 [pool-2-thread-3] [] INFO  c.t.rectagent.agent.SupervisorAgent - [0dfc382cc20644ac] SupervisorAgent 处理完成: outputLength=82, 调用次数=1
2026-03-26 22:03:04.814 [pool-2-thread-5] [] DEBUG c.t.rectagent.agent.SupervisorAgent - [0e4e53d42e4740df] 工具 data_analysis_agent 执行完成, outputLength=82
2026-03-26 22:03:04.814 [pool-2-thread-7] [] INFO  c.t.rectagent.agent.SupervisorAgent - [bce03af1c7564ccc] SupervisorAgent 处理完成: outputLength=82, 调用次数=1
2026-03-26 22:03:04.814 [pool-2-thread-8] [] DEBUG c.t.rectagent.agent.SupervisorAgent - [4d490a33dab148ac] 执行工具: data_analysis_agent, input=82
2026-03-26 22:03:04.814 [pool-2-thread-7] [] INFO  c.t.rectagent.agent.SupervisorAgent - [08db85321386401b] SupervisorAgent 开始处理: inputLength=15
2026-03-26 22:03:04.814 [pool-2-thread-1] [] DEBUG c.t.rectagent.agent.SupervisorAgent - [74a2dd0a0bfa4048] 工具 data_analysis_agent 执行完成, outputLength=82
2026-03-26 22:03:04.814 [pool-2-thread-8] [] DEBUG c.t.rectagent.agent.SupervisorAgent - [4d490a33dab148ac] 工具 data_analysis_agent 执行完成, outputLength=82
2026-03-26 22:03:04.814 [pool-2-thread-2] [] INFO  c.t.rectagent.agent.SupervisorAgent - [c3fe0c1dfa0b4d2f] SupervisorAgent 处理完成: outputLength=82, 调用次数=1
2026-03-26 22:03:04.814 [pool-2-thread-4] [] INFO  c.t.rectagent.agent.SupervisorAgent - [6d56dd27be8b4c66] SupervisorAgent 开始处理: inputLength=15
2026-03-26 22:03:04.814 [pool-2-thread-10] [] DEBUG c.t.rectagent.agent.SupervisorAgent - [e600876f52794fa2] 执行工具: data_analysis_agent, input=82
2026-03-26 22:03:04.815 [pool-2-thread-8] [] INFO  c.t.rectagent.agent.SupervisorAgent - [4d490a33dab148ac] 任务完成
2026-03-26 22:03:04.815 [pool-2-thread-2] [] INFO  c.t.rectagent.agent.SupervisorAgent - [aab7afe55f2e4dcb] SupervisorAgent 开始处理: inputLength=15
2026-03-26 22:03:04.815 [pool-2-thread-4] [] DEBUG c.t.rectagent.agent.SupervisorAgent - [6d56dd27be8b4c66] 执行工具: data_analysis_agent, input=82
2026-03-26 22:03:04.814 [pool-2-thread-9] [] DEBUG c.t.rectagent.agent.SupervisorAgent - [1bc56e1dfc504b7f] 工具 data_analysis_agent 执行完成, outputLength=82
2026-03-26 22:03:04.815 [pool-2-thread-4] [] DEBUG c.t.rectagent.agent.SupervisorAgent - [6d56dd27be8b4c66] 工具 data_analysis_agent 执行完成, outputLength=82
2026-03-26 22:03:04.814 [pool-2-thread-6] [] INFO  c.t.rectagent.agent.SupervisorAgent - [3ea05a2ff2fb4cd6] SupervisorAgent 开始处理: inputLength=15
2026-03-26 22:03:04.814 [pool-2-thread-5] [] INFO  c.t.rectagent.agent.SupervisorAgent - [0e4e53d42e4740df] 任务完成
2026-03-26 22:03:04.815 [pool-2-thread-4] [] INFO  c.t.rectagent.agent.SupervisorAgent - [6d56dd27be8b4c66] 任务完成
2026-03-26 22:03:04.814 [pool-2-thread-3] [] INFO  c.t.rectagent.agent.SupervisorAgent - [6ecd2ee883554e2f] SupervisorAgent 开始处理: inputLength=15
2026-03-26 22:03:04.815 [pool-2-thread-6] [] DEBUG c.t.rectagent.agent.SupervisorAgent - [3ea05a2ff2fb4cd6] 执行工具: data_analysis_agent, input=82
2026-03-26 22:03:04.814 [pool-2-thread-7] [] DEBUG c.t.rectagent.agent.SupervisorAgent - [08db85321386401b] 执行工具: intent_recognition_agent, input=87
2026-03-26 22:03:04.815 [pool-2-thread-3] [] DEBUG c.t.rectagent.agent.SupervisorAgent - [6ecd2ee883554e2f] 执行工具: intent_recognition_agent, input=87
2026-03-26 22:03:04.815 [pool-2-thread-3] [] DEBUG c.t.rectagent.agent.SupervisorAgent - [6ecd2ee883554e2f] 工具 intent_recognition_agent 执行完成, outputLength=87
2026-03-26 22:03:04.815 [pool-2-thread-1] [] INFO  c.t.rectagent.agent.SupervisorAgent - [74a2dd0a0bfa4048] 任务完成
2026-03-26 22:03:04.815 [pool-2-thread-3] [] INFO  c.t.rectagent.agent.SupervisorAgent - [6ecd2ee883554e2f] 任务完成
2026-03-26 22:03:04.815 [pool-2-thread-10] [] DEBUG c.t.rectagent.agent.SupervisorAgent - [e600876f52794fa2] 工具 data_analysis_agent 执行完成, outputLength=82
2026-03-26 22:03:04.815 [pool-2-thread-3] [] INFO  c.t.rectagent.agent.SupervisorAgent - [6ecd2ee883554e2f] SupervisorAgent 处理完成: outputLength=87, 调用次数=1
2026-03-26 22:03:04.815 [pool-2-thread-8] [] INFO  c.t.rectagent.agent.SupervisorAgent - [4d490a33dab148ac] SupervisorAgent 处理完成: outputLength=82, 调用次数=1
2026-03-26 22:03:04.815 [pool-2-thread-2] [] DEBUG c.t.rectagent.agent.SupervisorAgent - [aab7afe55f2e4dcb] 执行工具: data_analysis_agent, input=82
2026-03-26 22:03:04.815 [pool-2-thread-3] [] INFO  c.t.rectagent.agent.SupervisorAgent - [b60b304784344b09] SupervisorAgent 开始处理: inputLength=15
2026-03-26 22:03:04.815 [pool-2-thread-9] [] INFO  c.t.rectagent.agent.SupervisorAgent - [1bc56e1dfc504b7f] 任务完成
2026-03-26 22:03:04.815 [pool-2-thread-2] [] DEBUG c.t.rectagent.agent.SupervisorAgent - [aab7afe55f2e4dcb] 工具 data_analysis_agent 执行完成, outputLength=82
2026-03-26 22:03:04.815 [pool-2-thread-5] [] INFO  c.t.rectagent.agent.SupervisorAgent - [0e4e53d42e4740df] SupervisorAgent 处理完成: outputLength=82, 调用次数=1
2026-03-26 22:03:04.815 [pool-2-thread-4] [] INFO  c.t.rectagent.agent.SupervisorAgent - [6d56dd27be8b4c66] SupervisorAgent 处理完成: outputLength=82, 调用次数=1
2026-03-26 22:03:04.815 [pool-2-thread-6] [] DEBUG c.t.rectagent.agent.SupervisorAgent - [3ea05a2ff2fb4cd6] 工具 data_analysis_agent 执行完成, outputLength=82
2026-03-26 22:03:04.815 [pool-2-thread-5] [] INFO  c.t.rectagent.agent.SupervisorAgent - [37b4349e88c6481d] SupervisorAgent 开始处理: inputLength=15
2026-03-26 22:03:04.815 [pool-2-thread-4] [] INFO  c.t.rectagent.agent.SupervisorAgent - [7f9156433a0646f9] SupervisorAgent 开始处理: inputLength=15
2026-03-26 22:03:04.815 [pool-2-thread-7] [] DEBUG c.t.rectagent.agent.SupervisorAgent - [08db85321386401b] 工具 intent_recognition_agent 执行完成, outputLength=87
2026-03-26 22:03:04.815 [pool-2-thread-4] [] DEBUG c.t.rectagent.agent.SupervisorAgent - [7f9156433a0646f9] 执行工具: data_analysis_agent, input=82
2026-03-26 22:03:04.815 [pool-2-thread-6] [] INFO  c.t.rectagent.agent.SupervisorAgent - [3ea05a2ff2fb4cd6] 任务完成
2026-03-26 22:03:04.815 [pool-2-thread-4] [] DEBUG c.t.rectagent.agent.SupervisorAgent - [7f9156433a0646f9] 工具 data_analysis_agent 执行完成, outputLength=82
2026-03-26 22:03:04.815 [pool-2-thread-1] [] INFO  c.t.rectagent.agent.SupervisorAgent - [74a2dd0a0bfa4048] SupervisorAgent 处理完成: outputLength=82, 调用次数=1
2026-03-26 22:03:04.815 [pool-2-thread-6] [] INFO  c.t.rectagent.agent.SupervisorAgent - [3ea05a2ff2fb4cd6] SupervisorAgent 处理完成: outputLength=82, 调用次数=1
2026-03-26 22:03:04.815 [pool-2-thread-4] [] INFO  c.t.rectagent.agent.SupervisorAgent - [7f9156433a0646f9] 任务完成
2026-03-26 22:03:04.815 [pool-2-thread-10] [] INFO  c.t.rectagent.agent.SupervisorAgent - [e600876f52794fa2] 任务完成
2026-03-26 22:03:04.815 [pool-2-thread-3] [] DEBUG c.t.rectagent.agent.SupervisorAgent - [b60b304784344b09] 执行工具: data_analysis_agent, input=82
2026-03-26 22:03:04.815 [pool-2-thread-9] [] INFO  c.t.rectagent.agent.SupervisorAgent - [1bc56e1dfc504b7f] SupervisorAgent 处理完成: outputLength=82, 调用次数=1
2026-03-26 22:03:04.815 [pool-2-thread-3] [] DEBUG c.t.rectagent.agent.SupervisorAgent - [b60b304784344b09] 工具 data_analysis_agent 执行完成, outputLength=82
2026-03-26 22:03:04.815 [pool-2-thread-8] [] INFO  c.t.rectagent.agent.SupervisorAgent - [591b5960d0704bd9] SupervisorAgent 开始处理: inputLength=15
2026-03-26 22:03:04.815 [pool-2-thread-6] [] INFO  c.t.rectagent.agent.SupervisorAgent - [8fc49827ac8c4324] SupervisorAgent 开始处理: inputLength=15
2026-03-26 22:03:04.815 [pool-2-thread-1] [] INFO  c.t.rectagent.agent.SupervisorAgent - [74301fec5aab48eb] SupervisorAgent 开始处理: inputLength=15
2026-03-26 22:03:04.815 [pool-2-thread-2] [] INFO  c.t.rectagent.agent.SupervisorAgent - [aab7afe55f2e4dcb] 任务完成
2026-03-26 22:03:04.815 [pool-2-thread-6] [] DEBUG c.t.rectagent.agent.SupervisorAgent - [8fc49827ac8c4324] 执行工具: data_analysis_agent, input=82
2026-03-26 22:03:04.815 [pool-2-thread-1] [] DEBUG c.t.rectagent.agent.SupervisorAgent - [74301fec5aab48eb] 执行工具: data_analysis_agent, input=82
2026-03-26 22:03:04.815 [pool-2-thread-5] [] DEBUG c.t.rectagent.agent.SupervisorAgent - [37b4349e88c6481d] 执行工具: data_analysis_agent, input=82
2026-03-26 22:03:04.815 [pool-2-thread-6] [] DEBUG c.t.rectagent.agent.SupervisorAgent - [8fc49827ac8c4324] 工具 data_analysis_agent 执行完成, outputLength=82
2026-03-26 22:03:04.815 [pool-2-thread-1] [] DEBUG c.t.rectagent.agent.SupervisorAgent - [74301fec5aab48eb] 工具 data_analysis_agent 执行完成, outputLength=82
2026-03-26 22:03:04.815 [pool-2-thread-7] [] INFO  c.t.rectagent.agent.SupervisorAgent - [08db85321386401b] 任务完成
2026-03-26 22:03:04.815 [pool-2-thread-5] [] DEBUG c.t.rectagent.agent.SupervisorAgent - [37b4349e88c6481d] 工具 data_analysis_agent 执行完成, outputLength=82
2026-03-26 22:03:04.815 [pool-2-thread-4] [] INFO  c.t.rectagent.agent.SupervisorAgent - [7f9156433a0646f9] SupervisorAgent 处理完成: outputLength=82, 调用次数=1
2026-03-26 22:03:04.815 [pool-2-thread-5] [] INFO  c.t.rectagent.agent.SupervisorAgent - [37b4349e88c6481d] 任务完成
2026-03-26 22:03:04.815 [pool-2-thread-10] [] INFO  c.t.rectagent.agent.SupervisorAgent - [e600876f52794fa2] SupervisorAgent 处理完成: outputLength=82, 调用次数=1
2026-03-26 22:03:04.815 [pool-2-thread-5] [] INFO  c.t.rectagent.agent.SupervisorAgent - [37b4349e88c6481d] SupervisorAgent 处理完成: outputLength=82, 调用次数=1
2026-03-26 22:03:04.815 [pool-2-thread-3] [] INFO  c.t.rectagent.agent.SupervisorAgent - [b60b304784344b09] 任务完成
2026-03-26 22:03:04.815 [pool-2-thread-4] [] INFO  c.t.rectagent.agent.SupervisorAgent - [a0c750ce8c25498f] SupervisorAgent 开始处理: inputLength=15
2026-03-26 22:03:04.815 [pool-2-thread-3] [] INFO  c.t.rectagent.agent.SupervisorAgent - [b60b304784344b09] SupervisorAgent 处理完成: outputLength=82, 调用次数=1
2026-03-26 22:03:04.815 [pool-2-thread-8] [] DEBUG c.t.rectagent.agent.SupervisorAgent - [591b5960d0704bd9] 执行工具: data_analysis_agent, input=82
2026-03-26 22:03:04.815 [pool-2-thread-4] [] DEBUG c.t.rectagent.agent.SupervisorAgent - [a0c750ce8c25498f] 执行工具: data_analysis_agent, input=82
2026-03-26 22:03:04.815 [pool-2-thread-5] [] INFO  c.t.rectagent.agent.SupervisorAgent - [8966d1a99a31450e] SupervisorAgent 开始处理: inputLength=15
2026-03-26 22:03:04.815 [pool-2-thread-4] [] DEBUG c.t.rectagent.agent.SupervisorAgent - [a0c750ce8c25498f] 工具 data_analysis_agent 执行完成, outputLength=82
2026-03-26 22:03:04.815 [pool-2-thread-8] [] DEBUG c.t.rectagent.agent.SupervisorAgent - [591b5960d0704bd9] 工具 data_analysis_agent 执行完成, outputLength=82
2026-03-26 22:03:04.815 [pool-2-thread-9] [] INFO  c.t.rectagent.agent.SupervisorAgent - [2eab122d97594fe6] SupervisorAgent 开始处理: inputLength=15
2026-03-26 22:03:04.815 [pool-2-thread-5] [] DEBUG c.t.rectagent.agent.SupervisorAgent - [8966d1a99a31450e] 执行工具: data_analysis_agent, input=82
2026-03-26 22:03:04.815 [pool-2-thread-8] [] INFO  c.t.rectagent.agent.SupervisorAgent - [591b5960d0704bd9] 任务完成
2026-03-26 22:03:04.815 [pool-2-thread-2] [] INFO  c.t.rectagent.agent.SupervisorAgent - [aab7afe55f2e4dcb] SupervisorAgent 处理完成: outputLength=82, 调用次数=1
2026-03-26 22:03:04.815 [pool-2-thread-1] [] INFO  c.t.rectagent.agent.SupervisorAgent - [74301fec5aab48eb] 任务完成
2026-03-26 22:03:04.815 [pool-2-thread-6] [] INFO  c.t.rectagent.agent.SupervisorAgent - [8fc49827ac8c4324] 任务完成
2026-03-26 22:03:04.815 [pool-2-thread-1] [] INFO  c.t.rectagent.agent.SupervisorAgent - [74301fec5aab48eb] SupervisorAgent 处理完成: outputLength=82, 调用次数=1
2026-03-26 22:03:04.815 [pool-2-thread-7] [] INFO  c.t.rectagent.agent.SupervisorAgent - [08db85321386401b] SupervisorAgent 处理完成: outputLength=87, 调用次数=1
2026-03-26 22:03:04.815 [pool-2-thread-10] [] INFO  c.t.rectagent.agent.SupervisorAgent - [91c60ea522f74050] SupervisorAgent 开始处理: inputLength=15
2026-03-26 22:03:04.815 [pool-2-thread-4] [] INFO  c.t.rectagent.agent.SupervisorAgent - [a0c750ce8c25498f] 任务完成
2026-03-26 22:03:04.817 [pool-2-thread-1] [] INFO  c.t.rectagent.agent.SupervisorAgent - [fcbc6e0781414fcf] SupervisorAgent 开始处理: inputLength=15
2026-03-26 22:03:04.817 [pool-2-thread-10] [] DEBUG c.t.rectagent.agent.SupervisorAgent - [91c60ea522f74050] 执行工具: data_analysis_agent, input=82
2026-03-26 22:03:04.817 [pool-2-thread-7] [] INFO  c.t.rectagent.agent.SupervisorAgent - [e46616052c014868] SupervisorAgent 开始处理: inputLength=15
2026-03-26 22:03:04.815 [pool-2-thread-3] [] INFO  c.t.rectagent.agent.SupervisorAgent - [3b057f7821a34db4] SupervisorAgent 开始处理: inputLength=15
2026-03-26 22:03:04.817 [pool-2-thread-7] [] DEBUG c.t.rectagent.agent.SupervisorAgent - [e46616052c014868] 执行工具: data_analysis_agent, input=82
2026-03-26 22:03:04.817 [pool-2-thread-3] [] DEBUG c.t.rectagent.agent.SupervisorAgent - [3b057f7821a34db4] 执行工具: data_analysis_agent, input=82
2026-03-26 22:03:04.815 [pool-2-thread-5] [] DEBUG c.t.rectagent.agent.SupervisorAgent - [8966d1a99a31450e] 工具 data_analysis_agent 执行完成, outputLength=82
2026-03-26 22:03:04.817 [pool-2-thread-3] [] DEBUG c.t.rectagent.agent.SupervisorAgent - [3b057f7821a34db4] 工具 data_analysis_agent 执行完成, outputLength=82
2026-03-26 22:03:04.815 [pool-2-thread-8] [] INFO  c.t.rectagent.agent.SupervisorAgent - [591b5960d0704bd9] SupervisorAgent 处理完成: outputLength=82, 调用次数=1
2026-03-26 22:03:04.817 [pool-2-thread-3] [] INFO  c.t.rectagent.agent.SupervisorAgent - [3b057f7821a34db4] 任务完成
2026-03-26 22:03:04.817 [pool-2-thread-5] [] INFO  c.t.rectagent.agent.SupervisorAgent - [8966d1a99a31450e] 任务完成
2026-03-26 22:03:04.815 [pool-2-thread-9] [] DEBUG c.t.rectagent.agent.SupervisorAgent - [2eab122d97594fe6] 执行工具: intent_recognition_agent, input=87
2026-03-26 22:03:04.815 [pool-2-thread-2] [] INFO  c.t.rectagent.agent.SupervisorAgent - [489f0a104d4a4b4b] SupervisorAgent 开始处理: inputLength=15
2026-03-26 22:03:04.815 [pool-2-thread-6] [] INFO  c.t.rectagent.agent.SupervisorAgent - [8fc49827ac8c4324] SupervisorAgent 处理完成: outputLength=82, 调用次数=1
2026-03-26 22:03:04.817 [pool-2-thread-2] [] DEBUG c.t.rectagent.agent.SupervisorAgent - [489f0a104d4a4b4b] 执行工具: data_analysis_agent, input=82
2026-03-26 22:03:04.817 [pool-2-thread-10] [] DEBUG c.t.rectagent.agent.SupervisorAgent - [91c60ea522f74050] 工具 data_analysis_agent 执行完成, outputLength=82
2026-03-26 22:03:04.817 [pool-2-thread-4] [] INFO  c.t.rectagent.agent.SupervisorAgent - [a0c750ce8c25498f] SupervisorAgent 处理完成: outputLength=82, 调用次数=1
2026-03-26 22:03:04.817 [pool-2-thread-1] [] DEBUG c.t.rectagent.agent.SupervisorAgent - [fcbc6e0781414fcf] 执行工具: data_analysis_agent, input=82
2026-03-26 22:03:04.817 [pool-2-thread-10] [] INFO  c.t.rectagent.agent.SupervisorAgent - [91c60ea522f74050] 任务完成
2026-03-26 22:03:04.817 [pool-2-thread-6] [] INFO  c.t.rectagent.agent.SupervisorAgent - [c0816b2ea99a4939] SupervisorAgent 开始处理: inputLength=15
2026-03-26 22:03:04.817 [pool-2-thread-1] [] DEBUG c.t.rectagent.agent.SupervisorAgent - [fcbc6e0781414fcf] 工具 data_analysis_agent 执行完成, outputLength=82
2026-03-26 22:03:04.817 [pool-2-thread-7] [] DEBUG c.t.rectagent.agent.SupervisorAgent - [e46616052c014868] 工具 data_analysis_agent 执行完成, outputLength=82
2026-03-26 22:03:04.817 [pool-2-thread-6] [] DEBUG c.t.rectagent.agent.SupervisorAgent - [c0816b2ea99a4939] 执行工具: data_analysis_agent, input=82
2026-03-26 22:03:04.817 [pool-2-thread-3] [] INFO  c.t.rectagent.agent.SupervisorAgent - [3b057f7821a34db4] SupervisorAgent 处理完成: outputLength=82, 调用次数=1
2026-03-26 22:03:04.817 [pool-2-thread-7] [] INFO  c.t.rectagent.agent.SupervisorAgent - [e46616052c014868] 任务完成
2026-03-26 22:03:04.817 [pool-2-thread-5] [] INFO  c.t.rectagent.agent.SupervisorAgent - [8966d1a99a31450e] SupervisorAgent 处理完成: outputLength=82, 调用次数=1
2026-03-26 22:03:04.817 [pool-2-thread-7] [] INFO  c.t.rectagent.agent.SupervisorAgent - [e46616052c014868] SupervisorAgent 处理完成: outputLength=82, 调用次数=1
2026-03-26 22:03:04.817 [pool-2-thread-8] [] INFO  c.t.rectagent.agent.SupervisorAgent - [f2085bb3a92340d0] SupervisorAgent 开始处理: inputLength=15
2026-03-26 22:03:04.817 [pool-2-thread-9] [] DEBUG c.t.rectagent.agent.SupervisorAgent - [2eab122d97594fe6] 工具 intent_recognition_agent 执行完成, outputLength=87
2026-03-26 22:03:04.817 [pool-2-thread-8] [] DEBUG c.t.rectagent.agent.SupervisorAgent - [f2085bb3a92340d0] 执行工具: data_analysis_agent, input=82
2026-03-26 22:03:04.817 [pool-2-thread-7] [] INFO  c.t.rectagent.agent.SupervisorAgent - [99aaec9efce14441] SupervisorAgent 开始处理: inputLength=15
2026-03-26 22:03:04.817 [pool-2-thread-2] [] DEBUG c.t.rectagent.agent.SupervisorAgent - [489f0a104d4a4b4b] 工具 data_analysis_agent 执行完成, outputLength=82
2026-03-26 22:03:04.817 [pool-2-thread-10] [] INFO  c.t.rectagent.agent.SupervisorAgent - [91c60ea522f74050] SupervisorAgent 处理完成: outputLength=82, 调用次数=1
2026-03-26 22:03:04.817 [pool-2-thread-4] [] INFO  c.t.rectagent.agent.SupervisorAgent - [bab0914c78d74250] SupervisorAgent 开始处理: inputLength=15
2026-03-26 22:03:04.817 [pool-2-thread-1] [] INFO  c.t.rectagent.agent.SupervisorAgent - [fcbc6e0781414fcf] 任务完成
2026-03-26 22:03:04.817 [pool-2-thread-4] [] DEBUG c.t.rectagent.agent.SupervisorAgent - [bab0914c78d74250] 执行工具: data_analysis_agent, input=82
2026-03-26 22:03:04.817 [pool-2-thread-10] [] INFO  c.t.rectagent.agent.SupervisorAgent - [355b4821ae614cbf] SupervisorAgent 开始处理: inputLength=15
2026-03-26 22:03:04.817 [pool-2-thread-6] [] DEBUG c.t.rectagent.agent.SupervisorAgent - [c0816b2ea99a4939] 工具 data_analysis_agent 执行完成, outputLength=82
2026-03-26 22:03:04.817 [pool-2-thread-10] [] DEBUG c.t.rectagent.agent.SupervisorAgent - [355b4821ae614cbf] 执行工具: data_analysis_agent, input=82
2026-03-26 22:03:04.817 [pool-2-thread-3] [] INFO  c.t.rectagent.agent.SupervisorAgent - [c61ee4870e674e5a] SupervisorAgent 开始处理: inputLength=15
2026-03-26 22:03:04.817 [pool-2-thread-10] [] DEBUG c.t.rectagent.agent.SupervisorAgent - [355b4821ae614cbf] 工具 data_analysis_agent 执行完成, outputLength=82
2026-03-26 22:03:04.817 [pool-2-thread-5] [] INFO  c.t.rectagent.agent.SupervisorAgent - [4141f4b098c34f12] SupervisorAgent 开始处理: inputLength=15
2026-03-26 22:03:04.817 [pool-2-thread-3] [] DEBUG c.t.rectagent.agent.SupervisorAgent - [c61ee4870e674e5a] 执行工具: data_analysis_agent, input=82
2026-03-26 22:03:04.817 [pool-2-thread-8] [] DEBUG c.t.rectagent.agent.SupervisorAgent - [f2085bb3a92340d0] 工具 data_analysis_agent 执行完成, outputLength=82
2026-03-26 22:03:04.817 [pool-2-thread-7] [] DEBUG c.t.rectagent.agent.SupervisorAgent - [99aaec9efce14441] 执行工具: data_analysis_agent, input=82
2026-03-26 22:03:04.817 [pool-2-thread-9] [] INFO  c.t.rectagent.agent.SupervisorAgent - [2eab122d97594fe6] 任务完成
2026-03-26 22:03:04.817 [pool-2-thread-7] [] DEBUG c.t.rectagent.agent.SupervisorAgent - [99aaec9efce14441] 工具 data_analysis_agent 执行完成, outputLength=82
2026-03-26 22:03:04.817 [pool-2-thread-2] [] INFO  c.t.rectagent.agent.SupervisorAgent - [489f0a104d4a4b4b] 任务完成
2026-03-26 22:03:04.817 [pool-2-thread-9] [] INFO  c.t.rectagent.agent.SupervisorAgent - [2eab122d97594fe6] SupervisorAgent 处理完成: outputLength=87, 调用次数=1
2026-03-26 22:03:04.817 [pool-2-thread-2] [] INFO  c.t.rectagent.agent.SupervisorAgent - [489f0a104d4a4b4b] SupervisorAgent 处理完成: outputLength=82, 调用次数=1
2026-03-26 22:03:04.817 [pool-2-thread-7] [] INFO  c.t.rectagent.agent.SupervisorAgent - [99aaec9efce14441] 任务完成
2026-03-26 22:03:04.817 [pool-2-thread-4] [] DEBUG c.t.rectagent.agent.SupervisorAgent - [bab0914c78d74250] 工具 data_analysis_agent 执行完成, outputLength=82
2026-03-26 22:03:04.817 [pool-2-thread-1] [] INFO  c.t.rectagent.agent.SupervisorAgent - [fcbc6e0781414fcf] SupervisorAgent 处理完成: outputLength=82, 调用次数=1
2026-03-26 22:03:04.817 [pool-2-thread-4] [] INFO  c.t.rectagent.agent.SupervisorAgent - [bab0914c78d74250] 任务完成
2026-03-26 22:03:04.817 [pool-2-thread-6] [] INFO  c.t.rectagent.agent.SupervisorAgent - [c0816b2ea99a4939] 任务完成
2026-03-26 22:03:04.817 [pool-2-thread-4] [] INFO  c.t.rectagent.agent.SupervisorAgent - [bab0914c78d74250] SupervisorAgent 处理完成: outputLength=82, 调用次数=1
2026-03-26 22:03:04.817 [pool-2-thread-10] [] INFO  c.t.rectagent.agent.SupervisorAgent - [355b4821ae614cbf] 任务完成
2026-03-26 22:03:04.817 [pool-2-thread-2] [] INFO  c.t.rectagent.agent.SupervisorAgent - [21a75bfa8c624e6a] SupervisorAgent 开始处理: inputLength=15
2026-03-26 22:03:04.817 [pool-2-thread-5] [] DEBUG c.t.rectagent.agent.SupervisorAgent - [4141f4b098c34f12] 执行工具: data_analysis_agent, input=82
2026-03-26 22:03:04.817 [pool-2-thread-10] [] INFO  c.t.rectagent.agent.SupervisorAgent - [355b4821ae614cbf] SupervisorAgent 处理完成: outputLength=82, 调用次数=1
2026-03-26 22:03:04.817 [pool-2-thread-2] [] DEBUG c.t.rectagent.agent.SupervisorAgent - [21a75bfa8c624e6a] 执行工具: data_analysis_agent, input=82
2026-03-26 22:03:04.817 [pool-2-thread-3] [] DEBUG c.t.rectagent.agent.SupervisorAgent - [c61ee4870e674e5a] 工具 data_analysis_agent 执行完成, outputLength=82
2026-03-26 22:03:04.817 [pool-2-thread-5] [] DEBUG c.t.rectagent.agent.SupervisorAgent - [4141f4b098c34f12] 工具 data_analysis_agent 执行完成, outputLength=82
2026-03-26 22:03:04.817 [pool-2-thread-8] [] INFO  c.t.rectagent.agent.SupervisorAgent - [f2085bb3a92340d0] 任务完成
2026-03-26 22:03:04.817 [pool-2-thread-10] [] INFO  c.t.rectagent.agent.SupervisorAgent - [b1d1f7fc040d48ef] SupervisorAgent 开始处理: inputLength=15
2026-03-26 22:03:04.817 [pool-2-thread-5] [] INFO  c.t.rectagent.agent.SupervisorAgent - [4141f4b098c34f12] 任务完成
2026-03-26 22:03:04.817 [pool-2-thread-7] [] INFO  c.t.rectagent.agent.SupervisorAgent - [99aaec9efce14441] SupervisorAgent 处理完成: outputLength=82, 调用次数=1
2026-03-26 22:03:04.817 [pool-2-thread-5] [] INFO  c.t.rectagent.agent.SupervisorAgent - [4141f4b098c34f12] SupervisorAgent 处理完成: outputLength=82, 调用次数=1
2026-03-26 22:03:04.817 [pool-2-thread-9] [] INFO  c.t.rectagent.agent.SupervisorAgent - [8b5a4428bbee45b7] SupervisorAgent 开始处理: inputLength=15
2026-03-26 22:03:04.817 [pool-2-thread-6] [] INFO  c.t.rectagent.agent.SupervisorAgent - [c0816b2ea99a4939] SupervisorAgent 处理完成: outputLength=82, 调用次数=1
2026-03-26 22:03:04.817 [pool-2-thread-1] [] INFO  c.t.rectagent.agent.SupervisorAgent - [30218847a81446d2] SupervisorAgent 开始处理: inputLength=15
2026-03-26 22:03:04.817 [pool-2-thread-5] [] INFO  c.t.rectagent.agent.SupervisorAgent - [c31ecbcda79d4a8c] SupervisorAgent 开始处理: inputLength=15
2026-03-26 22:03:04.817 [pool-2-thread-1] [] DEBUG c.t.rectagent.agent.SupervisorAgent - [30218847a81446d2] 执行工具: data_analysis_agent, input=82
2026-03-26 22:03:04.817 [pool-2-thread-4] [] INFO  c.t.rectagent.agent.SupervisorAgent - [35cf49cba53e4c3c] SupervisorAgent 开始处理: inputLength=15
2026-03-26 22:03:04.817 [pool-2-thread-2] [] DEBUG c.t.rectagent.agent.SupervisorAgent - [21a75bfa8c624e6a] 工具 data_analysis_agent 执行完成, outputLength=82
2026-03-26 22:03:04.817 [pool-2-thread-6] [] INFO  c.t.rectagent.agent.SupervisorAgent - [dfc77d85b4d848a8] SupervisorAgent 开始处理: inputLength=15
2026-03-26 22:03:04.817 [pool-2-thread-4] [] DEBUG c.t.rectagent.agent.SupervisorAgent - [35cf49cba53e4c3c] 执行工具: data_analysis_agent, input=82
2026-03-26 22:03:04.817 [pool-2-thread-3] [] INFO  c.t.rectagent.agent.SupervisorAgent - [c61ee4870e674e5a] 任务完成
2026-03-26 22:03:04.817 [pool-2-thread-8] [] INFO  c.t.rectagent.agent.SupervisorAgent - [f2085bb3a92340d0] SupervisorAgent 处理完成: outputLength=82, 调用次数=1
2026-03-26 22:03:04.818 [pool-2-thread-2] [] INFO  c.t.rectagent.agent.SupervisorAgent - [21a75bfa8c624e6a] 任务完成
2026-03-26 22:03:04.817 [pool-2-thread-10] [] DEBUG c.t.rectagent.agent.SupervisorAgent - [b1d1f7fc040d48ef] 执行工具: data_analysis_agent, input=82
2026-03-26 22:03:04.817 [pool-2-thread-7] [] INFO  c.t.rectagent.agent.SupervisorAgent - [6546a01ec1aa4c1c] SupervisorAgent 开始处理: inputLength=15
2026-03-26 22:03:04.818 [pool-2-thread-8] [] INFO  c.t.rectagent.agent.SupervisorAgent - [01d1ee9827ff47b0] SupervisorAgent 开始处理: inputLength=15
2026-03-26 22:03:04.817 [pool-2-thread-9] [] DEBUG c.t.rectagent.agent.SupervisorAgent - [8b5a4428bbee45b7] 执行工具: data_analysis_agent, input=82
2026-03-26 22:03:04.817 [pool-2-thread-1] [] DEBUG c.t.rectagent.agent.SupervisorAgent - [30218847a81446d2] 工具 data_analysis_agent 执行完成, outputLength=82
2026-03-26 22:03:04.817 [pool-2-thread-5] [] DEBUG c.t.rectagent.agent.SupervisorAgent - [c31ecbcda79d4a8c] 执行工具: data_analysis_agent, input=82
2026-03-26 22:03:04.818 [pool-2-thread-4] [] DEBUG c.t.rectagent.agent.SupervisorAgent - [35cf49cba53e4c3c] 工具 data_analysis_agent 执行完成, outputLength=82
2026-03-26 22:03:04.818 [pool-2-thread-5] [] DEBUG c.t.rectagent.agent.SupervisorAgent - [c31ecbcda79d4a8c] 工具 data_analysis_agent 执行完成, outputLength=82
2026-03-26 22:03:04.818 [pool-2-thread-3] [] INFO  c.t.rectagent.agent.SupervisorAgent - [c61ee4870e674e5a] SupervisorAgent 处理完成: outputLength=82, 调用次数=1
2026-03-26 22:03:04.818 [pool-2-thread-5] [] INFO  c.t.rectagent.agent.SupervisorAgent - [c31ecbcda79d4a8c] 任务完成
2026-03-26 22:03:04.818 [pool-2-thread-6] [] DEBUG c.t.rectagent.agent.SupervisorAgent - [dfc77d85b4d848a8] 执行工具: data_analysis_agent, input=82
2026-03-26 22:03:04.818 [pool-2-thread-5] [] INFO  c.t.rectagent.agent.SupervisorAgent - [c31ecbcda79d4a8c] SupervisorAgent 处理完成: outputLength=82, 调用次数=1
2026-03-26 22:03:04.818 [pool-2-thread-2] [] INFO  c.t.rectagent.agent.SupervisorAgent - [21a75bfa8c624e6a] SupervisorAgent 处理完成: outputLength=82, 调用次数=1
2026-03-26 22:03:04.818 [pool-2-thread-3] [] INFO  c.t.rectagent.agent.SupervisorAgent - [93930388ec334124] SupervisorAgent 开始处理: inputLength=15
2026-03-26 22:03:04.818 [pool-2-thread-5] [] INFO  c.t.rectagent.agent.SupervisorAgent - [6c4384c1cf0a4f3e] SupervisorAgent 开始处理: inputLength=15
2026-03-26 22:03:04.818 [pool-2-thread-10] [] DEBUG c.t.rectagent.agent.SupervisorAgent - [b1d1f7fc040d48ef] 工具 data_analysis_agent 执行完成, outputLength=82
2026-03-26 22:03:04.818 [pool-2-thread-5] [] DEBUG c.t.rectagent.agent.SupervisorAgent - [6c4384c1cf0a4f3e] 执行工具: data_analysis_agent, input=82
2026-03-26 22:03:04.818 [pool-2-thread-8] [] DEBUG c.t.rectagent.agent.SupervisorAgent - [01d1ee9827ff47b0] 执行工具: data_analysis_agent, input=82
2026-03-26 22:03:04.818 [pool-2-thread-2] [] INFO  c.t.rectagent.agent.SupervisorAgent - [7c307a3f54b54313] SupervisorAgent 开始处理: inputLength=15
2026-03-26 22:03:04.818 [pool-2-thread-7] [] DEBUG c.t.rectagent.agent.SupervisorAgent - [6546a01ec1aa4c1c] 执行工具: data_analysis_agent, input=82
2026-03-26 22:03:04.818 [pool-2-thread-2] [] DEBUG c.t.rectagent.agent.SupervisorAgent - [7c307a3f54b54313] 执行工具: intent_recognition_agent, input=87
2026-03-26 22:03:04.818 [pool-2-thread-8] [] DEBUG c.t.rectagent.agent.SupervisorAgent - [01d1ee9827ff47b0] 工具 data_analysis_agent 执行完成, outputLength=82
2026-03-26 22:03:04.818 [pool-2-thread-7] [] DEBUG c.t.rectagent.agent.SupervisorAgent - [6546a01ec1aa4c1c] 工具 data_analysis_agent 执行完成, outputLength=82
2026-03-26 22:03:04.818 [pool-2-thread-9] [] DEBUG c.t.rectagent.agent.SupervisorAgent - [8b5a4428bbee45b7] 工具 data_analysis_agent 执行完成, outputLength=82
2026-03-26 22:03:04.818 [pool-2-thread-8] [] INFO  c.t.rectagent.agent.SupervisorAgent - [01d1ee9827ff47b0] 任务完成
2026-03-26 22:03:04.818 [pool-2-thread-7] [] INFO  c.t.rectagent.agent.SupervisorAgent - [6546a01ec1aa4c1c] 任务完成
2026-03-26 22:03:04.818 [pool-2-thread-8] [] INFO  c.t.rectagent.agent.SupervisorAgent - [01d1ee9827ff47b0] SupervisorAgent 处理完成: outputLength=82, 调用次数=1
2026-03-26 22:03:04.818 [pool-2-thread-1] [] INFO  c.t.rectagent.agent.SupervisorAgent - [30218847a81446d2] 任务完成
2026-03-26 22:03:04.818 [pool-2-thread-4] [] INFO  c.t.rectagent.agent.SupervisorAgent - [35cf49cba53e4c3c] 任务完成
2026-03-26 22:03:04.818 [pool-2-thread-1] [] INFO  c.t.rectagent.agent.SupervisorAgent - [30218847a81446d2] SupervisorAgent 处理完成: outputLength=82, 调用次数=1
2026-03-26 22:03:04.818 [pool-2-thread-6] [] DEBUG c.t.rectagent.agent.SupervisorAgent - [dfc77d85b4d848a8] 工具 data_analysis_agent 执行完成, outputLength=82
2026-03-26 22:03:04.818 [pool-2-thread-8] [] INFO  c.t.rectagent.agent.SupervisorAgent - [e997e1ae49c34936] SupervisorAgent 开始处理: inputLength=15
2026-03-26 22:03:04.818 [pool-2-thread-3] [] DEBUG c.t.rectagent.agent.SupervisorAgent - [93930388ec334124] 执行工具: data_analysis_agent, input=82
2026-03-26 22:03:04.818 [pool-2-thread-5] [] DEBUG c.t.rectagent.agent.SupervisorAgent - [6c4384c1cf0a4f3e] 工具 data_analysis_agent 执行完成, outputLength=82
2026-03-26 22:03:04.818 [pool-2-thread-10] [] INFO  c.t.rectagent.agent.SupervisorAgent - [b1d1f7fc040d48ef] 任务完成
2026-03-26 22:03:04.818 [pool-2-thread-2] [] DEBUG c.t.rectagent.agent.SupervisorAgent - [7c307a3f54b54313] 工具 intent_recognition_agent 执行完成, outputLength=87
2026-03-26 22:03:04.818 [pool-2-thread-5] [] INFO  c.t.rectagent.agent.SupervisorAgent - [6c4384c1cf0a4f3e] 任务完成
2026-03-26 22:03:04.818 [pool-2-thread-7] [] INFO  c.t.rectagent.agent.SupervisorAgent - [6546a01ec1aa4c1c] SupervisorAgent 处理完成: outputLength=82, 调用次数=1
2026-03-26 22:03:04.818 [pool-2-thread-5] [] INFO  c.t.rectagent.agent.SupervisorAgent - [6c4384c1cf0a4f3e] SupervisorAgent 处理完成: outputLength=82, 调用次数=1
2026-03-26 22:03:04.818 [pool-2-thread-9] [] INFO  c.t.rectagent.agent.SupervisorAgent - [8b5a4428bbee45b7] 任务完成
2026-03-26 22:03:04.818 [pool-2-thread-9] [] INFO  c.t.rectagent.agent.SupervisorAgent - [8b5a4428bbee45b7] SupervisorAgent 处理完成: outputLength=82, 调用次数=1
2026-03-26 22:03:04.818 [pool-2-thread-4] [] INFO  c.t.rectagent.agent.SupervisorAgent - [35cf49cba53e4c3c] SupervisorAgent 处理完成: outputLength=82, 调用次数=1
2026-03-26 22:03:04.818 [pool-2-thread-8] [] DEBUG c.t.rectagent.agent.SupervisorAgent - [e997e1ae49c34936] 执行工具: data_analysis_agent, input=82
2026-03-26 22:03:04.818 [pool-2-thread-5] [] INFO  c.t.rectagent.agent.SupervisorAgent - [2beec3dc49824f0a] SupervisorAgent 开始处理: inputLength=15
2026-03-26 22:03:04.818 [pool-2-thread-6] [] INFO  c.t.rectagent.agent.SupervisorAgent - [dfc77d85b4d848a8] 任务完成
2026-03-26 22:03:04.818 [pool-2-thread-8] [] DEBUG c.t.rectagent.agent.SupervisorAgent - [e997e1ae49c34936] 工具 data_analysis_agent 执行完成, outputLength=82
2026-03-26 22:03:04.818 [pool-2-thread-7] [] INFO  c.t.rectagent.agent.SupervisorAgent - [2fbd6d12bf804654] SupervisorAgent 开始处理: inputLength=15
2026-03-26 22:03:04.818 [pool-2-thread-5] [] DEBUG c.t.rectagent.agent.SupervisorAgent - [2beec3dc49824f0a] 执行工具: data_analysis_agent, input=82
2026-03-26 22:03:04.818 [pool-2-thread-6] [] INFO  c.t.rectagent.agent.SupervisorAgent - [dfc77d85b4d848a8] SupervisorAgent 处理完成: outputLength=82, 调用次数=1
2026-03-26 22:03:04.818 [pool-2-thread-8] [] INFO  c.t.rectagent.agent.SupervisorAgent - [e997e1ae49c34936] 任务完成
2026-03-26 22:03:04.818 [pool-2-thread-5] [] DEBUG c.t.rectagent.agent.SupervisorAgent - [2beec3dc49824f0a] 工具 data_analysis_agent 执行完成, outputLength=82
2026-03-26 22:03:04.818 [pool-2-thread-8] [] INFO  c.t.rectagent.agent.SupervisorAgent - [e997e1ae49c34936] SupervisorAgent 处理完成: outputLength=82, 调用次数=1
2026-03-26 22:03:04.818 [pool-2-thread-3] [] DEBUG c.t.rectagent.agent.SupervisorAgent - [93930388ec334124] 工具 data_analysis_agent 执行完成, outputLength=82
2026-03-26 22:03:04.818 [pool-2-thread-5] [] INFO  c.t.rectagent.agent.SupervisorAgent - [2beec3dc49824f0a] 任务完成
2026-03-26 22:03:04.818 [pool-2-thread-6] [] INFO  c.t.rectagent.agent.SupervisorAgent - [dcf4a814881a4d63] SupervisorAgent 开始处理: inputLength=15
2026-03-26 22:03:04.818 [pool-2-thread-1] [] INFO  c.t.rectagent.agent.SupervisorAgent - [adff412e0c324de7] SupervisorAgent 开始处理: inputLength=15
2026-03-26 22:03:04.818 [pool-2-thread-5] [] INFO  c.t.rectagent.agent.SupervisorAgent - [2beec3dc49824f0a] SupervisorAgent 处理完成: outputLength=82, 调用次数=1
2026-03-26 22:03:04.818 [pool-2-thread-6] [] DEBUG c.t.rectagent.agent.SupervisorAgent - [dcf4a814881a4d63] 执行工具: data_analysis_agent, input=82
2026-03-26 22:03:04.818 [pool-2-thread-10] [] INFO  c.t.rectagent.agent.SupervisorAgent - [b1d1f7fc040d48ef] SupervisorAgent 处理完成: outputLength=82, 调用次数=1
2026-03-26 22:03:04.818 [pool-2-thread-6] [] DEBUG c.t.rectagent.agent.SupervisorAgent - [dcf4a814881a4d63] 工具 data_analysis_agent 执行完成, outputLength=82
2026-03-26 22:03:04.818 [pool-2-thread-2] [] INFO  c.t.rectagent.agent.SupervisorAgent - [7c307a3f54b54313] 任务完成
2026-03-26 22:03:04.818 [pool-2-thread-6] [] INFO  c.t.rectagent.agent.SupervisorAgent - [dcf4a814881a4d63] 任务完成
2026-03-26 22:03:04.818 [pool-2-thread-5] [] INFO  c.t.rectagent.agent.SupervisorAgent - [7a666707dbb3440d] SupervisorAgent 开始处理: inputLength=15
2026-03-26 22:03:04.818 [pool-2-thread-6] [] INFO  c.t.rectagent.agent.SupervisorAgent - [dcf4a814881a4d63] SupervisorAgent 处理完成: outputLength=82, 调用次数=1
2026-03-26 22:03:04.818 [pool-2-thread-9] [] INFO  c.t.rectagent.agent.SupervisorAgent - [f9d5cd9f4ce84aac] SupervisorAgent 开始处理: inputLength=15
2026-03-26 22:03:04.818 [pool-2-thread-5] [] DEBUG c.t.rectagent.agent.SupervisorAgent - [7a666707dbb3440d] 执行工具: data_analysis_agent, input=82
2026-03-26 22:03:04.818 [pool-2-thread-7] [] DEBUG c.t.rectagent.agent.SupervisorAgent - [2fbd6d12bf804654] 执行工具: data_analysis_agent, input=82
2026-03-26 22:03:04.818 [pool-2-thread-9] [] DEBUG c.t.rectagent.agent.SupervisorAgent - [f9d5cd9f4ce84aac] 执行工具: data_analysis_agent, input=82
2026-03-26 22:03:04.818 [pool-2-thread-6] [] INFO  c.t.rectagent.agent.SupervisorAgent - [cb6ecf37519446b5] SupervisorAgent 开始处理: inputLength=15
2026-03-26 22:03:04.818 [pool-2-thread-4] [] INFO  c.t.rectagent.agent.SupervisorAgent - [6dde18fd3927499d] SupervisorAgent 开始处理: inputLength=15
2026-03-26 22:03:04.818 [pool-2-thread-3] [] INFO  c.t.rectagent.agent.SupervisorAgent - [93930388ec334124] 任务完成
2026-03-26 22:03:04.818 [pool-2-thread-8] [] INFO  c.t.rectagent.agent.SupervisorAgent - [f50193bbf6ac462c] SupervisorAgent 开始处理: inputLength=15
2026-03-26 22:03:04.818 [pool-2-thread-6] [] DEBUG c.t.rectagent.agent.SupervisorAgent - [cb6ecf37519446b5] 执行工具: data_analysis_agent, input=82
2026-03-26 22:03:04.818 [pool-2-thread-1] [] DEBUG c.t.rectagent.agent.SupervisorAgent - [adff412e0c324de7] 执行工具: data_analysis_agent, input=82
2026-03-26 22:03:04.818 [pool-2-thread-6] [] DEBUG c.t.rectagent.agent.SupervisorAgent - [cb6ecf37519446b5] 工具 data_analysis_agent 执行完成, outputLength=82
2026-03-26 22:03:04.818 [pool-2-thread-2] [] INFO  c.t.rectagent.agent.SupervisorAgent - [7c307a3f54b54313] SupervisorAgent 处理完成: outputLength=87, 调用次数=1
2026-03-26 22:03:04.818 [pool-2-thread-1] [] DEBUG c.t.rectagent.agent.SupervisorAgent - [adff412e0c324de7] 工具 data_analysis_agent 执行完成, outputLength=82
2026-03-26 22:03:04.818 [pool-2-thread-6] [] INFO  c.t.rectagent.agent.SupervisorAgent - [cb6ecf37519446b5] 任务完成
2026-03-26 22:03:04.818 [pool-2-thread-10] [] INFO  c.t.rectagent.agent.SupervisorAgent - [162cca7756b44233] SupervisorAgent 开始处理: inputLength=15
2026-03-26 22:03:04.818 [pool-2-thread-5] [] DEBUG c.t.rectagent.agent.SupervisorAgent - [7a666707dbb3440d] 工具 data_analysis_agent 执行完成, outputLength=82
2026-03-26 22:03:04.818 [pool-2-thread-10] [] DEBUG c.t.rectagent.agent.SupervisorAgent - [162cca7756b44233] 执行工具: data_analysis_agent, input=82
2026-03-26 22:03:04.818 [pool-2-thread-7] [] DEBUG c.t.rectagent.agent.SupervisorAgent - [2fbd6d12bf804654] 工具 data_analysis_agent 执行完成, outputLength=82
2026-03-26 22:03:04.818 [pool-2-thread-9] [] DEBUG c.t.rectagent.agent.SupervisorAgent - [f9d5cd9f4ce84aac] 工具 data_analysis_agent 执行完成, outputLength=82
2026-03-26 22:03:04.818 [pool-2-thread-3] [] INFO  c.t.rectagent.agent.SupervisorAgent - [93930388ec334124] SupervisorAgent 处理完成: outputLength=82, 调用次数=1
2026-03-26 22:03:04.820 [pool-2-thread-9] [] INFO  c.t.rectagent.agent.SupervisorAgent - [f9d5cd9f4ce84aac] 任务完成
2026-03-26 22:03:04.818 [pool-2-thread-8] [] DEBUG c.t.rectagent.agent.SupervisorAgent - [f50193bbf6ac462c] 执行工具: data_analysis_agent, input=82
2026-03-26 22:03:04.818 [pool-2-thread-4] [] DEBUG c.t.rectagent.agent.SupervisorAgent - [6dde18fd3927499d] 执行工具: data_analysis_agent, input=82
2026-03-26 22:03:04.820 [pool-2-thread-8] [] DEBUG c.t.rectagent.agent.SupervisorAgent - [f50193bbf6ac462c] 工具 data_analysis_agent 执行完成, outputLength=82
2026-03-26 22:03:04.818 [pool-2-thread-6] [] INFO  c.t.rectagent.agent.SupervisorAgent - [cb6ecf37519446b5] SupervisorAgent 处理完成: outputLength=82, 调用次数=1
2026-03-26 22:03:04.820 [pool-2-thread-3] [] INFO  c.t.rectagent.agent.SupervisorAgent - [53ee9615b04445cc] SupervisorAgent 开始处理: inputLength=15
2026-03-26 22:03:04.818 [pool-2-thread-1] [] INFO  c.t.rectagent.agent.SupervisorAgent - [adff412e0c324de7] 任务完成
2026-03-26 22:03:04.820 [pool-2-thread-3] [] DEBUG c.t.rectagent.agent.SupervisorAgent - [53ee9615b04445cc] 执行工具: data_analysis_agent, input=82
2026-03-26 22:03:04.818 [pool-2-thread-10] [] DEBUG c.t.rectagent.agent.SupervisorAgent - [162cca7756b44233] 工具 data_analysis_agent 执行完成, outputLength=82
2026-03-26 22:03:04.820 [pool-2-thread-3] [] DEBUG c.t.rectagent.agent.SupervisorAgent - [53ee9615b04445cc] 工具 data_analysis_agent 执行完成, outputLength=82
2026-03-26 22:03:04.820 [pool-2-thread-2] [] INFO  c.t.rectagent.agent.SupervisorAgent - [b8bf94c7f6d04614] SupervisorAgent 开始处理: inputLength=15
2026-03-26 22:03:04.820 [pool-2-thread-6] [] INFO  c.t.rectagent.agent.SupervisorAgent - [9cf6478a556d4789] SupervisorAgent 开始处理: inputLength=15
2026-03-26 22:03:04.820 [pool-2-thread-2] [] DEBUG c.t.rectagent.agent.SupervisorAgent - [b8bf94c7f6d04614] 执行工具: data_analysis_agent, input=82
2026-03-26 22:03:04.820 [pool-2-thread-5] [] INFO  c.t.rectagent.agent.SupervisorAgent - [7a666707dbb3440d] 任务完成
2026-03-26 22:03:04.820 [pool-2-thread-2] [] DEBUG c.t.rectagent.agent.SupervisorAgent - [b8bf94c7f6d04614] 工具 data_analysis_agent 执行完成, outputLength=82
2026-03-26 22:03:04.820 [pool-2-thread-6] [] DEBUG c.t.rectagent.agent.SupervisorAgent - [9cf6478a556d4789] 执行工具: data_analysis_agent, input=82
2026-03-26 22:03:04.820 [pool-2-thread-7] [] INFO  c.t.rectagent.agent.SupervisorAgent - [2fbd6d12bf804654] 任务完成
2026-03-26 22:03:04.820 [pool-2-thread-2] [] INFO  c.t.rectagent.agent.SupervisorAgent - [b8bf94c7f6d04614] 任务完成
2026-03-26 22:03:04.820 [pool-2-thread-9] [] INFO  c.t.rectagent.agent.SupervisorAgent - [f9d5cd9f4ce84aac] SupervisorAgent 处理完成: outputLength=82, 调用次数=1
2026-03-26 22:03:04.820 [pool-2-thread-7] [] INFO  c.t.rectagent.agent.SupervisorAgent - [2fbd6d12bf804654] SupervisorAgent 处理完成: outputLength=82, 调用次数=1
2026-03-26 22:03:04.820 [pool-2-thread-4] [] DEBUG c.t.rectagent.agent.SupervisorAgent - [6dde18fd3927499d] 工具 data_analysis_agent 执行完成, outputLength=82
2026-03-26 22:03:04.820 [pool-2-thread-8] [] INFO  c.t.rectagent.agent.SupervisorAgent - [f50193bbf6ac462c] 任务完成
2026-03-26 22:03:04.820 [pool-2-thread-1] [] INFO  c.t.rectagent.agent.SupervisorAgent - [adff412e0c324de7] SupervisorAgent 处理完成: outputLength=82, 调用次数=1
2026-03-26 22:03:04.820 [pool-2-thread-8] [] INFO  c.t.rectagent.agent.SupervisorAgent - [f50193bbf6ac462c] SupervisorAgent 处理完成: outputLength=82, 调用次数=1
2026-03-26 22:03:04.820 [pool-2-thread-3] [] INFO  c.t.rectagent.agent.SupervisorAgent - [53ee9615b04445cc] 任务完成
2026-03-26 22:03:04.820 [pool-2-thread-7] [] INFO  c.t.rectagent.agent.SupervisorAgent - [9226489359254938] SupervisorAgent 开始处理: inputLength=15
2026-03-26 22:03:04.820 [pool-2-thread-10] [] INFO  c.t.rectagent.agent.SupervisorAgent - [162cca7756b44233] 任务完成
2026-03-26 22:03:04.820 [pool-2-thread-7] [] DEBUG c.t.rectagent.agent.SupervisorAgent - [9226489359254938] 执行工具: data_analysis_agent, input=82
2026-03-26 22:03:04.820 [pool-2-thread-10] [] INFO  c.t.rectagent.agent.SupervisorAgent - [162cca7756b44233] SupervisorAgent 处理完成: outputLength=82, 调用次数=1
2026-03-26 22:03:04.820 [pool-2-thread-5] [] INFO  c.t.rectagent.agent.SupervisorAgent - [7a666707dbb3440d] SupervisorAgent 处理完成: outputLength=82, 调用次数=1
2026-03-26 22:03:04.820 [pool-2-thread-7] [] DEBUG c.t.rectagent.agent.SupervisorAgent - [9226489359254938] 工具 data_analysis_agent 执行完成, outputLength=82
2026-03-26 22:03:04.820 [pool-2-thread-8] [] INFO  c.t.rectagent.agent.SupervisorAgent - [f1ea707d7d0a4fa1] SupervisorAgent 开始处理: inputLength=15
2026-03-26 22:03:04.820 [pool-2-thread-10] [] INFO  c.t.rectagent.agent.SupervisorAgent - [50c0fec903734d0c] SupervisorAgent 开始处理: inputLength=15
2026-03-26 22:03:04.820 [pool-2-thread-7] [] INFO  c.t.rectagent.agent.SupervisorAgent - [9226489359254938] 任务完成
2026-03-26 22:03:04.820 [pool-2-thread-2] [] INFO  c.t.rectagent.agent.SupervisorAgent - [b8bf94c7f6d04614] SupervisorAgent 处理完成: outputLength=82, 调用次数=1
2026-03-26 22:03:04.820 [pool-2-thread-8] [] DEBUG c.t.rectagent.agent.SupervisorAgent - [f1ea707d7d0a4fa1] 执行工具: data_analysis_agent, input=82
2026-03-26 22:03:04.820 [pool-2-thread-9] [] INFO  c.t.rectagent.agent.SupervisorAgent - [fc59c8565aee439f] SupervisorAgent 开始处理: inputLength=15
2026-03-26 22:03:04.820 [pool-2-thread-8] [] DEBUG c.t.rectagent.agent.SupervisorAgent - [f1ea707d7d0a4fa1] 工具 data_analysis_agent 执行完成, outputLength=82
2026-03-26 22:03:04.820 [pool-2-thread-4] [] INFO  c.t.rectagent.agent.SupervisorAgent - [6dde18fd3927499d] 任务完成
2026-03-26 22:03:04.820 [pool-2-thread-9] [] DEBUG c.t.rectagent.agent.SupervisorAgent - [fc59c8565aee439f] 执行工具: data_analysis_agent, input=82
2026-03-26 22:03:04.820 [pool-2-thread-6] [] DEBUG c.t.rectagent.agent.SupervisorAgent - [9cf6478a556d4789] 工具 data_analysis_agent 执行完成, outputLength=82
2026-03-26 22:03:04.820 [pool-2-thread-4] [] INFO  c.t.rectagent.agent.SupervisorAgent - [6dde18fd3927499d] SupervisorAgent 处理完成: outputLength=82, 调用次数=1
2026-03-26 22:03:04.820 [pool-2-thread-9] [] DEBUG c.t.rectagent.agent.SupervisorAgent - [fc59c8565aee439f] 工具 data_analysis_agent 执行完成, outputLength=82
2026-03-26 22:03:04.820 [pool-2-thread-3] [] INFO  c.t.rectagent.agent.SupervisorAgent - [53ee9615b04445cc] SupervisorAgent 处理完成: outputLength=82, 调用次数=1
2026-03-26 22:03:04.820 [pool-2-thread-6] [] INFO  c.t.rectagent.agent.SupervisorAgent - [9cf6478a556d4789] 任务完成
2026-03-26 22:03:04.820 [pool-2-thread-4] [] INFO  c.t.rectagent.agent.SupervisorAgent - [5b959d04ee2a45d4] SupervisorAgent 开始处理: inputLength=15
2026-03-26 22:03:04.820 [pool-2-thread-1] [] INFO  c.t.rectagent.agent.SupervisorAgent - [41c2f903a71544bc] SupervisorAgent 开始处理: inputLength=15
2026-03-26 22:03:04.820 [pool-2-thread-4] [] DEBUG c.t.rectagent.agent.SupervisorAgent - [5b959d04ee2a45d4] 执行工具: data_analysis_agent, input=82
2026-03-26 22:03:04.820 [pool-2-thread-7] [] INFO  c.t.rectagent.agent.SupervisorAgent - [9226489359254938] SupervisorAgent 处理完成: outputLength=82, 调用次数=1
2026-03-26 22:03:04.820 [pool-2-thread-1] [] DEBUG c.t.rectagent.agent.SupervisorAgent - [41c2f903a71544bc] 执行工具: data_analysis_agent, input=82
2026-03-26 22:03:04.820 [pool-2-thread-5] [] INFO  c.t.rectagent.agent.SupervisorAgent - [71842d7c22974ef4] SupervisorAgent 开始处理: inputLength=15
2026-03-26 22:03:04.820 [pool-2-thread-1] [] DEBUG c.t.rectagent.agent.SupervisorAgent - [41c2f903a71544bc] 工具 data_analysis_agent 执行完成, outputLength=82
2026-03-26 22:03:04.820 [pool-2-thread-10] [] DEBUG c.t.rectagent.agent.SupervisorAgent - [50c0fec903734d0c] 执行工具: data_analysis_agent, input=82
2026-03-26 22:03:04.820 [pool-2-thread-1] [] INFO  c.t.rectagent.agent.SupervisorAgent - [41c2f903a71544bc] 任务完成
2026-03-26 22:03:04.820 [pool-2-thread-7] [] INFO  c.t.rectagent.agent.SupervisorAgent - [f56129ed30514d6d] SupervisorAgent 开始处理: inputLength=15
2026-03-26 22:03:04.820 [pool-2-thread-1] [] INFO  c.t.rectagent.agent.SupervisorAgent - [41c2f903a71544bc] SupervisorAgent 处理完成: outputLength=82, 调用次数=1
2026-03-26 22:03:04.820 [pool-2-thread-10] [] DEBUG c.t.rectagent.agent.SupervisorAgent - [50c0fec903734d0c] 工具 data_analysis_agent 执行完成, outputLength=82
2026-03-26 22:03:04.820 [pool-2-thread-2] [] INFO  c.t.rectagent.agent.SupervisorAgent - [ed942acc1a4f4192] SupervisorAgent 开始处理: inputLength=15
2026-03-26 22:03:04.820 [pool-2-thread-8] [] INFO  c.t.rectagent.agent.SupervisorAgent - [f1ea707d7d0a4fa1] 任务完成
2026-03-26 22:03:04.820 [pool-2-thread-2] [] DEBUG c.t.rectagent.agent.SupervisorAgent - [ed942acc1a4f4192] 执行工具: data_analysis_agent, input=82
2026-03-26 22:03:04.820 [pool-2-thread-9] [] INFO  c.t.rectagent.agent.SupervisorAgent - [fc59c8565aee439f] 任务完成
2026-03-26 22:03:04.820 [pool-2-thread-8] [] INFO  c.t.rectagent.agent.SupervisorAgent - [f1ea707d7d0a4fa1] SupervisorAgent 处理完成: outputLength=82, 调用次数=1
2026-03-26 22:03:04.820 [pool-2-thread-6] [] INFO  c.t.rectagent.agent.SupervisorAgent - [9cf6478a556d4789] SupervisorAgent 处理完成: outputLength=82, 调用次数=1
2026-03-26 22:03:04.820 [pool-2-thread-9] [] INFO  c.t.rectagent.agent.SupervisorAgent - [fc59c8565aee439f] SupervisorAgent 处理完成: outputLength=82, 调用次数=1
2026-03-26 22:03:04.820 [pool-2-thread-3] [] INFO  c.t.rectagent.agent.SupervisorAgent - [51392f4151db4951] SupervisorAgent 开始处理: inputLength=15
2026-03-26 22:03:04.820 [pool-2-thread-4] [] DEBUG c.t.rectagent.agent.SupervisorAgent - [5b959d04ee2a45d4] 工具 data_analysis_agent 执行完成, outputLength=82
2026-03-26 22:03:04.820 [pool-2-thread-8] [] INFO  c.t.rectagent.agent.SupervisorAgent - [7f85da65dd9e4179] SupervisorAgent 开始处理: inputLength=15
2026-03-26 22:03:04.820 [pool-2-thread-5] [] DEBUG c.t.rectagent.agent.SupervisorAgent - [71842d7c22974ef4] 执行工具: data_analysis_agent, input=82
2026-03-26 22:03:04.820 [pool-2-thread-9] [] INFO  c.t.rectagent.agent.SupervisorAgent - [1f7d6293e06f4382] SupervisorAgent 开始处理: inputLength=15
2026-03-26 22:03:04.820 [pool-2-thread-4] [] INFO  c.t.rectagent.agent.SupervisorAgent - [5b959d04ee2a45d4] 任务完成
2026-03-26 22:03:04.820 [pool-2-thread-7] [] DEBUG c.t.rectagent.agent.SupervisorAgent - [f56129ed30514d6d] 执行工具: data_analysis_agent, input=82
2026-03-26 22:03:04.820 [pool-2-thread-5] [] DEBUG c.t.rectagent.agent.SupervisorAgent - [71842d7c22974ef4] 工具 data_analysis_agent 执行完成, outputLength=82
2026-03-26 22:03:04.820 [pool-2-thread-6] [] INFO  c.t.rectagent.agent.SupervisorAgent - [7ef3d56d096c4d3e] SupervisorAgent 开始处理: inputLength=15
2026-03-26 22:03:04.820 [pool-2-thread-7] [] DEBUG c.t.rectagent.agent.SupervisorAgent - [f56129ed30514d6d] 工具 data_analysis_agent 执行完成, outputLength=82
2026-03-26 22:03:04.820 [pool-2-thread-10] [] INFO  c.t.rectagent.agent.SupervisorAgent - [50c0fec903734d0c] 任务完成
2026-03-26 22:03:04.820 [pool-2-thread-6] [] DEBUG c.t.rectagent.agent.SupervisorAgent - [7ef3d56d096c4d3e] 执行工具: data_analysis_agent, input=82
2026-03-26 22:03:04.820 [pool-2-thread-6] [] DEBUG c.t.rectagent.agent.SupervisorAgent - [7ef3d56d096c4d3e] 工具 data_analysis_agent 执行完成, outputLength=82
2026-03-26 22:03:04.820 [pool-2-thread-10] [] INFO  c.t.rectagent.agent.SupervisorAgent - [50c0fec903734d0c] SupervisorAgent 处理完成: outputLength=82, 调用次数=1
2026-03-26 22:03:04.820 [pool-2-thread-1] [] INFO  c.t.rectagent.agent.SupervisorAgent - [23eca0ccf2504150] SupervisorAgent 开始处理: inputLength=15
2026-03-26 22:03:04.820 [pool-2-thread-6] [] INFO  c.t.rectagent.agent.SupervisorAgent - [7ef3d56d096c4d3e] 任务完成
2026-03-26 22:03:04.820 [pool-2-thread-2] [] DEBUG c.t.rectagent.agent.SupervisorAgent - [ed942acc1a4f4192] 工具 data_analysis_agent 执行完成, outputLength=82
2026-03-26 22:03:04.820 [pool-2-thread-1] [] DEBUG c.t.rectagent.agent.SupervisorAgent - [23eca0ccf2504150] 执行工具: data_analysis_agent, input=82
2026-03-26 22:03:04.820 [pool-2-thread-3] [] DEBUG c.t.rectagent.agent.SupervisorAgent - [51392f4151db4951] 执行工具: data_analysis_agent, input=82
2026-03-26 22:03:04.820 [pool-2-thread-8] [] DEBUG c.t.rectagent.agent.SupervisorAgent - [7f85da65dd9e4179] 执行工具: data_analysis_agent, input=82
2026-03-26 22:03:04.820 [pool-2-thread-10] [] INFO  c.t.rectagent.agent.SupervisorAgent - [e41774340b8e43dc] SupervisorAgent 开始处理: inputLength=15
2026-03-26 22:03:04.820 [pool-2-thread-3] [] DEBUG c.t.rectagent.agent.SupervisorAgent - [51392f4151db4951] 工具 data_analysis_agent 执行完成, outputLength=82
2026-03-26 22:03:04.820 [pool-2-thread-9] [] DEBUG c.t.rectagent.agent.SupervisorAgent - [1f7d6293e06f4382] 执行工具: data_analysis_agent, input=82
2026-03-26 22:03:04.820 [pool-2-thread-8] [] DEBUG c.t.rectagent.agent.SupervisorAgent - [7f85da65dd9e4179] 工具 data_analysis_agent 执行完成, outputLength=82
2026-03-26 22:03:04.820 [pool-2-thread-10] [] DEBUG c.t.rectagent.agent.SupervisorAgent - [e41774340b8e43dc] 执行工具: data_analysis_agent, input=82
2026-03-26 22:03:04.820 [pool-2-thread-4] [] INFO  c.t.rectagent.agent.SupervisorAgent - [5b959d04ee2a45d4] SupervisorAgent 处理完成: outputLength=82, 调用次数=1
2026-03-26 22:03:04.820 [pool-2-thread-10] [] DEBUG c.t.rectagent.agent.SupervisorAgent - [e41774340b8e43dc] 工具 data_analysis_agent 执行完成, outputLength=82
2026-03-26 22:03:04.820 [pool-2-thread-8] [] INFO  c.t.rectagent.agent.SupervisorAgent - [7f85da65dd9e4179] 任务完成
2026-03-26 22:03:04.820 [pool-2-thread-5] [] INFO  c.t.rectagent.agent.SupervisorAgent - [71842d7c22974ef4] 任务完成
2026-03-26 22:03:04.820 [pool-2-thread-10] [] INFO  c.t.rectagent.agent.SupervisorAgent - [e41774340b8e43dc] 任务完成
2026-03-26 22:03:04.820 [pool-2-thread-10] [] INFO  c.t.rectagent.agent.SupervisorAgent - [e41774340b8e43dc] SupervisorAgent 处理完成: outputLength=82, 调用次数=1
2026-03-26 22:03:04.820 [pool-2-thread-7] [] INFO  c.t.rectagent.agent.SupervisorAgent - [f56129ed30514d6d] 任务完成
2026-03-26 22:03:04.820 [pool-2-thread-6] [] INFO  c.t.rectagent.agent.SupervisorAgent - [7ef3d56d096c4d3e] SupervisorAgent 处理完成: outputLength=82, 调用次数=1
2026-03-26 22:03:04.820 [pool-2-thread-1] [] DEBUG c.t.rectagent.agent.SupervisorAgent - [23eca0ccf2504150] 工具 data_analysis_agent 执行完成, outputLength=82
2026-03-26 22:03:04.820 [pool-2-thread-2] [] INFO  c.t.rectagent.agent.SupervisorAgent - [ed942acc1a4f4192] 任务完成
2026-03-26 22:03:04.822 [pool-2-thread-1] [] INFO  c.t.rectagent.agent.SupervisorAgent - [23eca0ccf2504150] 任务完成
2026-03-26 22:03:04.820 [pool-2-thread-3] [] INFO  c.t.rectagent.agent.SupervisorAgent - [51392f4151db4951] 任务完成
2026-03-26 22:03:04.822 [pool-2-thread-6] [] INFO  c.t.rectagent.agent.SupervisorAgent - [eba9c725bc874aa1] SupervisorAgent 开始处理: inputLength=15
2026-03-26 22:03:04.820 [pool-2-thread-9] [] DEBUG c.t.rectagent.agent.SupervisorAgent - [1f7d6293e06f4382] 工具 data_analysis_agent 执行完成, outputLength=82
2026-03-26 22:03:04.820 [pool-2-thread-8] [] INFO  c.t.rectagent.agent.SupervisorAgent - [7f85da65dd9e4179] SupervisorAgent 处理完成: outputLength=82, 调用次数=1
2026-03-26 22:03:04.820 [pool-2-thread-5] [] INFO  c.t.rectagent.agent.SupervisorAgent - [71842d7c22974ef4] SupervisorAgent 处理完成: outputLength=82, 调用次数=1
2026-03-26 22:03:04.822 [pool-2-thread-4] [] INFO  c.t.rectagent.agent.SupervisorAgent - [9dffb299555e4bec] SupervisorAgent 开始处理: inputLength=15
2026-03-26 22:03:04.822 [pool-2-thread-8] [] INFO  c.t.rectagent.agent.SupervisorAgent - [3e0c0587147a4192] SupervisorAgent 开始处理: inputLength=15
2026-03-26 22:03:04.822 [pool-2-thread-10] [] INFO  c.t.rectagent.agent.SupervisorAgent - [6570d480846d4df1] SupervisorAgent 开始处理: inputLength=15
2026-03-26 22:03:04.822 [pool-2-thread-5] [] INFO  c.t.rectagent.agent.SupervisorAgent - [411e174158714cfd] SupervisorAgent 开始处理: inputLength=15
2026-03-26 22:03:04.822 [pool-2-thread-4] [] DEBUG c.t.rectagent.agent.SupervisorAgent - [9dffb299555e4bec] 执行工具: data_analysis_agent, input=82
2026-03-26 22:03:04.822 [pool-2-thread-7] [] INFO  c.t.rectagent.agent.SupervisorAgent - [f56129ed30514d6d] SupervisorAgent 处理完成: outputLength=82, 调用次数=1
2026-03-26 22:03:04.822 [pool-2-thread-5] [] DEBUG c.t.rectagent.agent.SupervisorAgent - [411e174158714cfd] 执行工具: data_analysis_agent, input=82
2026-03-26 22:03:04.822 [pool-2-thread-4] [] DEBUG c.t.rectagent.agent.SupervisorAgent - [9dffb299555e4bec] 工具 data_analysis_agent 执行完成, outputLength=82
2026-03-26 22:03:04.822 [pool-2-thread-1] [] INFO  c.t.rectagent.agent.SupervisorAgent - [23eca0ccf2504150] SupervisorAgent 处理完成: outputLength=82, 调用次数=1
2026-03-26 22:03:04.822 [pool-2-thread-2] [] INFO  c.t.rectagent.agent.SupervisorAgent - [ed942acc1a4f4192] SupervisorAgent 处理完成: outputLength=82, 调用次数=1
2026-03-26 22:03:04.822 [pool-2-thread-4] [] INFO  c.t.rectagent.agent.SupervisorAgent - [9dffb299555e4bec] 任务完成
2026-03-26 22:03:04.822 [pool-2-thread-3] [] INFO  c.t.rectagent.agent.SupervisorAgent - [51392f4151db4951] SupervisorAgent 处理完成: outputLength=82, 调用次数=1
2026-03-26 22:03:04.822 [pool-2-thread-1] [] INFO  c.t.rectagent.agent.SupervisorAgent - [a38e4e9cb8d74fe5] SupervisorAgent 开始处理: inputLength=15
2026-03-26 22:03:04.822 [pool-2-thread-6] [] DEBUG c.t.rectagent.agent.SupervisorAgent - [eba9c725bc874aa1] 执行工具: data_analysis_agent, input=82
2026-03-26 22:03:04.822 [pool-2-thread-1] [] DEBUG c.t.rectagent.agent.SupervisorAgent - [a38e4e9cb8d74fe5] 执行工具: data_analysis_agent, input=82
2026-03-26 22:03:04.822 [pool-2-thread-9] [] INFO  c.t.rectagent.agent.SupervisorAgent - [1f7d6293e06f4382] 任务完成
2026-03-26 22:03:04.822 [pool-2-thread-1] [] DEBUG c.t.rectagent.agent.SupervisorAgent - [a38e4e9cb8d74fe5] 工具 data_analysis_agent 执行完成, outputLength=82
2026-03-26 22:03:04.822 [pool-2-thread-2] [] INFO  c.t.rectagent.agent.SupervisorAgent - [cb32afb32cfd4738] SupervisorAgent 开始处理: inputLength=15
2026-03-26 22:03:04.822 [pool-2-thread-8] [] DEBUG c.t.rectagent.agent.SupervisorAgent - [3e0c0587147a4192] 执行工具: data_analysis_agent, input=82
2026-03-26 22:03:04.822 [pool-2-thread-1] [] INFO  c.t.rectagent.agent.SupervisorAgent - [a38e4e9cb8d74fe5] 任务完成
2026-03-26 22:03:04.822 [pool-2-thread-2] [] DEBUG c.t.rectagent.agent.SupervisorAgent - [cb32afb32cfd4738] 执行工具: data_analysis_agent, input=82
2026-03-26 22:03:04.822 [pool-2-thread-8] [] DEBUG c.t.rectagent.agent.SupervisorAgent - [3e0c0587147a4192] 工具 data_analysis_agent 执行完成, outputLength=82
2026-03-26 22:03:04.822 [pool-2-thread-10] [] DEBUG c.t.rectagent.agent.SupervisorAgent - [6570d480846d4df1] 执行工具: data_analysis_agent, input=82
2026-03-26 22:03:04.822 [pool-2-thread-2] [] DEBUG c.t.rectagent.agent.SupervisorAgent - [cb32afb32cfd4738] 工具 data_analysis_agent 执行完成, outputLength=82
2026-03-26 22:03:04.822 [pool-2-thread-5] [] DEBUG c.t.rectagent.agent.SupervisorAgent - [411e174158714cfd] 工具 data_analysis_agent 执行完成, outputLength=82
2026-03-26 22:03:04.822 [pool-2-thread-2] [] INFO  c.t.rectagent.agent.SupervisorAgent - [cb32afb32cfd4738] 任务完成
2026-03-26 22:03:04.822 [pool-2-thread-7] [] INFO  c.t.rectagent.agent.SupervisorAgent - [f1c513f4e72c45ce] SupervisorAgent 开始处理: inputLength=15
2026-03-26 22:03:04.822 [pool-2-thread-2] [] INFO  c.t.rectagent.agent.SupervisorAgent - [cb32afb32cfd4738] SupervisorAgent 处理完成: outputLength=82, 调用次数=1
2026-03-26 22:03:04.822 [pool-2-thread-5] [] INFO  c.t.rectagent.agent.SupervisorAgent - [411e174158714cfd] 任务完成
2026-03-26 22:03:04.822 [pool-2-thread-4] [] INFO  c.t.rectagent.agent.SupervisorAgent - [9dffb299555e4bec] SupervisorAgent 处理完成: outputLength=82, 调用次数=1
2026-03-26 22:03:04.822 [pool-2-thread-5] [] INFO  c.t.rectagent.agent.SupervisorAgent - [411e174158714cfd] SupervisorAgent 处理完成: outputLength=82, 调用次数=1
2026-03-26 22:03:04.822 [pool-2-thread-7] [] DEBUG c.t.rectagent.agent.SupervisorAgent - [f1c513f4e72c45ce] 执行工具: data_analysis_agent, input=82
2026-03-26 22:03:04.822 [pool-2-thread-6] [] DEBUG c.t.rectagent.agent.SupervisorAgent - [eba9c725bc874aa1] 工具 data_analysis_agent 执行完成, outputLength=82
2026-03-26 22:03:04.822 [pool-2-thread-9] [] INFO  c.t.rectagent.agent.SupervisorAgent - [1f7d6293e06f4382] SupervisorAgent 处理完成: outputLength=82, 调用次数=1
2026-03-26 22:03:04.822 [pool-2-thread-2] [] INFO  c.t.rectagent.agent.SupervisorAgent - [a3affdedac284740] SupervisorAgent 开始处理: inputLength=15
2026-03-26 22:03:04.822 [pool-2-thread-3] [] INFO  c.t.rectagent.agent.SupervisorAgent - [b934509b50fc4318] SupervisorAgent 开始处理: inputLength=15
2026-03-26 22:03:04.822 [pool-2-thread-2] [] DEBUG c.t.rectagent.agent.SupervisorAgent - [a3affdedac284740] 执行工具: data_analysis_agent, input=82
2026-03-26 22:03:04.822 [pool-2-thread-6] [] INFO  c.t.rectagent.agent.SupervisorAgent - [eba9c725bc874aa1] 任务完成
2026-03-26 22:03:04.822 [pool-2-thread-1] [] INFO  c.t.rectagent.agent.SupervisorAgent - [a38e4e9cb8d74fe5] SupervisorAgent 处理完成: outputLength=82, 调用次数=1
2026-03-26 22:03:04.822 [pool-2-thread-4] [] INFO  c.t.rectagent.agent.SupervisorAgent - [48619e410a054a0d] SupervisorAgent 开始处理: inputLength=15
2026-03-26 22:03:04.822 [pool-2-thread-9] [] INFO  c.t.rectagent.agent.SupervisorAgent - [d48dea233ffa4d9d] SupervisorAgent 开始处理: inputLength=15
2026-03-26 22:03:04.822 [pool-2-thread-4] [] DEBUG c.t.rectagent.agent.SupervisorAgent - [48619e410a054a0d] 执行工具: data_analysis_agent, input=82
2026-03-26 22:03:04.822 [pool-2-thread-1] [] INFO  c.t.rectagent.agent.SupervisorAgent - [01f03f54b5774669] SupervisorAgent 开始处理: inputLength=15
2026-03-26 22:03:04.822 [pool-2-thread-10] [] DEBUG c.t.rectagent.agent.SupervisorAgent - [6570d480846d4df1] 工具 data_analysis_agent 执行完成, outputLength=82
2026-03-26 22:03:04.822 [pool-2-thread-9] [] DEBUG c.t.rectagent.agent.SupervisorAgent - [d48dea233ffa4d9d] 执行工具: intent_recognition_agent, input=87
2026-03-26 22:03:04.822 [pool-2-thread-8] [] INFO  c.t.rectagent.agent.SupervisorAgent - [3e0c0587147a4192] 任务完成
2026-03-26 22:03:04.822 [pool-2-thread-7] [] DEBUG c.t.rectagent.agent.SupervisorAgent - [f1c513f4e72c45ce] 工具 data_analysis_agent 执行完成, outputLength=82
2026-03-26 22:03:04.822 [pool-2-thread-10] [] INFO  c.t.rectagent.agent.SupervisorAgent - [6570d480846d4df1] 任务完成
2026-03-26 22:03:04.822 [pool-2-thread-5] [] INFO  c.t.rectagent.agent.SupervisorAgent - [0890d334e0ee4904] SupervisorAgent 开始处理: inputLength=15
2026-03-26 22:03:04.822 [pool-2-thread-10] [] INFO  c.t.rectagent.agent.SupervisorAgent - [6570d480846d4df1] SupervisorAgent 处理完成: outputLength=82, 调用次数=1
2026-03-26 22:03:04.822 [pool-2-thread-7] [] INFO  c.t.rectagent.agent.SupervisorAgent - [f1c513f4e72c45ce] 任务完成
2026-03-26 22:03:04.822 [pool-2-thread-2] [] DEBUG c.t.rectagent.agent.SupervisorAgent - [a3affdedac284740] 工具 data_analysis_agent 执行完成, outputLength=82
2026-03-26 22:03:04.822 [pool-2-thread-7] [] INFO  c.t.rectagent.agent.SupervisorAgent - [f1c513f4e72c45ce] SupervisorAgent 处理完成: outputLength=82, 调用次数=1
2026-03-26 22:03:04.822 [pool-2-thread-5] [] DEBUG c.t.rectagent.agent.SupervisorAgent - [0890d334e0ee4904] 执行工具: data_analysis_agent, input=82
2026-03-26 22:03:04.822 [pool-2-thread-3] [] DEBUG c.t.rectagent.agent.SupervisorAgent - [b934509b50fc4318] 执行工具: data_analysis_agent, input=82
2026-03-26 22:03:04.822 [pool-2-thread-6] [] INFO  c.t.rectagent.agent.SupervisorAgent - [eba9c725bc874aa1] SupervisorAgent 处理完成: outputLength=82, 调用次数=1
2026-03-26 22:03:04.822 [pool-2-thread-10] [] INFO  c.t.rectagent.agent.SupervisorAgent - [f3a6e74d738349a3] SupervisorAgent 开始处理: inputLength=15
2026-03-26 22:03:04.822 [pool-2-thread-4] [] DEBUG c.t.rectagent.agent.SupervisorAgent - [48619e410a054a0d] 工具 data_analysis_agent 执行完成, outputLength=82
2026-03-26 22:03:04.822 [pool-2-thread-10] [] DEBUG c.t.rectagent.agent.SupervisorAgent - [f3a6e74d738349a3] 执行工具: data_analysis_agent, input=82
2026-03-26 22:03:04.822 [pool-2-thread-1] [] DEBUG c.t.rectagent.agent.SupervisorAgent - [01f03f54b5774669] 执行工具: data_analysis_agent, input=82
2026-03-26 22:03:04.822 [pool-2-thread-9] [] DEBUG c.t.rectagent.agent.SupervisorAgent - [d48dea233ffa4d9d] 工具 intent_recognition_agent 执行完成, outputLength=87
2026-03-26 22:03:04.822 [pool-2-thread-8] [] INFO  c.t.rectagent.agent.SupervisorAgent - [3e0c0587147a4192] SupervisorAgent 处理完成: outputLength=82, 调用次数=1
2026-03-26 22:03:04.822 [pool-2-thread-1] [] DEBUG c.t.rectagent.agent.SupervisorAgent - [01f03f54b5774669] 工具 data_analysis_agent 执行完成, outputLength=82
2026-03-26 22:03:04.822 [pool-2-thread-7] [] INFO  c.t.rectagent.agent.SupervisorAgent - [dbf9d2c66ad346b3] SupervisorAgent 开始处理: inputLength=15
2026-03-26 22:03:04.822 [pool-2-thread-3] [] DEBUG c.t.rectagent.agent.SupervisorAgent - [b934509b50fc4318] 工具 data_analysis_agent 执行完成, outputLength=82
2026-03-26 22:03:04.822 [pool-2-thread-1] [] INFO  c.t.rectagent.agent.SupervisorAgent - [01f03f54b5774669] 任务完成
2026-03-26 22:03:04.822 [pool-2-thread-2] [] INFO  c.t.rectagent.agent.SupervisorAgent - [a3affdedac284740] 任务完成
2026-03-26 22:03:04.822 [pool-2-thread-5] [] DEBUG c.t.rectagent.agent.SupervisorAgent - [0890d334e0ee4904] 工具 data_analysis_agent 执行完成, outputLength=82
2026-03-26 22:03:04.823 [pool-2-thread-1] [] INFO  c.t.rectagent.agent.SupervisorAgent - [01f03f54b5774669] SupervisorAgent 处理完成: outputLength=82, 调用次数=1
2026-03-26 22:03:04.823 [pool-2-thread-7] [] DEBUG c.t.rectagent.agent.SupervisorAgent - [dbf9d2c66ad346b3] 执行工具: data_analysis_agent, input=82
2026-03-26 22:03:04.822 [pool-2-thread-4] [] INFO  c.t.rectagent.agent.SupervisorAgent - [48619e410a054a0d] 任务完成
2026-03-26 22:03:04.823 [pool-2-thread-7] [] DEBUG c.t.rectagent.agent.SupervisorAgent - [dbf9d2c66ad346b3] 工具 data_analysis_agent 执行完成, outputLength=82
2026-03-26 22:03:04.822 [pool-2-thread-6] [] INFO  c.t.rectagent.agent.SupervisorAgent - [385110795bf34d91] SupervisorAgent 开始处理: inputLength=15
2026-03-26 22:03:04.823 [pool-2-thread-7] [] INFO  c.t.rectagent.agent.SupervisorAgent - [dbf9d2c66ad346b3] 任务完成
2026-03-26 22:03:04.822 [pool-2-thread-10] [] DEBUG c.t.rectagent.agent.SupervisorAgent - [f3a6e74d738349a3] 工具 data_analysis_agent 执行完成, outputLength=82
2026-03-26 22:03:04.823 [pool-2-thread-6] [] DEBUG c.t.rectagent.agent.SupervisorAgent - [385110795bf34d91] 执行工具: data_analysis_agent, input=82
2026-03-26 22:03:04.822 [pool-2-thread-9] [] INFO  c.t.rectagent.agent.SupervisorAgent - [d48dea233ffa4d9d] 任务完成
2026-03-26 22:03:04.823 [pool-2-thread-6] [] DEBUG c.t.rectagent.agent.SupervisorAgent - [385110795bf34d91] 工具 data_analysis_agent 执行完成, outputLength=82
2026-03-26 22:03:04.823 [pool-2-thread-8] [] INFO  c.t.rectagent.agent.SupervisorAgent - [fd3458cf51e14aec] SupervisorAgent 开始处理: inputLength=15
2026-03-26 22:03:04.823 [pool-2-thread-9] [] INFO  c.t.rectagent.agent.SupervisorAgent - [d48dea233ffa4d9d] SupervisorAgent 处理完成: outputLength=87, 调用次数=1
2026-03-26 22:03:04.823 [pool-2-thread-6] [] INFO  c.t.rectagent.agent.SupervisorAgent - [385110795bf34d91] 任务完成
2026-03-26 22:03:04.823 [pool-2-thread-8] [] DEBUG c.t.rectagent.agent.SupervisorAgent - [fd3458cf51e14aec] 执行工具: data_analysis_agent, input=82
2026-03-26 22:03:04.823 [pool-2-thread-6] [] INFO  c.t.rectagent.agent.SupervisorAgent - [385110795bf34d91] SupervisorAgent 处理完成: outputLength=82, 调用次数=1
2026-03-26 22:03:04.823 [pool-2-thread-9] [] INFO  c.t.rectagent.agent.SupervisorAgent - [fb42a5751703405d] SupervisorAgent 开始处理: inputLength=15
2026-03-26 22:03:04.823 [pool-2-thread-8] [] DEBUG c.t.rectagent.agent.SupervisorAgent - [fd3458cf51e14aec] 工具 data_analysis_agent 执行完成, outputLength=82
2026-03-26 22:03:04.823 [pool-2-thread-9] [] DEBUG c.t.rectagent.agent.SupervisorAgent - [fb42a5751703405d] 执行工具: data_analysis_agent, input=82
2026-03-26 22:03:04.823 [pool-2-thread-6] [] INFO  c.t.rectagent.agent.SupervisorAgent - [9939841612e04ae8] SupervisorAgent 开始处理: inputLength=15
2026-03-26 22:03:04.823 [pool-2-thread-2] [] INFO  c.t.rectagent.agent.SupervisorAgent - [a3affdedac284740] SupervisorAgent 处理完成: outputLength=82, 调用次数=1
2026-03-26 22:03:04.823 [pool-2-thread-6] [] DEBUG c.t.rectagent.agent.SupervisorAgent - [9939841612e04ae8] 执行工具: data_analysis_agent, input=82
2026-03-26 22:03:04.823 [pool-2-thread-3] [] INFO  c.t.rectagent.agent.SupervisorAgent - [b934509b50fc4318] 任务完成
2026-03-26 22:03:04.823 [pool-2-thread-6] [] DEBUG c.t.rectagent.agent.SupervisorAgent - [9939841612e04ae8] 工具 data_analysis_agent 执行完成, outputLength=82
2026-03-26 22:03:04.823 [pool-2-thread-5] [] INFO  c.t.rectagent.agent.SupervisorAgent - [0890d334e0ee4904] 任务完成
2026-03-26 22:03:04.823 [pool-2-thread-3] [] INFO  c.t.rectagent.agent.SupervisorAgent - [b934509b50fc4318] SupervisorAgent 处理完成: outputLength=82, 调用次数=1
2026-03-26 22:03:04.823 [pool-2-thread-4] [] INFO  c.t.rectagent.agent.SupervisorAgent - [48619e410a054a0d] SupervisorAgent 处理完成: outputLength=82, 调用次数=1
2026-03-26 22:03:04.823 [pool-2-thread-5] [] INFO  c.t.rectagent.agent.SupervisorAgent - [0890d334e0ee4904] SupervisorAgent 处理完成: outputLength=82, 调用次数=1
2026-03-26 22:03:04.823 [pool-2-thread-2] [] INFO  c.t.rectagent.agent.SupervisorAgent - [66e14cb1337a4194] SupervisorAgent 开始处理: inputLength=15
2026-03-26 22:03:04.823 [pool-2-thread-7] [] INFO  c.t.rectagent.agent.SupervisorAgent - [dbf9d2c66ad346b3] SupervisorAgent 处理完成: outputLength=82, 调用次数=1
2026-03-26 22:03:04.823 [pool-2-thread-1] [] INFO  c.t.rectagent.agent.SupervisorAgent - [20d6b6d334b443bd] SupervisorAgent 开始处理: inputLength=15
2026-03-26 22:03:04.823 [pool-2-thread-2] [] DEBUG c.t.rectagent.agent.SupervisorAgent - [66e14cb1337a4194] 执行工具: data_analysis_agent, input=82
2026-03-26 22:03:04.823 [pool-2-thread-10] [] INFO  c.t.rectagent.agent.SupervisorAgent - [f3a6e74d738349a3] 任务完成
2026-03-26 22:03:04.823 [pool-2-thread-1] [] DEBUG c.t.rectagent.agent.SupervisorAgent - [20d6b6d334b443bd] 执行工具: data_analysis_agent, input=82
2026-03-26 22:03:04.823 [pool-2-thread-7] [] INFO  c.t.rectagent.agent.SupervisorAgent - [72ccc9b47f6540eb] SupervisorAgent 开始处理: inputLength=15
2026-03-26 22:03:04.823 [pool-2-thread-10] [] INFO  c.t.rectagent.agent.SupervisorAgent - [f3a6e74d738349a3] SupervisorAgent 处理完成: outputLength=82, 调用次数=1
2026-03-26 22:03:04.823 [pool-2-thread-8] [] INFO  c.t.rectagent.agent.SupervisorAgent - [fd3458cf51e14aec] 任务完成
2026-03-26 22:03:04.823 [pool-2-thread-7] [] DEBUG c.t.rectagent.agent.SupervisorAgent - [72ccc9b47f6540eb] 执行工具: data_analysis_agent, input=82
2026-03-26 22:03:04.823 [pool-2-thread-9] [] DEBUG c.t.rectagent.agent.SupervisorAgent - [fb42a5751703405d] 工具 data_analysis_agent 执行完成, outputLength=82
2026-03-26 22:03:04.823 [pool-2-thread-8] [] INFO  c.t.rectagent.agent.SupervisorAgent - [fd3458cf51e14aec] SupervisorAgent 处理完成: outputLength=82, 调用次数=1
2026-03-26 22:03:04.823 [pool-2-thread-10] [] INFO  c.t.rectagent.agent.SupervisorAgent - [0b0fed580a3043cc] SupervisorAgent 开始处理: inputLength=15
2026-03-26 22:03:04.823 [pool-2-thread-6] [] INFO  c.t.rectagent.agent.SupervisorAgent - [9939841612e04ae8] 任务完成
2026-03-26 22:03:04.823 [pool-2-thread-10] [] DEBUG c.t.rectagent.agent.SupervisorAgent - [0b0fed580a3043cc] 执行工具: data_analysis_agent, input=82
2026-03-26 22:03:04.823 [pool-2-thread-3] [] INFO  c.t.rectagent.agent.SupervisorAgent - [3d1bf7fb490144ba] SupervisorAgent 开始处理: inputLength=15
2026-03-26 22:03:04.823 [pool-2-thread-6] [] INFO  c.t.rectagent.agent.SupervisorAgent - [9939841612e04ae8] SupervisorAgent 处理完成: outputLength=82, 调用次数=1
2026-03-26 22:03:04.823 [pool-2-thread-2] [] DEBUG c.t.rectagent.agent.SupervisorAgent - [66e14cb1337a4194] 工具 data_analysis_agent 执行完成, outputLength=82
2026-03-26 22:03:04.823 [pool-2-thread-3] [] DEBUG c.t.rectagent.agent.SupervisorAgent - [3d1bf7fb490144ba] 执行工具: data_analysis_agent, input=82
2026-03-26 22:03:04.823 [pool-2-thread-4] [] INFO  c.t.rectagent.agent.SupervisorAgent - [07ca99da50b6488f] SupervisorAgent 开始处理: inputLength=15
2026-03-26 22:03:04.823 [pool-2-thread-3] [] DEBUG c.t.rectagent.agent.SupervisorAgent - [3d1bf7fb490144ba] 工具 data_analysis_agent 执行完成, outputLength=82
2026-03-26 22:03:04.823 [pool-2-thread-6] [] INFO  c.t.rectagent.agent.SupervisorAgent - [1dad82d9d7ef467b] SupervisorAgent 开始处理: inputLength=15
2026-03-26 22:03:04.823 [pool-2-thread-3] [] INFO  c.t.rectagent.agent.SupervisorAgent - [3d1bf7fb490144ba] 任务完成
2026-03-26 22:03:04.823 [pool-2-thread-1] [] DEBUG c.t.rectagent.agent.SupervisorAgent - [20d6b6d334b443bd] 工具 data_analysis_agent 执行完成, outputLength=82
2026-03-26 22:03:04.823 [pool-2-thread-6] [] DEBUG c.t.rectagent.agent.SupervisorAgent - [1dad82d9d7ef467b] 执行工具: data_analysis_agent, input=82
2026-03-26 22:03:04.823 [pool-2-thread-5] [] INFO  c.t.rectagent.agent.SupervisorAgent - [b6338a254f5842bc] SupervisorAgent 开始处理: inputLength=15
2026-03-26 22:03:04.823 [pool-2-thread-6] [] DEBUG c.t.rectagent.agent.SupervisorAgent - [1dad82d9d7ef467b] 工具 data_analysis_agent 执行完成, outputLength=82
2026-03-26 22:03:04.823 [pool-2-thread-1] [] INFO  c.t.rectagent.agent.SupervisorAgent - [20d6b6d334b443bd] 任务完成
2026-03-26 22:03:04.823 [pool-2-thread-7] [] DEBUG c.t.rectagent.agent.SupervisorAgent - [72ccc9b47f6540eb] 工具 data_analysis_agent 执行完成, outputLength=82
2026-03-26 22:03:04.823 [pool-2-thread-5] [] DEBUG c.t.rectagent.agent.SupervisorAgent - [b6338a254f5842bc] 执行工具: data_analysis_agent, input=82
2026-03-26 22:03:04.823 [pool-2-thread-6] [] INFO  c.t.rectagent.agent.SupervisorAgent - [1dad82d9d7ef467b] 任务完成
2026-03-26 22:03:04.823 [pool-2-thread-5] [] DEBUG c.t.rectagent.agent.SupervisorAgent - [b6338a254f5842bc] 工具 data_analysis_agent 执行完成, outputLength=82
2026-03-26 22:03:04.823 [pool-2-thread-6] [] INFO  c.t.rectagent.agent.SupervisorAgent - [1dad82d9d7ef467b] SupervisorAgent 处理完成: outputLength=82, 调用次数=1
2026-03-26 22:03:04.823 [pool-2-thread-8] [] INFO  c.t.rectagent.agent.SupervisorAgent - [44c78ca79c75426d] SupervisorAgent 开始处理: inputLength=15
2026-03-26 22:03:04.823 [pool-2-thread-9] [] INFO  c.t.rectagent.agent.SupervisorAgent - [fb42a5751703405d] 任务完成
2026-03-26 22:03:04.823 [pool-2-thread-8] [] DEBUG c.t.rectagent.agent.SupervisorAgent - [44c78ca79c75426d] 执行工具: data_analysis_agent, input=82
2026-03-26 22:03:04.823 [pool-2-thread-6] [] INFO  c.t.rectagent.agent.SupervisorAgent - [9ac9665f08f747c5] SupervisorAgent 开始处理: inputLength=15
2026-03-26 22:03:04.823 [pool-2-thread-10] [] DEBUG c.t.rectagent.agent.SupervisorAgent - [0b0fed580a3043cc] 工具 data_analysis_agent 执行完成, outputLength=82
2026-03-26 22:03:04.823 [pool-2-thread-6] [] DEBUG c.t.rectagent.agent.SupervisorAgent - [9ac9665f08f747c5] 执行工具: data_analysis_agent, input=82
2026-03-26 22:03:04.823 [pool-2-thread-6] [] DEBUG c.t.rectagent.agent.SupervisorAgent - [9ac9665f08f747c5] 工具 data_analysis_agent 执行完成, outputLength=82
2026-03-26 22:03:04.823 [pool-2-thread-2] [] INFO  c.t.rectagent.agent.SupervisorAgent - [66e14cb1337a4194] 任务完成
2026-03-26 22:03:04.823 [pool-2-thread-4] [] DEBUG c.t.rectagent.agent.SupervisorAgent - [07ca99da50b6488f] 执行工具: data_analysis_agent, input=82
2026-03-26 22:03:04.823 [pool-2-thread-3] [] INFO  c.t.rectagent.agent.SupervisorAgent - [3d1bf7fb490144ba] SupervisorAgent 处理完成: outputLength=82, 调用次数=1
2026-03-26 22:03:04.823 [pool-2-thread-4] [] DEBUG c.t.rectagent.agent.SupervisorAgent - [07ca99da50b6488f] 工具 data_analysis_agent 执行完成, outputLength=82
2026-03-26 22:03:04.823 [pool-2-thread-1] [] INFO  c.t.rectagent.agent.SupervisorAgent - [20d6b6d334b443bd] SupervisorAgent 处理完成: outputLength=82, 调用次数=1
2026-03-26 22:03:04.823 [pool-2-thread-4] [] INFO  c.t.rectagent.agent.SupervisorAgent - [07ca99da50b6488f] 任务完成
2026-03-26 22:03:04.823 [pool-2-thread-5] [] INFO  c.t.rectagent.agent.SupervisorAgent - [b6338a254f5842bc] 任务完成
2026-03-26 22:03:04.823 [pool-2-thread-4] [] INFO  c.t.rectagent.agent.SupervisorAgent - [07ca99da50b6488f] SupervisorAgent 处理完成: outputLength=82, 调用次数=1
2026-03-26 22:03:04.823 [pool-2-thread-7] [] INFO  c.t.rectagent.agent.SupervisorAgent - [72ccc9b47f6540eb] 任务完成
2026-03-26 22:03:04.823 [pool-2-thread-3] [] INFO  c.t.rectagent.agent.SupervisorAgent - [1672783e69d54e11] SupervisorAgent 开始处理: inputLength=15
2026-03-26 22:03:04.823 [pool-2-thread-9] [] INFO  c.t.rectagent.agent.SupervisorAgent - [fb42a5751703405d] SupervisorAgent 处理完成: outputLength=82, 调用次数=1
2026-03-26 22:03:04.823 [pool-2-thread-7] [] INFO  c.t.rectagent.agent.SupervisorAgent - [72ccc9b47f6540eb] SupervisorAgent 处理完成: outputLength=82, 调用次数=1
2026-03-26 22:03:04.823 [pool-2-thread-3] [] DEBUG c.t.rectagent.agent.SupervisorAgent - [1672783e69d54e11] 执行工具: data_analysis_agent, input=82
2026-03-26 22:03:04.823 [pool-2-thread-8] [] DEBUG c.t.rectagent.agent.SupervisorAgent - [44c78ca79c75426d] 工具 data_analysis_agent 执行完成, outputLength=82
2026-03-26 22:03:04.823 [pool-2-thread-3] [] DEBUG c.t.rectagent.agent.SupervisorAgent - [1672783e69d54e11] 工具 data_analysis_agent 执行完成, outputLength=82
2026-03-26 22:03:04.823 [pool-2-thread-10] [] INFO  c.t.rectagent.agent.SupervisorAgent - [0b0fed580a3043cc] 任务完成
2026-03-26 22:03:04.823 [pool-2-thread-7] [] INFO  c.t.rectagent.agent.SupervisorAgent - [5d63905703bb42b0] SupervisorAgent 开始处理: inputLength=15
2026-03-26 22:03:04.823 [pool-2-thread-10] [] INFO  c.t.rectagent.agent.SupervisorAgent - [0b0fed580a3043cc] SupervisorAgent 处理完成: outputLength=82, 调用次数=1
2026-03-26 22:03:04.823 [pool-2-thread-6] [] INFO  c.t.rectagent.agent.SupervisorAgent - [9ac9665f08f747c5] 任务完成
2026-03-26 22:03:04.823 [pool-2-thread-3] [] INFO  c.t.rectagent.agent.SupervisorAgent - [1672783e69d54e11] 任务完成
2026-03-26 22:03:04.823 [pool-2-thread-2] [] INFO  c.t.rectagent.agent.SupervisorAgent - [66e14cb1337a4194] SupervisorAgent 处理完成: outputLength=82, 调用次数=1
2026-03-26 22:03:04.823 [pool-2-thread-7] [] DEBUG c.t.rectagent.agent.SupervisorAgent - [5d63905703bb42b0] 执行工具: data_analysis_agent, input=82
2026-03-26 22:03:04.823 [pool-2-thread-6] [] INFO  c.t.rectagent.agent.SupervisorAgent - [9ac9665f08f747c5] SupervisorAgent 处理完成: outputLength=82, 调用次数=1
2026-03-26 22:03:04.823 [pool-2-thread-5] [] INFO  c.t.rectagent.agent.SupervisorAgent - [b6338a254f5842bc] SupervisorAgent 处理完成: outputLength=82, 调用次数=1
2026-03-26 22:03:04.823 [pool-2-thread-1] [] INFO  c.t.rectagent.agent.SupervisorAgent - [769c964a8f474b30] SupervisorAgent 开始处理: inputLength=15
2026-03-26 22:03:04.823 [pool-2-thread-4] [] INFO  c.t.rectagent.agent.SupervisorAgent - [18cad932b0b14e13] SupervisorAgent 开始处理: inputLength=15
2026-03-26 22:03:04.823 [pool-2-thread-1] [] DEBUG c.t.rectagent.agent.SupervisorAgent - [769c964a8f474b30] 执行工具: data_analysis_agent, input=82
2026-03-26 22:03:04.823 [pool-2-thread-6] [] INFO  c.t.rectagent.agent.SupervisorAgent - [1b1fc04e60cf467b] SupervisorAgent 开始处理: inputLength=15
2026-03-26 22:03:04.823 [pool-2-thread-1] [] DEBUG c.t.rectagent.agent.SupervisorAgent - [769c964a8f474b30] 工具 data_analysis_agent 执行完成, outputLength=82
2026-03-26 22:03:04.823 [pool-2-thread-6] [] DEBUG c.t.rectagent.agent.SupervisorAgent - [1b1fc04e60cf467b] 执行工具: data_analysis_agent, input=82
2026-03-26 22:03:04.823 [pool-2-thread-5] [] INFO  c.t.rectagent.agent.SupervisorAgent - [254cf835e8e841eb] SupervisorAgent 开始处理: inputLength=15
2026-03-26 22:03:04.823 [pool-2-thread-6] [] DEBUG c.t.rectagent.agent.SupervisorAgent - [1b1fc04e60cf467b] 工具 data_analysis_agent 执行完成, outputLength=82
2026-03-26 22:03:04.823 [pool-2-thread-9] [] INFO  c.t.rectagent.agent.SupervisorAgent - [9fdb5cbe4fea4698] SupervisorAgent 开始处理: inputLength=15
2026-03-26 22:03:04.823 [pool-2-thread-6] [] INFO  c.t.rectagent.agent.SupervisorAgent - [1b1fc04e60cf467b] 任务完成
2026-03-26 22:03:04.823 [pool-2-thread-6] [] INFO  c.t.rectagent.agent.SupervisorAgent - [1b1fc04e60cf467b] SupervisorAgent 处理完成: outputLength=82, 调用次数=1
2026-03-26 22:03:04.823 [pool-2-thread-8] [] INFO  c.t.rectagent.agent.SupervisorAgent - [44c78ca79c75426d] 任务完成
2026-03-26 22:03:04.823 [pool-2-thread-3] [] INFO  c.t.rectagent.agent.SupervisorAgent - [1672783e69d54e11] SupervisorAgent 处理完成: outputLength=82, 调用次数=1
2026-03-26 22:03:04.825 [pool-2-thread-9] [] DEBUG c.t.rectagent.agent.SupervisorAgent - [9fdb5cbe4fea4698] 执行工具: data_analysis_agent, input=82
2026-03-26 22:03:04.823 [pool-2-thread-10] [] INFO  c.t.rectagent.agent.SupervisorAgent - [08361c1fc7df495f] SupervisorAgent 开始处理: inputLength=15
2026-03-26 22:03:04.825 [pool-2-thread-9] [] DEBUG c.t.rectagent.agent.SupervisorAgent - [9fdb5cbe4fea4698] 工具 data_analysis_agent 执行完成, outputLength=82
2026-03-26 22:03:04.825 [pool-2-thread-6] [] INFO  c.t.rectagent.agent.SupervisorAgent - [957dc9f69ece4ff3] SupervisorAgent 开始处理: inputLength=15
2026-03-26 22:03:04.823 [pool-2-thread-7] [] DEBUG c.t.rectagent.agent.SupervisorAgent - [5d63905703bb42b0] 工具 data_analysis_agent 执行完成, outputLength=82
2026-03-26 22:03:04.825 [pool-2-thread-10] [] DEBUG c.t.rectagent.agent.SupervisorAgent - [08361c1fc7df495f] 执行工具: data_analysis_agent, input=82
2026-03-26 22:03:04.825 [pool-2-thread-9] [] INFO  c.t.rectagent.agent.SupervisorAgent - [9fdb5cbe4fea4698] 任务完成
2026-03-26 22:03:04.823 [pool-2-thread-2] [] INFO  c.t.rectagent.agent.SupervisorAgent - [63850e886cc4421f] SupervisorAgent 开始处理: inputLength=15
2026-03-26 22:03:04.825 [pool-2-thread-9] [] INFO  c.t.rectagent.agent.SupervisorAgent - [9fdb5cbe4fea4698] SupervisorAgent 处理完成: outputLength=82, 调用次数=1
2026-03-26 22:03:04.825 [pool-2-thread-7] [] INFO  c.t.rectagent.agent.SupervisorAgent - [5d63905703bb42b0] 任务完成
2026-03-26 22:03:04.825 [pool-2-thread-2] [] DEBUG c.t.rectagent.agent.SupervisorAgent - [63850e886cc4421f] 执行工具: data_analysis_agent, input=82
2026-03-26 22:03:04.823 [pool-2-thread-4] [] DEBUG c.t.rectagent.agent.SupervisorAgent - [18cad932b0b14e13] 执行工具: intent_recognition_agent, input=87
2026-03-26 22:03:04.825 [pool-2-thread-2] [] DEBUG c.t.rectagent.agent.SupervisorAgent - [63850e886cc4421f] 工具 data_analysis_agent 执行完成, outputLength=82
2026-03-26 22:03:04.825 [pool-2-thread-9] [] INFO  c.t.rectagent.agent.SupervisorAgent - [13564c757caa4384] SupervisorAgent 开始处理: inputLength=15
2026-03-26 22:03:04.825 [pool-2-thread-4] [] DEBUG c.t.rectagent.agent.SupervisorAgent - [18cad932b0b14e13] 工具 intent_recognition_agent 执行完成, outputLength=87
2026-03-26 22:03:04.823 [pool-2-thread-1] [] INFO  c.t.rectagent.agent.SupervisorAgent - [769c964a8f474b30] 任务完成
2026-03-26 22:03:04.825 [pool-2-thread-2] [] INFO  c.t.rectagent.agent.SupervisorAgent - [63850e886cc4421f] 任务完成
2026-03-26 22:03:04.825 [pool-2-thread-4] [] INFO  c.t.rectagent.agent.SupervisorAgent - [18cad932b0b14e13] 任务完成
2026-03-26 22:03:04.823 [pool-2-thread-5] [] DEBUG c.t.rectagent.agent.SupervisorAgent - [254cf835e8e841eb] 执行工具: data_analysis_agent, input=82
2026-03-26 22:03:04.825 [pool-2-thread-8] [] INFO  c.t.rectagent.agent.SupervisorAgent - [44c78ca79c75426d] SupervisorAgent 处理完成: outputLength=82, 调用次数=1
2026-03-26 22:03:04.825 [pool-2-thread-3] [] INFO  c.t.rectagent.agent.SupervisorAgent - [84600404796b4c03] SupervisorAgent 开始处理: inputLength=15
2026-03-26 22:03:04.825 [pool-2-thread-6] [] DEBUG c.t.rectagent.agent.SupervisorAgent - [957dc9f69ece4ff3] 执行工具: data_analysis_agent, input=82
2026-03-26 22:03:04.825 [pool-2-thread-10] [] DEBUG c.t.rectagent.agent.SupervisorAgent - [08361c1fc7df495f] 工具 data_analysis_agent 执行完成, outputLength=82
2026-03-26 22:03:04.825 [pool-2-thread-6] [] DEBUG c.t.rectagent.agent.SupervisorAgent - [957dc9f69ece4ff3] 工具 data_analysis_agent 执行完成, outputLength=82
2026-03-26 22:03:04.825 [pool-2-thread-7] [] INFO  c.t.rectagent.agent.SupervisorAgent - [5d63905703bb42b0] SupervisorAgent 处理完成: outputLength=82, 调用次数=1
2026-03-26 22:03:04.825 [pool-2-thread-9] [] DEBUG c.t.rectagent.agent.SupervisorAgent - [13564c757caa4384] 执行工具: data_analysis_agent, input=82
2026-03-26 22:03:04.825 [pool-2-thread-6] [] INFO  c.t.rectagent.agent.SupervisorAgent - [957dc9f69ece4ff3] 任务完成
2026-03-26 22:03:04.825 [pool-2-thread-9] [] DEBUG c.t.rectagent.agent.SupervisorAgent - [13564c757caa4384] 工具 data_analysis_agent 执行完成, outputLength=82
2026-03-26 22:03:04.825 [pool-2-thread-6] [] INFO  c.t.rectagent.agent.SupervisorAgent - [957dc9f69ece4ff3] SupervisorAgent 处理完成: outputLength=82, 调用次数=1
2026-03-26 22:03:04.825 [pool-2-thread-2] [] INFO  c.t.rectagent.agent.SupervisorAgent - [63850e886cc4421f] SupervisorAgent 处理完成: outputLength=82, 调用次数=1
2026-03-26 22:03:04.825 [pool-2-thread-9] [] INFO  c.t.rectagent.agent.SupervisorAgent - [13564c757caa4384] 任务完成
2026-03-26 22:03:04.825 [pool-2-thread-7] [] INFO  c.t.rectagent.agent.SupervisorAgent - [cf82c54f0d5f43ca] SupervisorAgent 开始处理: inputLength=15
2026-03-26 22:03:04.825 [pool-2-thread-1] [] INFO  c.t.rectagent.agent.SupervisorAgent - [769c964a8f474b30] SupervisorAgent 处理完成: outputLength=82, 调用次数=1
2026-03-26 22:03:04.825 [pool-2-thread-6] [] INFO  c.t.rectagent.agent.SupervisorAgent - [d7a22a4f79064cbd] SupervisorAgent 开始处理: inputLength=15
2026-03-26 22:03:04.825 [pool-2-thread-4] [] INFO  c.t.rectagent.agent.SupervisorAgent - [18cad932b0b14e13] SupervisorAgent 处理完成: outputLength=87, 调用次数=1
2026-03-26 22:03:04.825 [pool-2-thread-2] [] INFO  c.t.rectagent.agent.SupervisorAgent - [5dee85e8db0a48b4] SupervisorAgent 开始处理: inputLength=15
2026-03-26 22:03:04.825 [pool-2-thread-6] [] DEBUG c.t.rectagent.agent.SupervisorAgent - [d7a22a4f79064cbd] 执行工具: data_analysis_agent, input=82
2026-03-26 22:03:04.825 [pool-2-thread-5] [] DEBUG c.t.rectagent.agent.SupervisorAgent - [254cf835e8e841eb] 工具 data_analysis_agent 执行完成, outputLength=82
2026-03-26 22:03:04.825 [pool-2-thread-6] [] DEBUG c.t.rectagent.agent.SupervisorAgent - [d7a22a4f79064cbd] 工具 data_analysis_agent 执行完成, outputLength=82
2026-03-26 22:03:04.825 [pool-2-thread-1] [] INFO  c.t.rectagent.agent.SupervisorAgent - [4aa8e4494318410f] SupervisorAgent 开始处理: inputLength=15
2026-03-26 22:03:04.825 [pool-2-thread-3] [] DEBUG c.t.rectagent.agent.SupervisorAgent - [84600404796b4c03] 执行工具: data_analysis_agent, input=82
2026-03-26 22:03:04.825 [pool-2-thread-4] [] INFO  c.t.rectagent.agent.SupervisorAgent - [7df580a82b3b4709] SupervisorAgent 开始处理: inputLength=15
2026-03-26 22:03:04.825 [pool-2-thread-8] [] INFO  c.t.rectagent.agent.SupervisorAgent - [94b542353dd446aa] SupervisorAgent 开始处理: inputLength=15
2026-03-26 22:03:04.825 [pool-2-thread-3] [] DEBUG c.t.rectagent.agent.SupervisorAgent - [84600404796b4c03] 工具 data_analysis_agent 执行完成, outputLength=82
2026-03-26 22:03:04.825 [pool-2-thread-8] [] DEBUG c.t.rectagent.agent.SupervisorAgent - [94b542353dd446aa] 执行工具: data_analysis_agent, input=82
2026-03-26 22:03:04.825 [pool-2-thread-10] [] INFO  c.t.rectagent.agent.SupervisorAgent - [08361c1fc7df495f] 任务完成
2026-03-26 22:03:04.825 [pool-2-thread-8] [] DEBUG c.t.rectagent.agent.SupervisorAgent - [94b542353dd446aa] 工具 data_analysis_agent 执行完成, outputLength=82
2026-03-26 22:03:04.825 [pool-2-thread-9] [] INFO  c.t.rectagent.agent.SupervisorAgent - [13564c757caa4384] SupervisorAgent 处理完成: outputLength=82, 调用次数=1
2026-03-26 22:03:04.825 [pool-2-thread-10] [] INFO  c.t.rectagent.agent.SupervisorAgent - [08361c1fc7df495f] SupervisorAgent 处理完成: outputLength=82, 调用次数=1
2026-03-26 22:03:04.825 [pool-2-thread-7] [] DEBUG c.t.rectagent.agent.SupervisorAgent - [cf82c54f0d5f43ca] 执行工具: data_analysis_agent, input=82
2026-03-26 22:03:04.825 [pool-2-thread-2] [] DEBUG c.t.rectagent.agent.SupervisorAgent - [5dee85e8db0a48b4] 执行工具: data_analysis_agent, input=82
2026-03-26 22:03:04.825 [pool-2-thread-7] [] DEBUG c.t.rectagent.agent.SupervisorAgent - [cf82c54f0d5f43ca] 工具 data_analysis_agent 执行完成, outputLength=82
2026-03-26 22:03:04.825 [pool-2-thread-1] [] DEBUG c.t.rectagent.agent.SupervisorAgent - [4aa8e4494318410f] 执行工具: data_analysis_agent, input=82
2026-03-26 22:03:04.825 [pool-2-thread-2] [] DEBUG c.t.rectagent.agent.SupervisorAgent - [5dee85e8db0a48b4] 工具 data_analysis_agent 执行完成, outputLength=82
2026-03-26 22:03:04.825 [pool-2-thread-6] [] INFO  c.t.rectagent.agent.SupervisorAgent - [d7a22a4f79064cbd] 任务完成
2026-03-26 22:03:04.825 [pool-2-thread-2] [] INFO  c.t.rectagent.agent.SupervisorAgent - [5dee85e8db0a48b4] 任务完成
2026-03-26 22:03:04.825 [pool-2-thread-1] [] DEBUG c.t.rectagent.agent.SupervisorAgent - [4aa8e4494318410f] 工具 data_analysis_agent 执行完成, outputLength=82
2026-03-26 22:03:04.825 [pool-2-thread-2] [] INFO  c.t.rectagent.agent.SupervisorAgent - [5dee85e8db0a48b4] SupervisorAgent 处理完成: outputLength=82, 调用次数=1
2026-03-26 22:03:04.825 [pool-2-thread-5] [] INFO  c.t.rectagent.agent.SupervisorAgent - [254cf835e8e841eb] 任务完成
2026-03-26 22:03:04.825 [pool-2-thread-4] [] DEBUG c.t.rectagent.agent.SupervisorAgent - [7df580a82b3b4709] 执行工具: data_analysis_agent, input=82
2026-03-26 22:03:04.825 [pool-2-thread-2] [] INFO  c.t.rectagent.agent.SupervisorAgent - [5dc2a5a2c9a14eb2] SupervisorAgent 开始处理: inputLength=15
2026-03-26 22:03:04.825 [pool-2-thread-3] [] INFO  c.t.rectagent.agent.SupervisorAgent - [84600404796b4c03] 任务完成
2026-03-26 22:03:04.825 [pool-2-thread-2] [] DEBUG c.t.rectagent.agent.SupervisorAgent - [5dc2a5a2c9a14eb2] 执行工具: data_analysis_agent, input=82
2026-03-26 22:03:04.825 [pool-2-thread-2] [] DEBUG c.t.rectagent.agent.SupervisorAgent - [5dc2a5a2c9a14eb2] 工具 data_analysis_agent 执行完成, outputLength=82
2026-03-26 22:03:04.825 [pool-2-thread-3] [] INFO  c.t.rectagent.agent.SupervisorAgent - [84600404796b4c03] SupervisorAgent 处理完成: outputLength=82, 调用次数=1
2026-03-26 22:03:04.825 [pool-2-thread-8] [] INFO  c.t.rectagent.agent.SupervisorAgent - [94b542353dd446aa] 任务完成
2026-03-26 22:03:04.825 [pool-2-thread-2] [] INFO  c.t.rectagent.agent.SupervisorAgent - [5dc2a5a2c9a14eb2] 任务完成
2026-03-26 22:03:04.825 [pool-2-thread-2] [] INFO  c.t.rectagent.agent.SupervisorAgent - [5dc2a5a2c9a14eb2] SupervisorAgent 处理完成: outputLength=82, 调用次数=1
2026-03-26 22:03:04.825 [pool-2-thread-8] [] INFO  c.t.rectagent.agent.SupervisorAgent - [94b542353dd446aa] SupervisorAgent 处理完成: outputLength=82, 调用次数=1
2026-03-26 22:03:04.825 [pool-2-thread-10] [] INFO  c.t.rectagent.agent.SupervisorAgent - [4aeb536eb2c34e1b] SupervisorAgent 开始处理: inputLength=15
2026-03-26 22:03:04.825 [pool-2-thread-7] [] INFO  c.t.rectagent.agent.SupervisorAgent - [cf82c54f0d5f43ca] 任务完成
2026-03-26 22:03:04.825 [pool-2-thread-2] [] INFO  c.t.rectagent.agent.SupervisorAgent - [309a9488fb2f4e12] SupervisorAgent 开始处理: inputLength=15
2026-03-26 22:03:04.825 [pool-2-thread-10] [] DEBUG c.t.rectagent.agent.SupervisorAgent - [4aeb536eb2c34e1b] 执行工具: data_analysis_agent, input=82
2026-03-26 22:03:04.825 [pool-2-thread-9] [] INFO  c.t.rectagent.agent.SupervisorAgent - [e0e0d6761b60434a] SupervisorAgent 开始处理: inputLength=15
2026-03-26 22:03:04.825 [pool-2-thread-10] [] DEBUG c.t.rectagent.agent.SupervisorAgent - [4aeb536eb2c34e1b] 工具 data_analysis_agent 执行完成, outputLength=82
2026-03-26 22:03:04.825 [pool-2-thread-6] [] INFO  c.t.rectagent.agent.SupervisorAgent - [d7a22a4f79064cbd] SupervisorAgent 处理完成: outputLength=82, 调用次数=1
2026-03-26 22:03:04.825 [pool-2-thread-10] [] INFO  c.t.rectagent.agent.SupervisorAgent - [4aeb536eb2c34e1b] 任务完成
2026-03-26 22:03:04.825 [pool-2-thread-1] [] INFO  c.t.rectagent.agent.SupervisorAgent - [4aa8e4494318410f] 任务完成
2026-03-26 22:03:04.825 [pool-2-thread-5] [] INFO  c.t.rectagent.agent.SupervisorAgent - [254cf835e8e841eb] SupervisorAgent 处理完成: outputLength=82, 调用次数=1
2026-03-26 22:03:04.825 [pool-2-thread-4] [] DEBUG c.t.rectagent.agent.SupervisorAgent - [7df580a82b3b4709] 工具 data_analysis_agent 执行完成, outputLength=82
2026-03-26 22:03:04.825 [pool-2-thread-7] [] INFO  c.t.rectagent.agent.SupervisorAgent - [cf82c54f0d5f43ca] SupervisorAgent 处理完成: outputLength=82, 调用次数=1
2026-03-26 22:03:04.825 [pool-2-thread-5] [] INFO  c.t.rectagent.agent.SupervisorAgent - [c5789eb93d634ba0] SupervisorAgent 开始处理: inputLength=15
2026-03-26 22:03:04.825 [pool-2-thread-2] [] DEBUG c.t.rectagent.agent.SupervisorAgent - [309a9488fb2f4e12] 执行工具: data_analysis_agent, input=82
2026-03-26 22:03:04.825 [pool-2-thread-8] [] INFO  c.t.rectagent.agent.SupervisorAgent - [e0f67da6a34d48c5] SupervisorAgent 开始处理: inputLength=15
2026-03-26 22:03:04.827 [pool-2-thread-5] [] DEBUG c.t.rectagent.agent.SupervisorAgent - [c5789eb93d634ba0] 执行工具: data_analysis_agent, input=82
2026-03-26 22:03:04.827 [pool-2-thread-5] [] DEBUG c.t.rectagent.agent.SupervisorAgent - [c5789eb93d634ba0] 工具 data_analysis_agent 执行完成, outputLength=82
2026-03-26 22:03:04.825 [pool-2-thread-9] [] DEBUG c.t.rectagent.agent.SupervisorAgent - [e0e0d6761b60434a] 执行工具: data_analysis_agent, input=82
2026-03-26 22:03:04.827 [pool-2-thread-5] [] INFO  c.t.rectagent.agent.SupervisorAgent - [c5789eb93d634ba0] 任务完成
2026-03-26 22:03:04.825 [pool-2-thread-10] [] INFO  c.t.rectagent.agent.SupervisorAgent - [4aeb536eb2c34e1b] SupervisorAgent 处理完成: outputLength=82, 调用次数=1
2026-03-26 22:03:04.825 [pool-2-thread-6] [] INFO  c.t.rectagent.agent.SupervisorAgent - [3bd03547d73c4b3d] SupervisorAgent 开始处理: inputLength=15
2026-03-26 22:03:04.825 [pool-2-thread-1] [] INFO  c.t.rectagent.agent.SupervisorAgent - [4aa8e4494318410f] SupervisorAgent 处理完成: outputLength=82, 调用次数=1
2026-03-26 22:03:04.825 [pool-2-thread-4] [] INFO  c.t.rectagent.agent.SupervisorAgent - [7df580a82b3b4709] 任务完成
2026-03-26 22:03:04.827 [pool-2-thread-2] [] DEBUG c.t.rectagent.agent.SupervisorAgent - [309a9488fb2f4e12] 工具 data_analysis_agent 执行完成, outputLength=82
2026-03-26 22:03:04.827 [pool-2-thread-4] [] INFO  c.t.rectagent.agent.SupervisorAgent - [7df580a82b3b4709] SupervisorAgent 处理完成: outputLength=82, 调用次数=1
2026-03-26 22:03:04.827 [pool-2-thread-8] [] DEBUG c.t.rectagent.agent.SupervisorAgent - [e0f67da6a34d48c5] 执行工具: intent_recognition_agent, input=87
2026-03-26 22:03:04.827 [pool-2-thread-1] [] INFO  c.t.rectagent.agent.SupervisorAgent - [3b1ec53f362b4af1] SupervisorAgent 开始处理: inputLength=15
2026-03-26 22:03:04.827 [pool-2-thread-7] [] INFO  c.t.rectagent.agent.SupervisorAgent - [437fd27c386d4655] SupervisorAgent 开始处理: inputLength=15
2026-03-26 22:03:04.827 [pool-2-thread-8] [] DEBUG c.t.rectagent.agent.SupervisorAgent - [e0f67da6a34d48c5] 工具 intent_recognition_agent 执行完成, outputLength=87
2026-03-26 22:03:04.827 [pool-2-thread-1] [] DEBUG c.t.rectagent.agent.SupervisorAgent - [3b1ec53f362b4af1] 执行工具: data_analysis_agent, input=82
2026-03-26 22:03:04.827 [pool-2-thread-4] [] INFO  c.t.rectagent.agent.SupervisorAgent - [221752ac06414129] SupervisorAgent 开始处理: inputLength=15
2026-03-26 22:03:04.827 [pool-2-thread-5] [] INFO  c.t.rectagent.agent.SupervisorAgent - [c5789eb93d634ba0] SupervisorAgent 处理完成: outputLength=82, 调用次数=1
2026-03-26 22:03:04.827 [pool-2-thread-4] [] DEBUG c.t.rectagent.agent.SupervisorAgent - [221752ac06414129] 执行工具: data_analysis_agent, input=82
2026-03-26 22:03:04.827 [pool-2-thread-9] [] DEBUG c.t.rectagent.agent.SupervisorAgent - [e0e0d6761b60434a] 工具 data_analysis_agent 执行完成, outputLength=82
2026-03-26 22:03:04.827 [pool-2-thread-4] [] DEBUG c.t.rectagent.agent.SupervisorAgent - [221752ac06414129] 工具 data_analysis_agent 执行完成, outputLength=82
2026-03-26 22:03:04.827 [pool-2-thread-6] [] DEBUG c.t.rectagent.agent.SupervisorAgent - [3bd03547d73c4b3d] 执行工具: data_analysis_agent, input=82
2026-03-26 22:03:04.827 [pool-2-thread-10] [] INFO  c.t.rectagent.agent.SupervisorAgent - [07bdb3f955fb4871] SupervisorAgent 开始处理: inputLength=15
2026-03-26 22:03:04.827 [pool-2-thread-9] [] INFO  c.t.rectagent.agent.SupervisorAgent - [e0e0d6761b60434a] 任务完成
2026-03-26 22:03:04.827 [pool-2-thread-5] [] INFO  c.t.rectagent.agent.SupervisorAgent - [3ba949d67ec94312] SupervisorAgent 开始处理: inputLength=15
2026-03-26 22:03:04.827 [pool-2-thread-2] [] INFO  c.t.rectagent.agent.SupervisorAgent - [309a9488fb2f4e12] 任务完成
2026-03-26 22:03:04.827 [pool-2-thread-5] [] DEBUG c.t.rectagent.agent.SupervisorAgent - [3ba949d67ec94312] 执行工具: data_analysis_agent, input=82
2026-03-26 22:03:04.827 [pool-2-thread-5] [] DEBUG c.t.rectagent.agent.SupervisorAgent - [3ba949d67ec94312] 工具 data_analysis_agent 执行完成, outputLength=82
2026-03-26 22:03:04.827 [pool-2-thread-7] [] DEBUG c.t.rectagent.agent.SupervisorAgent - [437fd27c386d4655] 执行工具: data_analysis_agent, input=82
2026-03-26 22:03:04.827 [pool-2-thread-2] [] INFO  c.t.rectagent.agent.SupervisorAgent - [309a9488fb2f4e12] SupervisorAgent 处理完成: outputLength=82, 调用次数=1
2026-03-26 22:03:04.827 [pool-2-thread-5] [] INFO  c.t.rectagent.agent.SupervisorAgent - [3ba949d67ec94312] 任务完成
2026-03-26 22:03:04.827 [pool-2-thread-8] [] INFO  c.t.rectagent.agent.SupervisorAgent - [e0f67da6a34d48c5] 任务完成
2026-03-26 22:03:04.827 [pool-2-thread-7] [] DEBUG c.t.rectagent.agent.SupervisorAgent - [437fd27c386d4655] 工具 data_analysis_agent 执行完成, outputLength=82
2026-03-26 22:03:04.827 [pool-2-thread-1] [] DEBUG c.t.rectagent.agent.SupervisorAgent - [3b1ec53f362b4af1] 工具 data_analysis_agent 执行完成, outputLength=82
2026-03-26 22:03:04.827 [pool-2-thread-8] [] INFO  c.t.rectagent.agent.SupervisorAgent - [e0f67da6a34d48c5] SupervisorAgent 处理完成: outputLength=87, 调用次数=1
2026-03-26 22:03:04.827 [pool-2-thread-4] [] INFO  c.t.rectagent.agent.SupervisorAgent - [221752ac06414129] 任务完成
2026-03-26 22:03:04.827 [pool-2-thread-7] [] INFO  c.t.rectagent.agent.SupervisorAgent - [437fd27c386d4655] 任务完成
2026-03-26 22:03:04.827 [pool-2-thread-6] [] DEBUG c.t.rectagent.agent.SupervisorAgent - [3bd03547d73c4b3d] 工具 data_analysis_agent 执行完成, outputLength=82
2026-03-26 22:03:04.827 [pool-2-thread-7] [] INFO  c.t.rectagent.agent.SupervisorAgent - [437fd27c386d4655] SupervisorAgent 处理完成: outputLength=82, 调用次数=1
2026-03-26 22:03:04.827 [pool-2-thread-9] [] INFO  c.t.rectagent.agent.SupervisorAgent - [e0e0d6761b60434a] SupervisorAgent 处理完成: outputLength=82, 调用次数=1
2026-03-26 22:03:04.827 [pool-2-thread-8] [] INFO  c.t.rectagent.agent.SupervisorAgent - [2871f6d6c5034fa3] SupervisorAgent 开始处理: inputLength=15
2026-03-26 22:03:04.827 [pool-2-thread-7] [] INFO  c.t.rectagent.agent.SupervisorAgent - [88ce101146154ae3] SupervisorAgent 开始处理: inputLength=15
2026-03-26 22:03:04.827 [pool-2-thread-10] [] DEBUG c.t.rectagent.agent.SupervisorAgent - [07bdb3f955fb4871] 执行工具: data_analysis_agent, input=82
2026-03-26 22:03:04.827 [pool-2-thread-7] [] DEBUG c.t.rectagent.agent.SupervisorAgent - [88ce101146154ae3] 执行工具: data_analysis_agent, input=82
2026-03-26 22:03:04.827 [pool-2-thread-5] [] INFO  c.t.rectagent.agent.SupervisorAgent - [3ba949d67ec94312] SupervisorAgent 处理完成: outputLength=82, 调用次数=1
2026-03-26 22:03:04.827 [pool-2-thread-7] [] DEBUG c.t.rectagent.agent.SupervisorAgent - [88ce101146154ae3] 工具 data_analysis_agent 执行完成, outputLength=82
2026-03-26 22:03:04.827 [pool-2-thread-2] [] INFO  c.t.rectagent.agent.SupervisorAgent - [183607e9862e4793] SupervisorAgent 开始处理: inputLength=15
2026-03-26 22:03:04.827 [pool-2-thread-7] [] INFO  c.t.rectagent.agent.SupervisorAgent - [88ce101146154ae3] 任务完成
2026-03-26 22:03:04.827 [pool-2-thread-2] [] DEBUG c.t.rectagent.agent.SupervisorAgent - [183607e9862e4793] 执行工具: data_analysis_agent, input=82
2026-03-26 22:03:04.827 [pool-2-thread-7] [] INFO  c.t.rectagent.agent.SupervisorAgent - [88ce101146154ae3] SupervisorAgent 处理完成: outputLength=82, 调用次数=1
2026-03-26 22:03:04.827 [pool-2-thread-5] [] INFO  c.t.rectagent.agent.SupervisorAgent - [3d8977b4e14044f6] SupervisorAgent 开始处理: inputLength=15
2026-03-26 22:03:04.827 [pool-2-thread-1] [] INFO  c.t.rectagent.agent.SupervisorAgent - [3b1ec53f362b4af1] 任务完成
2026-03-26 22:03:04.827 [pool-2-thread-5] [] DEBUG c.t.rectagent.agent.SupervisorAgent - [3d8977b4e14044f6] 执行工具: data_analysis_agent, input=82
2026-03-26 22:03:04.827 [pool-2-thread-4] [] INFO  c.t.rectagent.agent.SupervisorAgent - [221752ac06414129] SupervisorAgent 处理完成: outputLength=82, 调用次数=1
2026-03-26 22:03:04.827 [pool-2-thread-5] [] DEBUG c.t.rectagent.agent.SupervisorAgent - [3d8977b4e14044f6] 工具 data_analysis_agent 执行完成, outputLength=82
2026-03-26 22:03:04.827 [pool-2-thread-1] [] INFO  c.t.rectagent.agent.SupervisorAgent - [3b1ec53f362b4af1] SupervisorAgent 处理完成: outputLength=82, 调用次数=1
2026-03-26 22:03:04.827 [pool-2-thread-6] [] INFO  c.t.rectagent.agent.SupervisorAgent - [3bd03547d73c4b3d] 任务完成
2026-03-26 22:03:04.827 [pool-2-thread-5] [] INFO  c.t.rectagent.agent.SupervisorAgent - [3d8977b4e14044f6] 任务完成
2026-03-26 22:03:04.827 [pool-2-thread-8] [] DEBUG c.t.rectagent.agent.SupervisorAgent - [2871f6d6c5034fa3] 执行工具: data_analysis_agent, input=82
2026-03-26 22:03:04.827 [pool-2-thread-5] [] INFO  c.t.rectagent.agent.SupervisorAgent - [3d8977b4e14044f6] SupervisorAgent 处理完成: outputLength=82, 调用次数=1
2026-03-26 22:03:04.827 [pool-2-thread-9] [] INFO  c.t.rectagent.agent.SupervisorAgent - [5ab135caef36402b] SupervisorAgent 开始处理: inputLength=15
2026-03-26 22:03:04.827 [pool-2-thread-8] [] DEBUG c.t.rectagent.agent.SupervisorAgent - [2871f6d6c5034fa3] 工具 data_analysis_agent 执行完成, outputLength=82
2026-03-26 22:03:04.827 [pool-2-thread-10] [] DEBUG c.t.rectagent.agent.SupervisorAgent - [07bdb3f955fb4871] 工具 data_analysis_agent 执行完成, outputLength=82
2026-03-26 22:03:04.827 [pool-2-thread-5] [] INFO  c.t.rectagent.agent.SupervisorAgent - [19e1a9562d7049e9] SupervisorAgent 开始处理: inputLength=15
2026-03-26 22:03:04.827 [pool-2-thread-9] [] DEBUG c.t.rectagent.agent.SupervisorAgent - [5ab135caef36402b] 执行工具: data_analysis_agent, input=82
2026-03-26 22:03:04.827 [pool-2-thread-8] [] INFO  c.t.rectagent.agent.SupervisorAgent - [2871f6d6c5034fa3] 任务完成
2026-03-26 22:03:04.827 [pool-2-thread-2] [] DEBUG c.t.rectagent.agent.SupervisorAgent - [183607e9862e4793] 工具 data_analysis_agent 执行完成, outputLength=82
2026-03-26 22:03:04.827 [pool-2-thread-10] [] INFO  c.t.rectagent.agent.SupervisorAgent - [07bdb3f955fb4871] 任务完成
2026-03-26 22:03:04.827 [pool-2-thread-7] [] INFO  c.t.rectagent.agent.SupervisorAgent - [e0def437f714474a] SupervisorAgent 开始处理: inputLength=15
2026-03-26 22:03:04.827 [pool-2-thread-10] [] INFO  c.t.rectagent.agent.SupervisorAgent - [07bdb3f955fb4871] SupervisorAgent 处理完成: outputLength=82, 调用次数=1
2026-03-26 22:03:04.827 [pool-2-thread-2] [] INFO  c.t.rectagent.agent.SupervisorAgent - [183607e9862e4793] 任务完成
2026-03-26 22:03:04.827 [pool-2-thread-6] [] INFO  c.t.rectagent.agent.SupervisorAgent - [3bd03547d73c4b3d] SupervisorAgent 处理完成: outputLength=82, 调用次数=1
2026-03-26 22:03:04.828 [pool-2-thread-7] [] DEBUG c.t.rectagent.agent.SupervisorAgent - [e0def437f714474a] 执行工具: data_analysis_agent, input=82
2026-03-26 22:03:04.828 [pool-2-thread-10] [] INFO  c.t.rectagent.agent.SupervisorAgent - [912c66da4c3c49ef] SupervisorAgent 开始处理: inputLength=15
2026-03-26 22:03:04.827 [pool-2-thread-4] [] INFO  c.t.rectagent.agent.SupervisorAgent - [a9f0bb4deb9b4c38] SupervisorAgent 开始处理: inputLength=15
2026-03-26 22:03:04.828 [pool-2-thread-10] [] DEBUG c.t.rectagent.agent.SupervisorAgent - [912c66da4c3c49ef] 执行工具: data_analysis_agent, input=82
2026-03-26 22:03:04.827 [pool-2-thread-1] [] INFO  c.t.rectagent.agent.SupervisorAgent - [2315327e9749417f] SupervisorAgent 开始处理: inputLength=15
2026-03-26 22:03:04.828 [pool-2-thread-10] [] DEBUG c.t.rectagent.agent.SupervisorAgent - [912c66da4c3c49ef] 工具 data_analysis_agent 执行完成, outputLength=82
2026-03-26 22:03:04.828 [pool-2-thread-6] [] INFO  c.t.rectagent.agent.SupervisorAgent - [af1f18e30b9c4669] SupervisorAgent 开始处理: inputLength=15
2026-03-26 22:03:04.828 [pool-2-thread-1] [] DEBUG c.t.rectagent.agent.SupervisorAgent - [2315327e9749417f] 执行工具: data_analysis_agent, input=82
2026-03-26 22:03:04.828 [pool-2-thread-6] [] DEBUG c.t.rectagent.agent.SupervisorAgent - [af1f18e30b9c4669] 执行工具: data_analysis_agent, input=82
2026-03-26 22:03:04.828 [pool-2-thread-6] [] DEBUG c.t.rectagent.agent.SupervisorAgent - [af1f18e30b9c4669] 工具 data_analysis_agent 执行完成, outputLength=82
2026-03-26 22:03:04.827 [pool-2-thread-5] [] DEBUG c.t.rectagent.agent.SupervisorAgent - [19e1a9562d7049e9] 执行工具: data_analysis_agent, input=82
2026-03-26 22:03:04.828 [pool-2-thread-6] [] INFO  c.t.rectagent.agent.SupervisorAgent - [af1f18e30b9c4669] 任务完成
2026-03-26 22:03:04.827 [pool-2-thread-9] [] DEBUG c.t.rectagent.agent.SupervisorAgent - [5ab135caef36402b] 工具 data_analysis_agent 执行完成, outputLength=82
2026-03-26 22:03:04.828 [pool-2-thread-5] [] DEBUG c.t.rectagent.agent.SupervisorAgent - [19e1a9562d7049e9] 工具 data_analysis_agent 执行完成, outputLength=82
2026-03-26 22:03:04.827 [pool-2-thread-8] [] INFO  c.t.rectagent.agent.SupervisorAgent - [2871f6d6c5034fa3] SupervisorAgent 处理完成: outputLength=82, 调用次数=1
2026-03-26 22:03:04.828 [pool-2-thread-2] [] INFO  c.t.rectagent.agent.SupervisorAgent - [183607e9862e4793] SupervisorAgent 处理完成: outputLength=82, 调用次数=1
2026-03-26 22:03:04.828 [pool-2-thread-7] [] DEBUG c.t.rectagent.agent.SupervisorAgent - [e0def437f714474a] 工具 data_analysis_agent 执行完成, outputLength=82
2026-03-26 22:03:04.828 [pool-2-thread-9] [] INFO  c.t.rectagent.agent.SupervisorAgent - [5ab135caef36402b] 任务完成
2026-03-26 22:03:04.828 [pool-2-thread-9] [] INFO  c.t.rectagent.agent.SupervisorAgent - [5ab135caef36402b] SupervisorAgent 处理完成: outputLength=82, 调用次数=1
2026-03-26 22:03:04.828 [pool-2-thread-4] [] DEBUG c.t.rectagent.agent.SupervisorAgent - [a9f0bb4deb9b4c38] 执行工具: data_analysis_agent, input=82
2026-03-26 22:03:04.828 [pool-2-thread-7] [] INFO  c.t.rectagent.agent.SupervisorAgent - [e0def437f714474a] 任务完成
2026-03-26 22:03:04.828 [pool-2-thread-10] [] INFO  c.t.rectagent.agent.SupervisorAgent - [912c66da4c3c49ef] 任务完成
2026-03-26 22:03:04.828 [pool-2-thread-1] [] DEBUG c.t.rectagent.agent.SupervisorAgent - [2315327e9749417f] 工具 data_analysis_agent 执行完成, outputLength=82
2026-03-26 22:03:04.828 [pool-2-thread-6] [] INFO  c.t.rectagent.agent.SupervisorAgent - [af1f18e30b9c4669] SupervisorAgent 处理完成: outputLength=82, 调用次数=1
2026-03-26 22:03:04.828 [pool-2-thread-1] [] INFO  c.t.rectagent.agent.SupervisorAgent - [2315327e9749417f] 任务完成
2026-03-26 22:03:04.828 [pool-2-thread-5] [] INFO  c.t.rectagent.agent.SupervisorAgent - [19e1a9562d7049e9] 任务完成
2026-03-26 22:03:04.828 [pool-2-thread-8] [] INFO  c.t.rectagent.agent.SupervisorAgent - [4525dcfeed174d10] SupervisorAgent 开始处理: inputLength=15
2026-03-26 22:03:04.828 [pool-2-thread-4] [] DEBUG c.t.rectagent.agent.SupervisorAgent - [a9f0bb4deb9b4c38] 工具 data_analysis_agent 执行完成, outputLength=82
2026-03-26 22:03:04.828 [pool-2-thread-7] [] INFO  c.t.rectagent.agent.SupervisorAgent - [e0def437f714474a] SupervisorAgent 处理完成: outputLength=82, 调用次数=1
2026-03-26 22:03:04.828 [pool-2-thread-2] [] INFO  c.t.rectagent.agent.SupervisorAgent - [50daf2c922f44095] SupervisorAgent 开始处理: inputLength=15
2026-03-26 22:03:04.828 [pool-2-thread-4] [] INFO  c.t.rectagent.agent.SupervisorAgent - [a9f0bb4deb9b4c38] 任务完成
2026-03-26 22:03:04.828 [pool-2-thread-9] [] INFO  c.t.rectagent.agent.SupervisorAgent - [97096f64df474330] SupervisorAgent 开始处理: inputLength=15
2026-03-26 22:03:04.828 [pool-2-thread-4] [] INFO  c.t.rectagent.agent.SupervisorAgent - [a9f0bb4deb9b4c38] SupervisorAgent 处理完成: outputLength=82, 调用次数=1
2026-03-26 22:03:04.828 [pool-2-thread-2] [] DEBUG c.t.rectagent.agent.SupervisorAgent - [50daf2c922f44095] 执行工具: data_analysis_agent, input=82
2026-03-26 22:03:04.828 [pool-2-thread-10] [] INFO  c.t.rectagent.agent.SupervisorAgent - [912c66da4c3c49ef] SupervisorAgent 处理完成: outputLength=82, 调用次数=1
2026-03-26 22:03:04.828 [pool-2-thread-1] [] INFO  c.t.rectagent.agent.SupervisorAgent - [2315327e9749417f] SupervisorAgent 处理完成: outputLength=82, 调用次数=1
2026-03-26 22:03:04.828 [pool-2-thread-7] [] INFO  c.t.rectagent.agent.SupervisorAgent - [6b21caf57d9c40e2] SupervisorAgent 开始处理: inputLength=15
2026-03-26 22:03:04.828 [pool-2-thread-5] [] INFO  c.t.rectagent.agent.SupervisorAgent - [19e1a9562d7049e9] SupervisorAgent 处理完成: outputLength=82, 调用次数=1
2026-03-26 22:03:04.828 [pool-2-thread-7] [] DEBUG c.t.rectagent.agent.SupervisorAgent - [6b21caf57d9c40e2] 执行工具: data_analysis_agent, input=82
2026-03-26 22:03:04.828 [pool-2-thread-10] [] INFO  c.t.rectagent.agent.SupervisorAgent - [7f122f5bf9764da4] SupervisorAgent 开始处理: inputLength=15
2026-03-26 22:03:04.828 [pool-2-thread-7] [] DEBUG c.t.rectagent.agent.SupervisorAgent - [6b21caf57d9c40e2] 工具 data_analysis_agent 执行完成, outputLength=82
2026-03-26 22:03:04.828 [pool-2-thread-8] [] DEBUG c.t.rectagent.agent.SupervisorAgent - [4525dcfeed174d10] 执行工具: data_analysis_agent, input=82
2026-03-26 22:03:04.828 [pool-2-thread-10] [] DEBUG c.t.rectagent.agent.SupervisorAgent - [7f122f5bf9764da4] 执行工具: data_analysis_agent, input=82
2026-03-26 22:03:04.828 [pool-2-thread-9] [] DEBUG c.t.rectagent.agent.SupervisorAgent - [97096f64df474330] 执行工具: data_analysis_agent, input=82
2026-03-26 22:03:04.828 [pool-2-thread-10] [] DEBUG c.t.rectagent.agent.SupervisorAgent - [7f122f5bf9764da4] 工具 data_analysis_agent 执行完成, outputLength=82
2026-03-26 22:03:04.828 [pool-2-thread-7] [] INFO  c.t.rectagent.agent.SupervisorAgent - [6b21caf57d9c40e2] 任务完成
2026-03-26 22:03:04.828 [pool-2-thread-2] [] DEBUG c.t.rectagent.agent.SupervisorAgent - [50daf2c922f44095] 工具 data_analysis_agent 执行完成, outputLength=82
2026-03-26 22:03:04.828 [pool-2-thread-9] [] DEBUG c.t.rectagent.agent.SupervisorAgent - [97096f64df474330] 工具 data_analysis_agent 执行完成, outputLength=82
2026-03-26 22:03:04.828 [pool-2-thread-4] [] INFO  c.t.rectagent.agent.SupervisorAgent - [91382e5c80494445] SupervisorAgent 开始处理: inputLength=15
2026-03-26 22:03:04.828 [pool-2-thread-8] [] DEBUG c.t.rectagent.agent.SupervisorAgent - [4525dcfeed174d10] 工具 data_analysis_agent 执行完成, outputLength=82
2026-03-26 22:03:04.828 [pool-2-thread-4] [] DEBUG c.t.rectagent.agent.SupervisorAgent - [91382e5c80494445] 执行工具: data_analysis_agent, input=82
2026-03-26 22:03:04.828 [pool-2-thread-5] [] INFO  c.t.rectagent.agent.SupervisorAgent - [491aa655eeed47a4] SupervisorAgent 开始处理: inputLength=15
2026-03-26 22:03:04.828 [pool-2-thread-10] [] INFO  c.t.rectagent.agent.SupervisorAgent - [7f122f5bf9764da4] 任务完成
2026-03-26 22:03:04.828 [pool-2-thread-5] [] DEBUG c.t.rectagent.agent.SupervisorAgent - [491aa655eeed47a4] 执行工具: data_analysis_agent, input=82
2026-03-26 22:03:04.828 [pool-2-thread-7] [] INFO  c.t.rectagent.agent.SupervisorAgent - [6b21caf57d9c40e2] SupervisorAgent 处理完成: outputLength=82, 调用次数=1
2026-03-26 22:03:04.828 [pool-2-thread-2] [] INFO  c.t.rectagent.agent.SupervisorAgent - [50daf2c922f44095] 任务完成
2026-03-26 22:03:04.828 [pool-2-thread-9] [] INFO  c.t.rectagent.agent.SupervisorAgent - [97096f64df474330] 任务完成
2026-03-26 22:03:04.828 [pool-2-thread-4] [] DEBUG c.t.rectagent.agent.SupervisorAgent - [91382e5c80494445] 工具 data_analysis_agent 执行完成, outputLength=82
2026-03-26 22:03:04.828 [pool-2-thread-9] [] INFO  c.t.rectagent.agent.SupervisorAgent - [97096f64df474330] SupervisorAgent 处理完成: outputLength=82, 调用次数=1
2026-03-26 22:03:04.828 [pool-2-thread-8] [] INFO  c.t.rectagent.agent.SupervisorAgent - [4525dcfeed174d10] 任务完成
2026-03-26 22:03:04.828 [pool-2-thread-4] [] INFO  c.t.rectagent.agent.SupervisorAgent - [91382e5c80494445] 任务完成
2026-03-26 22:03:04.828 [pool-2-thread-4] [] INFO  c.t.rectagent.agent.SupervisorAgent - [91382e5c80494445] SupervisorAgent 处理完成: outputLength=82, 调用次数=1
2026-03-26 22:03:04.828 [pool-2-thread-10] [] INFO  c.t.rectagent.agent.SupervisorAgent - [7f122f5bf9764da4] SupervisorAgent 处理完成: outputLength=82, 调用次数=1
2026-03-26 22:03:04.828 [pool-2-thread-5] [] DEBUG c.t.rectagent.agent.SupervisorAgent - [491aa655eeed47a4] 工具 data_analysis_agent 执行完成, outputLength=82
2026-03-26 22:03:04.828 [pool-2-thread-9] [] INFO  c.t.rectagent.agent.SupervisorAgent - [24db2ded00ff4e17] SupervisorAgent 开始处理: inputLength=15
2026-03-26 22:03:04.828 [pool-2-thread-2] [] INFO  c.t.rectagent.agent.SupervisorAgent - [50daf2c922f44095] SupervisorAgent 处理完成: outputLength=82, 调用次数=1
2026-03-26 22:03:04.828 [pool-2-thread-7] [] INFO  c.t.rectagent.agent.SupervisorAgent - [3deb500ee18e4006] SupervisorAgent 开始处理: inputLength=15
2026-03-26 22:03:04.828 [pool-2-thread-8] [] INFO  c.t.rectagent.agent.SupervisorAgent - [4525dcfeed174d10] SupervisorAgent 处理完成: outputLength=82, 调用次数=1
2026-03-26 22:03:04.828 [pool-2-thread-5] [] INFO  c.t.rectagent.agent.SupervisorAgent - [491aa655eeed47a4] 任务完成
2026-03-26 22:03:04.830 [pool-2-thread-9] [] DEBUG c.t.rectagent.agent.SupervisorAgent - [24db2ded00ff4e17] 执行工具: data_analysis_agent, input=82
2026-03-26 22:03:04.830 [pool-2-thread-7] [] DEBUG c.t.rectagent.agent.SupervisorAgent - [3deb500ee18e4006] 执行工具: data_analysis_agent, input=82
2026-03-26 22:03:04.830 [pool-2-thread-5] [] INFO  c.t.rectagent.agent.SupervisorAgent - [491aa655eeed47a4] SupervisorAgent 处理完成: outputLength=82, 调用次数=1
2026-03-26 22:03:04.830 [pool-2-thread-10] [] INFO  c.t.rectagent.agent.SupervisorAgent - [11173e6f5d934483] SupervisorAgent 开始处理: inputLength=15
2026-03-26 22:03:04.830 [pool-2-thread-2] [] INFO  c.t.rectagent.agent.SupervisorAgent - [1dee081f53c743d2] SupervisorAgent 开始处理: inputLength=15
2026-03-26 22:03:04.830 [pool-2-thread-8] [] INFO  c.t.rectagent.agent.SupervisorAgent - [7d292aac1bb7450d] SupervisorAgent 开始处理: inputLength=15
2026-03-26 22:03:04.830 [pool-2-thread-7] [] DEBUG c.t.rectagent.agent.SupervisorAgent - [3deb500ee18e4006] 工具 data_analysis_agent 执行完成, outputLength=82
2026-03-26 22:03:04.830 [pool-2-thread-8] [] DEBUG c.t.rectagent.agent.SupervisorAgent - [7d292aac1bb7450d] 执行工具: data_analysis_agent, input=82
2026-03-26 22:03:04.830 [pool-2-thread-8] [] DEBUG c.t.rectagent.agent.SupervisorAgent - [7d292aac1bb7450d] 工具 data_analysis_agent 执行完成, outputLength=82
2026-03-26 22:03:04.830 [pool-2-thread-9] [] DEBUG c.t.rectagent.agent.SupervisorAgent - [24db2ded00ff4e17] 工具 data_analysis_agent 执行完成, outputLength=82
2026-03-26 22:03:04.830 [pool-2-thread-8] [] INFO  c.t.rectagent.agent.SupervisorAgent - [7d292aac1bb7450d] 任务完成
2026-03-26 22:03:04.830 [pool-2-thread-10] [] DEBUG c.t.rectagent.agent.SupervisorAgent - [11173e6f5d934483] 执行工具: data_analysis_agent, input=82
2026-03-26 22:03:04.830 [pool-2-thread-9] [] INFO  c.t.rectagent.agent.SupervisorAgent - [24db2ded00ff4e17] 任务完成
2026-03-26 22:03:04.830 [pool-2-thread-9] [] INFO  c.t.rectagent.agent.SupervisorAgent - [24db2ded00ff4e17] SupervisorAgent 处理完成: outputLength=82, 调用次数=1
2026-03-26 22:03:04.830 [pool-2-thread-2] [] DEBUG c.t.rectagent.agent.SupervisorAgent - [1dee081f53c743d2] 执行工具: data_analysis_agent, input=82
2026-03-26 22:03:04.830 [pool-2-thread-10] [] DEBUG c.t.rectagent.agent.SupervisorAgent - [11173e6f5d934483] 工具 data_analysis_agent 执行完成, outputLength=82
2026-03-26 22:03:04.830 [pool-2-thread-7] [] INFO  c.t.rectagent.agent.SupervisorAgent - [3deb500ee18e4006] 任务完成
2026-03-26 22:03:04.830 [pool-2-thread-2] [] DEBUG c.t.rectagent.agent.SupervisorAgent - [1dee081f53c743d2] 工具 data_analysis_agent 执行完成, outputLength=82
2026-03-26 22:03:04.830 [pool-2-thread-10] [] INFO  c.t.rectagent.agent.SupervisorAgent - [11173e6f5d934483] 任务完成
2026-03-26 22:03:04.830 [pool-2-thread-8] [] INFO  c.t.rectagent.agent.SupervisorAgent - [7d292aac1bb7450d] SupervisorAgent 处理完成: outputLength=82, 调用次数=1
2026-03-26 22:03:04.830 [pool-2-thread-7] [] INFO  c.t.rectagent.agent.SupervisorAgent - [3deb500ee18e4006] SupervisorAgent 处理完成: outputLength=82, 调用次数=1
2026-03-26 22:03:04.830 [pool-2-thread-10] [] INFO  c.t.rectagent.agent.SupervisorAgent - [11173e6f5d934483] SupervisorAgent 处理完成: outputLength=82, 调用次数=1
2026-03-26 22:03:04.830 [pool-2-thread-9] [] INFO  c.t.rectagent.agent.SupervisorAgent - [c6525b1c798a460b] SupervisorAgent 开始处理: inputLength=15
2026-03-26 22:03:04.830 [pool-2-thread-2] [] INFO  c.t.rectagent.agent.SupervisorAgent - [1dee081f53c743d2] 任务完成
2026-03-26 22:03:04.830 [pool-2-thread-10] [] INFO  c.t.rectagent.agent.SupervisorAgent - [9a8d35e7337542ee] SupervisorAgent 开始处理: inputLength=15
2026-03-26 22:03:04.830 [pool-2-thread-9] [] DEBUG c.t.rectagent.agent.SupervisorAgent - [c6525b1c798a460b] 执行工具: data_analysis_agent, input=82
2026-03-26 22:03:04.830 [pool-2-thread-2] [] INFO  c.t.rectagent.agent.SupervisorAgent - [1dee081f53c743d2] SupervisorAgent 处理完成: outputLength=82, 调用次数=1
2026-03-26 22:03:04.830 [pool-2-thread-9] [] DEBUG c.t.rectagent.agent.SupervisorAgent - [c6525b1c798a460b] 工具 data_analysis_agent 执行完成, outputLength=82
2026-03-26 22:03:04.830 [pool-2-thread-10] [] DEBUG c.t.rectagent.agent.SupervisorAgent - [9a8d35e7337542ee] 执行工具: data_analysis_agent, input=82
2026-03-26 22:03:04.830 [pool-2-thread-7] [] INFO  c.t.rectagent.agent.SupervisorAgent - [d045087c54bf4cda] SupervisorAgent 开始处理: inputLength=15
2026-03-26 22:03:04.830 [pool-2-thread-9] [] INFO  c.t.rectagent.agent.SupervisorAgent - [c6525b1c798a460b] 任务完成
2026-03-26 22:03:04.830 [pool-2-thread-10] [] DEBUG c.t.rectagent.agent.SupervisorAgent - [9a8d35e7337542ee] 工具 data_analysis_agent 执行完成, outputLength=82
2026-03-26 22:03:04.830 [pool-2-thread-7] [] DEBUG c.t.rectagent.agent.SupervisorAgent - [d045087c54bf4cda] 执行工具: data_analysis_agent, input=82
2026-03-26 22:03:04.830 [pool-2-thread-9] [] INFO  c.t.rectagent.agent.SupervisorAgent - [c6525b1c798a460b] SupervisorAgent 处理完成: outputLength=82, 调用次数=1
2026-03-26 22:03:04.830 [pool-2-thread-7] [] DEBUG c.t.rectagent.agent.SupervisorAgent - [d045087c54bf4cda] 工具 data_analysis_agent 执行完成, outputLength=82
2026-03-26 22:03:04.830 [pool-2-thread-10] [] INFO  c.t.rectagent.agent.SupervisorAgent - [9a8d35e7337542ee] 任务完成
2026-03-26 22:03:04.830 [pool-2-thread-2] [] INFO  c.t.rectagent.agent.SupervisorAgent - [992bd91792da45c0] SupervisorAgent 开始处理: inputLength=15
2026-03-26 22:03:04.830 [pool-2-thread-7] [] INFO  c.t.rectagent.agent.SupervisorAgent - [d045087c54bf4cda] 任务完成
2026-03-26 22:03:04.830 [pool-2-thread-10] [] INFO  c.t.rectagent.agent.SupervisorAgent - [9a8d35e7337542ee] SupervisorAgent 处理完成: outputLength=82, 调用次数=1
2026-03-26 22:03:04.830 [pool-2-thread-7] [] INFO  c.t.rectagent.agent.SupervisorAgent - [d045087c54bf4cda] SupervisorAgent 处理完成: outputLength=82, 调用次数=1
2026-03-26 22:03:04.830 [pool-2-thread-2] [] DEBUG c.t.rectagent.agent.SupervisorAgent - [992bd91792da45c0] 执行工具: data_analysis_agent, input=82
2026-03-26 22:03:04.830 [pool-2-thread-9] [] INFO  c.t.rectagent.agent.SupervisorAgent - [f9c41637a5eb460e] SupervisorAgent 开始处理: inputLength=15
2026-03-26 22:03:04.830 [pool-2-thread-10] [] INFO  c.t.rectagent.agent.SupervisorAgent - [96a1bba3a2244554] SupervisorAgent 开始处理: inputLength=15
2026-03-26 22:03:04.830 [pool-2-thread-2] [] DEBUG c.t.rectagent.agent.SupervisorAgent - [992bd91792da45c0] 工具 data_analysis_agent 执行完成, outputLength=82
2026-03-26 22:03:04.830 [pool-2-thread-9] [] DEBUG c.t.rectagent.agent.SupervisorAgent - [f9c41637a5eb460e] 执行工具: data_analysis_agent, input=82
2026-03-26 22:03:04.830 [pool-2-thread-10] [] DEBUG c.t.rectagent.agent.SupervisorAgent - [96a1bba3a2244554] 执行工具: data_analysis_agent, input=82
2026-03-26 22:03:04.830 [pool-2-thread-9] [] DEBUG c.t.rectagent.agent.SupervisorAgent - [f9c41637a5eb460e] 工具 data_analysis_agent 执行完成, outputLength=82
2026-03-26 22:03:04.830 [pool-2-thread-10] [] DEBUG c.t.rectagent.agent.SupervisorAgent - [96a1bba3a2244554] 工具 data_analysis_agent 执行完成, outputLength=82
2026-03-26 22:03:04.830 [pool-2-thread-2] [] INFO  c.t.rectagent.agent.SupervisorAgent - [992bd91792da45c0] 任务完成
2026-03-26 22:03:04.830 [pool-2-thread-9] [] INFO  c.t.rectagent.agent.SupervisorAgent - [f9c41637a5eb460e] 任务完成
2026-03-26 22:03:04.830 [pool-2-thread-2] [] INFO  c.t.rectagent.agent.SupervisorAgent - [992bd91792da45c0] SupervisorAgent 处理完成: outputLength=82, 调用次数=1
2026-03-26 22:03:04.830 [pool-2-thread-9] [] INFO  c.t.rectagent.agent.SupervisorAgent - [f9c41637a5eb460e] SupervisorAgent 处理完成: outputLength=82, 调用次数=1
2026-03-26 22:03:04.830 [pool-2-thread-10] [] INFO  c.t.rectagent.agent.SupervisorAgent - [96a1bba3a2244554] 任务完成
2026-03-26 22:03:04.830 [pool-2-thread-10] [] INFO  c.t.rectagent.agent.SupervisorAgent - [96a1bba3a2244554] SupervisorAgent 处理完成: outputLength=82, 调用次数=1
2026-03-26 22:03:04.830 [pool-2-thread-9] [] INFO  c.t.rectagent.agent.SupervisorAgent - [1a2657ba038d46ad] SupervisorAgent 开始处理: inputLength=15
2026-03-26 22:03:04.830 [pool-2-thread-9] [] DEBUG c.t.rectagent.agent.SupervisorAgent - [1a2657ba038d46ad] 执行工具: data_analysis_agent, input=82
2026-03-26 22:03:04.830 [pool-2-thread-9] [] DEBUG c.t.rectagent.agent.SupervisorAgent - [1a2657ba038d46ad] 工具 data_analysis_agent 执行完成, outputLength=82
2026-03-26 22:03:04.830 [pool-2-thread-2] [] INFO  c.t.rectagent.agent.SupervisorAgent - [866b80b4cfdc4d2c] SupervisorAgent 开始处理: inputLength=15
2026-03-26 22:03:04.830 [pool-2-thread-9] [] INFO  c.t.rectagent.agent.SupervisorAgent - [1a2657ba038d46ad] 任务完成
2026-03-26 22:03:04.830 [pool-2-thread-10] [] INFO  c.t.rectagent.agent.SupervisorAgent - [dc8295a8315e42a6] SupervisorAgent 开始处理: inputLength=15
2026-03-26 22:03:04.830 [pool-2-thread-9] [] INFO  c.t.rectagent.agent.SupervisorAgent - [1a2657ba038d46ad] SupervisorAgent 处理完成: outputLength=82, 调用次数=1
2026-03-26 22:03:04.830 [pool-2-thread-2] [] DEBUG c.t.rectagent.agent.SupervisorAgent - [866b80b4cfdc4d2c] 执行工具: data_analysis_agent, input=82
2026-03-26 22:03:04.830 [pool-2-thread-10] [] DEBUG c.t.rectagent.agent.SupervisorAgent - [dc8295a8315e42a6] 执行工具: data_analysis_agent, input=82
2026-03-26 22:03:04.830 [pool-2-thread-2] [] DEBUG c.t.rectagent.agent.SupervisorAgent - [866b80b4cfdc4d2c] 工具 data_analysis_agent 执行完成, outputLength=82
2026-03-26 22:03:04.830 [pool-2-thread-9] [] INFO  c.t.rectagent.agent.SupervisorAgent - [e94f0ad410714a42] SupervisorAgent 开始处理: inputLength=15
2026-03-26 22:03:04.830 [pool-2-thread-10] [] DEBUG c.t.rectagent.agent.SupervisorAgent - [dc8295a8315e42a6] 工具 data_analysis_agent 执行完成, outputLength=82
2026-03-26 22:03:04.830 [pool-2-thread-9] [] DEBUG c.t.rectagent.agent.SupervisorAgent - [e94f0ad410714a42] 执行工具: data_analysis_agent, input=82
2026-03-26 22:03:04.830 [pool-2-thread-9] [] DEBUG c.t.rectagent.agent.SupervisorAgent - [e94f0ad410714a42] 工具 data_analysis_agent 执行完成, outputLength=82
2026-03-26 22:03:04.830 [pool-2-thread-2] [] INFO  c.t.rectagent.agent.SupervisorAgent - [866b80b4cfdc4d2c] 任务完成
2026-03-26 22:03:04.830 [pool-2-thread-10] [] INFO  c.t.rectagent.agent.SupervisorAgent - [dc8295a8315e42a6] 任务完成
2026-03-26 22:03:04.830 [pool-2-thread-2] [] INFO  c.t.rectagent.agent.SupervisorAgent - [866b80b4cfdc4d2c] SupervisorAgent 处理完成: outputLength=82, 调用次数=1
2026-03-26 22:03:04.830 [pool-2-thread-9] [] INFO  c.t.rectagent.agent.SupervisorAgent - [e94f0ad410714a42] 任务完成
2026-03-26 22:03:04.830 [pool-2-thread-10] [] INFO  c.t.rectagent.agent.SupervisorAgent - [dc8295a8315e42a6] SupervisorAgent 处理完成: outputLength=82, 调用次数=1
2026-03-26 22:03:04.830 [pool-2-thread-9] [] INFO  c.t.rectagent.agent.SupervisorAgent - [e94f0ad410714a42] SupervisorAgent 处理完成: outputLength=82, 调用次数=1
2026-03-26 22:03:04.830 [pool-2-thread-10] [] INFO  c.t.rectagent.agent.SupervisorAgent - [0e9ac14d5da0460c] SupervisorAgent 开始处理: inputLength=15
2026-03-26 22:03:04.830 [pool-2-thread-9] [] INFO  c.t.rectagent.agent.SupervisorAgent - [bdffa245db76486a] SupervisorAgent 开始处理: inputLength=15
2026-03-26 22:03:04.830 [pool-2-thread-10] [] DEBUG c.t.rectagent.agent.SupervisorAgent - [0e9ac14d5da0460c] 执行工具: data_analysis_agent, input=82
2026-03-26 22:03:04.830 [pool-2-thread-9] [] DEBUG c.t.rectagent.agent.SupervisorAgent - [bdffa245db76486a] 执行工具: data_analysis_agent, input=82
2026-03-26 22:03:04.830 [pool-2-thread-10] [] DEBUG c.t.rectagent.agent.SupervisorAgent - [0e9ac14d5da0460c] 工具 data_analysis_agent 执行完成, outputLength=82
2026-03-26 22:03:04.830 [pool-2-thread-9] [] DEBUG c.t.rectagent.agent.SupervisorAgent - [bdffa245db76486a] 工具 data_analysis_agent 执行完成, outputLength=82
2026-03-26 22:03:04.830 [pool-2-thread-10] [] INFO  c.t.rectagent.agent.SupervisorAgent - [0e9ac14d5da0460c] 任务完成
2026-03-26 22:03:04.830 [pool-2-thread-9] [] INFO  c.t.rectagent.agent.SupervisorAgent - [bdffa245db76486a] 任务完成
2026-03-26 22:03:04.830 [pool-2-thread-10] [] INFO  c.t.rectagent.agent.SupervisorAgent - [0e9ac14d5da0460c] SupervisorAgent 处理完成: outputLength=82, 调用次数=1
2026-03-26 22:03:04.830 [pool-2-thread-9] [] INFO  c.t.rectagent.agent.SupervisorAgent - [bdffa245db76486a] SupervisorAgent 处理完成: outputLength=82, 调用次数=1
2026-03-26 22:03:04.830 [pool-2-thread-10] [] INFO  c.t.rectagent.agent.SupervisorAgent - [d5171feda05b4c1c] SupervisorAgent 开始处理: inputLength=15
2026-03-26 22:03:04.830 [pool-2-thread-10] [] DEBUG c.t.rectagent.agent.SupervisorAgent - [d5171feda05b4c1c] 执行工具: data_analysis_agent, input=82
2026-03-26 22:03:04.830 [pool-2-thread-10] [] DEBUG c.t.rectagent.agent.SupervisorAgent - [d5171feda05b4c1c] 工具 data_analysis_agent 执行完成, outputLength=82
2026-03-26 22:03:04.830 [pool-2-thread-10] [] INFO  c.t.rectagent.agent.SupervisorAgent - [d5171feda05b4c1c] 任务完成
2026-03-26 22:03:04.830 [pool-2-thread-10] [] INFO  c.t.rectagent.agent.SupervisorAgent - [d5171feda05b4c1c] SupervisorAgent 处理完成: outputLength=82, 调用次数=1
2026-03-26 22:03:04.830 [pool-2-thread-9] [] INFO  c.t.rectagent.agent.SupervisorAgent - [baa62ce9bbe14f61] SupervisorAgent 开始处理: inputLength=15
2026-03-26 22:03:04.830 [pool-2-thread-9] [] DEBUG c.t.rectagent.agent.SupervisorAgent - [baa62ce9bbe14f61] 执行工具: data_analysis_agent, input=82
2026-03-26 22:03:04.830 [pool-2-thread-9] [] DEBUG c.t.rectagent.agent.SupervisorAgent - [baa62ce9bbe14f61] 工具 data_analysis_agent 执行完成, outputLength=82
2026-03-26 22:03:04.832 [pool-2-thread-9] [] INFO  c.t.rectagent.agent.SupervisorAgent - [baa62ce9bbe14f61] 任务完成
2026-03-26 22:03:04.832 [pool-2-thread-9] [] INFO  c.t.rectagent.agent.SupervisorAgent - [baa62ce9bbe14f61] SupervisorAgent 处理完成: outputLength=82, 调用次数=1
2026-03-26 22:03:04.832 [main] [] DEBUG c.t.r.agent.AgentToolRegistry - 注册工具: name=intent_recognition_agent, description=用户意图识别工具
2026-03-26 22:03:04.832 [main] [] DEBUG c.t.r.agent.AgentToolRegistry - 注册工具: name=data_analysis_agent, description=数据安全分析工具
2026-03-26 22:03:04.832 [main] [] INFO  c.t.rectagent.agent.SupervisorAgent - [4771fb735f8e4a26] SupervisorAgent 开始处理: inputLength=6
2026-03-26 22:03:04.833 [main] [] DEBUG c.t.rectagent.agent.SupervisorAgent - [4771fb735f8e4a26] 执行工具: data_analysis_agent, input=73
2026-03-26 22:03:04.833 [main] [] DEBUG c.t.rectagent.agent.SupervisorAgent - [4771fb735f8e4a26] 工具 data_analysis_agent 执行完成, outputLength=73
2026-03-26 22:03:04.833 [main] [] INFO  c.t.rectagent.agent.SupervisorAgent - [4771fb735f8e4a26] 任务完成
2026-03-26 22:03:04.833 [main] [] INFO  c.t.rectagent.agent.SupervisorAgent - [4771fb735f8e4a26] SupervisorAgent 处理完成: outputLength=73, 调用次数=1
2026-03-26 22:03:04.833 [main] [] INFO  c.t.rectagent.agent.SupervisorAgent - [f0f8565561c34c61] SupervisorAgent 开始处理: inputLength=6
2026-03-26 22:03:04.833 [main] [] DEBUG c.t.rectagent.agent.SupervisorAgent - [f0f8565561c34c61] 执行工具: data_analysis_agent, input=73
2026-03-26 22:03:04.833 [main] [] DEBUG c.t.rectagent.agent.SupervisorAgent - [f0f8565561c34c61] 工具 data_analysis_agent 执行完成, outputLength=73
2026-03-26 22:03:04.833 [main] [] INFO  c.t.rectagent.agent.SupervisorAgent - [f0f8565561c34c61] 任务完成
2026-03-26 22:03:04.833 [main] [] INFO  c.t.rectagent.agent.SupervisorAgent - [f0f8565561c34c61] SupervisorAgent 处理完成: outputLength=73, 调用次数=1
2026-03-26 22:03:04.833 [main] [] INFO  c.t.rectagent.agent.SupervisorAgent - [b59f9cabb8b14768] SupervisorAgent 开始处理: inputLength=6
2026-03-26 22:03:04.833 [main] [] DEBUG c.t.rectagent.agent.SupervisorAgent - [b59f9cabb8b14768] 执行工具: data_analysis_agent, input=73
2026-03-26 22:03:04.833 [main] [] DEBUG c.t.rectagent.agent.SupervisorAgent - [b59f9cabb8b14768] 工具 data_analysis_agent 执行完成, outputLength=73
2026-03-26 22:03:04.833 [main] [] INFO  c.t.rectagent.agent.SupervisorAgent - [b59f9cabb8b14768] 任务完成
2026-03-26 22:03:04.833 [main] [] INFO  c.t.rectagent.agent.SupervisorAgent - [b59f9cabb8b14768] SupervisorAgent 处理完成: outputLength=73, 调用次数=1
2026-03-26 22:03:04.833 [main] [] INFO  c.t.rectagent.agent.SupervisorAgent - [bdf430bca2ab4fef] SupervisorAgent 开始处理: inputLength=6
2026-03-26 22:03:04.833 [main] [] DEBUG c.t.rectagent.agent.SupervisorAgent - [bdf430bca2ab4fef] 执行工具: data_analysis_agent, input=73
2026-03-26 22:03:04.833 [main] [] DEBUG c.t.rectagent.agent.SupervisorAgent - [bdf430bca2ab4fef] 工具 data_analysis_agent 执行完成, outputLength=73
2026-03-26 22:03:04.833 [main] [] INFO  c.t.rectagent.agent.SupervisorAgent - [bdf430bca2ab4fef] 任务完成
2026-03-26 22:03:04.833 [main] [] INFO  c.t.rectagent.agent.SupervisorAgent - [bdf430bca2ab4fef] SupervisorAgent 处理完成: outputLength=73, 调用次数=1
2026-03-26 22:03:04.833 [main] [] INFO  c.t.rectagent.agent.SupervisorAgent - [3fc767a2e8694b01] SupervisorAgent 开始处理: inputLength=6
2026-03-26 22:03:04.833 [main] [] DEBUG c.t.rectagent.agent.SupervisorAgent - [3fc767a2e8694b01] 执行工具: data_analysis_agent, input=73
2026-03-26 22:03:04.833 [main] [] DEBUG c.t.rectagent.agent.SupervisorAgent - [3fc767a2e8694b01] 工具 data_analysis_agent 执行完成, outputLength=73
2026-03-26 22:03:04.833 [main] [] INFO  c.t.rectagent.agent.SupervisorAgent - [3fc767a2e8694b01] 任务完成
2026-03-26 22:03:04.835 [main] [] INFO  c.t.rectagent.agent.SupervisorAgent - [3fc767a2e8694b01] SupervisorAgent 处理完成: outputLength=73, 调用次数=1
2026-03-26 22:03:04.835 [main] [] INFO  c.t.rectagent.agent.SupervisorAgent - [a06be2ccdd754fad] SupervisorAgent 开始处理: inputLength=14
2026-03-26 22:03:04.835 [main] [] DEBUG c.t.rectagent.agent.SupervisorAgent - [a06be2ccdd754fad] 执行工具: data_analysis_agent, input=81
2026-03-26 22:03:04.835 [main] [] DEBUG c.t.rectagent.agent.SupervisorAgent - [a06be2ccdd754fad] 工具 data_analysis_agent 执行完成, outputLength=81
2026-03-26 22:03:04.835 [main] [] INFO  c.t.rectagent.agent.SupervisorAgent - [a06be2ccdd754fad] 任务完成
2026-03-26 22:03:04.835 [main] [] INFO  c.t.rectagent.agent.SupervisorAgent - [a06be2ccdd754fad] SupervisorAgent 处理完成: outputLength=81, 调用次数=1
2026-03-26 22:03:04.835 [main] [] INFO  c.t.rectagent.agent.SupervisorAgent - [a8e5ea11c4e64da5] SupervisorAgent 开始处理: inputLength=14
2026-03-26 22:03:04.835 [main] [] DEBUG c.t.rectagent.agent.SupervisorAgent - [a8e5ea11c4e64da5] 执行工具: data_analysis_agent, input=81
2026-03-26 22:03:04.835 [main] [] DEBUG c.t.rectagent.agent.SupervisorAgent - [a8e5ea11c4e64da5] 工具 data_analysis_agent 执行完成, outputLength=81
2026-03-26 22:03:04.835 [main] [] INFO  c.t.rectagent.agent.SupervisorAgent - [a8e5ea11c4e64da5] 任务完成
2026-03-26 22:03:04.835 [main] [] INFO  c.t.rectagent.agent.SupervisorAgent - [a8e5ea11c4e64da5] SupervisorAgent 处理完成: outputLength=81, 调用次数=1
2026-03-26 22:03:04.835 [main] [] INFO  c.t.rectagent.agent.SupervisorAgent - [8eba81c7ce0c4834] SupervisorAgent 开始处理: inputLength=14
2026-03-26 22:03:04.835 [main] [] DEBUG c.t.rectagent.agent.SupervisorAgent - [8eba81c7ce0c4834] 执行工具: data_analysis_agent, input=81
2026-03-26 22:03:04.835 [main] [] DEBUG c.t.rectagent.agent.SupervisorAgent - [8eba81c7ce0c4834] 工具 data_analysis_agent 执行完成, outputLength=81
2026-03-26 22:03:04.835 [main] [] INFO  c.t.rectagent.agent.SupervisorAgent - [8eba81c7ce0c4834] 任务完成
2026-03-26 22:03:04.835 [main] [] INFO  c.t.rectagent.agent.SupervisorAgent - [8eba81c7ce0c4834] SupervisorAgent 处理完成: outputLength=81, 调用次数=1
2026-03-26 22:03:04.835 [main] [] INFO  c.t.rectagent.agent.SupervisorAgent - [8a45268101af4e8f] SupervisorAgent 开始处理: inputLength=14
2026-03-26 22:03:04.835 [main] [] DEBUG c.t.rectagent.agent.SupervisorAgent - [8a45268101af4e8f] 执行工具: data_analysis_agent, input=81
2026-03-26 22:03:04.835 [main] [] DEBUG c.t.rectagent.agent.SupervisorAgent - [8a45268101af4e8f] 工具 data_analysis_agent 执行完成, outputLength=81
2026-03-26 22:03:04.835 [main] [] INFO  c.t.rectagent.agent.SupervisorAgent - [8a45268101af4e8f] 任务完成
2026-03-26 22:03:04.835 [main] [] INFO  c.t.rectagent.agent.SupervisorAgent - [8a45268101af4e8f] SupervisorAgent 处理完成: outputLength=81, 调用次数=1
2026-03-26 22:03:04.835 [main] [] INFO  c.t.rectagent.agent.SupervisorAgent - [425221e9fbac4d5a] SupervisorAgent 开始处理: inputLength=14
2026-03-26 22:03:04.835 [main] [] DEBUG c.t.rectagent.agent.SupervisorAgent - [425221e9fbac4d5a] 执行工具: data_analysis_agent, input=81
2026-03-26 22:03:04.835 [main] [] DEBUG c.t.rectagent.agent.SupervisorAgent - [425221e9fbac4d5a] 工具 data_analysis_agent 执行完成, outputLength=81
2026-03-26 22:03:04.835 [main] [] INFO  c.t.rectagent.agent.SupervisorAgent - [425221e9fbac4d5a] 任务完成
2026-03-26 22:03:04.835 [main] [] INFO  c.t.rectagent.agent.SupervisorAgent - [425221e9fbac4d5a] SupervisorAgent 处理完成: outputLength=81, 调用次数=1
2026-03-26 22:03:04.835 [main] [] INFO  c.t.rectagent.agent.SupervisorAgent - [eb40f8e5a3a24333] SupervisorAgent 开始处理: inputLength=14
2026-03-26 22:03:04.835 [main] [] DEBUG c.t.rectagent.agent.SupervisorAgent - [eb40f8e5a3a24333] 执行工具: data_analysis_agent, input=81
2026-03-26 22:03:04.835 [main] [] DEBUG c.t.rectagent.agent.SupervisorAgent - [eb40f8e5a3a24333] 工具 data_analysis_agent 执行完成, outputLength=81
2026-03-26 22:03:04.835 [main] [] INFO  c.t.rectagent.agent.SupervisorAgent - [eb40f8e5a3a24333] 任务完成
2026-03-26 22:03:04.835 [main] [] INFO  c.t.rectagent.agent.SupervisorAgent - [eb40f8e5a3a24333] SupervisorAgent 处理完成: outputLength=81, 调用次数=1
2026-03-26 22:03:04.835 [main] [] INFO  c.t.rectagent.agent.SupervisorAgent - [f3d9bb15e5e54563] SupervisorAgent 开始处理: inputLength=14
2026-03-26 22:03:04.835 [main] [] DEBUG c.t.rectagent.agent.SupervisorAgent - [f3d9bb15e5e54563] 执行工具: data_analysis_agent, input=81
2026-03-26 22:03:04.835 [main] [] DEBUG c.t.rectagent.agent.SupervisorAgent - [f3d9bb15e5e54563] 工具 data_analysis_agent 执行完成, outputLength=81
2026-03-26 22:03:04.835 [main] [] INFO  c.t.rectagent.agent.SupervisorAgent - [f3d9bb15e5e54563] 任务完成
2026-03-26 22:03:04.835 [main] [] INFO  c.t.rectagent.agent.SupervisorAgent - [f3d9bb15e5e54563] SupervisorAgent 处理完成: outputLength=81, 调用次数=1
2026-03-26 22:03:04.836 [main] [] INFO  c.t.rectagent.agent.SupervisorAgent - [3c79b372314146bb] SupervisorAgent 开始处理: inputLength=14
2026-03-26 22:03:04.836 [main] [] DEBUG c.t.rectagent.agent.SupervisorAgent - [3c79b372314146bb] 执行工具: data_analysis_agent, input=81
2026-03-26 22:03:04.836 [main] [] DEBUG c.t.rectagent.agent.SupervisorAgent - [3c79b372314146bb] 工具 data_analysis_agent 执行完成, outputLength=81
2026-03-26 22:03:04.836 [main] [] INFO  c.t.rectagent.agent.SupervisorAgent - [3c79b372314146bb] 任务完成
2026-03-26 22:03:04.836 [main] [] INFO  c.t.rectagent.agent.SupervisorAgent - [3c79b372314146bb] SupervisorAgent 处理完成: outputLength=81, 调用次数=1
2026-03-26 22:03:04.836 [main] [] INFO  c.t.rectagent.agent.SupervisorAgent - [d712b855897c49f7] SupervisorAgent 开始处理: inputLength=14
2026-03-26 22:03:04.836 [main] [] DEBUG c.t.rectagent.agent.SupervisorAgent - [d712b855897c49f7] 执行工具: data_analysis_agent, input=81
2026-03-26 22:03:04.836 [main] [] DEBUG c.t.rectagent.agent.SupervisorAgent - [d712b855897c49f7] 工具 data_analysis_agent 执行完成, outputLength=81
2026-03-26 22:03:04.836 [main] [] INFO  c.t.rectagent.agent.SupervisorAgent - [d712b855897c49f7] 任务完成
2026-03-26 22:03:04.836 [main] [] INFO  c.t.rectagent.agent.SupervisorAgent - [d712b855897c49f7] SupervisorAgent 处理完成: outputLength=81, 调用次数=1
2026-03-26 22:03:04.836 [main] [] INFO  c.t.rectagent.agent.SupervisorAgent - [3c032c43f34a4c7a] SupervisorAgent 开始处理: inputLength=14
2026-03-26 22:03:04.836 [main] [] DEBUG c.t.rectagent.agent.SupervisorAgent - [3c032c43f34a4c7a] 执行工具: data_analysis_agent, input=81
2026-03-26 22:03:04.836 [main] [] DEBUG c.t.rectagent.agent.SupervisorAgent - [3c032c43f34a4c7a] 工具 data_analysis_agent 执行完成, outputLength=81
2026-03-26 22:03:04.836 [main] [] INFO  c.t.rectagent.agent.SupervisorAgent - [3c032c43f34a4c7a] 任务完成
2026-03-26 22:03:04.836 [main] [] INFO  c.t.rectagent.agent.SupervisorAgent - [3c032c43f34a4c7a] SupervisorAgent 处理完成: outputLength=81, 调用次数=1
2026-03-26 22:03:04.836 [main] [] INFO  c.t.rectagent.agent.SupervisorAgent - [0438dc34a8aa43e7] SupervisorAgent 开始处理: inputLength=15
2026-03-26 22:03:04.836 [main] [] DEBUG c.t.rectagent.agent.SupervisorAgent - [0438dc34a8aa43e7] 执行工具: data_analysis_agent, input=82
2026-03-26 22:03:04.836 [main] [] DEBUG c.t.rectagent.agent.SupervisorAgent - [0438dc34a8aa43e7] 工具 data_analysis_agent 执行完成, outputLength=82
2026-03-26 22:03:04.836 [main] [] INFO  c.t.rectagent.agent.SupervisorAgent - [0438dc34a8aa43e7] 任务完成
2026-03-26 22:03:04.836 [main] [] INFO  c.t.rectagent.agent.SupervisorAgent - [0438dc34a8aa43e7] SupervisorAgent 处理完成: outputLength=82, 调用次数=1
2026-03-26 22:03:04.836 [main] [] INFO  c.t.rectagent.agent.SupervisorAgent - [527b4f2147494ff4] SupervisorAgent 开始处理: inputLength=15
2026-03-26 22:03:04.836 [main] [] DEBUG c.t.rectagent.agent.SupervisorAgent - [527b4f2147494ff4] 执行工具: data_analysis_agent, input=82
2026-03-26 22:03:04.836 [main] [] DEBUG c.t.rectagent.agent.SupervisorAgent - [527b4f2147494ff4] 工具 data_analysis_agent 执行完成, outputLength=82
2026-03-26 22:03:04.836 [main] [] INFO  c.t.rectagent.agent.SupervisorAgent - [527b4f2147494ff4] 任务完成
2026-03-26 22:03:04.836 [main] [] INFO  c.t.rectagent.agent.SupervisorAgent - [527b4f2147494ff4] SupervisorAgent 处理完成: outputLength=82, 调用次数=1
2026-03-26 22:03:04.836 [main] [] INFO  c.t.rectagent.agent.SupervisorAgent - [a0fa1f67b016438f] SupervisorAgent 开始处理: inputLength=15
2026-03-26 22:03:04.836 [main] [] DEBUG c.t.rectagent.agent.SupervisorAgent - [a0fa1f67b016438f] 执行工具: data_analysis_agent, input=82
2026-03-26 22:03:04.836 [main] [] DEBUG c.t.rectagent.agent.SupervisorAgent - [a0fa1f67b016438f] 工具 data_analysis_agent 执行完成, outputLength=82
2026-03-26 22:03:04.836 [main] [] INFO  c.t.rectagent.agent.SupervisorAgent - [a0fa1f67b016438f] 任务完成
2026-03-26 22:03:04.836 [main] [] INFO  c.t.rectagent.agent.SupervisorAgent - [a0fa1f67b016438f] SupervisorAgent 处理完成: outputLength=82, 调用次数=1
2026-03-26 22:03:04.836 [main] [] INFO  c.t.rectagent.agent.SupervisorAgent - [8ad8895e6ca54995] SupervisorAgent 开始处理: inputLength=15
2026-03-26 22:03:04.836 [main] [] DEBUG c.t.rectagent.agent.SupervisorAgent - [8ad8895e6ca54995] 执行工具: data_analysis_agent, input=82
2026-03-26 22:03:04.836 [main] [] DEBUG c.t.rectagent.agent.SupervisorAgent - [8ad8895e6ca54995] 工具 data_analysis_agent 执行完成, outputLength=82
2026-03-26 22:03:04.836 [main] [] INFO  c.t.rectagent.agent.SupervisorAgent - [8ad8895e6ca54995] 任务完成
2026-03-26 22:03:04.836 [main] [] INFO  c.t.rectagent.agent.SupervisorAgent - [8ad8895e6ca54995] SupervisorAgent 处理完成: outputLength=82, 调用次数=1
2026-03-26 22:03:04.838 [main] [] INFO  c.t.rectagent.agent.SupervisorAgent - [21261b94d72e416a] SupervisorAgent 开始处理: inputLength=15
2026-03-26 22:03:04.838 [main] [] DEBUG c.t.rectagent.agent.SupervisorAgent - [21261b94d72e416a] 执行工具: data_analysis_agent, input=82
2026-03-26 22:03:04.838 [main] [] DEBUG c.t.rectagent.agent.SupervisorAgent - [21261b94d72e416a] 工具 data_analysis_agent 执行完成, outputLength=82
2026-03-26 22:03:04.838 [main] [] INFO  c.t.rectagent.agent.SupervisorAgent - [21261b94d72e416a] 任务完成
2026-03-26 22:03:04.838 [main] [] INFO  c.t.rectagent.agent.SupervisorAgent - [21261b94d72e416a] SupervisorAgent 处理完成: outputLength=82, 调用次数=1
2026-03-26 22:03:04.838 [main] [] INFO  c.t.rectagent.agent.SupervisorAgent - [9d74db38efe34fc6] SupervisorAgent 开始处理: inputLength=15
2026-03-26 22:03:04.838 [main] [] DEBUG c.t.rectagent.agent.SupervisorAgent - [9d74db38efe34fc6] 执行工具: data_analysis_agent, input=82
2026-03-26 22:03:04.838 [main] [] DEBUG c.t.rectagent.agent.SupervisorAgent - [9d74db38efe34fc6] 工具 data_analysis_agent 执行完成, outputLength=82
2026-03-26 22:03:04.838 [main] [] INFO  c.t.rectagent.agent.SupervisorAgent - [9d74db38efe34fc6] 任务完成
2026-03-26 22:03:04.838 [main] [] INFO  c.t.rectagent.agent.SupervisorAgent - [9d74db38efe34fc6] SupervisorAgent 处理完成: outputLength=82, 调用次数=1
2026-03-26 22:03:04.838 [main] [] INFO  c.t.rectagent.agent.SupervisorAgent - [3b0424e2fe774c0e] SupervisorAgent 开始处理: inputLength=15
2026-03-26 22:03:04.838 [main] [] DEBUG c.t.rectagent.agent.SupervisorAgent - [3b0424e2fe774c0e] 执行工具: data_analysis_agent, input=82
2026-03-26 22:03:04.838 [main] [] DEBUG c.t.rectagent.agent.SupervisorAgent - [3b0424e2fe774c0e] 工具 data_analysis_agent 执行完成, outputLength=82
2026-03-26 22:03:04.838 [main] [] INFO  c.t.rectagent.agent.SupervisorAgent - [3b0424e2fe774c0e] 任务完成
2026-03-26 22:03:04.838 [main] [] INFO  c.t.rectagent.agent.SupervisorAgent - [3b0424e2fe774c0e] SupervisorAgent 处理完成: outputLength=82, 调用次数=1
2026-03-26 22:03:04.838 [main] [] INFO  c.t.rectagent.agent.SupervisorAgent - [90e4ad02c76b4958] SupervisorAgent 开始处理: inputLength=15
2026-03-26 22:03:04.838 [main] [] DEBUG c.t.rectagent.agent.SupervisorAgent - [90e4ad02c76b4958] 执行工具: data_analysis_agent, input=82
2026-03-26 22:03:04.838 [main] [] DEBUG c.t.rectagent.agent.SupervisorAgent - [90e4ad02c76b4958] 工具 data_analysis_agent 执行完成, outputLength=82
2026-03-26 22:03:04.838 [main] [] INFO  c.t.rectagent.agent.SupervisorAgent - [90e4ad02c76b4958] 任务完成
2026-03-26 22:03:04.838 [main] [] INFO  c.t.rectagent.agent.SupervisorAgent - [90e4ad02c76b4958] SupervisorAgent 处理完成: outputLength=82, 调用次数=1
2026-03-26 22:03:04.838 [main] [] INFO  c.t.rectagent.agent.SupervisorAgent - [3095655498d34707] SupervisorAgent 开始处理: inputLength=15
2026-03-26 22:03:04.838 [main] [] DEBUG c.t.rectagent.agent.SupervisorAgent - [3095655498d34707] 执行工具: data_analysis_agent, input=82
2026-03-26 22:03:04.838 [main] [] DEBUG c.t.rectagent.agent.SupervisorAgent - [3095655498d34707] 工具 data_analysis_agent 执行完成, outputLength=82
2026-03-26 22:03:04.838 [main] [] INFO  c.t.rectagent.agent.SupervisorAgent - [3095655498d34707] 任务完成
2026-03-26 22:03:04.838 [main] [] INFO  c.t.rectagent.agent.SupervisorAgent - [3095655498d34707] SupervisorAgent 处理完成: outputLength=82, 调用次数=1
2026-03-26 22:03:04.838 [main] [] INFO  c.t.rectagent.agent.SupervisorAgent - [2713eaef1fd942cc] SupervisorAgent 开始处理: inputLength=15
2026-03-26 22:03:04.838 [main] [] DEBUG c.t.rectagent.agent.SupervisorAgent - [2713eaef1fd942cc] 执行工具: data_analysis_agent, input=82
2026-03-26 22:03:04.838 [main] [] DEBUG c.t.rectagent.agent.SupervisorAgent - [2713eaef1fd942cc] 工具 data_analysis_agent 执行完成, outputLength=82
2026-03-26 22:03:04.838 [main] [] INFO  c.t.rectagent.agent.SupervisorAgent - [2713eaef1fd942cc] 任务完成
2026-03-26 22:03:04.838 [main] [] INFO  c.t.rectagent.agent.SupervisorAgent - [2713eaef1fd942cc] SupervisorAgent 处理完成: outputLength=82, 调用次数=1
2026-03-26 22:03:04.838 [main] [] INFO  c.t.rectagent.agent.SupervisorAgent - [5068bc9c85a64cd4] SupervisorAgent 开始处理: inputLength=15
2026-03-26 22:03:04.838 [main] [] DEBUG c.t.rectagent.agent.SupervisorAgent - [5068bc9c85a64cd4] 执行工具: data_analysis_agent, input=82
2026-03-26 22:03:04.838 [main] [] DEBUG c.t.rectagent.agent.SupervisorAgent - [5068bc9c85a64cd4] 工具 data_analysis_agent 执行完成, outputLength=82
2026-03-26 22:03:04.838 [main] [] INFO  c.t.rectagent.agent.SupervisorAgent - [5068bc9c85a64cd4] 任务完成
2026-03-26 22:03:04.838 [main] [] INFO  c.t.rectagent.agent.SupervisorAgent - [5068bc9c85a64cd4] SupervisorAgent 处理完成: outputLength=82, 调用次数=1
2026-03-26 22:03:04.838 [main] [] INFO  c.t.rectagent.agent.SupervisorAgent - [fd9a4265dea743f5] SupervisorAgent 开始处理: inputLength=15
2026-03-26 22:03:04.840 [main] [] DEBUG c.t.rectagent.agent.SupervisorAgent - [fd9a4265dea743f5] 执行工具: data_analysis_agent, input=82
2026-03-26 22:03:04.840 [main] [] DEBUG c.t.rectagent.agent.SupervisorAgent - [fd9a4265dea743f5] 工具 data_analysis_agent 执行完成, outputLength=82
2026-03-26 22:03:04.840 [main] [] INFO  c.t.rectagent.agent.SupervisorAgent - [fd9a4265dea743f5] 任务完成
2026-03-26 22:03:04.840 [main] [] INFO  c.t.rectagent.agent.SupervisorAgent - [fd9a4265dea743f5] SupervisorAgent 处理完成: outputLength=82, 调用次数=1
2026-03-26 22:03:04.840 [main] [] INFO  c.t.rectagent.agent.SupervisorAgent - [f35a955e36c54d2c] SupervisorAgent 开始处理: inputLength=15
2026-03-26 22:03:04.840 [main] [] DEBUG c.t.rectagent.agent.SupervisorAgent - [f35a955e36c54d2c] 执行工具: data_analysis_agent, input=82
2026-03-26 22:03:04.840 [main] [] DEBUG c.t.rectagent.agent.SupervisorAgent - [f35a955e36c54d2c] 工具 data_analysis_agent 执行完成, outputLength=82
2026-03-26 22:03:04.840 [main] [] INFO  c.t.rectagent.agent.SupervisorAgent - [f35a955e36c54d2c] 任务完成
2026-03-26 22:03:04.840 [main] [] INFO  c.t.rectagent.agent.SupervisorAgent - [f35a955e36c54d2c] SupervisorAgent 处理完成: outputLength=82, 调用次数=1
2026-03-26 22:03:04.840 [main] [] INFO  c.t.rectagent.agent.SupervisorAgent - [8575465369c744d4] SupervisorAgent 开始处理: inputLength=15
2026-03-26 22:03:04.840 [main] [] DEBUG c.t.rectagent.agent.SupervisorAgent - [8575465369c744d4] 执行工具: data_analysis_agent, input=82
2026-03-26 22:03:04.840 [main] [] DEBUG c.t.rectagent.agent.SupervisorAgent - [8575465369c744d4] 工具 data_analysis_agent 执行完成, outputLength=82
2026-03-26 22:03:04.840 [main] [] INFO  c.t.rectagent.agent.SupervisorAgent - [8575465369c744d4] 任务完成
2026-03-26 22:03:04.840 [main] [] INFO  c.t.rectagent.agent.SupervisorAgent - [8575465369c744d4] SupervisorAgent 处理完成: outputLength=82, 调用次数=1
2026-03-26 22:03:04.840 [main] [] INFO  c.t.rectagent.agent.SupervisorAgent - [f965e688fe744de9] SupervisorAgent 开始处理: inputLength=15
2026-03-26 22:03:04.840 [main] [] DEBUG c.t.rectagent.agent.SupervisorAgent - [f965e688fe744de9] 执行工具: data_analysis_agent, input=82
2026-03-26 22:03:04.840 [main] [] DEBUG c.t.rectagent.agent.SupervisorAgent - [f965e688fe744de9] 工具 data_analysis_agent 执行完成, outputLength=82
2026-03-26 22:03:04.840 [main] [] INFO  c.t.rectagent.agent.SupervisorAgent - [f965e688fe744de9] 任务完成
2026-03-26 22:03:04.840 [main] [] INFO  c.t.rectagent.agent.SupervisorAgent - [f965e688fe744de9] SupervisorAgent 处理完成: outputLength=82, 调用次数=1
2026-03-26 22:03:04.840 [main] [] INFO  c.t.rectagent.agent.SupervisorAgent - [8bccc4b1331541bc] SupervisorAgent 开始处理: inputLength=15
2026-03-26 22:03:04.840 [main] [] DEBUG c.t.rectagent.agent.SupervisorAgent - [8bccc4b1331541bc] 执行工具: data_analysis_agent, input=82
2026-03-26 22:03:04.840 [main] [] DEBUG c.t.rectagent.agent.SupervisorAgent - [8bccc4b1331541bc] 工具 data_analysis_agent 执行完成, outputLength=82
2026-03-26 22:03:04.840 [main] [] INFO  c.t.rectagent.agent.SupervisorAgent - [8bccc4b1331541bc] 任务完成
2026-03-26 22:03:04.840 [main] [] INFO  c.t.rectagent.agent.SupervisorAgent - [8bccc4b1331541bc] SupervisorAgent 处理完成: outputLength=82, 调用次数=1
2026-03-26 22:03:04.840 [main] [] INFO  c.t.rectagent.agent.SupervisorAgent - [05961374cb634b17] SupervisorAgent 开始处理: inputLength=15
2026-03-26 22:03:04.840 [main] [] DEBUG c.t.rectagent.agent.SupervisorAgent - [05961374cb634b17] 执行工具: data_analysis_agent, input=82
2026-03-26 22:03:04.840 [main] [] DEBUG c.t.rectagent.agent.SupervisorAgent - [05961374cb634b17] 工具 data_analysis_agent 执行完成, outputLength=82
2026-03-26 22:03:04.840 [main] [] INFO  c.t.rectagent.agent.SupervisorAgent - [05961374cb634b17] 任务完成
2026-03-26 22:03:04.840 [main] [] INFO  c.t.rectagent.agent.SupervisorAgent - [05961374cb634b17] SupervisorAgent 处理完成: outputLength=82, 调用次数=1
2026-03-26 22:03:04.840 [main] [] INFO  c.t.rectagent.agent.SupervisorAgent - [c86a02275c534e10] SupervisorAgent 开始处理: inputLength=15
2026-03-26 22:03:04.841 [main] [] DEBUG c.t.rectagent.agent.SupervisorAgent - [c86a02275c534e10] 执行工具: data_analysis_agent, input=82
2026-03-26 22:03:04.841 [main] [] DEBUG c.t.rectagent.agent.SupervisorAgent - [c86a02275c534e10] 工具 data_analysis_agent 执行完成, outputLength=82
2026-03-26 22:03:04.841 [main] [] INFO  c.t.rectagent.agent.SupervisorAgent - [c86a02275c534e10] 任务完成
2026-03-26 22:03:04.841 [main] [] INFO  c.t.rectagent.agent.SupervisorAgent - [c86a02275c534e10] SupervisorAgent 处理完成: outputLength=82, 调用次数=1
2026-03-26 22:03:04.841 [main] [] INFO  c.t.rectagent.agent.SupervisorAgent - [cc5b8829695d40bb] SupervisorAgent 开始处理: inputLength=15
2026-03-26 22:03:04.841 [main] [] DEBUG c.t.rectagent.agent.SupervisorAgent - [cc5b8829695d40bb] 执行工具: data_analysis_agent, input=82
2026-03-26 22:03:04.841 [main] [] DEBUG c.t.rectagent.agent.SupervisorAgent - [cc5b8829695d40bb] 工具 data_analysis_agent 执行完成, outputLength=82
2026-03-26 22:03:04.841 [main] [] INFO  c.t.rectagent.agent.SupervisorAgent - [cc5b8829695d40bb] 任务完成
2026-03-26 22:03:04.841 [main] [] INFO  c.t.rectagent.agent.SupervisorAgent - [cc5b8829695d40bb] SupervisorAgent 处理完成: outputLength=82, 调用次数=1
2026-03-26 22:03:04.841 [main] [] INFO  c.t.rectagent.agent.SupervisorAgent - [cc5dc956409946f4] SupervisorAgent 开始处理: inputLength=15
2026-03-26 22:03:04.841 [main] [] DEBUG c.t.rectagent.agent.SupervisorAgent - [cc5dc956409946f4] 执行工具: data_analysis_agent, input=82
2026-03-26 22:03:04.841 [main] [] DEBUG c.t.rectagent.agent.SupervisorAgent - [cc5dc956409946f4] 工具 data_analysis_agent 执行完成, outputLength=82
2026-03-26 22:03:04.841 [main] [] INFO  c.t.rectagent.agent.SupervisorAgent - [cc5dc956409946f4] 任务完成
2026-03-26 22:03:04.842 [main] [] INFO  c.t.rectagent.agent.SupervisorAgent - [cc5dc956409946f4] SupervisorAgent 处理完成: outputLength=82, 调用次数=1
2026-03-26 22:03:04.842 [main] [] INFO  c.t.rectagent.agent.SupervisorAgent - [1f141bed546c4eff] SupervisorAgent 开始处理: inputLength=15
2026-03-26 22:03:04.842 [main] [] DEBUG c.t.rectagent.agent.SupervisorAgent - [1f141bed546c4eff] 执行工具: data_analysis_agent, input=82
2026-03-26 22:03:04.842 [main] [] DEBUG c.t.rectagent.agent.SupervisorAgent - [1f141bed546c4eff] 工具 data_analysis_agent 执行完成, outputLength=82
2026-03-26 22:03:04.842 [main] [] INFO  c.t.rectagent.agent.SupervisorAgent - [1f141bed546c4eff] 任务完成
2026-03-26 22:03:04.842 [main] [] INFO  c.t.rectagent.agent.SupervisorAgent - [1f141bed546c4eff] SupervisorAgent 处理完成: outputLength=82, 调用次数=1
2026-03-26 22:03:04.842 [main] [] INFO  c.t.rectagent.agent.SupervisorAgent - [b0a833e3d0284ecc] SupervisorAgent 开始处理: inputLength=15
2026-03-26 22:03:04.842 [main] [] DEBUG c.t.rectagent.agent.SupervisorAgent - [b0a833e3d0284ecc] 执行工具: data_analysis_agent, input=82
2026-03-26 22:03:04.842 [main] [] DEBUG c.t.rectagent.agent.SupervisorAgent - [b0a833e3d0284ecc] 工具 data_analysis_agent 执行完成, outputLength=82
2026-03-26 22:03:04.842 [main] [] INFO  c.t.rectagent.agent.SupervisorAgent - [b0a833e3d0284ecc] 任务完成
2026-03-26 22:03:04.842 [main] [] INFO  c.t.rectagent.agent.SupervisorAgent - [b0a833e3d0284ecc] SupervisorAgent 处理完成: outputLength=82, 调用次数=1
2026-03-26 22:03:04.842 [main] [] INFO  c.t.rectagent.agent.SupervisorAgent - [a9b33b3dc5d04461] SupervisorAgent 开始处理: inputLength=15
2026-03-26 22:03:04.842 [main] [] DEBUG c.t.rectagent.agent.SupervisorAgent - [a9b33b3dc5d04461] 执行工具: data_analysis_agent, input=82
2026-03-26 22:03:04.842 [main] [] DEBUG c.t.rectagent.agent.SupervisorAgent - [a9b33b3dc5d04461] 工具 data_analysis_agent 执行完成, outputLength=82
2026-03-26 22:03:04.842 [main] [] INFO  c.t.rectagent.agent.SupervisorAgent - [a9b33b3dc5d04461] 任务完成
2026-03-26 22:03:04.842 [main] [] INFO  c.t.rectagent.agent.SupervisorAgent - [a9b33b3dc5d04461] SupervisorAgent 处理完成: outputLength=82, 调用次数=1
2026-03-26 22:03:04.842 [main] [] INFO  c.t.rectagent.agent.SupervisorAgent - [732e2b2f69454ad8] SupervisorAgent 开始处理: inputLength=15
2026-03-26 22:03:04.842 [main] [] DEBUG c.t.rectagent.agent.SupervisorAgent - [732e2b2f69454ad8] 执行工具: data_analysis_agent, input=82
2026-03-26 22:03:04.842 [main] [] DEBUG c.t.rectagent.agent.SupervisorAgent - [732e2b2f69454ad8] 工具 data_analysis_agent 执行完成, outputLength=82
2026-03-26 22:03:04.842 [main] [] INFO  c.t.rectagent.agent.SupervisorAgent - [732e2b2f69454ad8] 任务完成
2026-03-26 22:03:04.842 [main] [] INFO  c.t.rectagent.agent.SupervisorAgent - [732e2b2f69454ad8] SupervisorAgent 处理完成: outputLength=82, 调用次数=1
2026-03-26 22:03:04.842 [main] [] INFO  c.t.rectagent.agent.SupervisorAgent - [297d0a3d511643e0] SupervisorAgent 开始处理: inputLength=15
2026-03-26 22:03:04.843 [main] [] DEBUG c.t.rectagent.agent.SupervisorAgent - [297d0a3d511643e0] 执行工具: data_analysis_agent, input=82
2026-03-26 22:03:04.843 [main] [] DEBUG c.t.rectagent.agent.SupervisorAgent - [297d0a3d511643e0] 工具 data_analysis_agent 执行完成, outputLength=82
2026-03-26 22:03:04.843 [main] [] INFO  c.t.rectagent.agent.SupervisorAgent - [297d0a3d511643e0] 任务完成
2026-03-26 22:03:04.843 [main] [] INFO  c.t.rectagent.agent.SupervisorAgent - [297d0a3d511643e0] SupervisorAgent 处理完成: outputLength=82, 调用次数=1
2026-03-26 22:03:04.843 [main] [] INFO  c.t.rectagent.agent.SupervisorAgent - [ea7ef14f0321409e] SupervisorAgent 开始处理: inputLength=15
2026-03-26 22:03:04.843 [main] [] DEBUG c.t.rectagent.agent.SupervisorAgent - [ea7ef14f0321409e] 执行工具: data_analysis_agent, input=82
2026-03-26 22:03:04.843 [main] [] DEBUG c.t.rectagent.agent.SupervisorAgent - [ea7ef14f0321409e] 工具 data_analysis_agent 执行完成, outputLength=82
2026-03-26 22:03:04.843 [main] [] INFO  c.t.rectagent.agent.SupervisorAgent - [ea7ef14f0321409e] 任务完成
2026-03-26 22:03:04.843 [main] [] INFO  c.t.rectagent.agent.SupervisorAgent - [ea7ef14f0321409e] SupervisorAgent 处理完成: outputLength=82, 调用次数=1
2026-03-26 22:03:04.843 [main] [] INFO  c.t.rectagent.agent.SupervisorAgent - [5442037241014274] SupervisorAgent 开始处理: inputLength=15
2026-03-26 22:03:04.843 [main] [] DEBUG c.t.rectagent.agent.SupervisorAgent - [5442037241014274] 执行工具: data_analysis_agent, input=82
2026-03-26 22:03:04.843 [main] [] DEBUG c.t.rectagent.agent.SupervisorAgent - [5442037241014274] 工具 data_analysis_agent 执行完成, outputLength=82
2026-03-26 22:03:04.843 [main] [] INFO  c.t.rectagent.agent.SupervisorAgent - [5442037241014274] 任务完成
2026-03-26 22:03:04.843 [main] [] INFO  c.t.rectagent.agent.SupervisorAgent - [5442037241014274] SupervisorAgent 处理完成: outputLength=82, 调用次数=1
2026-03-26 22:03:04.843 [main] [] INFO  c.t.rectagent.agent.SupervisorAgent - [30410971d98044c9] SupervisorAgent 开始处理: inputLength=15
2026-03-26 22:03:04.843 [main] [] DEBUG c.t.rectagent.agent.SupervisorAgent - [30410971d98044c9] 执行工具: data_analysis_agent, input=82
2026-03-26 22:03:04.843 [main] [] DEBUG c.t.rectagent.agent.SupervisorAgent - [30410971d98044c9] 工具 data_analysis_agent 执行完成, outputLength=82
2026-03-26 22:03:04.843 [main] [] INFO  c.t.rectagent.agent.SupervisorAgent - [30410971d98044c9] 任务完成
2026-03-26 22:03:04.843 [main] [] INFO  c.t.rectagent.agent.SupervisorAgent - [30410971d98044c9] SupervisorAgent 处理完成: outputLength=82, 调用次数=1
2026-03-26 22:03:04.843 [main] [] INFO  c.t.rectagent.agent.SupervisorAgent - [2466e89d14954bc3] SupervisorAgent 开始处理: inputLength=15
2026-03-26 22:03:04.843 [main] [] DEBUG c.t.rectagent.agent.SupervisorAgent - [2466e89d14954bc3] 执行工具: data_analysis_agent, input=82
2026-03-26 22:03:04.843 [main] [] DEBUG c.t.rectagent.agent.SupervisorAgent - [2466e89d14954bc3] 工具 data_analysis_agent 执行完成, outputLength=82
2026-03-26 22:03:04.843 [main] [] INFO  c.t.rectagent.agent.SupervisorAgent - [2466e89d14954bc3] 任务完成
2026-03-26 22:03:04.843 [main] [] INFO  c.t.rectagent.agent.SupervisorAgent - [2466e89d14954bc3] SupervisorAgent 处理完成: outputLength=82, 调用次数=1
2026-03-26 22:03:04.843 [main] [] INFO  c.t.rectagent.agent.SupervisorAgent - [eeb9afa66039400e] SupervisorAgent 开始处理: inputLength=15
2026-03-26 22:03:04.844 [main] [] DEBUG c.t.rectagent.agent.SupervisorAgent - [eeb9afa66039400e] 执行工具: data_analysis_agent, input=82
2026-03-26 22:03:04.844 [main] [] DEBUG c.t.rectagent.agent.SupervisorAgent - [eeb9afa66039400e] 工具 data_analysis_agent 执行完成, outputLength=82
2026-03-26 22:03:04.844 [main] [] INFO  c.t.rectagent.agent.SupervisorAgent - [eeb9afa66039400e] 任务完成
2026-03-26 22:03:04.844 [main] [] INFO  c.t.rectagent.agent.SupervisorAgent - [eeb9afa66039400e] SupervisorAgent 处理完成: outputLength=82, 调用次数=1
2026-03-26 22:03:04.844 [main] [] INFO  c.t.rectagent.agent.SupervisorAgent - [0388e5dd97a749f9] SupervisorAgent 开始处理: inputLength=15
2026-03-26 22:03:04.844 [main] [] DEBUG c.t.rectagent.agent.SupervisorAgent - [0388e5dd97a749f9] 执行工具: data_analysis_agent, input=82
2026-03-26 22:03:04.844 [main] [] DEBUG c.t.rectagent.agent.SupervisorAgent - [0388e5dd97a749f9] 工具 data_analysis_agent 执行完成, outputLength=82
2026-03-26 22:03:04.844 [main] [] INFO  c.t.rectagent.agent.SupervisorAgent - [0388e5dd97a749f9] 任务完成
2026-03-26 22:03:04.844 [main] [] INFO  c.t.rectagent.agent.SupervisorAgent - [0388e5dd97a749f9] SupervisorAgent 处理完成: outputLength=82, 调用次数=1
2026-03-26 22:03:04.844 [main] [] INFO  c.t.rectagent.agent.SupervisorAgent - [d7cf2093eeb04d0d] SupervisorAgent 开始处理: inputLength=15
2026-03-26 22:03:04.844 [main] [] DEBUG c.t.rectagent.agent.SupervisorAgent - [d7cf2093eeb04d0d] 执行工具: data_analysis_agent, input=82
2026-03-26 22:03:04.844 [main] [] DEBUG c.t.rectagent.agent.SupervisorAgent - [d7cf2093eeb04d0d] 工具 data_analysis_agent 执行完成, outputLength=82
2026-03-26 22:03:04.844 [main] [] INFO  c.t.rectagent.agent.SupervisorAgent - [d7cf2093eeb04d0d] 任务完成
2026-03-26 22:03:04.844 [main] [] INFO  c.t.rectagent.agent.SupervisorAgent - [d7cf2093eeb04d0d] SupervisorAgent 处理完成: outputLength=82, 调用次数=1
2026-03-26 22:03:04.844 [main] [] INFO  c.t.rectagent.agent.SupervisorAgent - [c62b6ef4f3fb4b19] SupervisorAgent 开始处理: inputLength=15
2026-03-26 22:03:04.844 [main] [] DEBUG c.t.rectagent.agent.SupervisorAgent - [c62b6ef4f3fb4b19] 执行工具: data_analysis_agent, input=82
2026-03-26 22:03:04.844 [main] [] DEBUG c.t.rectagent.agent.SupervisorAgent - [c62b6ef4f3fb4b19] 工具 data_analysis_agent 执行完成, outputLength=82
2026-03-26 22:03:04.844 [main] [] INFO  c.t.rectagent.agent.SupervisorAgent - [c62b6ef4f3fb4b19] 任务完成
2026-03-26 22:03:04.844 [main] [] INFO  c.t.rectagent.agent.SupervisorAgent - [c62b6ef4f3fb4b19] SupervisorAgent 处理完成: outputLength=82, 调用次数=1
2026-03-26 22:03:04.844 [main] [] INFO  c.t.rectagent.agent.SupervisorAgent - [be40087dcd3e49e4] SupervisorAgent 开始处理: inputLength=15
2026-03-26 22:03:04.844 [main] [] DEBUG c.t.rectagent.agent.SupervisorAgent - [be40087dcd3e49e4] 执行工具: data_analysis_agent, input=82
2026-03-26 22:03:04.844 [main] [] DEBUG c.t.rectagent.agent.SupervisorAgent - [be40087dcd3e49e4] 工具 data_analysis_agent 执行完成, outputLength=82
2026-03-26 22:03:04.844 [main] [] INFO  c.t.rectagent.agent.SupervisorAgent - [be40087dcd3e49e4] 任务完成
2026-03-26 22:03:04.844 [main] [] INFO  c.t.rectagent.agent.SupervisorAgent - [be40087dcd3e49e4] SupervisorAgent 处理完成: outputLength=82, 调用次数=1
2026-03-26 22:03:04.844 [main] [] INFO  c.t.rectagent.agent.SupervisorAgent - [58214565d0184d18] SupervisorAgent 开始处理: inputLength=15
2026-03-26 22:03:04.844 [main] [] DEBUG c.t.rectagent.agent.SupervisorAgent - [58214565d0184d18] 执行工具: data_analysis_agent, input=82
2026-03-26 22:03:04.844 [main] [] DEBUG c.t.rectagent.agent.SupervisorAgent - [58214565d0184d18] 工具 data_analysis_agent 执行完成, outputLength=82
2026-03-26 22:03:04.844 [main] [] INFO  c.t.rectagent.agent.SupervisorAgent - [58214565d0184d18] 任务完成
2026-03-26 22:03:04.844 [main] [] INFO  c.t.rectagent.agent.SupervisorAgent - [58214565d0184d18] SupervisorAgent 处理完成: outputLength=82, 调用次数=1
2026-03-26 22:03:04.844 [main] [] INFO  c.t.rectagent.agent.SupervisorAgent - [84ee4dbe30ce4197] SupervisorAgent 开始处理: inputLength=15
2026-03-26 22:03:04.844 [main] [] DEBUG c.t.rectagent.agent.SupervisorAgent - [84ee4dbe30ce4197] 执行工具: data_analysis_agent, input=82
2026-03-26 22:03:04.844 [main] [] DEBUG c.t.rectagent.agent.SupervisorAgent - [84ee4dbe30ce4197] 工具 data_analysis_agent 执行完成, outputLength=82
2026-03-26 22:03:04.844 [main] [] INFO  c.t.rectagent.agent.SupervisorAgent - [84ee4dbe30ce4197] 任务完成
2026-03-26 22:03:04.844 [main] [] INFO  c.t.rectagent.agent.SupervisorAgent - [84ee4dbe30ce4197] SupervisorAgent 处理完成: outputLength=82, 调用次数=1
2026-03-26 22:03:04.844 [main] [] INFO  c.t.rectagent.agent.SupervisorAgent - [24870098c753400c] SupervisorAgent 开始处理: inputLength=15
2026-03-26 22:03:04.844 [main] [] DEBUG c.t.rectagent.agent.SupervisorAgent - [24870098c753400c] 执行工具: data_analysis_agent, input=82
2026-03-26 22:03:04.844 [main] [] DEBUG c.t.rectagent.agent.SupervisorAgent - [24870098c753400c] 工具 data_analysis_agent 执行完成, outputLength=82
2026-03-26 22:03:04.844 [main] [] INFO  c.t.rectagent.agent.SupervisorAgent - [24870098c753400c] 任务完成
2026-03-26 22:03:04.844 [main] [] INFO  c.t.rectagent.agent.SupervisorAgent - [24870098c753400c] SupervisorAgent 处理完成: outputLength=82, 调用次数=1
2026-03-26 22:03:04.844 [main] [] INFO  c.t.rectagent.agent.SupervisorAgent - [e955003ba61d4b8b] SupervisorAgent 开始处理: inputLength=15
2026-03-26 22:03:04.844 [main] [] DEBUG c.t.rectagent.agent.SupervisorAgent - [e955003ba61d4b8b] 执行工具: data_analysis_agent, input=82
2026-03-26 22:03:04.844 [main] [] DEBUG c.t.rectagent.agent.SupervisorAgent - [e955003ba61d4b8b] 工具 data_analysis_agent 执行完成, outputLength=82
2026-03-26 22:03:04.844 [main] [] INFO  c.t.rectagent.agent.SupervisorAgent - [e955003ba61d4b8b] 任务完成
2026-03-26 22:03:04.844 [main] [] INFO  c.t.rectagent.agent.SupervisorAgent - [e955003ba61d4b8b] SupervisorAgent 处理完成: outputLength=82, 调用次数=1
2026-03-26 22:03:04.844 [main] [] INFO  c.t.rectagent.agent.SupervisorAgent - [1e82e1ea75f24859] SupervisorAgent 开始处理: inputLength=15
2026-03-26 22:03:04.844 [main] [] DEBUG c.t.rectagent.agent.SupervisorAgent - [1e82e1ea75f24859] 执行工具: data_analysis_agent, input=82
2026-03-26 22:03:04.844 [main] [] DEBUG c.t.rectagent.agent.SupervisorAgent - [1e82e1ea75f24859] 工具 data_analysis_agent 执行完成, outputLength=82
2026-03-26 22:03:04.844 [main] [] INFO  c.t.rectagent.agent.SupervisorAgent - [1e82e1ea75f24859] 任务完成
2026-03-26 22:03:04.846 [main] [] INFO  c.t.rectagent.agent.SupervisorAgent - [1e82e1ea75f24859] SupervisorAgent 处理完成: outputLength=82, 调用次数=1
2026-03-26 22:03:04.846 [main] [] INFO  c.t.rectagent.agent.SupervisorAgent - [b49d13386322490b] SupervisorAgent 开始处理: inputLength=15
2026-03-26 22:03:04.846 [main] [] DEBUG c.t.rectagent.agent.SupervisorAgent - [b49d13386322490b] 执行工具: data_analysis_agent, input=82
2026-03-26 22:03:04.846 [main] [] DEBUG c.t.rectagent.agent.SupervisorAgent - [b49d13386322490b] 工具 data_analysis_agent 执行完成, outputLength=82
2026-03-26 22:03:04.846 [main] [] INFO  c.t.rectagent.agent.SupervisorAgent - [b49d13386322490b] 任务完成
2026-03-26 22:03:04.846 [main] [] INFO  c.t.rectagent.agent.SupervisorAgent - [b49d13386322490b] SupervisorAgent 处理完成: outputLength=82, 调用次数=1
2026-03-26 22:03:04.846 [main] [] INFO  c.t.rectagent.agent.SupervisorAgent - [882a277a7299461b] SupervisorAgent 开始处理: inputLength=15
2026-03-26 22:03:04.846 [main] [] DEBUG c.t.rectagent.agent.SupervisorAgent - [882a277a7299461b] 执行工具: data_analysis_agent, input=82
2026-03-26 22:03:04.846 [main] [] DEBUG c.t.rectagent.agent.SupervisorAgent - [882a277a7299461b] 工具 data_analysis_agent 执行完成, outputLength=82
2026-03-26 22:03:04.846 [main] [] INFO  c.t.rectagent.agent.SupervisorAgent - [882a277a7299461b] 任务完成
2026-03-26 22:03:04.846 [main] [] INFO  c.t.rectagent.agent.SupervisorAgent - [882a277a7299461b] SupervisorAgent 处理完成: outputLength=82, 调用次数=1
2026-03-26 22:03:04.846 [main] [] INFO  c.t.rectagent.agent.SupervisorAgent - [fc6227bacee44eb5] SupervisorAgent 开始处理: inputLength=15
2026-03-26 22:03:04.846 [main] [] DEBUG c.t.rectagent.agent.SupervisorAgent - [fc6227bacee44eb5] 执行工具: data_analysis_agent, input=82
2026-03-26 22:03:04.846 [main] [] DEBUG c.t.rectagent.agent.SupervisorAgent - [fc6227bacee44eb5] 工具 data_analysis_agent 执行完成, outputLength=82
2026-03-26 22:03:04.846 [main] [] INFO  c.t.rectagent.agent.SupervisorAgent - [fc6227bacee44eb5] 任务完成
2026-03-26 22:03:04.846 [main] [] INFO  c.t.rectagent.agent.SupervisorAgent - [fc6227bacee44eb5] SupervisorAgent 处理完成: outputLength=82, 调用次数=1
2026-03-26 22:03:04.846 [main] [] INFO  c.t.rectagent.agent.SupervisorAgent - [51e9ac9499df4046] SupervisorAgent 开始处理: inputLength=15
2026-03-26 22:03:04.846 [main] [] DEBUG c.t.rectagent.agent.SupervisorAgent - [51e9ac9499df4046] 执行工具: data_analysis_agent, input=82
2026-03-26 22:03:04.846 [main] [] DEBUG c.t.rectagent.agent.SupervisorAgent - [51e9ac9499df4046] 工具 data_analysis_agent 执行完成, outputLength=82
2026-03-26 22:03:04.846 [main] [] INFO  c.t.rectagent.agent.SupervisorAgent - [51e9ac9499df4046] 任务完成
2026-03-26 22:03:04.846 [main] [] INFO  c.t.rectagent.agent.SupervisorAgent - [51e9ac9499df4046] SupervisorAgent 处理完成: outputLength=82, 调用次数=1
2026-03-26 22:03:04.846 [main] [] INFO  c.t.rectagent.agent.SupervisorAgent - [ca31fbaf91be4fc4] SupervisorAgent 开始处理: inputLength=15
2026-03-26 22:03:04.846 [main] [] DEBUG c.t.rectagent.agent.SupervisorAgent - [ca31fbaf91be4fc4] 执行工具: data_analysis_agent, input=82
2026-03-26 22:03:04.846 [main] [] DEBUG c.t.rectagent.agent.SupervisorAgent - [ca31fbaf91be4fc4] 工具 data_analysis_agent 执行完成, outputLength=82
2026-03-26 22:03:04.846 [main] [] INFO  c.t.rectagent.agent.SupervisorAgent - [ca31fbaf91be4fc4] 任务完成
2026-03-26 22:03:04.846 [main] [] INFO  c.t.rectagent.agent.SupervisorAgent - [ca31fbaf91be4fc4] SupervisorAgent 处理完成: outputLength=82, 调用次数=1
2026-03-26 22:03:04.846 [main] [] INFO  c.t.rectagent.agent.SupervisorAgent - [2fe5c38bc022419f] SupervisorAgent 开始处理: inputLength=15
2026-03-26 22:03:04.846 [main] [] DEBUG c.t.rectagent.agent.SupervisorAgent - [2fe5c38bc022419f] 执行工具: data_analysis_agent, input=82
2026-03-26 22:03:04.846 [main] [] DEBUG c.t.rectagent.agent.SupervisorAgent - [2fe5c38bc022419f] 工具 data_analysis_agent 执行完成, outputLength=82
2026-03-26 22:03:04.846 [main] [] INFO  c.t.rectagent.agent.SupervisorAgent - [2fe5c38bc022419f] 任务完成
2026-03-26 22:03:04.846 [main] [] INFO  c.t.rectagent.agent.SupervisorAgent - [2fe5c38bc022419f] SupervisorAgent 处理完成: outputLength=82, 调用次数=1
2026-03-26 22:03:04.846 [main] [] INFO  c.t.rectagent.agent.SupervisorAgent - [d652ba2330714582] SupervisorAgent 开始处理: inputLength=15
2026-03-26 22:03:04.846 [main] [] DEBUG c.t.rectagent.agent.SupervisorAgent - [d652ba2330714582] 执行工具: data_analysis_agent, input=82
2026-03-26 22:03:04.846 [main] [] DEBUG c.t.rectagent.agent.SupervisorAgent - [d652ba2330714582] 工具 data_analysis_agent 执行完成, outputLength=82
2026-03-26 22:03:04.846 [main] [] INFO  c.t.rectagent.agent.SupervisorAgent - [d652ba2330714582] 任务完成
2026-03-26 22:03:04.846 [main] [] INFO  c.t.rectagent.agent.SupervisorAgent - [d652ba2330714582] SupervisorAgent 处理完成: outputLength=82, 调用次数=1
2026-03-26 22:03:04.846 [main] [] INFO  c.t.rectagent.agent.SupervisorAgent - [6d9cf29e515f415e] SupervisorAgent 开始处理: inputLength=15
2026-03-26 22:03:04.846 [main] [] DEBUG c.t.rectagent.agent.SupervisorAgent - [6d9cf29e515f415e] 执行工具: data_analysis_agent, input=82
2026-03-26 22:03:04.846 [main] [] DEBUG c.t.rectagent.agent.SupervisorAgent - [6d9cf29e515f415e] 工具 data_analysis_agent 执行完成, outputLength=82
2026-03-26 22:03:04.846 [main] [] INFO  c.t.rectagent.agent.SupervisorAgent - [6d9cf29e515f415e] 任务完成
2026-03-26 22:03:04.846 [main] [] INFO  c.t.rectagent.agent.SupervisorAgent - [6d9cf29e515f415e] SupervisorAgent 处理完成: outputLength=82, 调用次数=1
2026-03-26 22:03:04.848 [main] [] INFO  c.t.rectagent.agent.SupervisorAgent - [046777b37b914eb0] SupervisorAgent 开始处理: inputLength=15
2026-03-26 22:03:04.848 [main] [] DEBUG c.t.rectagent.agent.SupervisorAgent - [046777b37b914eb0] 执行工具: data_analysis_agent, input=82
2026-03-26 22:03:04.848 [main] [] DEBUG c.t.rectagent.agent.SupervisorAgent - [046777b37b914eb0] 工具 data_analysis_agent 执行完成, outputLength=82
2026-03-26 22:03:04.848 [main] [] INFO  c.t.rectagent.agent.SupervisorAgent - [046777b37b914eb0] 任务完成
2026-03-26 22:03:04.848 [main] [] INFO  c.t.rectagent.agent.SupervisorAgent - [046777b37b914eb0] SupervisorAgent 处理完成: outputLength=82, 调用次数=1
2026-03-26 22:03:04.848 [main] [] INFO  c.t.rectagent.agent.SupervisorAgent - [7858e1cbde6b45cd] SupervisorAgent 开始处理: inputLength=15
2026-03-26 22:03:04.848 [main] [] DEBUG c.t.rectagent.agent.SupervisorAgent - [7858e1cbde6b45cd] 执行工具: data_analysis_agent, input=82
2026-03-26 22:03:04.848 [main] [] DEBUG c.t.rectagent.agent.SupervisorAgent - [7858e1cbde6b45cd] 工具 data_analysis_agent 执行完成, outputLength=82
2026-03-26 22:03:04.848 [main] [] INFO  c.t.rectagent.agent.SupervisorAgent - [7858e1cbde6b45cd] 任务完成
2026-03-26 22:03:04.848 [main] [] INFO  c.t.rectagent.agent.SupervisorAgent - [7858e1cbde6b45cd] SupervisorAgent 处理完成: outputLength=82, 调用次数=1
2026-03-26 22:03:04.848 [main] [] INFO  c.t.rectagent.agent.SupervisorAgent - [8568f33028e64315] SupervisorAgent 开始处理: inputLength=15
2026-03-26 22:03:04.848 [main] [] DEBUG c.t.rectagent.agent.SupervisorAgent - [8568f33028e64315] 执行工具: data_analysis_agent, input=82
2026-03-26 22:03:04.848 [main] [] DEBUG c.t.rectagent.agent.SupervisorAgent - [8568f33028e64315] 工具 data_analysis_agent 执行完成, outputLength=82
2026-03-26 22:03:04.848 [main] [] INFO  c.t.rectagent.agent.SupervisorAgent - [8568f33028e64315] 任务完成
2026-03-26 22:03:04.848 [main] [] INFO  c.t.rectagent.agent.SupervisorAgent - [8568f33028e64315] SupervisorAgent 处理完成: outputLength=82, 调用次数=1
2026-03-26 22:03:04.848 [main] [] INFO  c.t.rectagent.agent.SupervisorAgent - [b3eb038ed3e148c0] SupervisorAgent 开始处理: inputLength=15
2026-03-26 22:03:04.848 [main] [] DEBUG c.t.rectagent.agent.SupervisorAgent - [b3eb038ed3e148c0] 执行工具: data_analysis_agent, input=82
2026-03-26 22:03:04.848 [main] [] DEBUG c.t.rectagent.agent.SupervisorAgent - [b3eb038ed3e148c0] 工具 data_analysis_agent 执行完成, outputLength=82
2026-03-26 22:03:04.848 [main] [] INFO  c.t.rectagent.agent.SupervisorAgent - [b3eb038ed3e148c0] 任务完成
2026-03-26 22:03:04.848 [main] [] INFO  c.t.rectagent.agent.SupervisorAgent - [b3eb038ed3e148c0] SupervisorAgent 处理完成: outputLength=82, 调用次数=1
2026-03-26 22:03:04.848 [main] [] INFO  c.t.rectagent.agent.SupervisorAgent - [127877a860f64995] SupervisorAgent 开始处理: inputLength=15
2026-03-26 22:03:04.848 [main] [] DEBUG c.t.rectagent.agent.SupervisorAgent - [127877a860f64995] 执行工具: data_analysis_agent, input=82
2026-03-26 22:03:04.848 [main] [] DEBUG c.t.rectagent.agent.SupervisorAgent - [127877a860f64995] 工具 data_analysis_agent 执行完成, outputLength=82
2026-03-26 22:03:04.848 [main] [] INFO  c.t.rectagent.agent.SupervisorAgent - [127877a860f64995] 任务完成
2026-03-26 22:03:04.848 [main] [] INFO  c.t.rectagent.agent.SupervisorAgent - [127877a860f64995] SupervisorAgent 处理完成: outputLength=82, 调用次数=1
2026-03-26 22:03:04.848 [main] [] INFO  c.t.rectagent.agent.SupervisorAgent - [0af6ea527698441a] SupervisorAgent 开始处理: inputLength=15
2026-03-26 22:03:04.848 [main] [] DEBUG c.t.rectagent.agent.SupervisorAgent - [0af6ea527698441a] 执行工具: data_analysis_agent, input=82
2026-03-26 22:03:04.848 [main] [] DEBUG c.t.rectagent.agent.SupervisorAgent - [0af6ea527698441a] 工具 data_analysis_agent 执行完成, outputLength=82
2026-03-26 22:03:04.848 [main] [] INFO  c.t.rectagent.agent.SupervisorAgent - [0af6ea527698441a] 任务完成
2026-03-26 22:03:04.848 [main] [] INFO  c.t.rectagent.agent.SupervisorAgent - [0af6ea527698441a] SupervisorAgent 处理完成: outputLength=82, 调用次数=1
2026-03-26 22:03:04.848 [main] [] INFO  c.t.rectagent.agent.SupervisorAgent - [6865e89c45434838] SupervisorAgent 开始处理: inputLength=15
2026-03-26 22:03:04.848 [main] [] DEBUG c.t.rectagent.agent.SupervisorAgent - [6865e89c45434838] 执行工具: data_analysis_agent, input=82
2026-03-26 22:03:04.848 [main] [] DEBUG c.t.rectagent.agent.SupervisorAgent - [6865e89c45434838] 工具 data_analysis_agent 执行完成, outputLength=82
2026-03-26 22:03:04.848 [main] [] INFO  c.t.rectagent.agent.SupervisorAgent - [6865e89c45434838] 任务完成
2026-03-26 22:03:04.848 [main] [] INFO  c.t.rectagent.agent.SupervisorAgent - [6865e89c45434838] SupervisorAgent 处理完成: outputLength=82, 调用次数=1
2026-03-26 22:03:04.848 [main] [] INFO  c.t.rectagent.agent.SupervisorAgent - [ccfe50116aea4d55] SupervisorAgent 开始处理: inputLength=15
2026-03-26 22:03:04.848 [main] [] DEBUG c.t.rectagent.agent.SupervisorAgent - [ccfe50116aea4d55] 执行工具: data_analysis_agent, input=82
2026-03-26 22:03:04.848 [main] [] DEBUG c.t.rectagent.agent.SupervisorAgent - [ccfe50116aea4d55] 工具 data_analysis_agent 执行完成, outputLength=82
2026-03-26 22:03:04.848 [main] [] INFO  c.t.rectagent.agent.SupervisorAgent - [ccfe50116aea4d55] 任务完成
2026-03-26 22:03:04.848 [main] [] INFO  c.t.rectagent.agent.SupervisorAgent - [ccfe50116aea4d55] SupervisorAgent 处理完成: outputLength=82, 调用次数=1
2026-03-26 22:03:04.848 [main] [] INFO  c.t.rectagent.agent.SupervisorAgent - [1fc0586efc474ab2] SupervisorAgent 开始处理: inputLength=15
2026-03-26 22:03:04.848 [main] [] DEBUG c.t.rectagent.agent.SupervisorAgent - [1fc0586efc474ab2] 执行工具: data_analysis_agent, input=82
2026-03-26 22:03:04.849 [main] [] DEBUG c.t.rectagent.agent.SupervisorAgent - [1fc0586efc474ab2] 工具 data_analysis_agent 执行完成, outputLength=82
2026-03-26 22:03:04.849 [main] [] INFO  c.t.rectagent.agent.SupervisorAgent - [1fc0586efc474ab2] 任务完成
2026-03-26 22:03:04.849 [main] [] INFO  c.t.rectagent.agent.SupervisorAgent - [1fc0586efc474ab2] SupervisorAgent 处理完成: outputLength=82, 调用次数=1
2026-03-26 22:03:04.849 [main] [] INFO  c.t.rectagent.agent.SupervisorAgent - [c1360db464ac4688] SupervisorAgent 开始处理: inputLength=15
2026-03-26 22:03:04.849 [main] [] DEBUG c.t.rectagent.agent.SupervisorAgent - [c1360db464ac4688] 执行工具: data_analysis_agent, input=82
2026-03-26 22:03:04.849 [main] [] DEBUG c.t.rectagent.agent.SupervisorAgent - [c1360db464ac4688] 工具 data_analysis_agent 执行完成, outputLength=82
2026-03-26 22:03:04.849 [main] [] INFO  c.t.rectagent.agent.SupervisorAgent - [c1360db464ac4688] 任务完成
2026-03-26 22:03:04.849 [main] [] INFO  c.t.rectagent.agent.SupervisorAgent - [c1360db464ac4688] SupervisorAgent 处理完成: outputLength=82, 调用次数=1
2026-03-26 22:03:04.849 [main] [] INFO  c.t.rectagent.agent.SupervisorAgent - [196f5f9c0b444e08] SupervisorAgent 开始处理: inputLength=15
2026-03-26 22:03:04.849 [main] [] DEBUG c.t.rectagent.agent.SupervisorAgent - [196f5f9c0b444e08] 执行工具: data_analysis_agent, input=82
2026-03-26 22:03:04.849 [main] [] DEBUG c.t.rectagent.agent.SupervisorAgent - [196f5f9c0b444e08] 工具 data_analysis_agent 执行完成, outputLength=82
2026-03-26 22:03:04.849 [main] [] INFO  c.t.rectagent.agent.SupervisorAgent - [196f5f9c0b444e08] 任务完成
2026-03-26 22:03:04.849 [main] [] INFO  c.t.rectagent.agent.SupervisorAgent - [196f5f9c0b444e08] SupervisorAgent 处理完成: outputLength=82, 调用次数=1
2026-03-26 22:03:04.849 [main] [] INFO  c.t.rectagent.agent.SupervisorAgent - [38bef65f51dd49fa] SupervisorAgent 开始处理: inputLength=15
2026-03-26 22:03:04.849 [main] [] DEBUG c.t.rectagent.agent.SupervisorAgent - [38bef65f51dd49fa] 执行工具: data_analysis_agent, input=82
2026-03-26 22:03:04.849 [main] [] DEBUG c.t.rectagent.agent.SupervisorAgent - [38bef65f51dd49fa] 工具 data_analysis_agent 执行完成, outputLength=82
2026-03-26 22:03:04.849 [main] [] INFO  c.t.rectagent.agent.SupervisorAgent - [38bef65f51dd49fa] 任务完成
2026-03-26 22:03:04.849 [main] [] INFO  c.t.rectagent.agent.SupervisorAgent - [38bef65f51dd49fa] SupervisorAgent 处理完成: outputLength=82, 调用次数=1
2026-03-26 22:03:04.849 [main] [] INFO  c.t.rectagent.agent.SupervisorAgent - [5ad27274102143df] SupervisorAgent 开始处理: inputLength=15
2026-03-26 22:03:04.849 [main] [] DEBUG c.t.rectagent.agent.SupervisorAgent - [5ad27274102143df] 执行工具: data_analysis_agent, input=82
2026-03-26 22:03:04.849 [main] [] DEBUG c.t.rectagent.agent.SupervisorAgent - [5ad27274102143df] 工具 data_analysis_agent 执行完成, outputLength=82
2026-03-26 22:03:04.849 [main] [] INFO  c.t.rectagent.agent.SupervisorAgent - [5ad27274102143df] 任务完成
2026-03-26 22:03:04.849 [main] [] INFO  c.t.rectagent.agent.SupervisorAgent - [5ad27274102143df] SupervisorAgent 处理完成: outputLength=82, 调用次数=1
2026-03-26 22:03:04.849 [main] [] INFO  c.t.rectagent.agent.SupervisorAgent - [ede592f8c3614db1] SupervisorAgent 开始处理: inputLength=15
2026-03-26 22:03:04.849 [main] [] DEBUG c.t.rectagent.agent.SupervisorAgent - [ede592f8c3614db1] 执行工具: data_analysis_agent, input=82
2026-03-26 22:03:04.849 [main] [] DEBUG c.t.rectagent.agent.SupervisorAgent - [ede592f8c3614db1] 工具 data_analysis_agent 执行完成, outputLength=82
2026-03-26 22:03:04.849 [main] [] INFO  c.t.rectagent.agent.SupervisorAgent - [ede592f8c3614db1] 任务完成
2026-03-26 22:03:04.849 [main] [] INFO  c.t.rectagent.agent.SupervisorAgent - [ede592f8c3614db1] SupervisorAgent 处理完成: outputLength=82, 调用次数=1
2026-03-26 22:03:04.849 [main] [] INFO  c.t.rectagent.agent.SupervisorAgent - [0de032a494a14b3c] SupervisorAgent 开始处理: inputLength=15
2026-03-26 22:03:04.849 [main] [] DEBUG c.t.rectagent.agent.SupervisorAgent - [0de032a494a14b3c] 执行工具: data_analysis_agent, input=82
2026-03-26 22:03:04.849 [main] [] DEBUG c.t.rectagent.agent.SupervisorAgent - [0de032a494a14b3c] 工具 data_analysis_agent 执行完成, outputLength=82
2026-03-26 22:03:04.849 [main] [] INFO  c.t.rectagent.agent.SupervisorAgent - [0de032a494a14b3c] 任务完成
2026-03-26 22:03:04.849 [main] [] INFO  c.t.rectagent.agent.SupervisorAgent - [0de032a494a14b3c] SupervisorAgent 处理完成: outputLength=82, 调用次数=1
2026-03-26 22:03:04.849 [main] [] INFO  c.t.rectagent.agent.SupervisorAgent - [23070a9dbaaf4ef4] SupervisorAgent 开始处理: inputLength=15
2026-03-26 22:03:04.849 [main] [] DEBUG c.t.rectagent.agent.SupervisorAgent - [23070a9dbaaf4ef4] 执行工具: data_analysis_agent, input=82
2026-03-26 22:03:04.849 [main] [] DEBUG c.t.rectagent.agent.SupervisorAgent - [23070a9dbaaf4ef4] 工具 data_analysis_agent 执行完成, outputLength=82
2026-03-26 22:03:04.849 [main] [] INFO  c.t.rectagent.agent.SupervisorAgent - [23070a9dbaaf4ef4] 任务完成
2026-03-26 22:03:04.849 [main] [] INFO  c.t.rectagent.agent.SupervisorAgent - [23070a9dbaaf4ef4] SupervisorAgent 处理完成: outputLength=82, 调用次数=1
2026-03-26 22:03:04.849 [main] [] INFO  c.t.rectagent.agent.SupervisorAgent - [6418450d83a4459b] SupervisorAgent 开始处理: inputLength=15
2026-03-26 22:03:04.849 [main] [] DEBUG c.t.rectagent.agent.SupervisorAgent - [6418450d83a4459b] 执行工具: data_analysis_agent, input=82
2026-03-26 22:03:04.849 [main] [] DEBUG c.t.rectagent.agent.SupervisorAgent - [6418450d83a4459b] 工具 data_analysis_agent 执行完成, outputLength=82
2026-03-26 22:03:04.849 [main] [] INFO  c.t.rectagent.agent.SupervisorAgent - [6418450d83a4459b] 任务完成
2026-03-26 22:03:04.849 [main] [] INFO  c.t.rectagent.agent.SupervisorAgent - [6418450d83a4459b] SupervisorAgent 处理完成: outputLength=82, 调用次数=1
2026-03-26 22:03:04.849 [main] [] INFO  c.t.rectagent.agent.SupervisorAgent - [a7c78a12d285405f] SupervisorAgent 开始处理: inputLength=15
2026-03-26 22:03:04.849 [main] [] DEBUG c.t.rectagent.agent.SupervisorAgent - [a7c78a12d285405f] 执行工具: data_analysis_agent, input=82
2026-03-26 22:03:04.849 [main] [] DEBUG c.t.rectagent.agent.SupervisorAgent - [a7c78a12d285405f] 工具 data_analysis_agent 执行完成, outputLength=82
2026-03-26 22:03:04.849 [main] [] INFO  c.t.rectagent.agent.SupervisorAgent - [a7c78a12d285405f] 任务完成
2026-03-26 22:03:04.849 [main] [] INFO  c.t.rectagent.agent.SupervisorAgent - [a7c78a12d285405f] SupervisorAgent 处理完成: outputLength=82, 调用次数=1
2026-03-26 22:03:04.849 [main] [] INFO  c.t.rectagent.agent.SupervisorAgent - [c4d2bad9d63e4fbc] SupervisorAgent 开始处理: inputLength=15
2026-03-26 22:03:04.849 [main] [] DEBUG c.t.rectagent.agent.SupervisorAgent - [c4d2bad9d63e4fbc] 执行工具: data_analysis_agent, input=82
2026-03-26 22:03:04.849 [main] [] DEBUG c.t.rectagent.agent.SupervisorAgent - [c4d2bad9d63e4fbc] 工具 data_analysis_agent 执行完成, outputLength=82
2026-03-26 22:03:04.849 [main] [] INFO  c.t.rectagent.agent.SupervisorAgent - [c4d2bad9d63e4fbc] 任务完成
2026-03-26 22:03:04.849 [main] [] INFO  c.t.rectagent.agent.SupervisorAgent - [c4d2bad9d63e4fbc] SupervisorAgent 处理完成: outputLength=82, 调用次数=1
2026-03-26 22:03:04.849 [main] [] INFO  c.t.rectagent.agent.SupervisorAgent - [dbdcebbe6ca04e73] SupervisorAgent 开始处理: inputLength=15
2026-03-26 22:03:04.849 [main] [] DEBUG c.t.rectagent.agent.SupervisorAgent - [dbdcebbe6ca04e73] 执行工具: data_analysis_agent, input=82
2026-03-26 22:03:04.849 [main] [] DEBUG c.t.rectagent.agent.SupervisorAgent - [dbdcebbe6ca04e73] 工具 data_analysis_agent 执行完成, outputLength=82
2026-03-26 22:03:04.849 [main] [] INFO  c.t.rectagent.agent.SupervisorAgent - [dbdcebbe6ca04e73] 任务完成
2026-03-26 22:03:04.849 [main] [] INFO  c.t.rectagent.agent.SupervisorAgent - [dbdcebbe6ca04e73] SupervisorAgent 处理完成: outputLength=82, 调用次数=1
2026-03-26 22:03:04.849 [main] [] INFO  c.t.rectagent.agent.SupervisorAgent - [bbca5d0db2f647a0] SupervisorAgent 开始处理: inputLength=15
2026-03-26 22:03:04.851 [main] [] DEBUG c.t.rectagent.agent.SupervisorAgent - [bbca5d0db2f647a0] 执行工具: data_analysis_agent, input=82
2026-03-26 22:03:04.851 [main] [] DEBUG c.t.rectagent.agent.SupervisorAgent - [bbca5d0db2f647a0] 工具 data_analysis_agent 执行完成, outputLength=82
2026-03-26 22:03:04.851 [main] [] INFO  c.t.rectagent.agent.SupervisorAgent - [bbca5d0db2f647a0] 任务完成
2026-03-26 22:03:04.851 [main] [] INFO  c.t.rectagent.agent.SupervisorAgent - [bbca5d0db2f647a0] SupervisorAgent 处理完成: outputLength=82, 调用次数=1
2026-03-26 22:03:04.851 [main] [] INFO  c.t.rectagent.agent.SupervisorAgent - [16408e6bc6d643b5] SupervisorAgent 开始处理: inputLength=15
2026-03-26 22:03:04.851 [main] [] DEBUG c.t.rectagent.agent.SupervisorAgent - [16408e6bc6d643b5] 执行工具: data_analysis_agent, input=82
2026-03-26 22:03:04.851 [main] [] DEBUG c.t.rectagent.agent.SupervisorAgent - [16408e6bc6d643b5] 工具 data_analysis_agent 执行完成, outputLength=82
2026-03-26 22:03:04.851 [main] [] INFO  c.t.rectagent.agent.SupervisorAgent - [16408e6bc6d643b5] 任务完成
2026-03-26 22:03:04.851 [main] [] INFO  c.t.rectagent.agent.SupervisorAgent - [16408e6bc6d643b5] SupervisorAgent 处理完成: outputLength=82, 调用次数=1
2026-03-26 22:03:04.851 [main] [] INFO  c.t.rectagent.agent.SupervisorAgent - [8a5eb186c77446e7] SupervisorAgent 开始处理: inputLength=15
2026-03-26 22:03:04.851 [main] [] DEBUG c.t.rectagent.agent.SupervisorAgent - [8a5eb186c77446e7] 执行工具: data_analysis_agent, input=82
2026-03-26 22:03:04.851 [main] [] DEBUG c.t.rectagent.agent.SupervisorAgent - [8a5eb186c77446e7] 工具 data_analysis_agent 执行完成, outputLength=82
2026-03-26 22:03:04.851 [main] [] INFO  c.t.rectagent.agent.SupervisorAgent - [8a5eb186c77446e7] 任务完成
2026-03-26 22:03:04.851 [main] [] INFO  c.t.rectagent.agent.SupervisorAgent - [8a5eb186c77446e7] SupervisorAgent 处理完成: outputLength=82, 调用次数=1
2026-03-26 22:03:04.851 [main] [] INFO  c.t.rectagent.agent.SupervisorAgent - [d7d470582f4a41a3] SupervisorAgent 开始处理: inputLength=15
2026-03-26 22:03:04.851 [main] [] DEBUG c.t.rectagent.agent.SupervisorAgent - [d7d470582f4a41a3] 执行工具: data_analysis_agent, input=82
2026-03-26 22:03:04.851 [main] [] DEBUG c.t.rectagent.agent.SupervisorAgent - [d7d470582f4a41a3] 工具 data_analysis_agent 执行完成, outputLength=82
2026-03-26 22:03:04.851 [main] [] INFO  c.t.rectagent.agent.SupervisorAgent - [d7d470582f4a41a3] 任务完成
2026-03-26 22:03:04.851 [main] [] INFO  c.t.rectagent.agent.SupervisorAgent - [d7d470582f4a41a3] SupervisorAgent 处理完成: outputLength=82, 调用次数=1
2026-03-26 22:03:04.851 [main] [] INFO  c.t.rectagent.agent.SupervisorAgent - [33b40f989ada4eb0] SupervisorAgent 开始处理: inputLength=15
2026-03-26 22:03:04.851 [main] [] DEBUG c.t.rectagent.agent.SupervisorAgent - [33b40f989ada4eb0] 执行工具: data_analysis_agent, input=82
2026-03-26 22:03:04.851 [main] [] DEBUG c.t.rectagent.agent.SupervisorAgent - [33b40f989ada4eb0] 工具 data_analysis_agent 执行完成, outputLength=82
2026-03-26 22:03:04.851 [main] [] INFO  c.t.rectagent.agent.SupervisorAgent - [33b40f989ada4eb0] 任务完成
2026-03-26 22:03:04.851 [main] [] INFO  c.t.rectagent.agent.SupervisorAgent - [33b40f989ada4eb0] SupervisorAgent 处理完成: outputLength=82, 调用次数=1
2026-03-26 22:03:04.851 [main] [] INFO  c.t.rectagent.agent.SupervisorAgent - [cff9e4601f624fd8] SupervisorAgent 开始处理: inputLength=15
2026-03-26 22:03:04.851 [main] [] DEBUG c.t.rectagent.agent.SupervisorAgent - [cff9e4601f624fd8] 执行工具: data_analysis_agent, input=82
2026-03-26 22:03:04.851 [main] [] DEBUG c.t.rectagent.agent.SupervisorAgent - [cff9e4601f624fd8] 工具 data_analysis_agent 执行完成, outputLength=82
2026-03-26 22:03:04.851 [main] [] INFO  c.t.rectagent.agent.SupervisorAgent - [cff9e4601f624fd8] 任务完成
2026-03-26 22:03:04.851 [main] [] INFO  c.t.rectagent.agent.SupervisorAgent - [cff9e4601f624fd8] SupervisorAgent 处理完成: outputLength=82, 调用次数=1
2026-03-26 22:03:04.851 [main] [] INFO  c.t.rectagent.agent.SupervisorAgent - [242b6058c14241a9] SupervisorAgent 开始处理: inputLength=15
2026-03-26 22:03:04.851 [main] [] DEBUG c.t.rectagent.agent.SupervisorAgent - [242b6058c14241a9] 执行工具: data_analysis_agent, input=82
2026-03-26 22:03:04.851 [main] [] DEBUG c.t.rectagent.agent.SupervisorAgent - [242b6058c14241a9] 工具 data_analysis_agent 执行完成, outputLength=82
2026-03-26 22:03:04.851 [main] [] INFO  c.t.rectagent.agent.SupervisorAgent - [242b6058c14241a9] 任务完成
2026-03-26 22:03:04.851 [main] [] INFO  c.t.rectagent.agent.SupervisorAgent - [242b6058c14241a9] SupervisorAgent 处理完成: outputLength=82, 调用次数=1
2026-03-26 22:03:04.851 [main] [] INFO  c.t.rectagent.agent.SupervisorAgent - [310c62d396b8405a] SupervisorAgent 开始处理: inputLength=15
2026-03-26 22:03:04.851 [main] [] DEBUG c.t.rectagent.agent.SupervisorAgent - [310c62d396b8405a] 执行工具: data_analysis_agent, input=82
2026-03-26 22:03:04.851 [main] [] DEBUG c.t.rectagent.agent.SupervisorAgent - [310c62d396b8405a] 工具 data_analysis_agent 执行完成, outputLength=82
2026-03-26 22:03:04.853 [main] [] INFO  c.t.rectagent.agent.SupervisorAgent - [310c62d396b8405a] 任务完成
2026-03-26 22:03:04.853 [main] [] INFO  c.t.rectagent.agent.SupervisorAgent - [310c62d396b8405a] SupervisorAgent 处理完成: outputLength=82, 调用次数=1
2026-03-26 22:03:04.853 [main] [] INFO  c.t.rectagent.agent.SupervisorAgent - [861f512013f54cb9] SupervisorAgent 开始处理: inputLength=15
2026-03-26 22:03:04.853 [main] [] DEBUG c.t.rectagent.agent.SupervisorAgent - [861f512013f54cb9] 执行工具: data_analysis_agent, input=82
2026-03-26 22:03:04.853 [main] [] DEBUG c.t.rectagent.agent.SupervisorAgent - [861f512013f54cb9] 工具 data_analysis_agent 执行完成, outputLength=82
2026-03-26 22:03:04.853 [main] [] INFO  c.t.rectagent.agent.SupervisorAgent - [861f512013f54cb9] 任务完成
2026-03-26 22:03:04.853 [main] [] INFO  c.t.rectagent.agent.SupervisorAgent - [861f512013f54cb9] SupervisorAgent 处理完成: outputLength=82, 调用次数=1
2026-03-26 22:03:04.853 [main] [] INFO  c.t.rectagent.agent.SupervisorAgent - [32b812d97cf54a9b] SupervisorAgent 开始处理: inputLength=15
2026-03-26 22:03:04.853 [main] [] DEBUG c.t.rectagent.agent.SupervisorAgent - [32b812d97cf54a9b] 执行工具: data_analysis_agent, input=82
2026-03-26 22:03:04.853 [main] [] DEBUG c.t.rectagent.agent.SupervisorAgent - [32b812d97cf54a9b] 工具 data_analysis_agent 执行完成, outputLength=82
2026-03-26 22:03:04.853 [main] [] INFO  c.t.rectagent.agent.SupervisorAgent - [32b812d97cf54a9b] 任务完成
2026-03-26 22:03:04.853 [main] [] INFO  c.t.rectagent.agent.SupervisorAgent - [32b812d97cf54a9b] SupervisorAgent 处理完成: outputLength=82, 调用次数=1
2026-03-26 22:03:04.853 [main] [] INFO  c.t.rectagent.agent.SupervisorAgent - [76cb3d8244724f24] SupervisorAgent 开始处理: inputLength=15
2026-03-26 22:03:04.853 [main] [] DEBUG c.t.rectagent.agent.SupervisorAgent - [76cb3d8244724f24] 执行工具: data_analysis_agent, input=82
2026-03-26 22:03:04.853 [main] [] DEBUG c.t.rectagent.agent.SupervisorAgent - [76cb3d8244724f24] 工具 data_analysis_agent 执行完成, outputLength=82
2026-03-26 22:03:04.853 [main] [] INFO  c.t.rectagent.agent.SupervisorAgent - [76cb3d8244724f24] 任务完成
2026-03-26 22:03:04.853 [main] [] INFO  c.t.rectagent.agent.SupervisorAgent - [76cb3d8244724f24] SupervisorAgent 处理完成: outputLength=82, 调用次数=1
2026-03-26 22:03:04.853 [main] [] INFO  c.t.rectagent.agent.SupervisorAgent - [c1670ce40a824a5e] SupervisorAgent 开始处理: inputLength=15
2026-03-26 22:03:04.853 [main] [] DEBUG c.t.rectagent.agent.SupervisorAgent - [c1670ce40a824a5e] 执行工具: data_analysis_agent, input=82
2026-03-26 22:03:04.853 [main] [] DEBUG c.t.rectagent.agent.SupervisorAgent - [c1670ce40a824a5e] 工具 data_analysis_agent 执行完成, outputLength=82
2026-03-26 22:03:04.854 [main] [] INFO  c.t.rectagent.agent.SupervisorAgent - [c1670ce40a824a5e] 任务完成
2026-03-26 22:03:04.854 [main] [] INFO  c.t.rectagent.agent.SupervisorAgent - [c1670ce40a824a5e] SupervisorAgent 处理完成: outputLength=82, 调用次数=1
2026-03-26 22:03:04.854 [main] [] INFO  c.t.rectagent.agent.SupervisorAgent - [015856f3dbf943d1] SupervisorAgent 开始处理: inputLength=15
2026-03-26 22:03:04.854 [main] [] DEBUG c.t.rectagent.agent.SupervisorAgent - [015856f3dbf943d1] 执行工具: data_analysis_agent, input=82
2026-03-26 22:03:04.854 [main] [] DEBUG c.t.rectagent.agent.SupervisorAgent - [015856f3dbf943d1] 工具 data_analysis_agent 执行完成, outputLength=82
2026-03-26 22:03:04.854 [main] [] INFO  c.t.rectagent.agent.SupervisorAgent - [015856f3dbf943d1] 任务完成
2026-03-26 22:03:04.854 [main] [] INFO  c.t.rectagent.agent.SupervisorAgent - [015856f3dbf943d1] SupervisorAgent 处理完成: outputLength=82, 调用次数=1
2026-03-26 22:03:04.854 [main] [] INFO  c.t.rectagent.agent.SupervisorAgent - [e15988c3660c4e9e] SupervisorAgent 开始处理: inputLength=15
2026-03-26 22:03:04.854 [main] [] DEBUG c.t.rectagent.agent.SupervisorAgent - [e15988c3660c4e9e] 执行工具: data_analysis_agent, input=82
2026-03-26 22:03:04.854 [main] [] DEBUG c.t.rectagent.agent.SupervisorAgent - [e15988c3660c4e9e] 工具 data_analysis_agent 执行完成, outputLength=82
2026-03-26 22:03:04.854 [main] [] INFO  c.t.rectagent.agent.SupervisorAgent - [e15988c3660c4e9e] 任务完成
2026-03-26 22:03:04.854 [main] [] INFO  c.t.rectagent.agent.SupervisorAgent - [e15988c3660c4e9e] SupervisorAgent 处理完成: outputLength=82, 调用次数=1
2026-03-26 22:03:04.854 [main] [] INFO  c.t.rectagent.agent.SupervisorAgent - [df11f3475546416f] SupervisorAgent 开始处理: inputLength=15
2026-03-26 22:03:04.854 [main] [] DEBUG c.t.rectagent.agent.SupervisorAgent - [df11f3475546416f] 执行工具: data_analysis_agent, input=82
2026-03-26 22:03:04.854 [main] [] DEBUG c.t.rectagent.agent.SupervisorAgent - [df11f3475546416f] 工具 data_analysis_agent 执行完成, outputLength=82
2026-03-26 22:03:04.854 [main] [] INFO  c.t.rectagent.agent.SupervisorAgent - [df11f3475546416f] 任务完成
2026-03-26 22:03:04.854 [main] [] INFO  c.t.rectagent.agent.SupervisorAgent - [df11f3475546416f] SupervisorAgent 处理完成: outputLength=82, 调用次数=1
2026-03-26 22:03:04.854 [main] [] INFO  c.t.rectagent.agent.SupervisorAgent - [bbe6836ce6c446ed] SupervisorAgent 开始处理: inputLength=15
2026-03-26 22:03:04.854 [main] [] DEBUG c.t.rectagent.agent.SupervisorAgent - [bbe6836ce6c446ed] 执行工具: data_analysis_agent, input=82
2026-03-26 22:03:04.854 [main] [] DEBUG c.t.rectagent.agent.SupervisorAgent - [bbe6836ce6c446ed] 工具 data_analysis_agent 执行完成, outputLength=82
2026-03-26 22:03:04.854 [main] [] INFO  c.t.rectagent.agent.SupervisorAgent - [bbe6836ce6c446ed] 任务完成
2026-03-26 22:03:04.854 [main] [] INFO  c.t.rectagent.agent.SupervisorAgent - [bbe6836ce6c446ed] SupervisorAgent 处理完成: outputLength=82, 调用次数=1
2026-03-26 22:03:04.854 [main] [] INFO  c.t.rectagent.agent.SupervisorAgent - [efbcfebd48fa4736] SupervisorAgent 开始处理: inputLength=15
2026-03-26 22:03:04.854 [main] [] DEBUG c.t.rectagent.agent.SupervisorAgent - [efbcfebd48fa4736] 执行工具: data_analysis_agent, input=82
2026-03-26 22:03:04.854 [main] [] DEBUG c.t.rectagent.agent.SupervisorAgent - [efbcfebd48fa4736] 工具 data_analysis_agent 执行完成, outputLength=82
2026-03-26 22:03:04.854 [main] [] INFO  c.t.rectagent.agent.SupervisorAgent - [efbcfebd48fa4736] 任务完成
2026-03-26 22:03:04.854 [main] [] INFO  c.t.rectagent.agent.SupervisorAgent - [efbcfebd48fa4736] SupervisorAgent 处理完成: outputLength=82, 调用次数=1
2026-03-26 22:03:04.854 [main] [] INFO  c.t.rectagent.agent.SupervisorAgent - [866100e7f6014221] SupervisorAgent 开始处理: inputLength=15
2026-03-26 22:03:04.854 [main] [] DEBUG c.t.rectagent.agent.SupervisorAgent - [866100e7f6014221] 执行工具: data_analysis_agent, input=82
2026-03-26 22:03:04.854 [main] [] DEBUG c.t.rectagent.agent.SupervisorAgent - [866100e7f6014221] 工具 data_analysis_agent 执行完成, outputLength=82
2026-03-26 22:03:04.854 [main] [] INFO  c.t.rectagent.agent.SupervisorAgent - [866100e7f6014221] 任务完成
2026-03-26 22:03:04.854 [main] [] INFO  c.t.rectagent.agent.SupervisorAgent - [866100e7f6014221] SupervisorAgent 处理完成: outputLength=82, 调用次数=1
2026-03-26 22:03:04.854 [main] [] INFO  c.t.rectagent.agent.SupervisorAgent - [09b4f1057b3c4e1a] SupervisorAgent 开始处理: inputLength=15
2026-03-26 22:03:04.854 [main] [] DEBUG c.t.rectagent.agent.SupervisorAgent - [09b4f1057b3c4e1a] 执行工具: data_analysis_agent, input=82
2026-03-26 22:03:04.854 [main] [] DEBUG c.t.rectagent.agent.SupervisorAgent - [09b4f1057b3c4e1a] 工具 data_analysis_agent 执行完成, outputLength=82
2026-03-26 22:03:04.854 [main] [] INFO  c.t.rectagent.agent.SupervisorAgent - [09b4f1057b3c4e1a] 任务完成
2026-03-26 22:03:04.854 [main] [] INFO  c.t.rectagent.agent.SupervisorAgent - [09b4f1057b3c4e1a] SupervisorAgent 处理完成: outputLength=82, 调用次数=1
2026-03-26 22:03:04.854 [main] [] INFO  c.t.rectagent.agent.SupervisorAgent - [bd65d9505bfe4837] SupervisorAgent 开始处理: inputLength=15
2026-03-26 22:03:04.854 [main] [] DEBUG c.t.rectagent.agent.SupervisorAgent - [bd65d9505bfe4837] 执行工具: data_analysis_agent, input=82
2026-03-26 22:03:04.854 [main] [] DEBUG c.t.rectagent.agent.SupervisorAgent - [bd65d9505bfe4837] 工具 data_analysis_agent 执行完成, outputLength=82
2026-03-26 22:03:04.854 [main] [] INFO  c.t.rectagent.agent.SupervisorAgent - [bd65d9505bfe4837] 任务完成
2026-03-26 22:03:04.854 [main] [] INFO  c.t.rectagent.agent.SupervisorAgent - [bd65d9505bfe4837] SupervisorAgent 处理完成: outputLength=82, 调用次数=1
2026-03-26 22:03:04.854 [main] [] INFO  c.t.rectagent.agent.SupervisorAgent - [c36e876fcd7740e5] SupervisorAgent 开始处理: inputLength=15
2026-03-26 22:03:04.854 [main] [] DEBUG c.t.rectagent.agent.SupervisorAgent - [c36e876fcd7740e5] 执行工具: data_analysis_agent, input=82
2026-03-26 22:03:04.854 [main] [] DEBUG c.t.rectagent.agent.SupervisorAgent - [c36e876fcd7740e5] 工具 data_analysis_agent 执行完成, outputLength=82
2026-03-26 22:03:04.854 [main] [] INFO  c.t.rectagent.agent.SupervisorAgent - [c36e876fcd7740e5] 任务完成
2026-03-26 22:03:04.854 [main] [] INFO  c.t.rectagent.agent.SupervisorAgent - [c36e876fcd7740e5] SupervisorAgent 处理完成: outputLength=82, 调用次数=1
2026-03-26 22:03:04.854 [main] [] INFO  c.t.rectagent.agent.SupervisorAgent - [f3eb825e4e664131] SupervisorAgent 开始处理: inputLength=15
2026-03-26 22:03:04.854 [main] [] DEBUG c.t.rectagent.agent.SupervisorAgent - [f3eb825e4e664131] 执行工具: data_analysis_agent, input=82
2026-03-26 22:03:04.854 [main] [] DEBUG c.t.rectagent.agent.SupervisorAgent - [f3eb825e4e664131] 工具 data_analysis_agent 执行完成, outputLength=82
2026-03-26 22:03:04.854 [main] [] INFO  c.t.rectagent.agent.SupervisorAgent - [f3eb825e4e664131] 任务完成
2026-03-26 22:03:04.854 [main] [] INFO  c.t.rectagent.agent.SupervisorAgent - [f3eb825e4e664131] SupervisorAgent 处理完成: outputLength=82, 调用次数=1
2026-03-26 22:03:04.854 [main] [] INFO  c.t.rectagent.agent.SupervisorAgent - [232a2d79a0a04b41] SupervisorAgent 开始处理: inputLength=15
2026-03-26 22:03:04.854 [main] [] DEBUG c.t.rectagent.agent.SupervisorAgent - [232a2d79a0a04b41] 执行工具: data_analysis_agent, input=82
2026-03-26 22:03:04.854 [main] [] DEBUG c.t.rectagent.agent.SupervisorAgent - [232a2d79a0a04b41] 工具 data_analysis_agent 执行完成, outputLength=82
2026-03-26 22:03:04.854 [main] [] INFO  c.t.rectagent.agent.SupervisorAgent - [232a2d79a0a04b41] 任务完成
2026-03-26 22:03:04.854 [main] [] INFO  c.t.rectagent.agent.SupervisorAgent - [232a2d79a0a04b41] SupervisorAgent 处理完成: outputLength=82, 调用次数=1
Single invocation avg latency: 0.204 ms
2026-03-26 22:03:04.859 [main] [] DEBUG c.t.r.agent.AgentToolRegistry - 注册工具: name=intent_recognition_agent, description=用户意图识别工具
2026-03-26 22:03:04.859 [main] [] DEBUG c.t.r.agent.AgentToolRegistry - 注册工具: name=data_analysis_agent, description=数据安全分析工具
2026-03-26 22:03:04.867 [pool-3-thread-1] [] INFO  c.t.rectagent.agent.SupervisorAgent - [542b540f50ed4a73] SupervisorAgent 开始处理: inputLength=11
2026-03-26 22:03:04.867 [pool-3-thread-1] [] DEBUG c.t.rectagent.agent.SupervisorAgent - [542b540f50ed4a73] 执行工具: data_analysis_agent, input=78
2026-03-26 22:03:04.867 [pool-3-thread-1] [] DEBUG c.t.rectagent.agent.SupervisorAgent - [542b540f50ed4a73] 工具 data_analysis_agent 执行完成, outputLength=78
2026-03-26 22:03:04.867 [pool-3-thread-1] [] INFO  c.t.rectagent.agent.SupervisorAgent - [542b540f50ed4a73] 任务完成
2026-03-26 22:03:04.867 [pool-3-thread-1] [] INFO  c.t.rectagent.agent.SupervisorAgent - [542b540f50ed4a73] SupervisorAgent 处理完成: outputLength=78, 调用次数=1
2026-03-26 22:03:04.867 [pool-3-thread-1] [] INFO  c.t.rectagent.agent.SupervisorAgent - [06bbaa3887204baf] SupervisorAgent 开始处理: inputLength=11
2026-03-26 22:03:04.867 [pool-3-thread-3] [] INFO  c.t.rectagent.agent.SupervisorAgent - [a6ede88dd5a144e6] SupervisorAgent 开始处理: inputLength=11
2026-03-26 22:03:04.867 [pool-3-thread-1] [] DEBUG c.t.rectagent.agent.SupervisorAgent - [06bbaa3887204baf] 执行工具: data_analysis_agent, input=78
2026-03-26 22:03:04.867 [pool-3-thread-1] [] DEBUG c.t.rectagent.agent.SupervisorAgent - [06bbaa3887204baf] 工具 data_analysis_agent 执行完成, outputLength=78
2026-03-26 22:03:04.867 [pool-3-thread-3] [] DEBUG c.t.rectagent.agent.SupervisorAgent - [a6ede88dd5a144e6] 执行工具: data_analysis_agent, input=78
2026-03-26 22:03:04.867 [pool-3-thread-1] [] INFO  c.t.rectagent.agent.SupervisorAgent - [06bbaa3887204baf] 任务完成
2026-03-26 22:03:04.867 [pool-3-thread-1] [] INFO  c.t.rectagent.agent.SupervisorAgent - [06bbaa3887204baf] SupervisorAgent 处理完成: outputLength=78, 调用次数=1
2026-03-26 22:03:04.867 [pool-3-thread-3] [] DEBUG c.t.rectagent.agent.SupervisorAgent - [a6ede88dd5a144e6] 工具 data_analysis_agent 执行完成, outputLength=78
2026-03-26 22:03:04.867 [pool-3-thread-3] [] INFO  c.t.rectagent.agent.SupervisorAgent - [a6ede88dd5a144e6] 任务完成
2026-03-26 22:03:04.867 [pool-3-thread-3] [] INFO  c.t.rectagent.agent.SupervisorAgent - [a6ede88dd5a144e6] SupervisorAgent 处理完成: outputLength=78, 调用次数=1
2026-03-26 22:03:04.867 [pool-3-thread-3] [] INFO  c.t.rectagent.agent.SupervisorAgent - [e3050551cb384d30] SupervisorAgent 开始处理: inputLength=11
2026-03-26 22:03:04.867 [pool-3-thread-3] [] DEBUG c.t.rectagent.agent.SupervisorAgent - [e3050551cb384d30] 执行工具: data_analysis_agent, input=78
2026-03-26 22:03:04.867 [pool-3-thread-3] [] DEBUG c.t.rectagent.agent.SupervisorAgent - [e3050551cb384d30] 工具 data_analysis_agent 执行完成, outputLength=78
2026-03-26 22:03:04.867 [pool-3-thread-1] [] INFO  c.t.rectagent.agent.SupervisorAgent - [9e45f11f9ffe40b3] SupervisorAgent 开始处理: inputLength=11
2026-03-26 22:03:04.867 [pool-3-thread-3] [] INFO  c.t.rectagent.agent.SupervisorAgent - [e3050551cb384d30] 任务完成
2026-03-26 22:03:04.867 [pool-3-thread-3] [] INFO  c.t.rectagent.agent.SupervisorAgent - [e3050551cb384d30] SupervisorAgent 处理完成: outputLength=78, 调用次数=1
2026-03-26 22:03:04.867 [pool-3-thread-1] [] DEBUG c.t.rectagent.agent.SupervisorAgent - [9e45f11f9ffe40b3] 执行工具: data_analysis_agent, input=78
2026-03-26 22:03:04.867 [pool-3-thread-1] [] DEBUG c.t.rectagent.agent.SupervisorAgent - [9e45f11f9ffe40b3] 工具 data_analysis_agent 执行完成, outputLength=78
2026-03-26 22:03:04.867 [pool-3-thread-3] [] INFO  c.t.rectagent.agent.SupervisorAgent - [48564c13aadb4db4] SupervisorAgent 开始处理: inputLength=11
2026-03-26 22:03:04.867 [pool-3-thread-1] [] INFO  c.t.rectagent.agent.SupervisorAgent - [9e45f11f9ffe40b3] 任务完成
2026-03-26 22:03:04.867 [pool-3-thread-3] [] DEBUG c.t.rectagent.agent.SupervisorAgent - [48564c13aadb4db4] 执行工具: data_analysis_agent, input=78
2026-03-26 22:03:04.867 [pool-3-thread-1] [] INFO  c.t.rectagent.agent.SupervisorAgent - [9e45f11f9ffe40b3] SupervisorAgent 处理完成: outputLength=78, 调用次数=1
2026-03-26 22:03:04.867 [pool-3-thread-3] [] DEBUG c.t.rectagent.agent.SupervisorAgent - [48564c13aadb4db4] 工具 data_analysis_agent 执行完成, outputLength=78
2026-03-26 22:03:04.867 [pool-3-thread-3] [] INFO  c.t.rectagent.agent.SupervisorAgent - [48564c13aadb4db4] 任务完成
2026-03-26 22:03:04.867 [pool-3-thread-3] [] INFO  c.t.rectagent.agent.SupervisorAgent - [48564c13aadb4db4] SupervisorAgent 处理完成: outputLength=78, 调用次数=1
2026-03-26 22:03:04.867 [pool-3-thread-1] [] INFO  c.t.rectagent.agent.SupervisorAgent - [d63ae7cc96164780] SupervisorAgent 开始处理: inputLength=11
2026-03-26 22:03:04.867 [pool-3-thread-1] [] DEBUG c.t.rectagent.agent.SupervisorAgent - [d63ae7cc96164780] 执行工具: data_analysis_agent, input=78
2026-03-26 22:03:04.867 [pool-3-thread-1] [] DEBUG c.t.rectagent.agent.SupervisorAgent - [d63ae7cc96164780] 工具 data_analysis_agent 执行完成, outputLength=78
2026-03-26 22:03:04.867 [pool-3-thread-3] [] INFO  c.t.rectagent.agent.SupervisorAgent - [20efb3f50ec44792] SupervisorAgent 开始处理: inputLength=11
2026-03-26 22:03:04.867 [pool-3-thread-1] [] INFO  c.t.rectagent.agent.SupervisorAgent - [d63ae7cc96164780] 任务完成
2026-03-26 22:03:04.867 [pool-3-thread-3] [] DEBUG c.t.rectagent.agent.SupervisorAgent - [20efb3f50ec44792] 执行工具: data_analysis_agent, input=78
2026-03-26 22:03:04.867 [pool-3-thread-1] [] INFO  c.t.rectagent.agent.SupervisorAgent - [d63ae7cc96164780] SupervisorAgent 处理完成: outputLength=78, 调用次数=1
2026-03-26 22:03:04.867 [pool-3-thread-3] [] DEBUG c.t.rectagent.agent.SupervisorAgent - [20efb3f50ec44792] 工具 data_analysis_agent 执行完成, outputLength=78
2026-03-26 22:03:04.867 [pool-3-thread-4] [] INFO  c.t.rectagent.agent.SupervisorAgent - [3c1bb0369cb24c7f] SupervisorAgent 开始处理: inputLength=11
2026-03-26 22:03:04.867 [pool-3-thread-3] [] INFO  c.t.rectagent.agent.SupervisorAgent - [20efb3f50ec44792] 任务完成
2026-03-26 22:03:04.867 [pool-3-thread-1] [] INFO  c.t.rectagent.agent.SupervisorAgent - [92dc459f1d114151] SupervisorAgent 开始处理: inputLength=11
2026-03-26 22:03:04.867 [pool-3-thread-4] [] DEBUG c.t.rectagent.agent.SupervisorAgent - [3c1bb0369cb24c7f] 执行工具: data_analysis_agent, input=78
2026-03-26 22:03:04.867 [pool-3-thread-3] [] INFO  c.t.rectagent.agent.SupervisorAgent - [20efb3f50ec44792] SupervisorAgent 处理完成: outputLength=78, 调用次数=1
2026-03-26 22:03:04.867 [pool-3-thread-1] [] DEBUG c.t.rectagent.agent.SupervisorAgent - [92dc459f1d114151] 执行工具: data_analysis_agent, input=78
2026-03-26 22:03:04.867 [pool-3-thread-1] [] DEBUG c.t.rectagent.agent.SupervisorAgent - [92dc459f1d114151] 工具 data_analysis_agent 执行完成, outputLength=78
2026-03-26 22:03:04.867 [pool-3-thread-1] [] INFO  c.t.rectagent.agent.SupervisorAgent - [92dc459f1d114151] 任务完成
2026-03-26 22:03:04.867 [pool-3-thread-1] [] INFO  c.t.rectagent.agent.SupervisorAgent - [92dc459f1d114151] SupervisorAgent 处理完成: outputLength=78, 调用次数=1
2026-03-26 22:03:04.867 [pool-3-thread-3] [] INFO  c.t.rectagent.agent.SupervisorAgent - [6a70819dacae4bd2] SupervisorAgent 开始处理: inputLength=11
2026-03-26 22:03:04.867 [pool-3-thread-5] [] INFO  c.t.rectagent.agent.SupervisorAgent - [4b68f4eb35ff4064] SupervisorAgent 开始处理: inputLength=11
2026-03-26 22:03:04.869 [pool-3-thread-3] [] DEBUG c.t.rectagent.agent.SupervisorAgent - [6a70819dacae4bd2] 执行工具: data_analysis_agent, input=78
2026-03-26 22:03:04.869 [pool-3-thread-5] [] DEBUG c.t.rectagent.agent.SupervisorAgent - [4b68f4eb35ff4064] 执行工具: data_analysis_agent, input=78
2026-03-26 22:03:04.869 [pool-3-thread-3] [] DEBUG c.t.rectagent.agent.SupervisorAgent - [6a70819dacae4bd2] 工具 data_analysis_agent 执行完成, outputLength=78
2026-03-26 22:03:04.869 [pool-3-thread-5] [] DEBUG c.t.rectagent.agent.SupervisorAgent - [4b68f4eb35ff4064] 工具 data_analysis_agent 执行完成, outputLength=78
2026-03-26 22:03:04.869 [pool-3-thread-3] [] INFO  c.t.rectagent.agent.SupervisorAgent - [6a70819dacae4bd2] 任务完成
2026-03-26 22:03:04.869 [pool-3-thread-1] [] INFO  c.t.rectagent.agent.SupervisorAgent - [7d2c913211dd4ede] SupervisorAgent 开始处理: inputLength=11
2026-03-26 22:03:04.869 [pool-3-thread-5] [] INFO  c.t.rectagent.agent.SupervisorAgent - [4b68f4eb35ff4064] 任务完成
2026-03-26 22:03:04.869 [pool-3-thread-3] [] INFO  c.t.rectagent.agent.SupervisorAgent - [6a70819dacae4bd2] SupervisorAgent 处理完成: outputLength=78, 调用次数=1
2026-03-26 22:03:04.869 [pool-3-thread-1] [] DEBUG c.t.rectagent.agent.SupervisorAgent - [7d2c913211dd4ede] 执行工具: data_analysis_agent, input=78
2026-03-26 22:03:04.869 [pool-3-thread-5] [] INFO  c.t.rectagent.agent.SupervisorAgent - [4b68f4eb35ff4064] SupervisorAgent 处理完成: outputLength=78, 调用次数=1
2026-03-26 22:03:04.869 [pool-3-thread-1] [] DEBUG c.t.rectagent.agent.SupervisorAgent - [7d2c913211dd4ede] 工具 data_analysis_agent 执行完成, outputLength=78
2026-03-26 22:03:04.867 [pool-3-thread-4] [] DEBUG c.t.rectagent.agent.SupervisorAgent - [3c1bb0369cb24c7f] 工具 data_analysis_agent 执行完成, outputLength=78
2026-03-26 22:03:04.869 [pool-3-thread-1] [] INFO  c.t.rectagent.agent.SupervisorAgent - [7d2c913211dd4ede] 任务完成
2026-03-26 22:03:04.869 [pool-3-thread-3] [] INFO  c.t.rectagent.agent.SupervisorAgent - [c47fc98403954b74] SupervisorAgent 开始处理: inputLength=11
2026-03-26 22:03:04.869 [pool-3-thread-4] [] INFO  c.t.rectagent.agent.SupervisorAgent - [3c1bb0369cb24c7f] 任务完成
2026-03-26 22:03:04.869 [pool-3-thread-3] [] DEBUG c.t.rectagent.agent.SupervisorAgent - [c47fc98403954b74] 执行工具: data_analysis_agent, input=78
2026-03-26 22:03:04.869 [pool-3-thread-4] [] INFO  c.t.rectagent.agent.SupervisorAgent - [3c1bb0369cb24c7f] SupervisorAgent 处理完成: outputLength=78, 调用次数=1
2026-03-26 22:03:04.869 [pool-3-thread-3] [] DEBUG c.t.rectagent.agent.SupervisorAgent - [c47fc98403954b74] 工具 data_analysis_agent 执行完成, outputLength=78
2026-03-26 22:03:04.869 [pool-3-thread-1] [] INFO  c.t.rectagent.agent.SupervisorAgent - [7d2c913211dd4ede] SupervisorAgent 处理完成: outputLength=78, 调用次数=1
2026-03-26 22:03:04.869 [pool-3-thread-4] [] INFO  c.t.rectagent.agent.SupervisorAgent - [d6ef3d9d57864179] SupervisorAgent 开始处理: inputLength=11
2026-03-26 22:03:04.869 [pool-3-thread-5] [] INFO  c.t.rectagent.agent.SupervisorAgent - [e8920018fc344ce6] SupervisorAgent 开始处理: inputLength=11
2026-03-26 22:03:04.869 [pool-3-thread-4] [] DEBUG c.t.rectagent.agent.SupervisorAgent - [d6ef3d9d57864179] 执行工具: data_analysis_agent, input=78
2026-03-26 22:03:04.869 [pool-3-thread-3] [] INFO  c.t.rectagent.agent.SupervisorAgent - [c47fc98403954b74] 任务完成
2026-03-26 22:03:04.869 [pool-3-thread-1] [] INFO  c.t.rectagent.agent.SupervisorAgent - [dd9ac034b77d4f89] SupervisorAgent 开始处理: inputLength=11
2026-03-26 22:03:04.869 [pool-3-thread-3] [] INFO  c.t.rectagent.agent.SupervisorAgent - [c47fc98403954b74] SupervisorAgent 处理完成: outputLength=78, 调用次数=1
2026-03-26 22:03:04.869 [pool-3-thread-4] [] DEBUG c.t.rectagent.agent.SupervisorAgent - [d6ef3d9d57864179] 工具 data_analysis_agent 执行完成, outputLength=78
2026-03-26 22:03:04.869 [pool-3-thread-1] [] DEBUG c.t.rectagent.agent.SupervisorAgent - [dd9ac034b77d4f89] 执行工具: data_analysis_agent, input=78
2026-03-26 22:03:04.869 [pool-3-thread-1] [] DEBUG c.t.rectagent.agent.SupervisorAgent - [dd9ac034b77d4f89] 工具 data_analysis_agent 执行完成, outputLength=78
2026-03-26 22:03:04.869 [pool-3-thread-1] [] INFO  c.t.rectagent.agent.SupervisorAgent - [dd9ac034b77d4f89] 任务完成
2026-03-26 22:03:04.869 [pool-3-thread-5] [] DEBUG c.t.rectagent.agent.SupervisorAgent - [e8920018fc344ce6] 执行工具: data_analysis_agent, input=78
2026-03-26 22:03:04.869 [pool-3-thread-4] [] INFO  c.t.rectagent.agent.SupervisorAgent - [d6ef3d9d57864179] 任务完成
2026-03-26 22:03:04.869 [pool-3-thread-2] [] INFO  c.t.rectagent.agent.SupervisorAgent - [a0efc1c7ee6040e6] SupervisorAgent 开始处理: inputLength=11
2026-03-26 22:03:04.869 [pool-3-thread-2] [] DEBUG c.t.rectagent.agent.SupervisorAgent - [a0efc1c7ee6040e6] 执行工具: data_analysis_agent, input=78
2026-03-26 22:03:04.869 [pool-3-thread-2] [] DEBUG c.t.rectagent.agent.SupervisorAgent - [a0efc1c7ee6040e6] 工具 data_analysis_agent 执行完成, outputLength=78
2026-03-26 22:03:04.869 [pool-3-thread-4] [] INFO  c.t.rectagent.agent.SupervisorAgent - [d6ef3d9d57864179] SupervisorAgent 处理完成: outputLength=78, 调用次数=1
2026-03-26 22:03:04.869 [pool-3-thread-1] [] INFO  c.t.rectagent.agent.SupervisorAgent - [dd9ac034b77d4f89] SupervisorAgent 处理完成: outputLength=78, 调用次数=1
2026-03-26 22:03:04.869 [pool-3-thread-3] [] INFO  c.t.rectagent.agent.SupervisorAgent - [5f03522b23694c1d] SupervisorAgent 开始处理: inputLength=11
2026-03-26 22:03:04.869 [pool-3-thread-1] [] INFO  c.t.rectagent.agent.SupervisorAgent - [d3b9de44471646a1] SupervisorAgent 开始处理: inputLength=11
2026-03-26 22:03:04.869 [pool-3-thread-5] [] DEBUG c.t.rectagent.agent.SupervisorAgent - [e8920018fc344ce6] 工具 data_analysis_agent 执行完成, outputLength=78
2026-03-26 22:03:04.869 [pool-3-thread-1] [] DEBUG c.t.rectagent.agent.SupervisorAgent - [d3b9de44471646a1] 执行工具: data_analysis_agent, input=78
2026-03-26 22:03:04.869 [pool-3-thread-1] [] DEBUG c.t.rectagent.agent.SupervisorAgent - [d3b9de44471646a1] 工具 data_analysis_agent 执行完成, outputLength=78
2026-03-26 22:03:04.869 [pool-3-thread-5] [] INFO  c.t.rectagent.agent.SupervisorAgent - [e8920018fc344ce6] 任务完成
2026-03-26 22:03:04.869 [pool-3-thread-5] [] INFO  c.t.rectagent.agent.SupervisorAgent - [e8920018fc344ce6] SupervisorAgent 处理完成: outputLength=78, 调用次数=1
2026-03-26 22:03:04.869 [pool-3-thread-2] [] INFO  c.t.rectagent.agent.SupervisorAgent - [a0efc1c7ee6040e6] 任务完成
2026-03-26 22:03:04.869 [pool-3-thread-2] [] INFO  c.t.rectagent.agent.SupervisorAgent - [a0efc1c7ee6040e6] SupervisorAgent 处理完成: outputLength=78, 调用次数=1
2026-03-26 22:03:04.869 [pool-3-thread-4] [] INFO  c.t.rectagent.agent.SupervisorAgent - [edb3985dd0bf49a2] SupervisorAgent 开始处理: inputLength=11
2026-03-26 22:03:04.869 [pool-3-thread-3] [] DEBUG c.t.rectagent.agent.SupervisorAgent - [5f03522b23694c1d] 执行工具: data_analysis_agent, input=78
2026-03-26 22:03:04.869 [pool-3-thread-1] [] INFO  c.t.rectagent.agent.SupervisorAgent - [d3b9de44471646a1] 任务完成
2026-03-26 22:03:04.870 [pool-3-thread-3] [] DEBUG c.t.rectagent.agent.SupervisorAgent - [5f03522b23694c1d] 工具 data_analysis_agent 执行完成, outputLength=78
2026-03-26 22:03:04.870 [pool-3-thread-5] [] INFO  c.t.rectagent.agent.SupervisorAgent - [0e7c513aea0240a6] SupervisorAgent 开始处理: inputLength=11
2026-03-26 22:03:04.870 [pool-3-thread-4] [] DEBUG c.t.rectagent.agent.SupervisorAgent - [edb3985dd0bf49a2] 执行工具: data_analysis_agent, input=78
2026-03-26 22:03:04.870 [pool-3-thread-3] [] INFO  c.t.rectagent.agent.SupervisorAgent - [5f03522b23694c1d] 任务完成
2026-03-26 22:03:04.870 [pool-3-thread-3] [] INFO  c.t.rectagent.agent.SupervisorAgent - [5f03522b23694c1d] SupervisorAgent 处理完成: outputLength=78, 调用次数=1
2026-03-26 22:03:04.870 [pool-3-thread-1] [] INFO  c.t.rectagent.agent.SupervisorAgent - [d3b9de44471646a1] SupervisorAgent 处理完成: outputLength=78, 调用次数=1
2026-03-26 22:03:04.870 [pool-3-thread-4] [] DEBUG c.t.rectagent.agent.SupervisorAgent - [edb3985dd0bf49a2] 工具 data_analysis_agent 执行完成, outputLength=78
2026-03-26 22:03:04.870 [pool-3-thread-2] [] INFO  c.t.rectagent.agent.SupervisorAgent - [07e7e8be8837466d] SupervisorAgent 开始处理: inputLength=11
2026-03-26 22:03:04.870 [pool-3-thread-4] [] INFO  c.t.rectagent.agent.SupervisorAgent - [edb3985dd0bf49a2] 任务完成
2026-03-26 22:03:04.870 [pool-3-thread-6] [] INFO  c.t.rectagent.agent.SupervisorAgent - [bf981a342d6b4965] SupervisorAgent 开始处理: inputLength=11
2026-03-26 22:03:04.870 [pool-3-thread-3] [] INFO  c.t.rectagent.agent.SupervisorAgent - [748757f62f4645f9] SupervisorAgent 开始处理: inputLength=11
2026-03-26 22:03:04.870 [pool-3-thread-1] [] INFO  c.t.rectagent.agent.SupervisorAgent - [b218ba6671674882] SupervisorAgent 开始处理: inputLength=11
2026-03-26 22:03:04.870 [pool-3-thread-3] [] DEBUG c.t.rectagent.agent.SupervisorAgent - [748757f62f4645f9] 执行工具: data_analysis_agent, input=78
2026-03-26 22:03:04.870 [pool-3-thread-4] [] INFO  c.t.rectagent.agent.SupervisorAgent - [edb3985dd0bf49a2] SupervisorAgent 处理完成: outputLength=78, 调用次数=1
2026-03-26 22:03:04.870 [pool-3-thread-1] [] DEBUG c.t.rectagent.agent.SupervisorAgent - [b218ba6671674882] 执行工具: intent_recognition_agent, input=83
2026-03-26 22:03:04.870 [pool-3-thread-2] [] DEBUG c.t.rectagent.agent.SupervisorAgent - [07e7e8be8837466d] 执行工具: data_analysis_agent, input=78
2026-03-26 22:03:04.870 [pool-3-thread-1] [] DEBUG c.t.rectagent.agent.SupervisorAgent - [b218ba6671674882] 工具 intent_recognition_agent 执行完成, outputLength=83
2026-03-26 22:03:04.870 [pool-3-thread-6] [] DEBUG c.t.rectagent.agent.SupervisorAgent - [bf981a342d6b4965] 执行工具: data_analysis_agent, input=78
2026-03-26 22:03:04.870 [pool-3-thread-3] [] DEBUG c.t.rectagent.agent.SupervisorAgent - [748757f62f4645f9] 工具 data_analysis_agent 执行完成, outputLength=78
2026-03-26 22:03:04.870 [pool-3-thread-5] [] DEBUG c.t.rectagent.agent.SupervisorAgent - [0e7c513aea0240a6] 执行工具: data_analysis_agent, input=78
2026-03-26 22:03:04.870 [pool-3-thread-3] [] INFO  c.t.rectagent.agent.SupervisorAgent - [748757f62f4645f9] 任务完成
2026-03-26 22:03:04.870 [pool-3-thread-5] [] DEBUG c.t.rectagent.agent.SupervisorAgent - [0e7c513aea0240a6] 工具 data_analysis_agent 执行完成, outputLength=78
2026-03-26 22:03:04.870 [pool-3-thread-5] [] INFO  c.t.rectagent.agent.SupervisorAgent - [0e7c513aea0240a6] 任务完成
2026-03-26 22:03:04.870 [pool-3-thread-5] [] INFO  c.t.rectagent.agent.SupervisorAgent - [0e7c513aea0240a6] SupervisorAgent 处理完成: outputLength=78, 调用次数=1
2026-03-26 22:03:04.870 [pool-3-thread-3] [] INFO  c.t.rectagent.agent.SupervisorAgent - [748757f62f4645f9] SupervisorAgent 处理完成: outputLength=78, 调用次数=1
2026-03-26 22:03:04.870 [pool-3-thread-2] [] DEBUG c.t.rectagent.agent.SupervisorAgent - [07e7e8be8837466d] 工具 data_analysis_agent 执行完成, outputLength=78
2026-03-26 22:03:04.870 [pool-3-thread-1] [] INFO  c.t.rectagent.agent.SupervisorAgent - [b218ba6671674882] 任务完成
2026-03-26 22:03:04.870 [pool-3-thread-5] [] INFO  c.t.rectagent.agent.SupervisorAgent - [4fb196ba60ca4f80] SupervisorAgent 开始处理: inputLength=11
2026-03-26 22:03:04.870 [pool-3-thread-8] [] INFO  c.t.rectagent.agent.SupervisorAgent - [f14d2a5deb4c4c7d] SupervisorAgent 开始处理: inputLength=11
2026-03-26 22:03:04.870 [pool-3-thread-5] [] DEBUG c.t.rectagent.agent.SupervisorAgent - [4fb196ba60ca4f80] 执行工具: data_analysis_agent, input=78
2026-03-26 22:03:04.870 [pool-3-thread-8] [] DEBUG c.t.rectagent.agent.SupervisorAgent - [f14d2a5deb4c4c7d] 执行工具: data_analysis_agent, input=78
2026-03-26 22:03:04.870 [pool-3-thread-5] [] DEBUG c.t.rectagent.agent.SupervisorAgent - [4fb196ba60ca4f80] 工具 data_analysis_agent 执行完成, outputLength=78
2026-03-26 22:03:04.870 [pool-3-thread-6] [] DEBUG c.t.rectagent.agent.SupervisorAgent - [bf981a342d6b4965] 工具 data_analysis_agent 执行完成, outputLength=78
2026-03-26 22:03:04.870 [pool-3-thread-5] [] INFO  c.t.rectagent.agent.SupervisorAgent - [4fb196ba60ca4f80] 任务完成
2026-03-26 22:03:04.870 [pool-3-thread-4] [] INFO  c.t.rectagent.agent.SupervisorAgent - [4e8f7be5d2844c7f] SupervisorAgent 开始处理: inputLength=11
2026-03-26 22:03:04.870 [pool-3-thread-7] [] INFO  c.t.rectagent.agent.SupervisorAgent - [7ba4a7e4b352483b] SupervisorAgent 开始处理: inputLength=11
2026-03-26 22:03:04.870 [pool-3-thread-2] [] INFO  c.t.rectagent.agent.SupervisorAgent - [07e7e8be8837466d] 任务完成
2026-03-26 22:03:04.870 [pool-3-thread-4] [] DEBUG c.t.rectagent.agent.SupervisorAgent - [4e8f7be5d2844c7f] 执行工具: data_analysis_agent, input=78
2026-03-26 22:03:04.870 [pool-3-thread-1] [] INFO  c.t.rectagent.agent.SupervisorAgent - [b218ba6671674882] SupervisorAgent 处理完成: outputLength=83, 调用次数=1
2026-03-26 22:03:04.870 [pool-3-thread-7] [] DEBUG c.t.rectagent.agent.SupervisorAgent - [7ba4a7e4b352483b] 执行工具: data_analysis_agent, input=78
2026-03-26 22:03:04.870 [pool-3-thread-3] [] INFO  c.t.rectagent.agent.SupervisorAgent - [a4ea17bc1d4d4de9] SupervisorAgent 开始处理: inputLength=11
2026-03-26 22:03:04.870 [pool-3-thread-8] [] DEBUG c.t.rectagent.agent.SupervisorAgent - [f14d2a5deb4c4c7d] 工具 data_analysis_agent 执行完成, outputLength=78
2026-03-26 22:03:04.870 [pool-3-thread-6] [] INFO  c.t.rectagent.agent.SupervisorAgent - [bf981a342d6b4965] 任务完成
2026-03-26 22:03:04.870 [pool-3-thread-8] [] INFO  c.t.rectagent.agent.SupervisorAgent - [f14d2a5deb4c4c7d] 任务完成
2026-03-26 22:03:04.870 [pool-3-thread-9] [] INFO  c.t.rectagent.agent.SupervisorAgent - [9edc45077f094590] SupervisorAgent 开始处理: inputLength=11
2026-03-26 22:03:04.870 [pool-3-thread-5] [] INFO  c.t.rectagent.agent.SupervisorAgent - [4fb196ba60ca4f80] SupervisorAgent 处理完成: outputLength=78, 调用次数=1
2026-03-26 22:03:04.870 [pool-3-thread-2] [] INFO  c.t.rectagent.agent.SupervisorAgent - [07e7e8be8837466d] SupervisorAgent 处理完成: outputLength=78, 调用次数=1
2026-03-26 22:03:04.870 [pool-3-thread-4] [] DEBUG c.t.rectagent.agent.SupervisorAgent - [4e8f7be5d2844c7f] 工具 data_analysis_agent 执行完成, outputLength=78
2026-03-26 22:03:04.870 [pool-3-thread-5] [] INFO  c.t.rectagent.agent.SupervisorAgent - [dd7a3fb6ad16481e] SupervisorAgent 开始处理: inputLength=11
2026-03-26 22:03:04.870 [pool-3-thread-2] [] INFO  c.t.rectagent.agent.SupervisorAgent - [8cda66f429604e77] SupervisorAgent 开始处理: inputLength=11
2026-03-26 22:03:04.870 [pool-3-thread-5] [] DEBUG c.t.rectagent.agent.SupervisorAgent - [dd7a3fb6ad16481e] 执行工具: data_analysis_agent, input=78
2026-03-26 22:03:04.870 [pool-3-thread-5] [] DEBUG c.t.rectagent.agent.SupervisorAgent - [dd7a3fb6ad16481e] 工具 data_analysis_agent 执行完成, outputLength=78
2026-03-26 22:03:04.870 [pool-3-thread-2] [] DEBUG c.t.rectagent.agent.SupervisorAgent - [8cda66f429604e77] 执行工具: intent_recognition_agent, input=83
2026-03-26 22:03:04.870 [pool-3-thread-7] [] DEBUG c.t.rectagent.agent.SupervisorAgent - [7ba4a7e4b352483b] 工具 data_analysis_agent 执行完成, outputLength=78
2026-03-26 22:03:04.870 [pool-3-thread-3] [] DEBUG c.t.rectagent.agent.SupervisorAgent - [a4ea17bc1d4d4de9] 执行工具: data_analysis_agent, input=78
2026-03-26 22:03:04.870 [pool-3-thread-1] [] INFO  c.t.rectagent.agent.SupervisorAgent - [55e77a02ebdf4a85] SupervisorAgent 开始处理: inputLength=11
2026-03-26 22:03:04.870 [pool-3-thread-8] [] INFO  c.t.rectagent.agent.SupervisorAgent - [f14d2a5deb4c4c7d] SupervisorAgent 处理完成: outputLength=78, 调用次数=1
2026-03-26 22:03:04.870 [pool-3-thread-1] [] DEBUG c.t.rectagent.agent.SupervisorAgent - [55e77a02ebdf4a85] 执行工具: data_analysis_agent, input=78
2026-03-26 22:03:04.870 [pool-3-thread-6] [] INFO  c.t.rectagent.agent.SupervisorAgent - [bf981a342d6b4965] SupervisorAgent 处理完成: outputLength=78, 调用次数=1
2026-03-26 22:03:04.870 [pool-3-thread-9] [] DEBUG c.t.rectagent.agent.SupervisorAgent - [9edc45077f094590] 执行工具: data_analysis_agent, input=78
2026-03-26 22:03:04.870 [pool-3-thread-3] [] DEBUG c.t.rectagent.agent.SupervisorAgent - [a4ea17bc1d4d4de9] 工具 data_analysis_agent 执行完成, outputLength=78
2026-03-26 22:03:04.870 [pool-3-thread-8] [] INFO  c.t.rectagent.agent.SupervisorAgent - [c3a8095fdeaf43c6] SupervisorAgent 开始处理: inputLength=11
2026-03-26 22:03:04.870 [pool-3-thread-3] [] INFO  c.t.rectagent.agent.SupervisorAgent - [a4ea17bc1d4d4de9] 任务完成
2026-03-26 22:03:04.870 [pool-3-thread-4] [] INFO  c.t.rectagent.agent.SupervisorAgent - [4e8f7be5d2844c7f] 任务完成
2026-03-26 22:03:04.870 [pool-3-thread-8] [] DEBUG c.t.rectagent.agent.SupervisorAgent - [c3a8095fdeaf43c6] 执行工具: data_analysis_agent, input=78
2026-03-26 22:03:04.870 [pool-3-thread-8] [] DEBUG c.t.rectagent.agent.SupervisorAgent - [c3a8095fdeaf43c6] 工具 data_analysis_agent 执行完成, outputLength=78
2026-03-26 22:03:04.870 [pool-3-thread-2] [] DEBUG c.t.rectagent.agent.SupervisorAgent - [8cda66f429604e77] 工具 intent_recognition_agent 执行完成, outputLength=83
2026-03-26 22:03:04.870 [pool-3-thread-8] [] INFO  c.t.rectagent.agent.SupervisorAgent - [c3a8095fdeaf43c6] 任务完成
2026-03-26 22:03:04.870 [pool-3-thread-5] [] INFO  c.t.rectagent.agent.SupervisorAgent - [dd7a3fb6ad16481e] 任务完成
2026-03-26 22:03:04.870 [pool-3-thread-2] [] INFO  c.t.rectagent.agent.SupervisorAgent - [8cda66f429604e77] 任务完成
2026-03-26 22:03:04.870 [pool-3-thread-2] [] INFO  c.t.rectagent.agent.SupervisorAgent - [8cda66f429604e77] SupervisorAgent 处理完成: outputLength=83, 调用次数=1
2026-03-26 22:03:04.870 [pool-3-thread-7] [] INFO  c.t.rectagent.agent.SupervisorAgent - [7ba4a7e4b352483b] 任务完成
2026-03-26 22:03:04.870 [pool-3-thread-6] [] INFO  c.t.rectagent.agent.SupervisorAgent - [c27f2dd39f7c4295] SupervisorAgent 开始处理: inputLength=11
2026-03-26 22:03:04.870 [pool-3-thread-5] [] INFO  c.t.rectagent.agent.SupervisorAgent - [dd7a3fb6ad16481e] SupervisorAgent 处理完成: outputLength=78, 调用次数=1
2026-03-26 22:03:04.870 [pool-3-thread-1] [] DEBUG c.t.rectagent.agent.SupervisorAgent - [55e77a02ebdf4a85] 工具 data_analysis_agent 执行完成, outputLength=78
2026-03-26 22:03:04.870 [pool-3-thread-9] [] DEBUG c.t.rectagent.agent.SupervisorAgent - [9edc45077f094590] 工具 data_analysis_agent 执行完成, outputLength=78
2026-03-26 22:03:04.870 [pool-3-thread-1] [] INFO  c.t.rectagent.agent.SupervisorAgent - [55e77a02ebdf4a85] 任务完成
2026-03-26 22:03:04.870 [pool-3-thread-3] [] INFO  c.t.rectagent.agent.SupervisorAgent - [a4ea17bc1d4d4de9] SupervisorAgent 处理完成: outputLength=78, 调用次数=1
2026-03-26 22:03:04.870 [pool-3-thread-9] [] INFO  c.t.rectagent.agent.SupervisorAgent - [9edc45077f094590] 任务完成
2026-03-26 22:03:04.870 [pool-3-thread-4] [] INFO  c.t.rectagent.agent.SupervisorAgent - [4e8f7be5d2844c7f] SupervisorAgent 处理完成: outputLength=78, 调用次数=1
2026-03-26 22:03:04.870 [pool-3-thread-8] [] INFO  c.t.rectagent.agent.SupervisorAgent - [c3a8095fdeaf43c6] SupervisorAgent 处理完成: outputLength=78, 调用次数=1
2026-03-26 22:03:04.870 [pool-3-thread-3] [] INFO  c.t.rectagent.agent.SupervisorAgent - [756557d0580249bc] SupervisorAgent 开始处理: inputLength=11
2026-03-26 22:03:04.870 [pool-3-thread-10] [] INFO  c.t.rectagent.agent.SupervisorAgent - [18e0d03aaf3b4010] SupervisorAgent 开始处理: inputLength=11
2026-03-26 22:03:04.870 [pool-3-thread-7] [] INFO  c.t.rectagent.agent.SupervisorAgent - [7ba4a7e4b352483b] SupervisorAgent 处理完成: outputLength=78, 调用次数=1
2026-03-26 22:03:04.870 [pool-3-thread-8] [] INFO  c.t.rectagent.agent.SupervisorAgent - [c9335db0be4a425e] SupervisorAgent 开始处理: inputLength=11
2026-03-26 22:03:04.870 [pool-3-thread-6] [] DEBUG c.t.rectagent.agent.SupervisorAgent - [c27f2dd39f7c4295] 执行工具: data_analysis_agent, input=78
2026-03-26 22:03:04.870 [pool-3-thread-2] [] INFO  c.t.rectagent.agent.SupervisorAgent - [a7aef4bf9a184f70] SupervisorAgent 开始处理: inputLength=11
2026-03-26 22:03:04.870 [pool-3-thread-7] [] INFO  c.t.rectagent.agent.SupervisorAgent - [51e4e6d5f2514e9d] SupervisorAgent 开始处理: inputLength=11
2026-03-26 22:03:04.870 [pool-3-thread-2] [] DEBUG c.t.rectagent.agent.SupervisorAgent - [a7aef4bf9a184f70] 执行工具: data_analysis_agent, input=78
2026-03-26 22:03:04.870 [pool-3-thread-1] [] INFO  c.t.rectagent.agent.SupervisorAgent - [55e77a02ebdf4a85] SupervisorAgent 处理完成: outputLength=78, 调用次数=1
2026-03-26 22:03:04.870 [pool-3-thread-7] [] DEBUG c.t.rectagent.agent.SupervisorAgent - [51e4e6d5f2514e9d] 执行工具: data_analysis_agent, input=78
2026-03-26 22:03:04.870 [pool-3-thread-9] [] INFO  c.t.rectagent.agent.SupervisorAgent - [9edc45077f094590] SupervisorAgent 处理完成: outputLength=78, 调用次数=1
2026-03-26 22:03:04.870 [pool-3-thread-5] [] INFO  c.t.rectagent.agent.SupervisorAgent - [809fe5b00c474a2f] SupervisorAgent 开始处理: inputLength=11
2026-03-26 22:03:04.870 [pool-3-thread-3] [] DEBUG c.t.rectagent.agent.SupervisorAgent - [756557d0580249bc] 执行工具: data_analysis_agent, input=78
2026-03-26 22:03:04.870 [pool-3-thread-5] [] DEBUG c.t.rectagent.agent.SupervisorAgent - [809fe5b00c474a2f] 执行工具: data_analysis_agent, input=78
2026-03-26 22:03:04.870 [pool-3-thread-4] [] INFO  c.t.rectagent.agent.SupervisorAgent - [bdb53501d985474a] SupervisorAgent 开始处理: inputLength=11
2026-03-26 22:03:04.870 [pool-3-thread-10] [] DEBUG c.t.rectagent.agent.SupervisorAgent - [18e0d03aaf3b4010] 执行工具: data_analysis_agent, input=78
2026-03-26 22:03:04.870 [pool-3-thread-8] [] DEBUG c.t.rectagent.agent.SupervisorAgent - [c9335db0be4a425e] 执行工具: data_analysis_agent, input=78
2026-03-26 22:03:04.870 [pool-3-thread-10] [] DEBUG c.t.rectagent.agent.SupervisorAgent - [18e0d03aaf3b4010] 工具 data_analysis_agent 执行完成, outputLength=78
2026-03-26 22:03:04.870 [pool-3-thread-8] [] DEBUG c.t.rectagent.agent.SupervisorAgent - [c9335db0be4a425e] 工具 data_analysis_agent 执行完成, outputLength=78
2026-03-26 22:03:04.870 [pool-3-thread-10] [] INFO  c.t.rectagent.agent.SupervisorAgent - [18e0d03aaf3b4010] 任务完成
2026-03-26 22:03:04.870 [pool-3-thread-8] [] INFO  c.t.rectagent.agent.SupervisorAgent - [c9335db0be4a425e] 任务完成
2026-03-26 22:03:04.870 [pool-3-thread-10] [] INFO  c.t.rectagent.agent.SupervisorAgent - [18e0d03aaf3b4010] SupervisorAgent 处理完成: outputLength=78, 调用次数=1
2026-03-26 22:03:04.870 [pool-3-thread-8] [] INFO  c.t.rectagent.agent.SupervisorAgent - [c9335db0be4a425e] SupervisorAgent 处理完成: outputLength=78, 调用次数=1
2026-03-26 22:03:04.870 [pool-3-thread-6] [] DEBUG c.t.rectagent.agent.SupervisorAgent - [c27f2dd39f7c4295] 工具 data_analysis_agent 执行完成, outputLength=78
2026-03-26 22:03:04.870 [pool-3-thread-2] [] DEBUG c.t.rectagent.agent.SupervisorAgent - [a7aef4bf9a184f70] 工具 data_analysis_agent 执行完成, outputLength=78
2026-03-26 22:03:04.870 [pool-3-thread-7] [] DEBUG c.t.rectagent.agent.SupervisorAgent - [51e4e6d5f2514e9d] 工具 data_analysis_agent 执行完成, outputLength=78
2026-03-26 22:03:04.872 [pool-3-thread-2] [] INFO  c.t.rectagent.agent.SupervisorAgent - [a7aef4bf9a184f70] 任务完成
2026-03-26 22:03:04.870 [pool-3-thread-9] [] INFO  c.t.rectagent.agent.SupervisorAgent - [de903bbcc98448db] SupervisorAgent 开始处理: inputLength=11
2026-03-26 22:03:04.872 [pool-3-thread-7] [] INFO  c.t.rectagent.agent.SupervisorAgent - [51e4e6d5f2514e9d] 任务完成
2026-03-26 22:03:04.870 [pool-3-thread-5] [] DEBUG c.t.rectagent.agent.SupervisorAgent - [809fe5b00c474a2f] 工具 data_analysis_agent 执行完成, outputLength=78
2026-03-26 22:03:04.872 [pool-3-thread-9] [] DEBUG c.t.rectagent.agent.SupervisorAgent - [de903bbcc98448db] 执行工具: data_analysis_agent, input=78
2026-03-26 22:03:04.870 [pool-3-thread-3] [] DEBUG c.t.rectagent.agent.SupervisorAgent - [756557d0580249bc] 工具 data_analysis_agent 执行完成, outputLength=78
2026-03-26 22:03:04.870 [pool-3-thread-4] [] DEBUG c.t.rectagent.agent.SupervisorAgent - [bdb53501d985474a] 执行工具: data_analysis_agent, input=78
2026-03-26 22:03:04.872 [pool-3-thread-10] [] INFO  c.t.rectagent.agent.SupervisorAgent - [8249f9335d6a4d57] SupervisorAgent 开始处理: inputLength=11
2026-03-26 22:03:04.872 [pool-3-thread-4] [] DEBUG c.t.rectagent.agent.SupervisorAgent - [bdb53501d985474a] 工具 data_analysis_agent 执行完成, outputLength=78
2026-03-26 22:03:04.872 [pool-3-thread-10] [] DEBUG c.t.rectagent.agent.SupervisorAgent - [8249f9335d6a4d57] 执行工具: data_analysis_agent, input=78
2026-03-26 22:03:04.872 [pool-3-thread-8] [] INFO  c.t.rectagent.agent.SupervisorAgent - [d7c046fdaee84ac8] SupervisorAgent 开始处理: inputLength=11
2026-03-26 22:03:04.872 [pool-3-thread-4] [] INFO  c.t.rectagent.agent.SupervisorAgent - [bdb53501d985474a] 任务完成
2026-03-26 22:03:04.872 [pool-3-thread-6] [] INFO  c.t.rectagent.agent.SupervisorAgent - [c27f2dd39f7c4295] 任务完成
2026-03-26 22:03:04.872 [pool-3-thread-4] [] INFO  c.t.rectagent.agent.SupervisorAgent - [bdb53501d985474a] SupervisorAgent 处理完成: outputLength=78, 调用次数=1
2026-03-26 22:03:04.872 [pool-3-thread-6] [] INFO  c.t.rectagent.agent.SupervisorAgent - [c27f2dd39f7c4295] SupervisorAgent 处理完成: outputLength=78, 调用次数=1
2026-03-26 22:03:04.872 [pool-3-thread-2] [] INFO  c.t.rectagent.agent.SupervisorAgent - [a7aef4bf9a184f70] SupervisorAgent 处理完成: outputLength=78, 调用次数=1
2026-03-26 22:03:04.872 [pool-3-thread-7] [] INFO  c.t.rectagent.agent.SupervisorAgent - [51e4e6d5f2514e9d] SupervisorAgent 处理完成: outputLength=78, 调用次数=1
2026-03-26 22:03:04.872 [pool-3-thread-6] [] INFO  c.t.rectagent.agent.SupervisorAgent - [46d174698b9a4aa1] SupervisorAgent 开始处理: inputLength=11
2026-03-26 22:03:04.872 [pool-3-thread-2] [] INFO  c.t.rectagent.agent.SupervisorAgent - [4b44b7c76cf4429f] SupervisorAgent 开始处理: inputLength=11
2026-03-26 22:03:04.872 [pool-3-thread-9] [] DEBUG c.t.rectagent.agent.SupervisorAgent - [de903bbcc98448db] 工具 data_analysis_agent 执行完成, outputLength=78
2026-03-26 22:03:04.872 [pool-3-thread-4] [] INFO  c.t.rectagent.agent.SupervisorAgent - [defe37343c5f4a2c] SupervisorAgent 开始处理: inputLength=11
2026-03-26 22:03:04.872 [pool-3-thread-7] [] INFO  c.t.rectagent.agent.SupervisorAgent - [9eb8195ffd334c87] SupervisorAgent 开始处理: inputLength=11
2026-03-26 22:03:04.872 [pool-3-thread-3] [] INFO  c.t.rectagent.agent.SupervisorAgent - [756557d0580249bc] 任务完成
2026-03-26 22:03:04.872 [pool-3-thread-7] [] DEBUG c.t.rectagent.agent.SupervisorAgent - [9eb8195ffd334c87] 执行工具: data_analysis_agent, input=78
2026-03-26 22:03:04.872 [pool-3-thread-3] [] INFO  c.t.rectagent.agent.SupervisorAgent - [756557d0580249bc] SupervisorAgent 处理完成: outputLength=78, 调用次数=1
2026-03-26 22:03:04.872 [pool-3-thread-10] [] DEBUG c.t.rectagent.agent.SupervisorAgent - [8249f9335d6a4d57] 工具 data_analysis_agent 执行完成, outputLength=78
2026-03-26 22:03:04.872 [pool-3-thread-7] [] DEBUG c.t.rectagent.agent.SupervisorAgent - [9eb8195ffd334c87] 工具 data_analysis_agent 执行完成, outputLength=78
2026-03-26 22:03:04.872 [pool-3-thread-8] [] DEBUG c.t.rectagent.agent.SupervisorAgent - [d7c046fdaee84ac8] 执行工具: data_analysis_agent, input=78
2026-03-26 22:03:04.872 [pool-3-thread-10] [] INFO  c.t.rectagent.agent.SupervisorAgent - [8249f9335d6a4d57] 任务完成
2026-03-26 22:03:04.872 [pool-3-thread-7] [] INFO  c.t.rectagent.agent.SupervisorAgent - [9eb8195ffd334c87] 任务完成
2026-03-26 22:03:04.872 [pool-3-thread-6] [] DEBUG c.t.rectagent.agent.SupervisorAgent - [46d174698b9a4aa1] 执行工具: data_analysis_agent, input=78
2026-03-26 22:03:04.872 [pool-3-thread-8] [] DEBUG c.t.rectagent.agent.SupervisorAgent - [d7c046fdaee84ac8] 工具 data_analysis_agent 执行完成, outputLength=78
2026-03-26 22:03:04.872 [pool-3-thread-5] [] INFO  c.t.rectagent.agent.SupervisorAgent - [809fe5b00c474a2f] 任务完成
2026-03-26 22:03:04.872 [pool-3-thread-6] [] DEBUG c.t.rectagent.agent.SupervisorAgent - [46d174698b9a4aa1] 工具 data_analysis_agent 执行完成, outputLength=78
2026-03-26 22:03:04.872 [pool-3-thread-8] [] INFO  c.t.rectagent.agent.SupervisorAgent - [d7c046fdaee84ac8] 任务完成
2026-03-26 22:03:04.872 [pool-3-thread-5] [] INFO  c.t.rectagent.agent.SupervisorAgent - [809fe5b00c474a2f] SupervisorAgent 处理完成: outputLength=78, 调用次数=1
2026-03-26 22:03:04.872 [pool-3-thread-2] [] DEBUG c.t.rectagent.agent.SupervisorAgent - [4b44b7c76cf4429f] 执行工具: data_analysis_agent, input=78
2026-03-26 22:03:04.872 [pool-3-thread-9] [] INFO  c.t.rectagent.agent.SupervisorAgent - [de903bbcc98448db] 任务完成
2026-03-26 22:03:04.872 [pool-3-thread-2] [] DEBUG c.t.rectagent.agent.SupervisorAgent - [4b44b7c76cf4429f] 工具 data_analysis_agent 执行完成, outputLength=78
2026-03-26 22:03:04.872 [pool-3-thread-4] [] DEBUG c.t.rectagent.agent.SupervisorAgent - [defe37343c5f4a2c] 执行工具: data_analysis_agent, input=78
2026-03-26 22:03:04.872 [pool-3-thread-5] [] INFO  c.t.rectagent.agent.SupervisorAgent - [35368fb70bca4e29] SupervisorAgent 开始处理: inputLength=11
2026-03-26 22:03:04.872 [pool-3-thread-10] [] INFO  c.t.rectagent.agent.SupervisorAgent - [8249f9335d6a4d57] SupervisorAgent 处理完成: outputLength=78, 调用次数=1
2026-03-26 22:03:04.872 [pool-3-thread-5] [] DEBUG c.t.rectagent.agent.SupervisorAgent - [35368fb70bca4e29] 执行工具: data_analysis_agent, input=78
2026-03-26 22:03:04.872 [pool-3-thread-7] [] INFO  c.t.rectagent.agent.SupervisorAgent - [9eb8195ffd334c87] SupervisorAgent 处理完成: outputLength=78, 调用次数=1
2026-03-26 22:03:04.872 [pool-3-thread-8] [] INFO  c.t.rectagent.agent.SupervisorAgent - [d7c046fdaee84ac8] SupervisorAgent 处理完成: outputLength=78, 调用次数=1
2026-03-26 22:03:04.872 [pool-3-thread-10] [] INFO  c.t.rectagent.agent.SupervisorAgent - [408cd48de05a4e25] SupervisorAgent 开始处理: inputLength=11
2026-03-26 22:03:04.872 [pool-3-thread-6] [] INFO  c.t.rectagent.agent.SupervisorAgent - [46d174698b9a4aa1] 任务完成
2026-03-26 22:03:04.872 [pool-3-thread-9] [] INFO  c.t.rectagent.agent.SupervisorAgent - [de903bbcc98448db] SupervisorAgent 处理完成: outputLength=78, 调用次数=1
2026-03-26 22:03:04.872 [pool-3-thread-2] [] INFO  c.t.rectagent.agent.SupervisorAgent - [4b44b7c76cf4429f] 任务完成
2026-03-26 22:03:04.872 [pool-3-thread-4] [] DEBUG c.t.rectagent.agent.SupervisorAgent - [defe37343c5f4a2c] 工具 data_analysis_agent 执行完成, outputLength=78
2026-03-26 22:03:04.872 [pool-3-thread-5] [] DEBUG c.t.rectagent.agent.SupervisorAgent - [35368fb70bca4e29] 工具 data_analysis_agent 执行完成, outputLength=78
2026-03-26 22:03:04.872 [pool-3-thread-4] [] INFO  c.t.rectagent.agent.SupervisorAgent - [defe37343c5f4a2c] 任务完成
2026-03-26 22:03:04.872 [pool-3-thread-4] [] INFO  c.t.rectagent.agent.SupervisorAgent - [defe37343c5f4a2c] SupervisorAgent 处理完成: outputLength=78, 调用次数=1
2026-03-26 22:03:04.872 [pool-3-thread-10] [] DEBUG c.t.rectagent.agent.SupervisorAgent - [408cd48de05a4e25] 执行工具: data_analysis_agent, input=78
2026-03-26 22:03:04.872 [pool-3-thread-7] [] INFO  c.t.rectagent.agent.SupervisorAgent - [1c6eaa1b8e2e4e1c] SupervisorAgent 开始处理: inputLength=11
2026-03-26 22:03:04.872 [pool-3-thread-10] [] DEBUG c.t.rectagent.agent.SupervisorAgent - [408cd48de05a4e25] 工具 data_analysis_agent 执行完成, outputLength=78
2026-03-26 22:03:04.872 [pool-3-thread-4] [] INFO  c.t.rectagent.agent.SupervisorAgent - [44f81889f26b4bb8] SupervisorAgent 开始处理: inputLength=11
2026-03-26 22:03:04.872 [pool-3-thread-8] [] INFO  c.t.rectagent.agent.SupervisorAgent - [15bec8f453d4496d] SupervisorAgent 开始处理: inputLength=11
2026-03-26 22:03:04.872 [pool-3-thread-10] [] INFO  c.t.rectagent.agent.SupervisorAgent - [408cd48de05a4e25] 任务完成
2026-03-26 22:03:04.872 [pool-3-thread-6] [] INFO  c.t.rectagent.agent.SupervisorAgent - [46d174698b9a4aa1] SupervisorAgent 处理完成: outputLength=78, 调用次数=1
2026-03-26 22:03:04.872 [pool-3-thread-8] [] DEBUG c.t.rectagent.agent.SupervisorAgent - [15bec8f453d4496d] 执行工具: data_analysis_agent, input=78
2026-03-26 22:03:04.872 [pool-3-thread-2] [] INFO  c.t.rectagent.agent.SupervisorAgent - [4b44b7c76cf4429f] SupervisorAgent 处理完成: outputLength=78, 调用次数=1
2026-03-26 22:03:04.872 [pool-3-thread-9] [] INFO  c.t.rectagent.agent.SupervisorAgent - [8da5a4bc860e4d57] SupervisorAgent 开始处理: inputLength=11
2026-03-26 22:03:04.872 [pool-3-thread-6] [] INFO  c.t.rectagent.agent.SupervisorAgent - [f0874ca641dd4e91] SupervisorAgent 开始处理: inputLength=11
2026-03-26 22:03:04.872 [pool-3-thread-9] [] DEBUG c.t.rectagent.agent.SupervisorAgent - [8da5a4bc860e4d57] 执行工具: data_analysis_agent, input=78
2026-03-26 22:03:04.872 [pool-3-thread-5] [] INFO  c.t.rectagent.agent.SupervisorAgent - [35368fb70bca4e29] 任务完成
2026-03-26 22:03:04.872 [pool-3-thread-2] [] INFO  c.t.rectagent.agent.SupervisorAgent - [812e2d2c6db94590] SupervisorAgent 开始处理: inputLength=11
2026-03-26 22:03:04.872 [pool-3-thread-7] [] DEBUG c.t.rectagent.agent.SupervisorAgent - [1c6eaa1b8e2e4e1c] 执行工具: data_analysis_agent, input=78
2026-03-26 22:03:04.872 [pool-3-thread-2] [] DEBUG c.t.rectagent.agent.SupervisorAgent - [812e2d2c6db94590] 执行工具: data_analysis_agent, input=78
2026-03-26 22:03:04.872 [pool-3-thread-4] [] DEBUG c.t.rectagent.agent.SupervisorAgent - [44f81889f26b4bb8] 执行工具: data_analysis_agent, input=78
2026-03-26 22:03:04.872 [pool-3-thread-2] [] DEBUG c.t.rectagent.agent.SupervisorAgent - [812e2d2c6db94590] 工具 data_analysis_agent 执行完成, outputLength=78
2026-03-26 22:03:04.872 [pool-3-thread-10] [] INFO  c.t.rectagent.agent.SupervisorAgent - [408cd48de05a4e25] SupervisorAgent 处理完成: outputLength=78, 调用次数=1
2026-03-26 22:03:04.872 [pool-3-thread-2] [] INFO  c.t.rectagent.agent.SupervisorAgent - [812e2d2c6db94590] 任务完成
2026-03-26 22:03:04.872 [pool-3-thread-2] [] INFO  c.t.rectagent.agent.SupervisorAgent - [812e2d2c6db94590] SupervisorAgent 处理完成: outputLength=78, 调用次数=1
2026-03-26 22:03:04.872 [pool-3-thread-8] [] DEBUG c.t.rectagent.agent.SupervisorAgent - [15bec8f453d4496d] 工具 data_analysis_agent 执行完成, outputLength=78
2026-03-26 22:03:04.872 [pool-3-thread-9] [] DEBUG c.t.rectagent.agent.SupervisorAgent - [8da5a4bc860e4d57] 工具 data_analysis_agent 执行完成, outputLength=78
2026-03-26 22:03:04.872 [pool-3-thread-8] [] INFO  c.t.rectagent.agent.SupervisorAgent - [15bec8f453d4496d] 任务完成
2026-03-26 22:03:04.872 [pool-3-thread-5] [] INFO  c.t.rectagent.agent.SupervisorAgent - [35368fb70bca4e29] SupervisorAgent 处理完成: outputLength=78, 调用次数=1
2026-03-26 22:03:04.872 [pool-3-thread-7] [] DEBUG c.t.rectagent.agent.SupervisorAgent - [1c6eaa1b8e2e4e1c] 工具 data_analysis_agent 执行完成, outputLength=78
2026-03-26 22:03:04.872 [pool-3-thread-5] [] INFO  c.t.rectagent.agent.SupervisorAgent - [1a2d4cf2df9a402b] SupervisorAgent 开始处理: inputLength=11
2026-03-26 22:03:04.872 [pool-3-thread-4] [] DEBUG c.t.rectagent.agent.SupervisorAgent - [44f81889f26b4bb8] 工具 data_analysis_agent 执行完成, outputLength=78
2026-03-26 22:03:04.872 [pool-3-thread-5] [] DEBUG c.t.rectagent.agent.SupervisorAgent - [1a2d4cf2df9a402b] 执行工具: data_analysis_agent, input=78
2026-03-26 22:03:04.872 [pool-3-thread-2] [] INFO  c.t.rectagent.agent.SupervisorAgent - [e6e23a29b9ed4001] SupervisorAgent 开始处理: inputLength=11
2026-03-26 22:03:04.872 [pool-3-thread-4] [] INFO  c.t.rectagent.agent.SupervisorAgent - [44f81889f26b4bb8] 任务完成
2026-03-26 22:03:04.872 [pool-3-thread-10] [] INFO  c.t.rectagent.agent.SupervisorAgent - [c589e0e7219f4a84] SupervisorAgent 开始处理: inputLength=11
2026-03-26 22:03:04.872 [pool-3-thread-6] [] DEBUG c.t.rectagent.agent.SupervisorAgent - [f0874ca641dd4e91] 执行工具: data_analysis_agent, input=78
2026-03-26 22:03:04.872 [pool-3-thread-9] [] INFO  c.t.rectagent.agent.SupervisorAgent - [8da5a4bc860e4d57] 任务完成
2026-03-26 22:03:04.872 [pool-3-thread-10] [] DEBUG c.t.rectagent.agent.SupervisorAgent - [c589e0e7219f4a84] 执行工具: data_analysis_agent, input=78
2026-03-26 22:03:04.872 [pool-3-thread-6] [] DEBUG c.t.rectagent.agent.SupervisorAgent - [f0874ca641dd4e91] 工具 data_analysis_agent 执行完成, outputLength=78
2026-03-26 22:03:04.872 [pool-3-thread-8] [] INFO  c.t.rectagent.agent.SupervisorAgent - [15bec8f453d4496d] SupervisorAgent 处理完成: outputLength=78, 调用次数=1
2026-03-26 22:03:04.872 [pool-3-thread-7] [] INFO  c.t.rectagent.agent.SupervisorAgent - [1c6eaa1b8e2e4e1c] 任务完成
2026-03-26 22:03:04.872 [pool-3-thread-5] [] DEBUG c.t.rectagent.agent.SupervisorAgent - [1a2d4cf2df9a402b] 工具 data_analysis_agent 执行完成, outputLength=78
2026-03-26 22:03:04.872 [pool-3-thread-4] [] INFO  c.t.rectagent.agent.SupervisorAgent - [44f81889f26b4bb8] SupervisorAgent 处理完成: outputLength=78, 调用次数=1
2026-03-26 22:03:04.873 [pool-3-thread-5] [] INFO  c.t.rectagent.agent.SupervisorAgent - [1a2d4cf2df9a402b] 任务完成
2026-03-26 22:03:04.872 [pool-3-thread-2] [] DEBUG c.t.rectagent.agent.SupervisorAgent - [e6e23a29b9ed4001] 执行工具: data_analysis_agent, input=78
2026-03-26 22:03:04.873 [pool-3-thread-10] [] DEBUG c.t.rectagent.agent.SupervisorAgent - [c589e0e7219f4a84] 工具 data_analysis_agent 执行完成, outputLength=78
2026-03-26 22:03:04.873 [pool-3-thread-2] [] DEBUG c.t.rectagent.agent.SupervisorAgent - [e6e23a29b9ed4001] 工具 data_analysis_agent 执行完成, outputLength=78
2026-03-26 22:03:04.873 [pool-3-thread-4] [] INFO  c.t.rectagent.agent.SupervisorAgent - [f0cf47b96a91479b] SupervisorAgent 开始处理: inputLength=11
2026-03-26 22:03:04.873 [pool-3-thread-10] [] INFO  c.t.rectagent.agent.SupervisorAgent - [c589e0e7219f4a84] 任务完成
2026-03-26 22:03:04.873 [pool-3-thread-9] [] INFO  c.t.rectagent.agent.SupervisorAgent - [8da5a4bc860e4d57] SupervisorAgent 处理完成: outputLength=78, 调用次数=1
2026-03-26 22:03:04.873 [pool-3-thread-10] [] INFO  c.t.rectagent.agent.SupervisorAgent - [c589e0e7219f4a84] SupervisorAgent 处理完成: outputLength=78, 调用次数=1
2026-03-26 22:03:04.873 [pool-3-thread-6] [] INFO  c.t.rectagent.agent.SupervisorAgent - [f0874ca641dd4e91] 任务完成
2026-03-26 22:03:04.873 [pool-3-thread-9] [] INFO  c.t.rectagent.agent.SupervisorAgent - [d5246ff2cf5e4a69] SupervisorAgent 开始处理: inputLength=11
2026-03-26 22:03:04.873 [pool-3-thread-6] [] INFO  c.t.rectagent.agent.SupervisorAgent - [f0874ca641dd4e91] SupervisorAgent 处理完成: outputLength=78, 调用次数=1
2026-03-26 22:03:04.873 [pool-3-thread-9] [] DEBUG c.t.rectagent.agent.SupervisorAgent - [d5246ff2cf5e4a69] 执行工具: data_analysis_agent, input=78
2026-03-26 22:03:04.873 [pool-3-thread-8] [] INFO  c.t.rectagent.agent.SupervisorAgent - [11c1719972084985] SupervisorAgent 开始处理: inputLength=11
2026-03-26 22:03:04.873 [pool-3-thread-10] [] INFO  c.t.rectagent.agent.SupervisorAgent - [0d40824dcf6a4619] SupervisorAgent 开始处理: inputLength=11
2026-03-26 22:03:04.873 [pool-3-thread-7] [] INFO  c.t.rectagent.agent.SupervisorAgent - [1c6eaa1b8e2e4e1c] SupervisorAgent 处理完成: outputLength=78, 调用次数=1
2026-03-26 22:03:04.873 [pool-3-thread-5] [] INFO  c.t.rectagent.agent.SupervisorAgent - [1a2d4cf2df9a402b] SupervisorAgent 处理完成: outputLength=78, 调用次数=1
2026-03-26 22:03:04.873 [pool-3-thread-10] [] DEBUG c.t.rectagent.agent.SupervisorAgent - [0d40824dcf6a4619] 执行工具: data_analysis_agent, input=78
2026-03-26 22:03:04.873 [pool-3-thread-2] [] INFO  c.t.rectagent.agent.SupervisorAgent - [e6e23a29b9ed4001] 任务完成
2026-03-26 22:03:04.873 [pool-3-thread-2] [] INFO  c.t.rectagent.agent.SupervisorAgent - [e6e23a29b9ed4001] SupervisorAgent 处理完成: outputLength=78, 调用次数=1
2026-03-26 22:03:04.873 [pool-3-thread-4] [] DEBUG c.t.rectagent.agent.SupervisorAgent - [f0cf47b96a91479b] 执行工具: data_analysis_agent, input=78
2026-03-26 22:03:04.873 [pool-3-thread-5] [] INFO  c.t.rectagent.agent.SupervisorAgent - [affa5cfed5234d56] SupervisorAgent 开始处理: inputLength=11
2026-03-26 22:03:04.873 [pool-3-thread-4] [] DEBUG c.t.rectagent.agent.SupervisorAgent - [f0cf47b96a91479b] 工具 data_analysis_agent 执行完成, outputLength=78
2026-03-26 22:03:04.873 [pool-3-thread-9] [] DEBUG c.t.rectagent.agent.SupervisorAgent - [d5246ff2cf5e4a69] 工具 data_analysis_agent 执行完成, outputLength=78
2026-03-26 22:03:04.873 [pool-3-thread-4] [] INFO  c.t.rectagent.agent.SupervisorAgent - [f0cf47b96a91479b] 任务完成
2026-03-26 22:03:04.873 [pool-3-thread-6] [] INFO  c.t.rectagent.agent.SupervisorAgent - [145a60e3c5804daa] SupervisorAgent 开始处理: inputLength=11
2026-03-26 22:03:04.873 [pool-3-thread-9] [] INFO  c.t.rectagent.agent.SupervisorAgent - [d5246ff2cf5e4a69] 任务完成
2026-03-26 22:03:04.873 [pool-3-thread-8] [] DEBUG c.t.rectagent.agent.SupervisorAgent - [11c1719972084985] 执行工具: data_analysis_agent, input=78
2026-03-26 22:03:04.873 [pool-3-thread-6] [] DEBUG c.t.rectagent.agent.SupervisorAgent - [145a60e3c5804daa] 执行工具: data_analysis_agent, input=78
2026-03-26 22:03:04.873 [pool-3-thread-7] [] INFO  c.t.rectagent.agent.SupervisorAgent - [08d9d22098614696] SupervisorAgent 开始处理: inputLength=11
2026-03-26 22:03:04.873 [pool-3-thread-6] [] DEBUG c.t.rectagent.agent.SupervisorAgent - [145a60e3c5804daa] 工具 data_analysis_agent 执行完成, outputLength=78
2026-03-26 22:03:04.873 [pool-3-thread-10] [] DEBUG c.t.rectagent.agent.SupervisorAgent - [0d40824dcf6a4619] 工具 data_analysis_agent 执行完成, outputLength=78
2026-03-26 22:03:04.873 [pool-3-thread-6] [] INFO  c.t.rectagent.agent.SupervisorAgent - [145a60e3c5804daa] 任务完成
2026-03-26 22:03:04.873 [pool-3-thread-6] [] INFO  c.t.rectagent.agent.SupervisorAgent - [145a60e3c5804daa] SupervisorAgent 处理完成: outputLength=78, 调用次数=1
2026-03-26 22:03:04.873 [pool-3-thread-10] [] INFO  c.t.rectagent.agent.SupervisorAgent - [0d40824dcf6a4619] 任务完成
2026-03-26 22:03:04.873 [pool-3-thread-5] [] DEBUG c.t.rectagent.agent.SupervisorAgent - [affa5cfed5234d56] 执行工具: data_analysis_agent, input=78
2026-03-26 22:03:04.873 [pool-3-thread-4] [] INFO  c.t.rectagent.agent.SupervisorAgent - [f0cf47b96a91479b] SupervisorAgent 处理完成: outputLength=78, 调用次数=1
2026-03-26 22:03:04.873 [pool-3-thread-2] [] INFO  c.t.rectagent.agent.SupervisorAgent - [07860fef5cae4705] SupervisorAgent 开始处理: inputLength=11
2026-03-26 22:03:04.873 [pool-3-thread-9] [] INFO  c.t.rectagent.agent.SupervisorAgent - [d5246ff2cf5e4a69] SupervisorAgent 处理完成: outputLength=78, 调用次数=1
2026-03-26 22:03:04.873 [pool-3-thread-2] [] DEBUG c.t.rectagent.agent.SupervisorAgent - [07860fef5cae4705] 执行工具: data_analysis_agent, input=78
2026-03-26 22:03:04.873 [pool-3-thread-8] [] DEBUG c.t.rectagent.agent.SupervisorAgent - [11c1719972084985] 工具 data_analysis_agent 执行完成, outputLength=78
2026-03-26 22:03:04.873 [pool-3-thread-2] [] DEBUG c.t.rectagent.agent.SupervisorAgent - [07860fef5cae4705] 工具 data_analysis_agent 执行完成, outputLength=78
2026-03-26 22:03:04.873 [pool-3-thread-10] [] INFO  c.t.rectagent.agent.SupervisorAgent - [0d40824dcf6a4619] SupervisorAgent 处理完成: outputLength=78, 调用次数=1
2026-03-26 22:03:04.873 [pool-3-thread-2] [] INFO  c.t.rectagent.agent.SupervisorAgent - [07860fef5cae4705] 任务完成
2026-03-26 22:03:04.873 [pool-3-thread-5] [] DEBUG c.t.rectagent.agent.SupervisorAgent - [affa5cfed5234d56] 工具 data_analysis_agent 执行完成, outputLength=78
2026-03-26 22:03:04.873 [pool-3-thread-6] [] INFO  c.t.rectagent.agent.SupervisorAgent - [03f3f8f0b7b7418d] SupervisorAgent 开始处理: inputLength=11
2026-03-26 22:03:04.873 [pool-3-thread-5] [] INFO  c.t.rectagent.agent.SupervisorAgent - [affa5cfed5234d56] 任务完成
2026-03-26 22:03:04.873 [pool-3-thread-4] [] INFO  c.t.rectagent.agent.SupervisorAgent - [80fa66c15b394862] SupervisorAgent 开始处理: inputLength=11
2026-03-26 22:03:04.873 [pool-3-thread-6] [] DEBUG c.t.rectagent.agent.SupervisorAgent - [03f3f8f0b7b7418d] 执行工具: data_analysis_agent, input=78
2026-03-26 22:03:04.873 [pool-3-thread-9] [] INFO  c.t.rectagent.agent.SupervisorAgent - [9406dcb798944b5a] SupervisorAgent 开始处理: inputLength=11
2026-03-26 22:03:04.873 [pool-3-thread-4] [] DEBUG c.t.rectagent.agent.SupervisorAgent - [80fa66c15b394862] 执行工具: intent_recognition_agent, input=83
2026-03-26 22:03:04.873 [pool-3-thread-2] [] INFO  c.t.rectagent.agent.SupervisorAgent - [07860fef5cae4705] SupervisorAgent 处理完成: outputLength=78, 调用次数=1
2026-03-26 22:03:04.873 [pool-3-thread-8] [] INFO  c.t.rectagent.agent.SupervisorAgent - [11c1719972084985] 任务完成
2026-03-26 22:03:04.873 [pool-3-thread-10] [] INFO  c.t.rectagent.agent.SupervisorAgent - [97a5780bbcc34e9c] SupervisorAgent 开始处理: inputLength=11
2026-03-26 22:03:04.873 [pool-3-thread-7] [] DEBUG c.t.rectagent.agent.SupervisorAgent - [08d9d22098614696] 执行工具: data_analysis_agent, input=78
2026-03-26 22:03:04.873 [pool-3-thread-2] [] INFO  c.t.rectagent.agent.SupervisorAgent - [bc9fb0f4cef74a88] SupervisorAgent 开始处理: inputLength=11
2026-03-26 22:03:04.873 [pool-3-thread-7] [] DEBUG c.t.rectagent.agent.SupervisorAgent - [08d9d22098614696] 工具 data_analysis_agent 执行完成, outputLength=78
2026-03-26 22:03:04.873 [pool-3-thread-2] [] DEBUG c.t.rectagent.agent.SupervisorAgent - [bc9fb0f4cef74a88] 执行工具: data_analysis_agent, input=78
2026-03-26 22:03:04.873 [pool-3-thread-5] [] INFO  c.t.rectagent.agent.SupervisorAgent - [affa5cfed5234d56] SupervisorAgent 处理完成: outputLength=78, 调用次数=1
2026-03-26 22:03:04.873 [pool-3-thread-6] [] DEBUG c.t.rectagent.agent.SupervisorAgent - [03f3f8f0b7b7418d] 工具 data_analysis_agent 执行完成, outputLength=78
2026-03-26 22:03:04.873 [pool-3-thread-4] [] DEBUG c.t.rectagent.agent.SupervisorAgent - [80fa66c15b394862] 工具 intent_recognition_agent 执行完成, outputLength=83
2026-03-26 22:03:04.873 [pool-3-thread-5] [] INFO  c.t.rectagent.agent.SupervisorAgent - [c23d580f05d8433f] SupervisorAgent 开始处理: inputLength=11
2026-03-26 22:03:04.873 [pool-3-thread-9] [] DEBUG c.t.rectagent.agent.SupervisorAgent - [9406dcb798944b5a] 执行工具: data_analysis_agent, input=78
2026-03-26 22:03:04.873 [pool-3-thread-5] [] DEBUG c.t.rectagent.agent.SupervisorAgent - [c23d580f05d8433f] 执行工具: data_analysis_agent, input=78
2026-03-26 22:03:04.873 [pool-3-thread-8] [] INFO  c.t.rectagent.agent.SupervisorAgent - [11c1719972084985] SupervisorAgent 处理完成: outputLength=78, 调用次数=1
2026-03-26 22:03:04.873 [pool-3-thread-10] [] DEBUG c.t.rectagent.agent.SupervisorAgent - [97a5780bbcc34e9c] 执行工具: data_analysis_agent, input=78
2026-03-26 22:03:04.873 [pool-3-thread-2] [] DEBUG c.t.rectagent.agent.SupervisorAgent - [bc9fb0f4cef74a88] 工具 data_analysis_agent 执行完成, outputLength=78
2026-03-26 22:03:04.873 [pool-3-thread-7] [] INFO  c.t.rectagent.agent.SupervisorAgent - [08d9d22098614696] 任务完成
2026-03-26 22:03:04.873 [pool-3-thread-2] [] INFO  c.t.rectagent.agent.SupervisorAgent - [bc9fb0f4cef74a88] 任务完成
2026-03-26 22:03:04.873 [pool-3-thread-6] [] INFO  c.t.rectagent.agent.SupervisorAgent - [03f3f8f0b7b7418d] 任务完成
2026-03-26 22:03:04.873 [pool-3-thread-2] [] INFO  c.t.rectagent.agent.SupervisorAgent - [bc9fb0f4cef74a88] SupervisorAgent 处理完成: outputLength=78, 调用次数=1
2026-03-26 22:03:04.873 [pool-3-thread-4] [] INFO  c.t.rectagent.agent.SupervisorAgent - [80fa66c15b394862] 任务完成
2026-03-26 22:03:04.873 [pool-3-thread-9] [] DEBUG c.t.rectagent.agent.SupervisorAgent - [9406dcb798944b5a] 工具 data_analysis_agent 执行完成, outputLength=78
2026-03-26 22:03:04.873 [pool-3-thread-5] [] DEBUG c.t.rectagent.agent.SupervisorAgent - [c23d580f05d8433f] 工具 data_analysis_agent 执行完成, outputLength=78
2026-03-26 22:03:04.873 [pool-3-thread-10] [] DEBUG c.t.rectagent.agent.SupervisorAgent - [97a5780bbcc34e9c] 工具 data_analysis_agent 执行完成, outputLength=78
2026-03-26 22:03:04.873 [pool-3-thread-8] [] INFO  c.t.rectagent.agent.SupervisorAgent - [35d0dff1f2874a71] SupervisorAgent 开始处理: inputLength=11
2026-03-26 22:03:04.875 [pool-3-thread-9] [] INFO  c.t.rectagent.agent.SupervisorAgent - [9406dcb798944b5a] 任务完成
2026-03-26 22:03:04.873 [pool-3-thread-7] [] INFO  c.t.rectagent.agent.SupervisorAgent - [08d9d22098614696] SupervisorAgent 处理完成: outputLength=78, 调用次数=1
2026-03-26 22:03:04.875 [pool-3-thread-8] [] DEBUG c.t.rectagent.agent.SupervisorAgent - [35d0dff1f2874a71] 执行工具: data_analysis_agent, input=78
2026-03-26 22:03:04.873 [pool-3-thread-6] [] INFO  c.t.rectagent.agent.SupervisorAgent - [03f3f8f0b7b7418d] SupervisorAgent 处理完成: outputLength=78, 调用次数=1
2026-03-26 22:03:04.875 [pool-3-thread-8] [] DEBUG c.t.rectagent.agent.SupervisorAgent - [35d0dff1f2874a71] 工具 data_analysis_agent 执行完成, outputLength=78
2026-03-26 22:03:04.873 [pool-3-thread-2] [] INFO  c.t.rectagent.agent.SupervisorAgent - [59b5bb0ea22c43ed] SupervisorAgent 开始处理: inputLength=11
2026-03-26 22:03:04.875 [pool-3-thread-6] [] INFO  c.t.rectagent.agent.SupervisorAgent - [114852ffc1534874] SupervisorAgent 开始处理: inputLength=11
2026-03-26 22:03:04.875 [pool-3-thread-2] [] DEBUG c.t.rectagent.agent.SupervisorAgent - [59b5bb0ea22c43ed] 执行工具: data_analysis_agent, input=78
2026-03-26 22:03:04.875 [pool-3-thread-7] [] INFO  c.t.rectagent.agent.SupervisorAgent - [37e2465b046c48ed] SupervisorAgent 开始处理: inputLength=11
2026-03-26 22:03:04.875 [pool-3-thread-6] [] DEBUG c.t.rectagent.agent.SupervisorAgent - [114852ffc1534874] 执行工具: data_analysis_agent, input=78
2026-03-26 22:03:04.873 [pool-3-thread-4] [] INFO  c.t.rectagent.agent.SupervisorAgent - [80fa66c15b394862] SupervisorAgent 处理完成: outputLength=83, 调用次数=1
2026-03-26 22:03:04.875 [pool-3-thread-10] [] INFO  c.t.rectagent.agent.SupervisorAgent - [97a5780bbcc34e9c] 任务完成
2026-03-26 22:03:04.875 [pool-3-thread-4] [] INFO  c.t.rectagent.agent.SupervisorAgent - [9697aad74b834e48] SupervisorAgent 开始处理: inputLength=11
2026-03-26 22:03:04.875 [pool-3-thread-5] [] INFO  c.t.rectagent.agent.SupervisorAgent - [c23d580f05d8433f] 任务完成
2026-03-26 22:03:04.875 [pool-3-thread-4] [] DEBUG c.t.rectagent.agent.SupervisorAgent - [9697aad74b834e48] 执行工具: data_analysis_agent, input=78
2026-03-26 22:03:04.875 [pool-3-thread-4] [] DEBUG c.t.rectagent.agent.SupervisorAgent - [9697aad74b834e48] 工具 data_analysis_agent 执行完成, outputLength=78
2026-03-26 22:03:04.875 [pool-3-thread-9] [] INFO  c.t.rectagent.agent.SupervisorAgent - [9406dcb798944b5a] SupervisorAgent 处理完成: outputLength=78, 调用次数=1
2026-03-26 22:03:04.875 [pool-3-thread-8] [] INFO  c.t.rectagent.agent.SupervisorAgent - [35d0dff1f2874a71] 任务完成
2026-03-26 22:03:04.875 [pool-3-thread-4] [] INFO  c.t.rectagent.agent.SupervisorAgent - [9697aad74b834e48] 任务完成
2026-03-26 22:03:04.875 [pool-3-thread-2] [] DEBUG c.t.rectagent.agent.SupervisorAgent - [59b5bb0ea22c43ed] 工具 data_analysis_agent 执行完成, outputLength=78
2026-03-26 22:03:04.875 [pool-3-thread-7] [] DEBUG c.t.rectagent.agent.SupervisorAgent - [37e2465b046c48ed] 执行工具: data_analysis_agent, input=78
2026-03-26 22:03:04.875 [pool-3-thread-2] [] INFO  c.t.rectagent.agent.SupervisorAgent - [59b5bb0ea22c43ed] 任务完成
2026-03-26 22:03:04.875 [pool-3-thread-6] [] DEBUG c.t.rectagent.agent.SupervisorAgent - [114852ffc1534874] 工具 data_analysis_agent 执行完成, outputLength=78
2026-03-26 22:03:04.875 [pool-3-thread-5] [] INFO  c.t.rectagent.agent.SupervisorAgent - [c23d580f05d8433f] SupervisorAgent 处理完成: outputLength=78, 调用次数=1
2026-03-26 22:03:04.875 [pool-3-thread-10] [] INFO  c.t.rectagent.agent.SupervisorAgent - [97a5780bbcc34e9c] SupervisorAgent 处理完成: outputLength=78, 调用次数=1
2026-03-26 22:03:04.875 [pool-3-thread-4] [] INFO  c.t.rectagent.agent.SupervisorAgent - [9697aad74b834e48] SupervisorAgent 处理完成: outputLength=78, 调用次数=1
2026-03-26 22:03:04.875 [pool-3-thread-8] [] INFO  c.t.rectagent.agent.SupervisorAgent - [35d0dff1f2874a71] SupervisorAgent 处理完成: outputLength=78, 调用次数=1
2026-03-26 22:03:04.875 [pool-3-thread-10] [] INFO  c.t.rectagent.agent.SupervisorAgent - [31313407232c4324] SupervisorAgent 开始处理: inputLength=11
2026-03-26 22:03:04.875 [pool-3-thread-9] [] INFO  c.t.rectagent.agent.SupervisorAgent - [c43d533a489c41c4] SupervisorAgent 开始处理: inputLength=11
2026-03-26 22:03:04.875 [pool-3-thread-7] [] DEBUG c.t.rectagent.agent.SupervisorAgent - [37e2465b046c48ed] 工具 data_analysis_agent 执行完成, outputLength=78
2026-03-26 22:03:04.877 [pool-3-thread-8] [] INFO  c.t.rectagent.agent.SupervisorAgent - [1c673128e3ce4c47] SupervisorAgent 开始处理: inputLength=11
2026-03-26 22:03:04.877 [pool-3-thread-10] [] DEBUG c.t.rectagent.agent.SupervisorAgent - [31313407232c4324] 执行工具: data_analysis_agent, input=78
2026-03-26 22:03:04.875 [pool-3-thread-2] [] INFO  c.t.rectagent.agent.SupervisorAgent - [59b5bb0ea22c43ed] SupervisorAgent 处理完成: outputLength=78, 调用次数=1
2026-03-26 22:03:04.877 [pool-3-thread-7] [] INFO  c.t.rectagent.agent.SupervisorAgent - [37e2465b046c48ed] 任务完成
2026-03-26 22:03:04.875 [pool-3-thread-6] [] INFO  c.t.rectagent.agent.SupervisorAgent - [114852ffc1534874] 任务完成
2026-03-26 22:03:04.877 [pool-3-thread-10] [] DEBUG c.t.rectagent.agent.SupervisorAgent - [31313407232c4324] 工具 data_analysis_agent 执行完成, outputLength=78
2026-03-26 22:03:04.877 [pool-3-thread-8] [] DEBUG c.t.rectagent.agent.SupervisorAgent - [1c673128e3ce4c47] 执行工具: intent_recognition_agent, input=83
2026-03-26 22:03:04.877 [pool-3-thread-6] [] INFO  c.t.rectagent.agent.SupervisorAgent - [114852ffc1534874] SupervisorAgent 处理完成: outputLength=78, 调用次数=1
2026-03-26 22:03:04.877 [pool-3-thread-7] [] INFO  c.t.rectagent.agent.SupervisorAgent - [37e2465b046c48ed] SupervisorAgent 处理完成: outputLength=78, 调用次数=1
2026-03-26 22:03:04.877 [pool-3-thread-10] [] INFO  c.t.rectagent.agent.SupervisorAgent - [31313407232c4324] 任务完成
2026-03-26 22:03:04.877 [pool-3-thread-9] [] DEBUG c.t.rectagent.agent.SupervisorAgent - [c43d533a489c41c4] 执行工具: intent_recognition_agent, input=83
2026-03-26 22:03:04.877 [pool-3-thread-8] [] DEBUG c.t.rectagent.agent.SupervisorAgent - [1c673128e3ce4c47] 工具 intent_recognition_agent 执行完成, outputLength=83
2026-03-26 22:03:04.877 [pool-3-thread-9] [] DEBUG c.t.rectagent.agent.SupervisorAgent - [c43d533a489c41c4] 工具 intent_recognition_agent 执行完成, outputLength=83
2026-03-26 22:03:04.877 [pool-3-thread-7] [] INFO  c.t.rectagent.agent.SupervisorAgent - [44281171c3fb4e32] SupervisorAgent 开始处理: inputLength=11
2026-03-26 22:03:04.877 [pool-3-thread-10] [] INFO  c.t.rectagent.agent.SupervisorAgent - [31313407232c4324] SupervisorAgent 处理完成: outputLength=78, 调用次数=1
2026-03-26 22:03:04.877 [pool-3-thread-6] [] INFO  c.t.rectagent.agent.SupervisorAgent - [976b659dd03c4245] SupervisorAgent 开始处理: inputLength=11
2026-03-26 22:03:04.877 [pool-3-thread-8] [] INFO  c.t.rectagent.agent.SupervisorAgent - [1c673128e3ce4c47] 任务完成
2026-03-26 22:03:04.877 [pool-3-thread-6] [] DEBUG c.t.rectagent.agent.SupervisorAgent - [976b659dd03c4245] 执行工具: data_analysis_agent, input=78
2026-03-26 22:03:04.877 [pool-3-thread-8] [] INFO  c.t.rectagent.agent.SupervisorAgent - [1c673128e3ce4c47] SupervisorAgent 处理完成: outputLength=83, 调用次数=1
2026-03-26 22:03:04.877 [pool-3-thread-6] [] DEBUG c.t.rectagent.agent.SupervisorAgent - [976b659dd03c4245] 工具 data_analysis_agent 执行完成, outputLength=78
2026-03-26 22:03:04.877 [pool-3-thread-7] [] DEBUG c.t.rectagent.agent.SupervisorAgent - [44281171c3fb4e32] 执行工具: data_analysis_agent, input=78
2026-03-26 22:03:04.877 [pool-3-thread-6] [] INFO  c.t.rectagent.agent.SupervisorAgent - [976b659dd03c4245] 任务完成
2026-03-26 22:03:04.877 [pool-3-thread-9] [] INFO  c.t.rectagent.agent.SupervisorAgent - [c43d533a489c41c4] 任务完成
2026-03-26 22:03:04.877 [pool-3-thread-10] [] INFO  c.t.rectagent.agent.SupervisorAgent - [a6cb428534564513] SupervisorAgent 开始处理: inputLength=11
2026-03-26 22:03:04.877 [pool-3-thread-7] [] DEBUG c.t.rectagent.agent.SupervisorAgent - [44281171c3fb4e32] 工具 data_analysis_agent 执行完成, outputLength=78
2026-03-26 22:03:04.877 [pool-3-thread-10] [] DEBUG c.t.rectagent.agent.SupervisorAgent - [a6cb428534564513] 执行工具: data_analysis_agent, input=78
2026-03-26 22:03:04.877 [pool-3-thread-10] [] DEBUG c.t.rectagent.agent.SupervisorAgent - [a6cb428534564513] 工具 data_analysis_agent 执行完成, outputLength=78
2026-03-26 22:03:04.877 [pool-3-thread-7] [] INFO  c.t.rectagent.agent.SupervisorAgent - [44281171c3fb4e32] 任务完成
2026-03-26 22:03:04.877 [pool-3-thread-6] [] INFO  c.t.rectagent.agent.SupervisorAgent - [976b659dd03c4245] SupervisorAgent 处理完成: outputLength=78, 调用次数=1
2026-03-26 22:03:04.877 [pool-3-thread-8] [] INFO  c.t.rectagent.agent.SupervisorAgent - [6f38dc5b17214df7] SupervisorAgent 开始处理: inputLength=11
2026-03-26 22:03:04.877 [pool-3-thread-9] [] INFO  c.t.rectagent.agent.SupervisorAgent - [c43d533a489c41c4] SupervisorAgent 处理完成: outputLength=83, 调用次数=1
2026-03-26 22:03:04.877 [pool-3-thread-7] [] INFO  c.t.rectagent.agent.SupervisorAgent - [44281171c3fb4e32] SupervisorAgent 处理完成: outputLength=78, 调用次数=1
2026-03-26 22:03:04.877 [pool-3-thread-8] [] DEBUG c.t.rectagent.agent.SupervisorAgent - [6f38dc5b17214df7] 执行工具: data_analysis_agent, input=78
2026-03-26 22:03:04.877 [pool-3-thread-6] [] INFO  c.t.rectagent.agent.SupervisorAgent - [a82e42dab8454509] SupervisorAgent 开始处理: inputLength=11
2026-03-26 22:03:04.877 [pool-3-thread-6] [] DEBUG c.t.rectagent.agent.SupervisorAgent - [a82e42dab8454509] 执行工具: data_analysis_agent, input=78
2026-03-26 22:03:04.877 [pool-3-thread-7] [] INFO  c.t.rectagent.agent.SupervisorAgent - [728ba2470a7041a8] SupervisorAgent 开始处理: inputLength=11
2026-03-26 22:03:04.877 [pool-3-thread-6] [] DEBUG c.t.rectagent.agent.SupervisorAgent - [a82e42dab8454509] 工具 data_analysis_agent 执行完成, outputLength=78
2026-03-26 22:03:04.877 [pool-3-thread-10] [] INFO  c.t.rectagent.agent.SupervisorAgent - [a6cb428534564513] 任务完成
2026-03-26 22:03:04.877 [pool-3-thread-6] [] INFO  c.t.rectagent.agent.SupervisorAgent - [a82e42dab8454509] 任务完成
2026-03-26 22:03:04.877 [pool-3-thread-6] [] INFO  c.t.rectagent.agent.SupervisorAgent - [a82e42dab8454509] SupervisorAgent 处理完成: outputLength=78, 调用次数=1
2026-03-26 22:03:04.877 [pool-3-thread-8] [] DEBUG c.t.rectagent.agent.SupervisorAgent - [6f38dc5b17214df7] 工具 data_analysis_agent 执行完成, outputLength=78
2026-03-26 22:03:04.877 [pool-3-thread-9] [] INFO  c.t.rectagent.agent.SupervisorAgent - [d07408bd859f447f] SupervisorAgent 开始处理: inputLength=11
2026-03-26 22:03:04.877 [pool-3-thread-8] [] INFO  c.t.rectagent.agent.SupervisorAgent - [6f38dc5b17214df7] 任务完成
2026-03-26 22:03:04.877 [pool-3-thread-8] [] INFO  c.t.rectagent.agent.SupervisorAgent - [6f38dc5b17214df7] SupervisorAgent 处理完成: outputLength=78, 调用次数=1
2026-03-26 22:03:04.877 [pool-3-thread-7] [] DEBUG c.t.rectagent.agent.SupervisorAgent - [728ba2470a7041a8] 执行工具: data_analysis_agent, input=78
2026-03-26 22:03:04.877 [pool-3-thread-10] [] INFO  c.t.rectagent.agent.SupervisorAgent - [a6cb428534564513] SupervisorAgent 处理完成: outputLength=78, 调用次数=1
2026-03-26 22:03:04.877 [pool-3-thread-6] [] INFO  c.t.rectagent.agent.SupervisorAgent - [98874b1329974f64] SupervisorAgent 开始处理: inputLength=11
2026-03-26 22:03:04.877 [pool-3-thread-8] [] INFO  c.t.rectagent.agent.SupervisorAgent - [b362b131f4ab40cf] SupervisorAgent 开始处理: inputLength=11
2026-03-26 22:03:04.877 [pool-3-thread-7] [] DEBUG c.t.rectagent.agent.SupervisorAgent - [728ba2470a7041a8] 工具 data_analysis_agent 执行完成, outputLength=78
2026-03-26 22:03:04.877 [pool-3-thread-6] [] DEBUG c.t.rectagent.agent.SupervisorAgent - [98874b1329974f64] 执行工具: data_analysis_agent, input=78
2026-03-26 22:03:04.877 [pool-3-thread-10] [] INFO  c.t.rectagent.agent.SupervisorAgent - [38682839f5e341fc] SupervisorAgent 开始处理: inputLength=11
2026-03-26 22:03:04.877 [pool-3-thread-6] [] DEBUG c.t.rectagent.agent.SupervisorAgent - [98874b1329974f64] 工具 data_analysis_agent 执行完成, outputLength=78
2026-03-26 22:03:04.877 [pool-3-thread-7] [] INFO  c.t.rectagent.agent.SupervisorAgent - [728ba2470a7041a8] 任务完成
2026-03-26 22:03:04.877 [pool-3-thread-10] [] DEBUG c.t.rectagent.agent.SupervisorAgent - [38682839f5e341fc] 执行工具: data_analysis_agent, input=78
2026-03-26 22:03:04.877 [pool-3-thread-8] [] DEBUG c.t.rectagent.agent.SupervisorAgent - [b362b131f4ab40cf] 执行工具: data_analysis_agent, input=78
2026-03-26 22:03:04.877 [pool-3-thread-10] [] DEBUG c.t.rectagent.agent.SupervisorAgent - [38682839f5e341fc] 工具 data_analysis_agent 执行完成, outputLength=78
2026-03-26 22:03:04.877 [pool-3-thread-9] [] DEBUG c.t.rectagent.agent.SupervisorAgent - [d07408bd859f447f] 执行工具: data_analysis_agent, input=78
2026-03-26 22:03:04.877 [pool-3-thread-10] [] INFO  c.t.rectagent.agent.SupervisorAgent - [38682839f5e341fc] 任务完成
2026-03-26 22:03:04.877 [pool-3-thread-6] [] INFO  c.t.rectagent.agent.SupervisorAgent - [98874b1329974f64] 任务完成
2026-03-26 22:03:04.877 [pool-3-thread-9] [] DEBUG c.t.rectagent.agent.SupervisorAgent - [d07408bd859f447f] 工具 data_analysis_agent 执行完成, outputLength=78
2026-03-26 22:03:04.877 [pool-3-thread-7] [] INFO  c.t.rectagent.agent.SupervisorAgent - [728ba2470a7041a8] SupervisorAgent 处理完成: outputLength=78, 调用次数=1
2026-03-26 22:03:04.877 [pool-3-thread-8] [] DEBUG c.t.rectagent.agent.SupervisorAgent - [b362b131f4ab40cf] 工具 data_analysis_agent 执行完成, outputLength=78
2026-03-26 22:03:04.877 [pool-3-thread-10] [] INFO  c.t.rectagent.agent.SupervisorAgent - [38682839f5e341fc] SupervisorAgent 处理完成: outputLength=78, 调用次数=1
2026-03-26 22:03:04.877 [pool-3-thread-9] [] INFO  c.t.rectagent.agent.SupervisorAgent - [d07408bd859f447f] 任务完成
2026-03-26 22:03:04.877 [pool-3-thread-6] [] INFO  c.t.rectagent.agent.SupervisorAgent - [98874b1329974f64] SupervisorAgent 处理完成: outputLength=78, 调用次数=1
2026-03-26 22:03:04.878 [pool-3-thread-7] [] INFO  c.t.rectagent.agent.SupervisorAgent - [307f088a042745c8] SupervisorAgent 开始处理: inputLength=11
2026-03-26 22:03:04.878 [pool-3-thread-9] [] INFO  c.t.rectagent.agent.SupervisorAgent - [d07408bd859f447f] SupervisorAgent 处理完成: outputLength=78, 调用次数=1
2026-03-26 22:03:04.878 [pool-3-thread-10] [] INFO  c.t.rectagent.agent.SupervisorAgent - [ea3505fcf6f94230] SupervisorAgent 开始处理: inputLength=11
2026-03-26 22:03:04.878 [pool-3-thread-7] [] DEBUG c.t.rectagent.agent.SupervisorAgent - [307f088a042745c8] 执行工具: data_analysis_agent, input=78
2026-03-26 22:03:04.878 [pool-3-thread-10] [] DEBUG c.t.rectagent.agent.SupervisorAgent - [ea3505fcf6f94230] 执行工具: data_analysis_agent, input=78
2026-03-26 22:03:04.878 [pool-3-thread-7] [] DEBUG c.t.rectagent.agent.SupervisorAgent - [307f088a042745c8] 工具 data_analysis_agent 执行完成, outputLength=78
2026-03-26 22:03:04.878 [pool-3-thread-8] [] INFO  c.t.rectagent.agent.SupervisorAgent - [b362b131f4ab40cf] 任务完成
2026-03-26 22:03:04.878 [pool-3-thread-7] [] INFO  c.t.rectagent.agent.SupervisorAgent - [307f088a042745c8] 任务完成
2026-03-26 22:03:04.878 [pool-3-thread-8] [] INFO  c.t.rectagent.agent.SupervisorAgent - [b362b131f4ab40cf] SupervisorAgent 处理完成: outputLength=78, 调用次数=1
2026-03-26 22:03:04.878 [pool-3-thread-9] [] INFO  c.t.rectagent.agent.SupervisorAgent - [ad505d8971844578] SupervisorAgent 开始处理: inputLength=11
2026-03-26 22:03:04.878 [pool-3-thread-10] [] DEBUG c.t.rectagent.agent.SupervisorAgent - [ea3505fcf6f94230] 工具 data_analysis_agent 执行完成, outputLength=78
2026-03-26 22:03:04.878 [pool-3-thread-7] [] INFO  c.t.rectagent.agent.SupervisorAgent - [307f088a042745c8] SupervisorAgent 处理完成: outputLength=78, 调用次数=1
2026-03-26 22:03:04.878 [pool-3-thread-9] [] DEBUG c.t.rectagent.agent.SupervisorAgent - [ad505d8971844578] 执行工具: data_analysis_agent, input=78
2026-03-26 22:03:04.878 [pool-3-thread-10] [] INFO  c.t.rectagent.agent.SupervisorAgent - [ea3505fcf6f94230] 任务完成
2026-03-26 22:03:04.878 [pool-3-thread-10] [] INFO  c.t.rectagent.agent.SupervisorAgent - [ea3505fcf6f94230] SupervisorAgent 处理完成: outputLength=78, 调用次数=1
2026-03-26 22:03:04.878 [pool-3-thread-9] [] DEBUG c.t.rectagent.agent.SupervisorAgent - [ad505d8971844578] 工具 data_analysis_agent 执行完成, outputLength=78
2026-03-26 22:03:04.878 [pool-3-thread-7] [] INFO  c.t.rectagent.agent.SupervisorAgent - [4a8b87266b314dcb] SupervisorAgent 开始处理: inputLength=11
2026-03-26 22:03:04.878 [pool-3-thread-9] [] INFO  c.t.rectagent.agent.SupervisorAgent - [ad505d8971844578] 任务完成
2026-03-26 22:03:04.878 [pool-3-thread-7] [] DEBUG c.t.rectagent.agent.SupervisorAgent - [4a8b87266b314dcb] 执行工具: data_analysis_agent, input=78
2026-03-26 22:03:04.878 [pool-3-thread-9] [] INFO  c.t.rectagent.agent.SupervisorAgent - [ad505d8971844578] SupervisorAgent 处理完成: outputLength=78, 调用次数=1
2026-03-26 22:03:04.878 [pool-3-thread-7] [] DEBUG c.t.rectagent.agent.SupervisorAgent - [4a8b87266b314dcb] 工具 data_analysis_agent 执行完成, outputLength=78
2026-03-26 22:03:04.878 [pool-3-thread-7] [] INFO  c.t.rectagent.agent.SupervisorAgent - [4a8b87266b314dcb] 任务完成
2026-03-26 22:03:04.878 [pool-3-thread-7] [] INFO  c.t.rectagent.agent.SupervisorAgent - [4a8b87266b314dcb] SupervisorAgent 处理完成: outputLength=78, 调用次数=1
2026-03-26 22:03:04.878 [pool-3-thread-9] [] INFO  c.t.rectagent.agent.SupervisorAgent - [a06a8c1bf41e4841] SupervisorAgent 开始处理: inputLength=11
2026-03-26 22:03:04.878 [pool-3-thread-9] [] DEBUG c.t.rectagent.agent.SupervisorAgent - [a06a8c1bf41e4841] 执行工具: data_analysis_agent, input=78
2026-03-26 22:03:04.878 [pool-3-thread-9] [] DEBUG c.t.rectagent.agent.SupervisorAgent - [a06a8c1bf41e4841] 工具 data_analysis_agent 执行完成, outputLength=78
2026-03-26 22:03:04.878 [pool-3-thread-9] [] INFO  c.t.rectagent.agent.SupervisorAgent - [a06a8c1bf41e4841] 任务完成
2026-03-26 22:03:04.878 [pool-3-thread-9] [] INFO  c.t.rectagent.agent.SupervisorAgent - [a06a8c1bf41e4841] SupervisorAgent 处理完成: outputLength=78, 调用次数=1
2026-03-26 22:03:04.878 [pool-3-thread-9] [] INFO  c.t.rectagent.agent.SupervisorAgent - [321dbfd2880d4d45] SupervisorAgent 开始处理: inputLength=11
2026-03-26 22:03:04.878 [pool-3-thread-9] [] DEBUG c.t.rectagent.agent.SupervisorAgent - [321dbfd2880d4d45] 执行工具: data_analysis_agent, input=78
2026-03-26 22:03:04.878 [pool-3-thread-9] [] DEBUG c.t.rectagent.agent.SupervisorAgent - [321dbfd2880d4d45] 工具 data_analysis_agent 执行完成, outputLength=78
2026-03-26 22:03:04.878 [pool-3-thread-9] [] INFO  c.t.rectagent.agent.SupervisorAgent - [321dbfd2880d4d45] 任务完成
2026-03-26 22:03:04.878 [pool-3-thread-9] [] INFO  c.t.rectagent.agent.SupervisorAgent - [321dbfd2880d4d45] SupervisorAgent 处理完成: outputLength=78, 调用次数=1
Throughput: 100 invocations in 30s
2026-03-26 22:03:04.880 [main] [] DEBUG c.t.r.agent.AgentToolRegistry - 注册工具: name=intent_recognition_agent, description=用户意图识别工具
2026-03-26 22:03:04.880 [main] [] DEBUG c.t.r.agent.AgentToolRegistry - 注册工具: name=data_analysis_agent, description=数据安全分析工具
2026-03-26 22:03:04.880 [main] [] INFO  c.t.rectagent.agent.SupervisorAgent - [20efbd31ec874008] SupervisorAgent 开始处理: inputLength=10
2026-03-26 22:03:04.880 [main] [] DEBUG c.t.rectagent.agent.SupervisorAgent - [20efbd31ec874008] 执行工具: data_analysis_agent, input=77
2026-03-26 22:03:04.880 [main] [] DEBUG c.t.rectagent.agent.SupervisorAgent - [20efbd31ec874008] 工具 data_analysis_agent 执行完成, outputLength=77
2026-03-26 22:03:04.880 [main] [] INFO  c.t.rectagent.agent.SupervisorAgent - [20efbd31ec874008] 任务完成
2026-03-26 22:03:04.880 [main] [] INFO  c.t.rectagent.agent.SupervisorAgent - [20efbd31ec874008] SupervisorAgent 处理完成: outputLength=77, 调用次数=1
2026-03-26 22:03:04.880 [main] [] INFO  c.t.rectagent.agent.SupervisorAgent - [cd354025df974edd] SupervisorAgent 开始处理: inputLength=10
2026-03-26 22:03:04.880 [main] [] DEBUG c.t.rectagent.agent.SupervisorAgent - [cd354025df974edd] 执行工具: data_analysis_agent, input=77
2026-03-26 22:03:04.880 [main] [] DEBUG c.t.rectagent.agent.SupervisorAgent - [cd354025df974edd] 工具 data_analysis_agent 执行完成, outputLength=77
2026-03-26 22:03:04.880 [main] [] INFO  c.t.rectagent.agent.SupervisorAgent - [cd354025df974edd] 任务完成
2026-03-26 22:03:04.880 [main] [] INFO  c.t.rectagent.agent.SupervisorAgent - [cd354025df974edd] SupervisorAgent 处理完成: outputLength=77, 调用次数=1
2026-03-26 22:03:04.880 [main] [] INFO  c.t.rectagent.agent.SupervisorAgent - [8f2a91cff7d84056] SupervisorAgent 开始处理: inputLength=10
2026-03-26 22:03:04.880 [main] [] DEBUG c.t.rectagent.agent.SupervisorAgent - [8f2a91cff7d84056] 执行工具: data_analysis_agent, input=77
2026-03-26 22:03:04.880 [main] [] DEBUG c.t.rectagent.agent.SupervisorAgent - [8f2a91cff7d84056] 工具 data_analysis_agent 执行完成, outputLength=77
2026-03-26 22:03:04.880 [main] [] INFO  c.t.rectagent.agent.SupervisorAgent - [8f2a91cff7d84056] 任务完成
2026-03-26 22:03:04.880 [main] [] INFO  c.t.rectagent.agent.SupervisorAgent - [8f2a91cff7d84056] SupervisorAgent 处理完成: outputLength=77, 调用次数=1
2026-03-26 22:03:04.881 [main] [] INFO  c.t.rectagent.agent.SupervisorAgent - [95f1652a39ed44ab] SupervisorAgent 开始处理: inputLength=10
2026-03-26 22:03:04.881 [main] [] DEBUG c.t.rectagent.agent.SupervisorAgent - [95f1652a39ed44ab] 执行工具: data_analysis_agent, input=77
2026-03-26 22:03:04.881 [main] [] DEBUG c.t.rectagent.agent.SupervisorAgent - [95f1652a39ed44ab] 工具 data_analysis_agent 执行完成, outputLength=77
2026-03-26 22:03:04.881 [main] [] INFO  c.t.rectagent.agent.SupervisorAgent - [95f1652a39ed44ab] 任务完成
2026-03-26 22:03:04.881 [main] [] INFO  c.t.rectagent.agent.SupervisorAgent - [95f1652a39ed44ab] SupervisorAgent 处理完成: outputLength=77, 调用次数=1
2026-03-26 22:03:04.881 [main] [] INFO  c.t.rectagent.agent.SupervisorAgent - [9e12fe3d152a4e62] SupervisorAgent 开始处理: inputLength=10
2026-03-26 22:03:04.881 [main] [] DEBUG c.t.rectagent.agent.SupervisorAgent - [9e12fe3d152a4e62] 执行工具: data_analysis_agent, input=77
2026-03-26 22:03:04.881 [main] [] DEBUG c.t.rectagent.agent.SupervisorAgent - [9e12fe3d152a4e62] 工具 data_analysis_agent 执行完成, outputLength=77
2026-03-26 22:03:04.881 [main] [] INFO  c.t.rectagent.agent.SupervisorAgent - [9e12fe3d152a4e62] 任务完成
2026-03-26 22:03:04.881 [main] [] INFO  c.t.rectagent.agent.SupervisorAgent - [9e12fe3d152a4e62] SupervisorAgent 处理完成: outputLength=77, 调用次数=1
2026-03-26 22:03:04.881 [main] [] INFO  c.t.rectagent.agent.SupervisorAgent - [5192a8386d0d4053] SupervisorAgent 开始处理: inputLength=10
2026-03-26 22:03:04.881 [main] [] DEBUG c.t.rectagent.agent.SupervisorAgent - [5192a8386d0d4053] 执行工具: data_analysis_agent, input=77
2026-03-26 22:03:04.881 [main] [] DEBUG c.t.rectagent.agent.SupervisorAgent - [5192a8386d0d4053] 工具 data_analysis_agent 执行完成, outputLength=77
2026-03-26 22:03:04.881 [main] [] INFO  c.t.rectagent.agent.SupervisorAgent - [5192a8386d0d4053] 任务完成
2026-03-26 22:03:04.881 [main] [] INFO  c.t.rectagent.agent.SupervisorAgent - [5192a8386d0d4053] SupervisorAgent 处理完成: outputLength=77, 调用次数=1
2026-03-26 22:03:04.881 [main] [] INFO  c.t.rectagent.agent.SupervisorAgent - [99993eb1201a4987] SupervisorAgent 开始处理: inputLength=10
2026-03-26 22:03:04.881 [main] [] DEBUG c.t.rectagent.agent.SupervisorAgent - [99993eb1201a4987] 执行工具: data_analysis_agent, input=77
2026-03-26 22:03:04.881 [main] [] DEBUG c.t.rectagent.agent.SupervisorAgent - [99993eb1201a4987] 工具 data_analysis_agent 执行完成, outputLength=77
2026-03-26 22:03:04.881 [main] [] INFO  c.t.rectagent.agent.SupervisorAgent - [99993eb1201a4987] 任务完成
2026-03-26 22:03:04.881 [main] [] INFO  c.t.rectagent.agent.SupervisorAgent - [99993eb1201a4987] SupervisorAgent 处理完成: outputLength=77, 调用次数=1
2026-03-26 22:03:04.881 [main] [] INFO  c.t.rectagent.agent.SupervisorAgent - [55fe9d30562148cc] SupervisorAgent 开始处理: inputLength=10
2026-03-26 22:03:04.881 [main] [] DEBUG c.t.rectagent.agent.SupervisorAgent - [55fe9d30562148cc] 执行工具: data_analysis_agent, input=77
2026-03-26 22:03:04.881 [main] [] DEBUG c.t.rectagent.agent.SupervisorAgent - [55fe9d30562148cc] 工具 data_analysis_agent 执行完成, outputLength=77
2026-03-26 22:03:04.881 [main] [] INFO  c.t.rectagent.agent.SupervisorAgent - [55fe9d30562148cc] 任务完成
2026-03-26 22:03:04.881 [main] [] INFO  c.t.rectagent.agent.SupervisorAgent - [55fe9d30562148cc] SupervisorAgent 处理完成: outputLength=77, 调用次数=1
2026-03-26 22:03:04.881 [main] [] INFO  c.t.rectagent.agent.SupervisorAgent - [886fff1a0c414e37] SupervisorAgent 开始处理: inputLength=10
2026-03-26 22:03:04.881 [main] [] DEBUG c.t.rectagent.agent.SupervisorAgent - [886fff1a0c414e37] 执行工具: data_analysis_agent, input=77
2026-03-26 22:03:04.881 [main] [] DEBUG c.t.rectagent.agent.SupervisorAgent - [886fff1a0c414e37] 工具 data_analysis_agent 执行完成, outputLength=77
2026-03-26 22:03:04.881 [main] [] INFO  c.t.rectagent.agent.SupervisorAgent - [886fff1a0c414e37] 任务完成
2026-03-26 22:03:04.881 [main] [] INFO  c.t.rectagent.agent.SupervisorAgent - [886fff1a0c414e37] SupervisorAgent 处理完成: outputLength=77, 调用次数=1
2026-03-26 22:03:04.881 [main] [] INFO  c.t.rectagent.agent.SupervisorAgent - [3b7aa8bc57af4953] SupervisorAgent 开始处理: inputLength=10
2026-03-26 22:03:04.881 [main] [] DEBUG c.t.rectagent.agent.SupervisorAgent - [3b7aa8bc57af4953] 执行工具: data_analysis_agent, input=77
2026-03-26 22:03:04.881 [main] [] DEBUG c.t.rectagent.agent.SupervisorAgent - [3b7aa8bc57af4953] 工具 data_analysis_agent 执行完成, outputLength=77
2026-03-26 22:03:04.881 [main] [] INFO  c.t.rectagent.agent.SupervisorAgent - [3b7aa8bc57af4953] 任务完成
2026-03-26 22:03:04.881 [main] [] INFO  c.t.rectagent.agent.SupervisorAgent - [3b7aa8bc57af4953] SupervisorAgent 处理完成: outputLength=77, 调用次数=1
2026-03-26 22:03:04.881 [main] [] INFO  c.t.rectagent.agent.SupervisorAgent - [9c4eff41e48a4876] SupervisorAgent 开始处理: inputLength=11
2026-03-26 22:03:04.881 [main] [] DEBUG c.t.rectagent.agent.SupervisorAgent - [9c4eff41e48a4876] 执行工具: data_analysis_agent, input=78
2026-03-26 22:03:04.881 [main] [] DEBUG c.t.rectagent.agent.SupervisorAgent - [9c4eff41e48a4876] 工具 data_analysis_agent 执行完成, outputLength=78
2026-03-26 22:03:04.881 [main] [] INFO  c.t.rectagent.agent.SupervisorAgent - [9c4eff41e48a4876] 任务完成
2026-03-26 22:03:04.881 [main] [] INFO  c.t.rectagent.agent.SupervisorAgent - [9c4eff41e48a4876] SupervisorAgent 处理完成: outputLength=78, 调用次数=1
2026-03-26 22:03:04.881 [main] [] INFO  c.t.rectagent.agent.SupervisorAgent - [5b1e7c809dd64fa1] SupervisorAgent 开始处理: inputLength=11
2026-03-26 22:03:04.881 [main] [] DEBUG c.t.rectagent.agent.SupervisorAgent - [5b1e7c809dd64fa1] 执行工具: data_analysis_agent, input=78
2026-03-26 22:03:04.881 [main] [] DEBUG c.t.rectagent.agent.SupervisorAgent - [5b1e7c809dd64fa1] 工具 data_analysis_agent 执行完成, outputLength=78
2026-03-26 22:03:04.881 [main] [] INFO  c.t.rectagent.agent.SupervisorAgent - [5b1e7c809dd64fa1] 任务完成
2026-03-26 22:03:04.881 [main] [] INFO  c.t.rectagent.agent.SupervisorAgent - [5b1e7c809dd64fa1] SupervisorAgent 处理完成: outputLength=78, 调用次数=1
2026-03-26 22:03:04.881 [main] [] INFO  c.t.rectagent.agent.SupervisorAgent - [7d54764d45634c5a] SupervisorAgent 开始处理: inputLength=11
2026-03-26 22:03:04.881 [main] [] DEBUG c.t.rectagent.agent.SupervisorAgent - [7d54764d45634c5a] 执行工具: data_analysis_agent, input=78
2026-03-26 22:03:04.881 [main] [] DEBUG c.t.rectagent.agent.SupervisorAgent - [7d54764d45634c5a] 工具 data_analysis_agent 执行完成, outputLength=78
2026-03-26 22:03:04.881 [main] [] INFO  c.t.rectagent.agent.SupervisorAgent - [7d54764d45634c5a] 任务完成
2026-03-26 22:03:04.881 [main] [] INFO  c.t.rectagent.agent.SupervisorAgent - [7d54764d45634c5a] SupervisorAgent 处理完成: outputLength=78, 调用次数=1
2026-03-26 22:03:04.881 [main] [] INFO  c.t.rectagent.agent.SupervisorAgent - [69789e9ab3df4fe6] SupervisorAgent 开始处理: inputLength=11
2026-03-26 22:03:04.881 [main] [] DEBUG c.t.rectagent.agent.SupervisorAgent - [69789e9ab3df4fe6] 执行工具: data_analysis_agent, input=78
2026-03-26 22:03:04.881 [main] [] DEBUG c.t.rectagent.agent.SupervisorAgent - [69789e9ab3df4fe6] 工具 data_analysis_agent 执行完成, outputLength=78
2026-03-26 22:03:04.881 [main] [] INFO  c.t.rectagent.agent.SupervisorAgent - [69789e9ab3df4fe6] 任务完成
2026-03-26 22:03:04.883 [main] [] INFO  c.t.rectagent.agent.SupervisorAgent - [69789e9ab3df4fe6] SupervisorAgent 处理完成: outputLength=78, 调用次数=1
2026-03-26 22:03:04.883 [main] [] INFO  c.t.rectagent.agent.SupervisorAgent - [c1127e2bc8cd40a4] SupervisorAgent 开始处理: inputLength=11
2026-03-26 22:03:04.883 [main] [] DEBUG c.t.rectagent.agent.SupervisorAgent - [c1127e2bc8cd40a4] 执行工具: data_analysis_agent, input=78
2026-03-26 22:03:04.883 [main] [] DEBUG c.t.rectagent.agent.SupervisorAgent - [c1127e2bc8cd40a4] 工具 data_analysis_agent 执行完成, outputLength=78
2026-03-26 22:03:04.883 [main] [] INFO  c.t.rectagent.agent.SupervisorAgent - [c1127e2bc8cd40a4] 任务完成
2026-03-26 22:03:04.883 [main] [] INFO  c.t.rectagent.agent.SupervisorAgent - [c1127e2bc8cd40a4] SupervisorAgent 处理完成: outputLength=78, 调用次数=1
2026-03-26 22:03:04.883 [main] [] INFO  c.t.rectagent.agent.SupervisorAgent - [cef17be61c104b44] SupervisorAgent 开始处理: inputLength=11
2026-03-26 22:03:04.883 [main] [] DEBUG c.t.rectagent.agent.SupervisorAgent - [cef17be61c104b44] 执行工具: data_analysis_agent, input=78
2026-03-26 22:03:04.883 [main] [] DEBUG c.t.rectagent.agent.SupervisorAgent - [cef17be61c104b44] 工具 data_analysis_agent 执行完成, outputLength=78
2026-03-26 22:03:04.883 [main] [] INFO  c.t.rectagent.agent.SupervisorAgent - [cef17be61c104b44] 任务完成
2026-03-26 22:03:04.883 [main] [] INFO  c.t.rectagent.agent.SupervisorAgent - [cef17be61c104b44] SupervisorAgent 处理完成: outputLength=78, 调用次数=1
2026-03-26 22:03:04.883 [main] [] INFO  c.t.rectagent.agent.SupervisorAgent - [7af66570274440a8] SupervisorAgent 开始处理: inputLength=11
2026-03-26 22:03:04.883 [main] [] DEBUG c.t.rectagent.agent.SupervisorAgent - [7af66570274440a8] 执行工具: data_analysis_agent, input=78
2026-03-26 22:03:04.883 [main] [] DEBUG c.t.rectagent.agent.SupervisorAgent - [7af66570274440a8] 工具 data_analysis_agent 执行完成, outputLength=78
2026-03-26 22:03:04.883 [main] [] INFO  c.t.rectagent.agent.SupervisorAgent - [7af66570274440a8] 任务完成
2026-03-26 22:03:04.883 [main] [] INFO  c.t.rectagent.agent.SupervisorAgent - [7af66570274440a8] SupervisorAgent 处理完成: outputLength=78, 调用次数=1
2026-03-26 22:03:04.883 [main] [] INFO  c.t.rectagent.agent.SupervisorAgent - [5228a630bde24935] SupervisorAgent 开始处理: inputLength=11
2026-03-26 22:03:04.883 [main] [] DEBUG c.t.rectagent.agent.SupervisorAgent - [5228a630bde24935] 执行工具: data_analysis_agent, input=78
2026-03-26 22:03:04.883 [main] [] DEBUG c.t.rectagent.agent.SupervisorAgent - [5228a630bde24935] 工具 data_analysis_agent 执行完成, outputLength=78
2026-03-26 22:03:04.883 [main] [] INFO  c.t.rectagent.agent.SupervisorAgent - [5228a630bde24935] 任务完成
2026-03-26 22:03:04.883 [main] [] INFO  c.t.rectagent.agent.SupervisorAgent - [5228a630bde24935] SupervisorAgent 处理完成: outputLength=78, 调用次数=1
2026-03-26 22:03:04.883 [main] [] INFO  c.t.rectagent.agent.SupervisorAgent - [d13c5a1824a44009] SupervisorAgent 开始处理: inputLength=11
2026-03-26 22:03:04.883 [main] [] DEBUG c.t.rectagent.agent.SupervisorAgent - [d13c5a1824a44009] 执行工具: data_analysis_agent, input=78
2026-03-26 22:03:04.883 [main] [] DEBUG c.t.rectagent.agent.SupervisorAgent - [d13c5a1824a44009] 工具 data_analysis_agent 执行完成, outputLength=78
2026-03-26 22:03:04.883 [main] [] INFO  c.t.rectagent.agent.SupervisorAgent - [d13c5a1824a44009] 任务完成
2026-03-26 22:03:04.883 [main] [] INFO  c.t.rectagent.agent.SupervisorAgent - [d13c5a1824a44009] SupervisorAgent 处理完成: outputLength=78, 调用次数=1
2026-03-26 22:03:04.883 [main] [] INFO  c.t.rectagent.agent.SupervisorAgent - [a0f5b3ac6a0d4533] SupervisorAgent 开始处理: inputLength=11
2026-03-26 22:03:04.883 [main] [] DEBUG c.t.rectagent.agent.SupervisorAgent - [a0f5b3ac6a0d4533] 执行工具: data_analysis_agent, input=78
2026-03-26 22:03:04.883 [main] [] DEBUG c.t.rectagent.agent.SupervisorAgent - [a0f5b3ac6a0d4533] 工具 data_analysis_agent 执行完成, outputLength=78
2026-03-26 22:03:04.883 [main] [] INFO  c.t.rectagent.agent.SupervisorAgent - [a0f5b3ac6a0d4533] 任务完成
2026-03-26 22:03:04.883 [main] [] INFO  c.t.rectagent.agent.SupervisorAgent - [a0f5b3ac6a0d4533] SupervisorAgent 处理完成: outputLength=78, 调用次数=1
2026-03-26 22:03:04.883 [main] [] INFO  c.t.rectagent.agent.SupervisorAgent - [f764bfe368634630] SupervisorAgent 开始处理: inputLength=11
2026-03-26 22:03:04.883 [main] [] DEBUG c.t.rectagent.agent.SupervisorAgent - [f764bfe368634630] 执行工具: data_analysis_agent, input=78
2026-03-26 22:03:04.883 [main] [] DEBUG c.t.rectagent.agent.SupervisorAgent - [f764bfe368634630] 工具 data_analysis_agent 执行完成, outputLength=78
2026-03-26 22:03:04.883 [main] [] INFO  c.t.rectagent.agent.SupervisorAgent - [f764bfe368634630] 任务完成
2026-03-26 22:03:04.883 [main] [] INFO  c.t.rectagent.agent.SupervisorAgent - [f764bfe368634630] SupervisorAgent 处理完成: outputLength=78, 调用次数=1
2026-03-26 22:03:04.883 [main] [] INFO  c.t.rectagent.agent.SupervisorAgent - [cf5c8da65e104612] SupervisorAgent 开始处理: inputLength=11
2026-03-26 22:03:04.883 [main] [] DEBUG c.t.rectagent.agent.SupervisorAgent - [cf5c8da65e104612] 执行工具: data_analysis_agent, input=78
2026-03-26 22:03:04.883 [main] [] DEBUG c.t.rectagent.agent.SupervisorAgent - [cf5c8da65e104612] 工具 data_analysis_agent 执行完成, outputLength=78
2026-03-26 22:03:04.883 [main] [] INFO  c.t.rectagent.agent.SupervisorAgent - [cf5c8da65e104612] 任务完成
2026-03-26 22:03:04.884 [main] [] INFO  c.t.rectagent.agent.SupervisorAgent - [cf5c8da65e104612] SupervisorAgent 处理完成: outputLength=78, 调用次数=1
2026-03-26 22:03:04.884 [main] [] INFO  c.t.rectagent.agent.SupervisorAgent - [e19766ef02e64372] SupervisorAgent 开始处理: inputLength=11
2026-03-26 22:03:04.884 [main] [] DEBUG c.t.rectagent.agent.SupervisorAgent - [e19766ef02e64372] 执行工具: data_analysis_agent, input=78
2026-03-26 22:03:04.884 [main] [] DEBUG c.t.rectagent.agent.SupervisorAgent - [e19766ef02e64372] 工具 data_analysis_agent 执行完成, outputLength=78
2026-03-26 22:03:04.884 [main] [] INFO  c.t.rectagent.agent.SupervisorAgent - [e19766ef02e64372] 任务完成
2026-03-26 22:03:04.884 [main] [] INFO  c.t.rectagent.agent.SupervisorAgent - [e19766ef02e64372] SupervisorAgent 处理完成: outputLength=78, 调用次数=1
2026-03-26 22:03:04.884 [main] [] INFO  c.t.rectagent.agent.SupervisorAgent - [752ab105bb40424a] SupervisorAgent 开始处理: inputLength=11
2026-03-26 22:03:04.884 [main] [] DEBUG c.t.rectagent.agent.SupervisorAgent - [752ab105bb40424a] 执行工具: data_analysis_agent, input=78
2026-03-26 22:03:04.884 [main] [] DEBUG c.t.rectagent.agent.SupervisorAgent - [752ab105bb40424a] 工具 data_analysis_agent 执行完成, outputLength=78
2026-03-26 22:03:04.884 [main] [] INFO  c.t.rectagent.agent.SupervisorAgent - [752ab105bb40424a] 任务完成
2026-03-26 22:03:04.884 [main] [] INFO  c.t.rectagent.agent.SupervisorAgent - [752ab105bb40424a] SupervisorAgent 处理完成: outputLength=78, 调用次数=1
2026-03-26 22:03:04.884 [main] [] INFO  c.t.rectagent.agent.SupervisorAgent - [6cabaadbaffd476f] SupervisorAgent 开始处理: inputLength=11
2026-03-26 22:03:04.884 [main] [] DEBUG c.t.rectagent.agent.SupervisorAgent - [6cabaadbaffd476f] 执行工具: data_analysis_agent, input=78
2026-03-26 22:03:04.884 [main] [] DEBUG c.t.rectagent.agent.SupervisorAgent - [6cabaadbaffd476f] 工具 data_analysis_agent 执行完成, outputLength=78
2026-03-26 22:03:04.884 [main] [] INFO  c.t.rectagent.agent.SupervisorAgent - [6cabaadbaffd476f] 任务完成
2026-03-26 22:03:04.884 [main] [] INFO  c.t.rectagent.agent.SupervisorAgent - [6cabaadbaffd476f] SupervisorAgent 处理完成: outputLength=78, 调用次数=1
2026-03-26 22:03:04.884 [main] [] INFO  c.t.rectagent.agent.SupervisorAgent - [ac6892fc3f664fb9] SupervisorAgent 开始处理: inputLength=11
2026-03-26 22:03:04.884 [main] [] DEBUG c.t.rectagent.agent.SupervisorAgent - [ac6892fc3f664fb9] 执行工具: data_analysis_agent, input=78
2026-03-26 22:03:04.884 [main] [] DEBUG c.t.rectagent.agent.SupervisorAgent - [ac6892fc3f664fb9] 工具 data_analysis_agent 执行完成, outputLength=78
2026-03-26 22:03:04.884 [main] [] INFO  c.t.rectagent.agent.SupervisorAgent - [ac6892fc3f664fb9] 任务完成
2026-03-26 22:03:04.884 [main] [] INFO  c.t.rectagent.agent.SupervisorAgent - [ac6892fc3f664fb9] SupervisorAgent 处理完成: outputLength=78, 调用次数=1
2026-03-26 22:03:04.884 [main] [] INFO  c.t.rectagent.agent.SupervisorAgent - [b3430cea7cad455e] SupervisorAgent 开始处理: inputLength=11
2026-03-26 22:03:04.884 [main] [] DEBUG c.t.rectagent.agent.SupervisorAgent - [b3430cea7cad455e] 执行工具: data_analysis_agent, input=78
2026-03-26 22:03:04.884 [main] [] DEBUG c.t.rectagent.agent.SupervisorAgent - [b3430cea7cad455e] 工具 data_analysis_agent 执行完成, outputLength=78
2026-03-26 22:03:04.884 [main] [] INFO  c.t.rectagent.agent.SupervisorAgent - [b3430cea7cad455e] 任务完成
2026-03-26 22:03:04.884 [main] [] INFO  c.t.rectagent.agent.SupervisorAgent - [b3430cea7cad455e] SupervisorAgent 处理完成: outputLength=78, 调用次数=1
2026-03-26 22:03:04.884 [main] [] INFO  c.t.rectagent.agent.SupervisorAgent - [72943a35f9e74c97] SupervisorAgent 开始处理: inputLength=11
2026-03-26 22:03:04.884 [main] [] DEBUG c.t.rectagent.agent.SupervisorAgent - [72943a35f9e74c97] 执行工具: data_analysis_agent, input=78
2026-03-26 22:03:04.884 [main] [] DEBUG c.t.rectagent.agent.SupervisorAgent - [72943a35f9e74c97] 工具 data_analysis_agent 执行完成, outputLength=78
2026-03-26 22:03:04.884 [main] [] INFO  c.t.rectagent.agent.SupervisorAgent - [72943a35f9e74c97] 任务完成
2026-03-26 22:03:04.884 [main] [] INFO  c.t.rectagent.agent.SupervisorAgent - [72943a35f9e74c97] SupervisorAgent 处理完成: outputLength=78, 调用次数=1
2026-03-26 22:03:04.884 [main] [] INFO  c.t.rectagent.agent.SupervisorAgent - [ae8424ea46764805] SupervisorAgent 开始处理: inputLength=11
2026-03-26 22:03:04.884 [main] [] DEBUG c.t.rectagent.agent.SupervisorAgent - [ae8424ea46764805] 执行工具: data_analysis_agent, input=78
2026-03-26 22:03:04.884 [main] [] DEBUG c.t.rectagent.agent.SupervisorAgent - [ae8424ea46764805] 工具 data_analysis_agent 执行完成, outputLength=78
2026-03-26 22:03:04.884 [main] [] INFO  c.t.rectagent.agent.SupervisorAgent - [ae8424ea46764805] 任务完成
2026-03-26 22:03:04.884 [main] [] INFO  c.t.rectagent.agent.SupervisorAgent - [ae8424ea46764805] SupervisorAgent 处理完成: outputLength=78, 调用次数=1
2026-03-26 22:03:04.884 [main] [] INFO  c.t.rectagent.agent.SupervisorAgent - [d149d6d8ab48490c] SupervisorAgent 开始处理: inputLength=11
2026-03-26 22:03:04.884 [main] [] DEBUG c.t.rectagent.agent.SupervisorAgent - [d149d6d8ab48490c] 执行工具: data_analysis_agent, input=78
2026-03-26 22:03:04.884 [main] [] DEBUG c.t.rectagent.agent.SupervisorAgent - [d149d6d8ab48490c] 工具 data_analysis_agent 执行完成, outputLength=78
2026-03-26 22:03:04.884 [main] [] INFO  c.t.rectagent.agent.SupervisorAgent - [d149d6d8ab48490c] 任务完成
2026-03-26 22:03:04.886 [main] [] INFO  c.t.rectagent.agent.SupervisorAgent - [d149d6d8ab48490c] SupervisorAgent 处理完成: outputLength=78, 调用次数=1
2026-03-26 22:03:04.886 [main] [] INFO  c.t.rectagent.agent.SupervisorAgent - [ebe83897a3c54b45] SupervisorAgent 开始处理: inputLength=11
2026-03-26 22:03:04.886 [main] [] DEBUG c.t.rectagent.agent.SupervisorAgent - [ebe83897a3c54b45] 执行工具: data_analysis_agent, input=78
2026-03-26 22:03:04.886 [main] [] DEBUG c.t.rectagent.agent.SupervisorAgent - [ebe83897a3c54b45] 工具 data_analysis_agent 执行完成, outputLength=78
2026-03-26 22:03:04.886 [main] [] INFO  c.t.rectagent.agent.SupervisorAgent - [ebe83897a3c54b45] 任务完成
2026-03-26 22:03:04.886 [main] [] INFO  c.t.rectagent.agent.SupervisorAgent - [ebe83897a3c54b45] SupervisorAgent 处理完成: outputLength=78, 调用次数=1
2026-03-26 22:03:04.886 [main] [] INFO  c.t.rectagent.agent.SupervisorAgent - [22283308ca5d4e9b] SupervisorAgent 开始处理: inputLength=11
2026-03-26 22:03:04.886 [main] [] DEBUG c.t.rectagent.agent.SupervisorAgent - [22283308ca5d4e9b] 执行工具: data_analysis_agent, input=78
2026-03-26 22:03:04.886 [main] [] DEBUG c.t.rectagent.agent.SupervisorAgent - [22283308ca5d4e9b] 工具 data_analysis_agent 执行完成, outputLength=78
2026-03-26 22:03:04.886 [main] [] INFO  c.t.rectagent.agent.SupervisorAgent - [22283308ca5d4e9b] 任务完成
2026-03-26 22:03:04.886 [main] [] INFO  c.t.rectagent.agent.SupervisorAgent - [22283308ca5d4e9b] SupervisorAgent 处理完成: outputLength=78, 调用次数=1
2026-03-26 22:03:04.886 [main] [] INFO  c.t.rectagent.agent.SupervisorAgent - [f8048f94610f4a6f] SupervisorAgent 开始处理: inputLength=11
2026-03-26 22:03:04.886 [main] [] DEBUG c.t.rectagent.agent.SupervisorAgent - [f8048f94610f4a6f] 执行工具: data_analysis_agent, input=78
2026-03-26 22:03:04.886 [main] [] DEBUG c.t.rectagent.agent.SupervisorAgent - [f8048f94610f4a6f] 工具 data_analysis_agent 执行完成, outputLength=78
2026-03-26 22:03:04.886 [main] [] INFO  c.t.rectagent.agent.SupervisorAgent - [f8048f94610f4a6f] 任务完成
2026-03-26 22:03:04.886 [main] [] INFO  c.t.rectagent.agent.SupervisorAgent - [f8048f94610f4a6f] SupervisorAgent 处理完成: outputLength=78, 调用次数=1
2026-03-26 22:03:04.886 [main] [] INFO  c.t.rectagent.agent.SupervisorAgent - [903313a817e04bbd] SupervisorAgent 开始处理: inputLength=11
2026-03-26 22:03:04.886 [main] [] DEBUG c.t.rectagent.agent.SupervisorAgent - [903313a817e04bbd] 执行工具: data_analysis_agent, input=78
2026-03-26 22:03:04.886 [main] [] DEBUG c.t.rectagent.agent.SupervisorAgent - [903313a817e04bbd] 工具 data_analysis_agent 执行完成, outputLength=78
2026-03-26 22:03:04.886 [main] [] INFO  c.t.rectagent.agent.SupervisorAgent - [903313a817e04bbd] 任务完成
2026-03-26 22:03:04.886 [main] [] INFO  c.t.rectagent.agent.SupervisorAgent - [903313a817e04bbd] SupervisorAgent 处理完成: outputLength=78, 调用次数=1
2026-03-26 22:03:04.886 [main] [] INFO  c.t.rectagent.agent.SupervisorAgent - [0f79bc17ccd64833] SupervisorAgent 开始处理: inputLength=11
2026-03-26 22:03:04.886 [main] [] DEBUG c.t.rectagent.agent.SupervisorAgent - [0f79bc17ccd64833] 执行工具: data_analysis_agent, input=78
2026-03-26 22:03:04.886 [main] [] DEBUG c.t.rectagent.agent.SupervisorAgent - [0f79bc17ccd64833] 工具 data_analysis_agent 执行完成, outputLength=78
2026-03-26 22:03:04.886 [main] [] INFO  c.t.rectagent.agent.SupervisorAgent - [0f79bc17ccd64833] 任务完成
2026-03-26 22:03:04.886 [main] [] INFO  c.t.rectagent.agent.SupervisorAgent - [0f79bc17ccd64833] SupervisorAgent 处理完成: outputLength=78, 调用次数=1
2026-03-26 22:03:04.886 [main] [] INFO  c.t.rectagent.agent.SupervisorAgent - [6beeb96871e145ce] SupervisorAgent 开始处理: inputLength=11
2026-03-26 22:03:04.886 [main] [] DEBUG c.t.rectagent.agent.SupervisorAgent - [6beeb96871e145ce] 执行工具: data_analysis_agent, input=78
2026-03-26 22:03:04.886 [main] [] DEBUG c.t.rectagent.agent.SupervisorAgent - [6beeb96871e145ce] 工具 data_analysis_agent 执行完成, outputLength=78
2026-03-26 22:03:04.886 [main] [] INFO  c.t.rectagent.agent.SupervisorAgent - [6beeb96871e145ce] 任务完成
2026-03-26 22:03:04.886 [main] [] INFO  c.t.rectagent.agent.SupervisorAgent - [6beeb96871e145ce] SupervisorAgent 处理完成: outputLength=78, 调用次数=1
2026-03-26 22:03:04.886 [main] [] INFO  c.t.rectagent.agent.SupervisorAgent - [68972c84a1a1421e] SupervisorAgent 开始处理: inputLength=11
2026-03-26 22:03:04.886 [main] [] DEBUG c.t.rectagent.agent.SupervisorAgent - [68972c84a1a1421e] 执行工具: data_analysis_agent, input=78
2026-03-26 22:03:04.886 [main] [] DEBUG c.t.rectagent.agent.SupervisorAgent - [68972c84a1a1421e] 工具 data_analysis_agent 执行完成, outputLength=78
2026-03-26 22:03:04.886 [main] [] INFO  c.t.rectagent.agent.SupervisorAgent - [68972c84a1a1421e] 任务完成
2026-03-26 22:03:04.886 [main] [] INFO  c.t.rectagent.agent.SupervisorAgent - [68972c84a1a1421e] SupervisorAgent 处理完成: outputLength=78, 调用次数=1
2026-03-26 22:03:04.886 [main] [] INFO  c.t.rectagent.agent.SupervisorAgent - [53b0c34d376b4c4b] SupervisorAgent 开始处理: inputLength=11
2026-03-26 22:03:04.886 [main] [] DEBUG c.t.rectagent.agent.SupervisorAgent - [53b0c34d376b4c4b] 执行工具: data_analysis_agent, input=78
2026-03-26 22:03:04.886 [main] [] DEBUG c.t.rectagent.agent.SupervisorAgent - [53b0c34d376b4c4b] 工具 data_analysis_agent 执行完成, outputLength=78
2026-03-26 22:03:04.886 [main] [] INFO  c.t.rectagent.agent.SupervisorAgent - [53b0c34d376b4c4b] 任务完成
2026-03-26 22:03:04.886 [main] [] INFO  c.t.rectagent.agent.SupervisorAgent - [53b0c34d376b4c4b] SupervisorAgent 处理完成: outputLength=78, 调用次数=1
2026-03-26 22:03:04.886 [main] [] INFO  c.t.rectagent.agent.SupervisorAgent - [679bdab8ef854940] SupervisorAgent 开始处理: inputLength=11
2026-03-26 22:03:04.888 [main] [] DEBUG c.t.rectagent.agent.SupervisorAgent - [679bdab8ef854940] 执行工具: data_analysis_agent, input=78
2026-03-26 22:03:04.888 [main] [] DEBUG c.t.rectagent.agent.SupervisorAgent - [679bdab8ef854940] 工具 data_analysis_agent 执行完成, outputLength=78
2026-03-26 22:03:04.888 [main] [] INFO  c.t.rectagent.agent.SupervisorAgent - [679bdab8ef854940] 任务完成
2026-03-26 22:03:04.888 [main] [] INFO  c.t.rectagent.agent.SupervisorAgent - [679bdab8ef854940] SupervisorAgent 处理完成: outputLength=78, 调用次数=1
2026-03-26 22:03:04.888 [main] [] INFO  c.t.rectagent.agent.SupervisorAgent - [c5619b9a33204752] SupervisorAgent 开始处理: inputLength=11
2026-03-26 22:03:04.888 [main] [] DEBUG c.t.rectagent.agent.SupervisorAgent - [c5619b9a33204752] 执行工具: data_analysis_agent, input=78
2026-03-26 22:03:04.888 [main] [] DEBUG c.t.rectagent.agent.SupervisorAgent - [c5619b9a33204752] 工具 data_analysis_agent 执行完成, outputLength=78
2026-03-26 22:03:04.888 [main] [] INFO  c.t.rectagent.agent.SupervisorAgent - [c5619b9a33204752] 任务完成
2026-03-26 22:03:04.888 [main] [] INFO  c.t.rectagent.agent.SupervisorAgent - [c5619b9a33204752] SupervisorAgent 处理完成: outputLength=78, 调用次数=1
2026-03-26 22:03:04.888 [main] [] INFO  c.t.rectagent.agent.SupervisorAgent - [81b9f2dfc4464fde] SupervisorAgent 开始处理: inputLength=11
2026-03-26 22:03:04.888 [main] [] DEBUG c.t.rectagent.agent.SupervisorAgent - [81b9f2dfc4464fde] 执行工具: data_analysis_agent, input=78
2026-03-26 22:03:04.888 [main] [] DEBUG c.t.rectagent.agent.SupervisorAgent - [81b9f2dfc4464fde] 工具 data_analysis_agent 执行完成, outputLength=78
2026-03-26 22:03:04.888 [main] [] INFO  c.t.rectagent.agent.SupervisorAgent - [81b9f2dfc4464fde] 任务完成
2026-03-26 22:03:04.888 [main] [] INFO  c.t.rectagent.agent.SupervisorAgent - [81b9f2dfc4464fde] SupervisorAgent 处理完成: outputLength=78, 调用次数=1
2026-03-26 22:03:04.888 [main] [] INFO  c.t.rectagent.agent.SupervisorAgent - [1b16e505d261473d] SupervisorAgent 开始处理: inputLength=11
2026-03-26 22:03:04.888 [main] [] DEBUG c.t.rectagent.agent.SupervisorAgent - [1b16e505d261473d] 执行工具: data_analysis_agent, input=78
2026-03-26 22:03:04.888 [main] [] DEBUG c.t.rectagent.agent.SupervisorAgent - [1b16e505d261473d] 工具 data_analysis_agent 执行完成, outputLength=78
2026-03-26 22:03:04.888 [main] [] INFO  c.t.rectagent.agent.SupervisorAgent - [1b16e505d261473d] 任务完成
2026-03-26 22:03:04.888 [main] [] INFO  c.t.rectagent.agent.SupervisorAgent - [1b16e505d261473d] SupervisorAgent 处理完成: outputLength=78, 调用次数=1
2026-03-26 22:03:04.888 [main] [] INFO  c.t.rectagent.agent.SupervisorAgent - [1ad4db135f47445e] SupervisorAgent 开始处理: inputLength=11
2026-03-26 22:03:04.888 [main] [] DEBUG c.t.rectagent.agent.SupervisorAgent - [1ad4db135f47445e] 执行工具: data_analysis_agent, input=78
2026-03-26 22:03:04.888 [main] [] DEBUG c.t.rectagent.agent.SupervisorAgent - [1ad4db135f47445e] 工具 data_analysis_agent 执行完成, outputLength=78
2026-03-26 22:03:04.888 [main] [] INFO  c.t.rectagent.agent.SupervisorAgent - [1ad4db135f47445e] 任务完成
2026-03-26 22:03:04.888 [main] [] INFO  c.t.rectagent.agent.SupervisorAgent - [1ad4db135f47445e] SupervisorAgent 处理完成: outputLength=78, 调用次数=1
2026-03-26 22:03:04.888 [main] [] INFO  c.t.rectagent.agent.SupervisorAgent - [a531ecd9a60b4959] SupervisorAgent 开始处理: inputLength=11
2026-03-26 22:03:04.888 [main] [] DEBUG c.t.rectagent.agent.SupervisorAgent - [a531ecd9a60b4959] 执行工具: data_analysis_agent, input=78
2026-03-26 22:03:04.888 [main] [] DEBUG c.t.rectagent.agent.SupervisorAgent - [a531ecd9a60b4959] 工具 data_analysis_agent 执行完成, outputLength=78
2026-03-26 22:03:04.888 [main] [] INFO  c.t.rectagent.agent.SupervisorAgent - [a531ecd9a60b4959] 任务完成
2026-03-26 22:03:04.888 [main] [] INFO  c.t.rectagent.agent.SupervisorAgent - [a531ecd9a60b4959] SupervisorAgent 处理完成: outputLength=78, 调用次数=1
2026-03-26 22:03:04.888 [main] [] INFO  c.t.rectagent.agent.SupervisorAgent - [15a811a310c74494] SupervisorAgent 开始处理: inputLength=11
2026-03-26 22:03:04.888 [main] [] DEBUG c.t.rectagent.agent.SupervisorAgent - [15a811a310c74494] 执行工具: data_analysis_agent, input=78
2026-03-26 22:03:04.888 [main] [] DEBUG c.t.rectagent.agent.SupervisorAgent - [15a811a310c74494] 工具 data_analysis_agent 执行完成, outputLength=78
2026-03-26 22:03:04.888 [main] [] INFO  c.t.rectagent.agent.SupervisorAgent - [15a811a310c74494] 任务完成
2026-03-26 22:03:04.888 [main] [] INFO  c.t.rectagent.agent.SupervisorAgent - [15a811a310c74494] SupervisorAgent 处理完成: outputLength=78, 调用次数=1
2026-03-26 22:03:04.888 [main] [] INFO  c.t.rectagent.agent.SupervisorAgent - [8c794b0cd4fa4c4e] SupervisorAgent 开始处理: inputLength=11
2026-03-26 22:03:04.888 [main] [] DEBUG c.t.rectagent.agent.SupervisorAgent - [8c794b0cd4fa4c4e] 执行工具: data_analysis_agent, input=78
2026-03-26 22:03:04.888 [main] [] DEBUG c.t.rectagent.agent.SupervisorAgent - [8c794b0cd4fa4c4e] 工具 data_analysis_agent 执行完成, outputLength=78
2026-03-26 22:03:04.888 [main] [] INFO  c.t.rectagent.agent.SupervisorAgent - [8c794b0cd4fa4c4e] 任务完成
2026-03-26 22:03:04.888 [main] [] INFO  c.t.rectagent.agent.SupervisorAgent - [8c794b0cd4fa4c4e] SupervisorAgent 处理完成: outputLength=78, 调用次数=1
2026-03-26 22:03:04.889 [main] [] INFO  c.t.rectagent.agent.SupervisorAgent - [e4bbf4a157e54b92] SupervisorAgent 开始处理: inputLength=11
2026-03-26 22:03:04.889 [main] [] DEBUG c.t.rectagent.agent.SupervisorAgent - [e4bbf4a157e54b92] 执行工具: data_analysis_agent, input=78
2026-03-26 22:03:04.889 [main] [] DEBUG c.t.rectagent.agent.SupervisorAgent - [e4bbf4a157e54b92] 工具 data_analysis_agent 执行完成, outputLength=78
2026-03-26 22:03:04.889 [main] [] INFO  c.t.rectagent.agent.SupervisorAgent - [e4bbf4a157e54b92] 任务完成
2026-03-26 22:03:04.889 [main] [] INFO  c.t.rectagent.agent.SupervisorAgent - [e4bbf4a157e54b92] SupervisorAgent 处理完成: outputLength=78, 调用次数=1
2026-03-26 22:03:04.889 [main] [] INFO  c.t.rectagent.agent.SupervisorAgent - [dae78989d93d4053] SupervisorAgent 开始处理: inputLength=11
2026-03-26 22:03:04.889 [main] [] DEBUG c.t.rectagent.agent.SupervisorAgent - [dae78989d93d4053] 执行工具: data_analysis_agent, input=78
2026-03-26 22:03:04.889 [main] [] DEBUG c.t.rectagent.agent.SupervisorAgent - [dae78989d93d4053] 工具 data_analysis_agent 执行完成, outputLength=78
2026-03-26 22:03:04.889 [main] [] INFO  c.t.rectagent.agent.SupervisorAgent - [dae78989d93d4053] 任务完成
2026-03-26 22:03:04.889 [main] [] INFO  c.t.rectagent.agent.SupervisorAgent - [dae78989d93d4053] SupervisorAgent 处理完成: outputLength=78, 调用次数=1
2026-03-26 22:03:04.889 [main] [] INFO  c.t.rectagent.agent.SupervisorAgent - [758e1fb817ab4189] SupervisorAgent 开始处理: inputLength=11
2026-03-26 22:03:04.889 [main] [] DEBUG c.t.rectagent.agent.SupervisorAgent - [758e1fb817ab4189] 执行工具: data_analysis_agent, input=78
2026-03-26 22:03:04.889 [main] [] DEBUG c.t.rectagent.agent.SupervisorAgent - [758e1fb817ab4189] 工具 data_analysis_agent 执行完成, outputLength=78
2026-03-26 22:03:04.889 [main] [] INFO  c.t.rectagent.agent.SupervisorAgent - [758e1fb817ab4189] 任务完成
2026-03-26 22:03:04.889 [main] [] INFO  c.t.rectagent.agent.SupervisorAgent - [758e1fb817ab4189] SupervisorAgent 处理完成: outputLength=78, 调用次数=1
2026-03-26 22:03:04.889 [main] [] INFO  c.t.rectagent.agent.SupervisorAgent - [3b7cb4b48c534be9] SupervisorAgent 开始处理: inputLength=11
2026-03-26 22:03:04.889 [main] [] DEBUG c.t.rectagent.agent.SupervisorAgent - [3b7cb4b48c534be9] 执行工具: data_analysis_agent, input=78
2026-03-26 22:03:04.889 [main] [] DEBUG c.t.rectagent.agent.SupervisorAgent - [3b7cb4b48c534be9] 工具 data_analysis_agent 执行完成, outputLength=78
2026-03-26 22:03:04.889 [main] [] INFO  c.t.rectagent.agent.SupervisorAgent - [3b7cb4b48c534be9] 任务完成
2026-03-26 22:03:04.889 [main] [] INFO  c.t.rectagent.agent.SupervisorAgent - [3b7cb4b48c534be9] SupervisorAgent 处理完成: outputLength=78, 调用次数=1
2026-03-26 22:03:04.889 [main] [] INFO  c.t.rectagent.agent.SupervisorAgent - [ad56ddee3c6a439f] SupervisorAgent 开始处理: inputLength=11
2026-03-26 22:03:04.889 [main] [] DEBUG c.t.rectagent.agent.SupervisorAgent - [ad56ddee3c6a439f] 执行工具: data_analysis_agent, input=78
2026-03-26 22:03:04.889 [main] [] DEBUG c.t.rectagent.agent.SupervisorAgent - [ad56ddee3c6a439f] 工具 data_analysis_agent 执行完成, outputLength=78
2026-03-26 22:03:04.889 [main] [] INFO  c.t.rectagent.agent.SupervisorAgent - [ad56ddee3c6a439f] 任务完成
2026-03-26 22:03:04.889 [main] [] INFO  c.t.rectagent.agent.SupervisorAgent - [ad56ddee3c6a439f] SupervisorAgent 处理完成: outputLength=78, 调用次数=1
2026-03-26 22:03:04.889 [main] [] INFO  c.t.rectagent.agent.SupervisorAgent - [aea74eb572bf4bee] SupervisorAgent 开始处理: inputLength=11
2026-03-26 22:03:04.889 [main] [] DEBUG c.t.rectagent.agent.SupervisorAgent - [aea74eb572bf4bee] 执行工具: data_analysis_agent, input=78
2026-03-26 22:03:04.889 [main] [] DEBUG c.t.rectagent.agent.SupervisorAgent - [aea74eb572bf4bee] 工具 data_analysis_agent 执行完成, outputLength=78
2026-03-26 22:03:04.889 [main] [] INFO  c.t.rectagent.agent.SupervisorAgent - [aea74eb572bf4bee] 任务完成
2026-03-26 22:03:04.889 [main] [] INFO  c.t.rectagent.agent.SupervisorAgent - [aea74eb572bf4bee] SupervisorAgent 处理完成: outputLength=78, 调用次数=1
2026-03-26 22:03:04.889 [main] [] INFO  c.t.rectagent.agent.SupervisorAgent - [133a02b80e20463c] SupervisorAgent 开始处理: inputLength=11
2026-03-26 22:03:04.889 [main] [] DEBUG c.t.rectagent.agent.SupervisorAgent - [133a02b80e20463c] 执行工具: data_analysis_agent, input=78
2026-03-26 22:03:04.889 [main] [] DEBUG c.t.rectagent.agent.SupervisorAgent - [133a02b80e20463c] 工具 data_analysis_agent 执行完成, outputLength=78
2026-03-26 22:03:04.889 [main] [] INFO  c.t.rectagent.agent.SupervisorAgent - [133a02b80e20463c] 任务完成
2026-03-26 22:03:04.889 [main] [] INFO  c.t.rectagent.agent.SupervisorAgent - [133a02b80e20463c] SupervisorAgent 处理完成: outputLength=78, 调用次数=1
2026-03-26 22:03:04.889 [main] [] INFO  c.t.rectagent.agent.SupervisorAgent - [64d24767a7e145cb] SupervisorAgent 开始处理: inputLength=11
2026-03-26 22:03:04.889 [main] [] DEBUG c.t.rectagent.agent.SupervisorAgent - [64d24767a7e145cb] 执行工具: data_analysis_agent, input=78
2026-03-26 22:03:04.889 [main] [] DEBUG c.t.rectagent.agent.SupervisorAgent - [64d24767a7e145cb] 工具 data_analysis_agent 执行完成, outputLength=78
2026-03-26 22:03:04.891 [main] [] INFO  c.t.rectagent.agent.SupervisorAgent - [64d24767a7e145cb] 任务完成
2026-03-26 22:03:04.891 [main] [] INFO  c.t.rectagent.agent.SupervisorAgent - [64d24767a7e145cb] SupervisorAgent 处理完成: outputLength=78, 调用次数=1
2026-03-26 22:03:04.891 [main] [] INFO  c.t.rectagent.agent.SupervisorAgent - [8f216e6c5a8448c7] SupervisorAgent 开始处理: inputLength=11
2026-03-26 22:03:04.891 [main] [] DEBUG c.t.rectagent.agent.SupervisorAgent - [8f216e6c5a8448c7] 执行工具: data_analysis_agent, input=78
2026-03-26 22:03:04.891 [main] [] DEBUG c.t.rectagent.agent.SupervisorAgent - [8f216e6c5a8448c7] 工具 data_analysis_agent 执行完成, outputLength=78
2026-03-26 22:03:04.891 [main] [] INFO  c.t.rectagent.agent.SupervisorAgent - [8f216e6c5a8448c7] 任务完成
2026-03-26 22:03:04.891 [main] [] INFO  c.t.rectagent.agent.SupervisorAgent - [8f216e6c5a8448c7] SupervisorAgent 处理完成: outputLength=78, 调用次数=1
2026-03-26 22:03:04.891 [main] [] INFO  c.t.rectagent.agent.SupervisorAgent - [14d6b057b8724673] SupervisorAgent 开始处理: inputLength=11
2026-03-26 22:03:04.891 [main] [] DEBUG c.t.rectagent.agent.SupervisorAgent - [14d6b057b8724673] 执行工具: data_analysis_agent, input=78
2026-03-26 22:03:04.891 [main] [] DEBUG c.t.rectagent.agent.SupervisorAgent - [14d6b057b8724673] 工具 data_analysis_agent 执行完成, outputLength=78
2026-03-26 22:03:04.891 [main] [] INFO  c.t.rectagent.agent.SupervisorAgent - [14d6b057b8724673] 任务完成
2026-03-26 22:03:04.891 [main] [] INFO  c.t.rectagent.agent.SupervisorAgent - [14d6b057b8724673] SupervisorAgent 处理完成: outputLength=78, 调用次数=1
2026-03-26 22:03:04.891 [main] [] INFO  c.t.rectagent.agent.SupervisorAgent - [4096cf1274c34aff] SupervisorAgent 开始处理: inputLength=11
2026-03-26 22:03:04.891 [main] [] DEBUG c.t.rectagent.agent.SupervisorAgent - [4096cf1274c34aff] 执行工具: data_analysis_agent, input=78
2026-03-26 22:03:04.891 [main] [] DEBUG c.t.rectagent.agent.SupervisorAgent - [4096cf1274c34aff] 工具 data_analysis_agent 执行完成, outputLength=78
2026-03-26 22:03:04.891 [main] [] INFO  c.t.rectagent.agent.SupervisorAgent - [4096cf1274c34aff] 任务完成
2026-03-26 22:03:04.891 [main] [] INFO  c.t.rectagent.agent.SupervisorAgent - [4096cf1274c34aff] SupervisorAgent 处理完成: outputLength=78, 调用次数=1
2026-03-26 22:03:04.891 [main] [] INFO  c.t.rectagent.agent.SupervisorAgent - [2ab0d9713aa04444] SupervisorAgent 开始处理: inputLength=11
2026-03-26 22:03:04.891 [main] [] DEBUG c.t.rectagent.agent.SupervisorAgent - [2ab0d9713aa04444] 执行工具: data_analysis_agent, input=78
2026-03-26 22:03:04.891 [main] [] DEBUG c.t.rectagent.agent.SupervisorAgent - [2ab0d9713aa04444] 工具 data_analysis_agent 执行完成, outputLength=78
2026-03-26 22:03:04.891 [main] [] INFO  c.t.rectagent.agent.SupervisorAgent - [2ab0d9713aa04444] 任务完成
2026-03-26 22:03:04.891 [main] [] INFO  c.t.rectagent.agent.SupervisorAgent - [2ab0d9713aa04444] SupervisorAgent 处理完成: outputLength=78, 调用次数=1
2026-03-26 22:03:04.891 [main] [] INFO  c.t.rectagent.agent.SupervisorAgent - [242ef9b16056435b] SupervisorAgent 开始处理: inputLength=11
2026-03-26 22:03:04.891 [main] [] DEBUG c.t.rectagent.agent.SupervisorAgent - [242ef9b16056435b] 执行工具: data_analysis_agent, input=78
2026-03-26 22:03:04.891 [main] [] DEBUG c.t.rectagent.agent.SupervisorAgent - [242ef9b16056435b] 工具 data_analysis_agent 执行完成, outputLength=78
2026-03-26 22:03:04.891 [main] [] INFO  c.t.rectagent.agent.SupervisorAgent - [242ef9b16056435b] 任务完成
2026-03-26 22:03:04.891 [main] [] INFO  c.t.rectagent.agent.SupervisorAgent - [242ef9b16056435b] SupervisorAgent 处理完成: outputLength=78, 调用次数=1
2026-03-26 22:03:04.891 [main] [] INFO  c.t.rectagent.agent.SupervisorAgent - [0403d2e470374127] SupervisorAgent 开始处理: inputLength=11
2026-03-26 22:03:04.891 [main] [] DEBUG c.t.rectagent.agent.SupervisorAgent - [0403d2e470374127] 执行工具: data_analysis_agent, input=78
2026-03-26 22:03:04.891 [main] [] DEBUG c.t.rectagent.agent.SupervisorAgent - [0403d2e470374127] 工具 data_analysis_agent 执行完成, outputLength=78
2026-03-26 22:03:04.892 [main] [] INFO  c.t.rectagent.agent.SupervisorAgent - [0403d2e470374127] 任务完成
2026-03-26 22:03:04.892 [main] [] INFO  c.t.rectagent.agent.SupervisorAgent - [0403d2e470374127] SupervisorAgent 处理完成: outputLength=78, 调用次数=1
2026-03-26 22:03:04.892 [main] [] INFO  c.t.rectagent.agent.SupervisorAgent - [0da620c03b8444ed] SupervisorAgent 开始处理: inputLength=11
2026-03-26 22:03:04.892 [main] [] DEBUG c.t.rectagent.agent.SupervisorAgent - [0da620c03b8444ed] 执行工具: data_analysis_agent, input=78
2026-03-26 22:03:04.892 [main] [] DEBUG c.t.rectagent.agent.SupervisorAgent - [0da620c03b8444ed] 工具 data_analysis_agent 执行完成, outputLength=78
2026-03-26 22:03:04.892 [main] [] INFO  c.t.rectagent.agent.SupervisorAgent - [0da620c03b8444ed] 任务完成
2026-03-26 22:03:04.892 [main] [] INFO  c.t.rectagent.agent.SupervisorAgent - [0da620c03b8444ed] SupervisorAgent 处理完成: outputLength=78, 调用次数=1
2026-03-26 22:03:04.892 [main] [] INFO  c.t.rectagent.agent.SupervisorAgent - [dc6adc77fb2341f6] SupervisorAgent 开始处理: inputLength=11
2026-03-26 22:03:04.892 [main] [] DEBUG c.t.rectagent.agent.SupervisorAgent - [dc6adc77fb2341f6] 执行工具: data_analysis_agent, input=78
2026-03-26 22:03:04.892 [main] [] DEBUG c.t.rectagent.agent.SupervisorAgent - [dc6adc77fb2341f6] 工具 data_analysis_agent 执行完成, outputLength=78
2026-03-26 22:03:04.892 [main] [] INFO  c.t.rectagent.agent.SupervisorAgent - [dc6adc77fb2341f6] 任务完成
2026-03-26 22:03:04.892 [main] [] INFO  c.t.rectagent.agent.SupervisorAgent - [dc6adc77fb2341f6] SupervisorAgent 处理完成: outputLength=78, 调用次数=1
2026-03-26 22:03:04.892 [main] [] INFO  c.t.rectagent.agent.SupervisorAgent - [8c7e53b9a6114202] SupervisorAgent 开始处理: inputLength=11
2026-03-26 22:03:04.892 [main] [] DEBUG c.t.rectagent.agent.SupervisorAgent - [8c7e53b9a6114202] 执行工具: data_analysis_agent, input=78
2026-03-26 22:03:04.892 [main] [] DEBUG c.t.rectagent.agent.SupervisorAgent - [8c7e53b9a6114202] 工具 data_analysis_agent 执行完成, outputLength=78
2026-03-26 22:03:04.892 [main] [] INFO  c.t.rectagent.agent.SupervisorAgent - [8c7e53b9a6114202] 任务完成
2026-03-26 22:03:04.892 [main] [] INFO  c.t.rectagent.agent.SupervisorAgent - [8c7e53b9a6114202] SupervisorAgent 处理完成: outputLength=78, 调用次数=1
2026-03-26 22:03:04.892 [main] [] INFO  c.t.rectagent.agent.SupervisorAgent - [d926f90079214f23] SupervisorAgent 开始处理: inputLength=11
2026-03-26 22:03:04.892 [main] [] DEBUG c.t.rectagent.agent.SupervisorAgent - [d926f90079214f23] 执行工具: data_analysis_agent, input=78
2026-03-26 22:03:04.894 [main] [] DEBUG c.t.rectagent.agent.SupervisorAgent - [d926f90079214f23] 工具 data_analysis_agent 执行完成, outputLength=78
2026-03-26 22:03:04.894 [main] [] INFO  c.t.rectagent.agent.SupervisorAgent - [d926f90079214f23] 任务完成
2026-03-26 22:03:04.894 [main] [] INFO  c.t.rectagent.agent.SupervisorAgent - [d926f90079214f23] SupervisorAgent 处理完成: outputLength=78, 调用次数=1
2026-03-26 22:03:04.894 [main] [] INFO  c.t.rectagent.agent.SupervisorAgent - [90a995e902d640db] SupervisorAgent 开始处理: inputLength=11
2026-03-26 22:03:04.894 [main] [] DEBUG c.t.rectagent.agent.SupervisorAgent - [90a995e902d640db] 执行工具: data_analysis_agent, input=78
2026-03-26 22:03:04.894 [main] [] DEBUG c.t.rectagent.agent.SupervisorAgent - [90a995e902d640db] 工具 data_analysis_agent 执行完成, outputLength=78
2026-03-26 22:03:04.894 [main] [] INFO  c.t.rectagent.agent.SupervisorAgent - [90a995e902d640db] 任务完成
2026-03-26 22:03:04.894 [main] [] INFO  c.t.rectagent.agent.SupervisorAgent - [90a995e902d640db] SupervisorAgent 处理完成: outputLength=78, 调用次数=1
2026-03-26 22:03:04.894 [main] [] INFO  c.t.rectagent.agent.SupervisorAgent - [b888d1c3ca314ba3] SupervisorAgent 开始处理: inputLength=11
2026-03-26 22:03:04.894 [main] [] DEBUG c.t.rectagent.agent.SupervisorAgent - [b888d1c3ca314ba3] 执行工具: data_analysis_agent, input=78
2026-03-26 22:03:04.894 [main] [] DEBUG c.t.rectagent.agent.SupervisorAgent - [b888d1c3ca314ba3] 工具 data_analysis_agent 执行完成, outputLength=78
2026-03-26 22:03:04.894 [main] [] INFO  c.t.rectagent.agent.SupervisorAgent - [b888d1c3ca314ba3] 任务完成
2026-03-26 22:03:04.894 [main] [] INFO  c.t.rectagent.agent.SupervisorAgent - [b888d1c3ca314ba3] SupervisorAgent 处理完成: outputLength=78, 调用次数=1
2026-03-26 22:03:04.894 [main] [] INFO  c.t.rectagent.agent.SupervisorAgent - [17e9c5e385f943f7] SupervisorAgent 开始处理: inputLength=11
2026-03-26 22:03:04.894 [main] [] DEBUG c.t.rectagent.agent.SupervisorAgent - [17e9c5e385f943f7] 执行工具: data_analysis_agent, input=78
2026-03-26 22:03:04.894 [main] [] DEBUG c.t.rectagent.agent.SupervisorAgent - [17e9c5e385f943f7] 工具 data_analysis_agent 执行完成, outputLength=78
2026-03-26 22:03:04.894 [main] [] INFO  c.t.rectagent.agent.SupervisorAgent - [17e9c5e385f943f7] 任务完成
2026-03-26 22:03:04.894 [main] [] INFO  c.t.rectagent.agent.SupervisorAgent - [17e9c5e385f943f7] SupervisorAgent 处理完成: outputLength=78, 调用次数=1
2026-03-26 22:03:04.894 [main] [] INFO  c.t.rectagent.agent.SupervisorAgent - [447adedbcd564172] SupervisorAgent 开始处理: inputLength=11
2026-03-26 22:03:04.894 [main] [] DEBUG c.t.rectagent.agent.SupervisorAgent - [447adedbcd564172] 执行工具: data_analysis_agent, input=78
2026-03-26 22:03:04.894 [main] [] DEBUG c.t.rectagent.agent.SupervisorAgent - [447adedbcd564172] 工具 data_analysis_agent 执行完成, outputLength=78
2026-03-26 22:03:04.894 [main] [] INFO  c.t.rectagent.agent.SupervisorAgent - [447adedbcd564172] 任务完成
2026-03-26 22:03:04.894 [main] [] INFO  c.t.rectagent.agent.SupervisorAgent - [447adedbcd564172] SupervisorAgent 处理完成: outputLength=78, 调用次数=1
2026-03-26 22:03:04.894 [main] [] INFO  c.t.rectagent.agent.SupervisorAgent - [b84a67cb07d44a20] SupervisorAgent 开始处理: inputLength=11
2026-03-26 22:03:04.894 [main] [] DEBUG c.t.rectagent.agent.SupervisorAgent - [b84a67cb07d44a20] 执行工具: data_analysis_agent, input=78
2026-03-26 22:03:04.894 [main] [] DEBUG c.t.rectagent.agent.SupervisorAgent - [b84a67cb07d44a20] 工具 data_analysis_agent 执行完成, outputLength=78
2026-03-26 22:03:04.894 [main] [] INFO  c.t.rectagent.agent.SupervisorAgent - [b84a67cb07d44a20] 任务完成
2026-03-26 22:03:04.894 [main] [] INFO  c.t.rectagent.agent.SupervisorAgent - [b84a67cb07d44a20] SupervisorAgent 处理完成: outputLength=78, 调用次数=1
2026-03-26 22:03:04.894 [main] [] INFO  c.t.rectagent.agent.SupervisorAgent - [1d389339185a406c] SupervisorAgent 开始处理: inputLength=11
2026-03-26 22:03:04.894 [main] [] DEBUG c.t.rectagent.agent.SupervisorAgent - [1d389339185a406c] 执行工具: data_analysis_agent, input=78
2026-03-26 22:03:04.894 [main] [] DEBUG c.t.rectagent.agent.SupervisorAgent - [1d389339185a406c] 工具 data_analysis_agent 执行完成, outputLength=78
2026-03-26 22:03:04.894 [main] [] INFO  c.t.rectagent.agent.SupervisorAgent - [1d389339185a406c] 任务完成
2026-03-26 22:03:04.894 [main] [] INFO  c.t.rectagent.agent.SupervisorAgent - [1d389339185a406c] SupervisorAgent 处理完成: outputLength=78, 调用次数=1
2026-03-26 22:03:04.894 [main] [] INFO  c.t.rectagent.agent.SupervisorAgent - [7e5780ce04f44ffd] SupervisorAgent 开始处理: inputLength=11
2026-03-26 22:03:04.894 [main] [] DEBUG c.t.rectagent.agent.SupervisorAgent - [7e5780ce04f44ffd] 执行工具: data_analysis_agent, input=78
2026-03-26 22:03:04.894 [main] [] DEBUG c.t.rectagent.agent.SupervisorAgent - [7e5780ce04f44ffd] 工具 data_analysis_agent 执行完成, outputLength=78
2026-03-26 22:03:04.894 [main] [] INFO  c.t.rectagent.agent.SupervisorAgent - [7e5780ce04f44ffd] 任务完成
2026-03-26 22:03:04.894 [main] [] INFO  c.t.rectagent.agent.SupervisorAgent - [7e5780ce04f44ffd] SupervisorAgent 处理完成: outputLength=78, 调用次数=1
2026-03-26 22:03:04.896 [main] [] INFO  c.t.rectagent.agent.SupervisorAgent - [9dc28ce8a5a348b4] SupervisorAgent 开始处理: inputLength=11
2026-03-26 22:03:04.896 [main] [] DEBUG c.t.rectagent.agent.SupervisorAgent - [9dc28ce8a5a348b4] 执行工具: data_analysis_agent, input=78
2026-03-26 22:03:04.896 [main] [] DEBUG c.t.rectagent.agent.SupervisorAgent - [9dc28ce8a5a348b4] 工具 data_analysis_agent 执行完成, outputLength=78
2026-03-26 22:03:04.896 [main] [] INFO  c.t.rectagent.agent.SupervisorAgent - [9dc28ce8a5a348b4] 任务完成
2026-03-26 22:03:04.896 [main] [] INFO  c.t.rectagent.agent.SupervisorAgent - [9dc28ce8a5a348b4] SupervisorAgent 处理完成: outputLength=78, 调用次数=1
2026-03-26 22:03:04.896 [main] [] INFO  c.t.rectagent.agent.SupervisorAgent - [66859c9b24014d13] SupervisorAgent 开始处理: inputLength=11
2026-03-26 22:03:04.896 [main] [] DEBUG c.t.rectagent.agent.SupervisorAgent - [66859c9b24014d13] 执行工具: data_analysis_agent, input=78
2026-03-26 22:03:04.896 [main] [] DEBUG c.t.rectagent.agent.SupervisorAgent - [66859c9b24014d13] 工具 data_analysis_agent 执行完成, outputLength=78
2026-03-26 22:03:04.896 [main] [] INFO  c.t.rectagent.agent.SupervisorAgent - [66859c9b24014d13] 任务完成
2026-03-26 22:03:04.896 [main] [] INFO  c.t.rectagent.agent.SupervisorAgent - [66859c9b24014d13] SupervisorAgent 处理完成: outputLength=78, 调用次数=1
2026-03-26 22:03:04.896 [main] [] INFO  c.t.rectagent.agent.SupervisorAgent - [10a45c694ba0454e] SupervisorAgent 开始处理: inputLength=11
2026-03-26 22:03:04.896 [main] [] DEBUG c.t.rectagent.agent.SupervisorAgent - [10a45c694ba0454e] 执行工具: data_analysis_agent, input=78
2026-03-26 22:03:04.896 [main] [] DEBUG c.t.rectagent.agent.SupervisorAgent - [10a45c694ba0454e] 工具 data_analysis_agent 执行完成, outputLength=78
2026-03-26 22:03:04.896 [main] [] INFO  c.t.rectagent.agent.SupervisorAgent - [10a45c694ba0454e] 任务完成
2026-03-26 22:03:04.896 [main] [] INFO  c.t.rectagent.agent.SupervisorAgent - [10a45c694ba0454e] SupervisorAgent 处理完成: outputLength=78, 调用次数=1
2026-03-26 22:03:04.896 [main] [] INFO  c.t.rectagent.agent.SupervisorAgent - [68780183157f47aa] SupervisorAgent 开始处理: inputLength=11
2026-03-26 22:03:04.896 [main] [] DEBUG c.t.rectagent.agent.SupervisorAgent - [68780183157f47aa] 执行工具: data_analysis_agent, input=78
2026-03-26 22:03:04.896 [main] [] DEBUG c.t.rectagent.agent.SupervisorAgent - [68780183157f47aa] 工具 data_analysis_agent 执行完成, outputLength=78
2026-03-26 22:03:04.896 [main] [] INFO  c.t.rectagent.agent.SupervisorAgent - [68780183157f47aa] 任务完成
2026-03-26 22:03:04.896 [main] [] INFO  c.t.rectagent.agent.SupervisorAgent - [68780183157f47aa] SupervisorAgent 处理完成: outputLength=78, 调用次数=1
2026-03-26 22:03:04.896 [main] [] INFO  c.t.rectagent.agent.SupervisorAgent - [0cfc67ed0c014559] SupervisorAgent 开始处理: inputLength=11
2026-03-26 22:03:04.896 [main] [] DEBUG c.t.rectagent.agent.SupervisorAgent - [0cfc67ed0c014559] 执行工具: data_analysis_agent, input=78
2026-03-26 22:03:04.896 [main] [] DEBUG c.t.rectagent.agent.SupervisorAgent - [0cfc67ed0c014559] 工具 data_analysis_agent 执行完成, outputLength=78
2026-03-26 22:03:04.896 [main] [] INFO  c.t.rectagent.agent.SupervisorAgent - [0cfc67ed0c014559] 任务完成
2026-03-26 22:03:04.896 [main] [] INFO  c.t.rectagent.agent.SupervisorAgent - [0cfc67ed0c014559] SupervisorAgent 处理完成: outputLength=78, 调用次数=1
2026-03-26 22:03:04.896 [main] [] INFO  c.t.rectagent.agent.SupervisorAgent - [d1b02d51454c4cc4] SupervisorAgent 开始处理: inputLength=11
2026-03-26 22:03:04.896 [main] [] DEBUG c.t.rectagent.agent.SupervisorAgent - [d1b02d51454c4cc4] 执行工具: data_analysis_agent, input=78
2026-03-26 22:03:04.896 [main] [] DEBUG c.t.rectagent.agent.SupervisorAgent - [d1b02d51454c4cc4] 工具 data_analysis_agent 执行完成, outputLength=78
2026-03-26 22:03:04.896 [main] [] INFO  c.t.rectagent.agent.SupervisorAgent - [d1b02d51454c4cc4] 任务完成
2026-03-26 22:03:04.896 [main] [] INFO  c.t.rectagent.agent.SupervisorAgent - [d1b02d51454c4cc4] SupervisorAgent 处理完成: outputLength=78, 调用次数=1
2026-03-26 22:03:04.896 [main] [] INFO  c.t.rectagent.agent.SupervisorAgent - [e59832796df14d4c] SupervisorAgent 开始处理: inputLength=11
2026-03-26 22:03:04.896 [main] [] DEBUG c.t.rectagent.agent.SupervisorAgent - [e59832796df14d4c] 执行工具: data_analysis_agent, input=78
2026-03-26 22:03:04.896 [main] [] DEBUG c.t.rectagent.agent.SupervisorAgent - [e59832796df14d4c] 工具 data_analysis_agent 执行完成, outputLength=78
2026-03-26 22:03:04.896 [main] [] INFO  c.t.rectagent.agent.SupervisorAgent - [e59832796df14d4c] 任务完成
2026-03-26 22:03:04.896 [main] [] INFO  c.t.rectagent.agent.SupervisorAgent - [e59832796df14d4c] SupervisorAgent 处理完成: outputLength=78, 调用次数=1
2026-03-26 22:03:04.896 [main] [] INFO  c.t.rectagent.agent.SupervisorAgent - [220d52338c9847bc] SupervisorAgent 开始处理: inputLength=11
2026-03-26 22:03:04.896 [main] [] DEBUG c.t.rectagent.agent.SupervisorAgent - [220d52338c9847bc] 执行工具: data_analysis_agent, input=78
2026-03-26 22:03:04.896 [main] [] DEBUG c.t.rectagent.agent.SupervisorAgent - [220d52338c9847bc] 工具 data_analysis_agent 执行完成, outputLength=78
2026-03-26 22:03:04.896 [main] [] INFO  c.t.rectagent.agent.SupervisorAgent - [220d52338c9847bc] 任务完成
2026-03-26 22:03:04.896 [main] [] INFO  c.t.rectagent.agent.SupervisorAgent - [220d52338c9847bc] SupervisorAgent 处理完成: outputLength=78, 调用次数=1
2026-03-26 22:03:04.896 [main] [] INFO  c.t.rectagent.agent.SupervisorAgent - [6972f3128a88474c] SupervisorAgent 开始处理: inputLength=11
2026-03-26 22:03:04.896 [main] [] DEBUG c.t.rectagent.agent.SupervisorAgent - [6972f3128a88474c] 执行工具: data_analysis_agent, input=78
2026-03-26 22:03:04.896 [main] [] DEBUG c.t.rectagent.agent.SupervisorAgent - [6972f3128a88474c] 工具 data_analysis_agent 执行完成, outputLength=78
2026-03-26 22:03:04.896 [main] [] INFO  c.t.rectagent.agent.SupervisorAgent - [6972f3128a88474c] 任务完成
2026-03-26 22:03:04.896 [main] [] INFO  c.t.rectagent.agent.SupervisorAgent - [6972f3128a88474c] SupervisorAgent 处理完成: outputLength=78, 调用次数=1
2026-03-26 22:03:04.897 [main] [] INFO  c.t.rectagent.agent.SupervisorAgent - [3ecade6e03044385] SupervisorAgent 开始处理: inputLength=11
2026-03-26 22:03:04.897 [main] [] DEBUG c.t.rectagent.agent.SupervisorAgent - [3ecade6e03044385] 执行工具: data_analysis_agent, input=78
2026-03-26 22:03:04.897 [main] [] DEBUG c.t.rectagent.agent.SupervisorAgent - [3ecade6e03044385] 工具 data_analysis_agent 执行完成, outputLength=78
2026-03-26 22:03:04.897 [main] [] INFO  c.t.rectagent.agent.SupervisorAgent - [3ecade6e03044385] 任务完成
2026-03-26 22:03:04.897 [main] [] INFO  c.t.rectagent.agent.SupervisorAgent - [3ecade6e03044385] SupervisorAgent 处理完成: outputLength=78, 调用次数=1
2026-03-26 22:03:04.897 [main] [] INFO  c.t.rectagent.agent.SupervisorAgent - [448233ab1e224c0d] SupervisorAgent 开始处理: inputLength=11
2026-03-26 22:03:04.897 [main] [] DEBUG c.t.rectagent.agent.SupervisorAgent - [448233ab1e224c0d] 执行工具: data_analysis_agent, input=78
2026-03-26 22:03:04.897 [main] [] DEBUG c.t.rectagent.agent.SupervisorAgent - [448233ab1e224c0d] 工具 data_analysis_agent 执行完成, outputLength=78
2026-03-26 22:03:04.897 [main] [] INFO  c.t.rectagent.agent.SupervisorAgent - [448233ab1e224c0d] 任务完成
2026-03-26 22:03:04.897 [main] [] INFO  c.t.rectagent.agent.SupervisorAgent - [448233ab1e224c0d] SupervisorAgent 处理完成: outputLength=78, 调用次数=1
2026-03-26 22:03:04.897 [main] [] INFO  c.t.rectagent.agent.SupervisorAgent - [92224c1542174f71] SupervisorAgent 开始处理: inputLength=11
2026-03-26 22:03:04.897 [main] [] DEBUG c.t.rectagent.agent.SupervisorAgent - [92224c1542174f71] 执行工具: data_analysis_agent, input=78
2026-03-26 22:03:04.897 [main] [] DEBUG c.t.rectagent.agent.SupervisorAgent - [92224c1542174f71] 工具 data_analysis_agent 执行完成, outputLength=78
2026-03-26 22:03:04.897 [main] [] INFO  c.t.rectagent.agent.SupervisorAgent - [92224c1542174f71] 任务完成
2026-03-26 22:03:04.897 [main] [] INFO  c.t.rectagent.agent.SupervisorAgent - [92224c1542174f71] SupervisorAgent 处理完成: outputLength=78, 调用次数=1
2026-03-26 22:03:04.897 [main] [] INFO  c.t.rectagent.agent.SupervisorAgent - [fb2995b9715b4a1f] SupervisorAgent 开始处理: inputLength=11
2026-03-26 22:03:04.897 [main] [] DEBUG c.t.rectagent.agent.SupervisorAgent - [fb2995b9715b4a1f] 执行工具: data_analysis_agent, input=78
2026-03-26 22:03:04.897 [main] [] DEBUG c.t.rectagent.agent.SupervisorAgent - [fb2995b9715b4a1f] 工具 data_analysis_agent 执行完成, outputLength=78
2026-03-26 22:03:04.897 [main] [] INFO  c.t.rectagent.agent.SupervisorAgent - [fb2995b9715b4a1f] 任务完成
2026-03-26 22:03:04.897 [main] [] INFO  c.t.rectagent.agent.SupervisorAgent - [fb2995b9715b4a1f] SupervisorAgent 处理完成: outputLength=78, 调用次数=1
2026-03-26 22:03:04.897 [main] [] INFO  c.t.rectagent.agent.SupervisorAgent - [976b0f1c8f7244a9] SupervisorAgent 开始处理: inputLength=11
2026-03-26 22:03:04.897 [main] [] DEBUG c.t.rectagent.agent.SupervisorAgent - [976b0f1c8f7244a9] 执行工具: data_analysis_agent, input=78
2026-03-26 22:03:04.897 [main] [] DEBUG c.t.rectagent.agent.SupervisorAgent - [976b0f1c8f7244a9] 工具 data_analysis_agent 执行完成, outputLength=78
2026-03-26 22:03:04.897 [main] [] INFO  c.t.rectagent.agent.SupervisorAgent - [976b0f1c8f7244a9] 任务完成
2026-03-26 22:03:04.897 [main] [] INFO  c.t.rectagent.agent.SupervisorAgent - [976b0f1c8f7244a9] SupervisorAgent 处理完成: outputLength=78, 调用次数=1
2026-03-26 22:03:04.897 [main] [] INFO  c.t.rectagent.agent.SupervisorAgent - [d44729bddb884fd9] SupervisorAgent 开始处理: inputLength=11
2026-03-26 22:03:04.897 [main] [] DEBUG c.t.rectagent.agent.SupervisorAgent - [d44729bddb884fd9] 执行工具: data_analysis_agent, input=78
2026-03-26 22:03:04.897 [main] [] DEBUG c.t.rectagent.agent.SupervisorAgent - [d44729bddb884fd9] 工具 data_analysis_agent 执行完成, outputLength=78
2026-03-26 22:03:04.897 [main] [] INFO  c.t.rectagent.agent.SupervisorAgent - [d44729bddb884fd9] 任务完成
2026-03-26 22:03:04.897 [main] [] INFO  c.t.rectagent.agent.SupervisorAgent - [d44729bddb884fd9] SupervisorAgent 处理完成: outputLength=78, 调用次数=1
2026-03-26 22:03:04.897 [main] [] INFO  c.t.rectagent.agent.SupervisorAgent - [16fe166a1a4549ea] SupervisorAgent 开始处理: inputLength=11
2026-03-26 22:03:04.897 [main] [] DEBUG c.t.rectagent.agent.SupervisorAgent - [16fe166a1a4549ea] 执行工具: data_analysis_agent, input=78
2026-03-26 22:03:04.897 [main] [] DEBUG c.t.rectagent.agent.SupervisorAgent - [16fe166a1a4549ea] 工具 data_analysis_agent 执行完成, outputLength=78
2026-03-26 22:03:04.897 [main] [] INFO  c.t.rectagent.agent.SupervisorAgent - [16fe166a1a4549ea] 任务完成
2026-03-26 22:03:04.897 [main] [] INFO  c.t.rectagent.agent.SupervisorAgent - [16fe166a1a4549ea] SupervisorAgent 处理完成: outputLength=78, 调用次数=1
2026-03-26 22:03:04.897 [main] [] INFO  c.t.rectagent.agent.SupervisorAgent - [c17b1aebb62e47cc] SupervisorAgent 开始处理: inputLength=11
2026-03-26 22:03:04.897 [main] [] DEBUG c.t.rectagent.agent.SupervisorAgent - [c17b1aebb62e47cc] 执行工具: data_analysis_agent, input=78
2026-03-26 22:03:04.897 [main] [] DEBUG c.t.rectagent.agent.SupervisorAgent - [c17b1aebb62e47cc] 工具 data_analysis_agent 执行完成, outputLength=78
2026-03-26 22:03:04.897 [main] [] INFO  c.t.rectagent.agent.SupervisorAgent - [c17b1aebb62e47cc] 任务完成
2026-03-26 22:03:04.897 [main] [] INFO  c.t.rectagent.agent.SupervisorAgent - [c17b1aebb62e47cc] SupervisorAgent 处理完成: outputLength=78, 调用次数=1
2026-03-26 22:03:04.897 [main] [] INFO  c.t.rectagent.agent.SupervisorAgent - [7ca90ca76e68419c] SupervisorAgent 开始处理: inputLength=11
2026-03-26 22:03:04.897 [main] [] DEBUG c.t.rectagent.agent.SupervisorAgent - [7ca90ca76e68419c] 执行工具: data_analysis_agent, input=78
2026-03-26 22:03:04.897 [main] [] DEBUG c.t.rectagent.agent.SupervisorAgent - [7ca90ca76e68419c] 工具 data_analysis_agent 执行完成, outputLength=78
2026-03-26 22:03:04.897 [main] [] INFO  c.t.rectagent.agent.SupervisorAgent - [7ca90ca76e68419c] 任务完成
2026-03-26 22:03:04.897 [main] [] INFO  c.t.rectagent.agent.SupervisorAgent - [7ca90ca76e68419c] SupervisorAgent 处理完成: outputLength=78, 调用次数=1
2026-03-26 22:03:04.897 [main] [] INFO  c.t.rectagent.agent.SupervisorAgent - [161ddbef758642cf] SupervisorAgent 开始处理: inputLength=11
2026-03-26 22:03:04.897 [main] [] DEBUG c.t.rectagent.agent.SupervisorAgent - [161ddbef758642cf] 执行工具: data_analysis_agent, input=78
2026-03-26 22:03:04.897 [main] [] DEBUG c.t.rectagent.agent.SupervisorAgent - [161ddbef758642cf] 工具 data_analysis_agent 执行完成, outputLength=78
2026-03-26 22:03:04.897 [main] [] INFO  c.t.rectagent.agent.SupervisorAgent - [161ddbef758642cf] 任务完成
2026-03-26 22:03:04.897 [main] [] INFO  c.t.rectagent.agent.SupervisorAgent - [161ddbef758642cf] SupervisorAgent 处理完成: outputLength=78, 调用次数=1
2026-03-26 22:03:04.897 [main] [] INFO  c.t.rectagent.agent.SupervisorAgent - [a6b698043bdd4a25] SupervisorAgent 开始处理: inputLength=11
2026-03-26 22:03:04.897 [main] [] DEBUG c.t.rectagent.agent.SupervisorAgent - [a6b698043bdd4a25] 执行工具: data_analysis_agent, input=78
2026-03-26 22:03:04.899 [main] [] DEBUG c.t.rectagent.agent.SupervisorAgent - [a6b698043bdd4a25] 工具 data_analysis_agent 执行完成, outputLength=78
2026-03-26 22:03:04.899 [main] [] INFO  c.t.rectagent.agent.SupervisorAgent - [a6b698043bdd4a25] 任务完成
2026-03-26 22:03:04.899 [main] [] INFO  c.t.rectagent.agent.SupervisorAgent - [a6b698043bdd4a25] SupervisorAgent 处理完成: outputLength=78, 调用次数=1
2026-03-26 22:03:04.899 [main] [] INFO  c.t.rectagent.agent.SupervisorAgent - [9d8a1ec37f0640a1] SupervisorAgent 开始处理: inputLength=11
2026-03-26 22:03:04.899 [main] [] DEBUG c.t.rectagent.agent.SupervisorAgent - [9d8a1ec37f0640a1] 执行工具: data_analysis_agent, input=78
2026-03-26 22:03:04.899 [main] [] DEBUG c.t.rectagent.agent.SupervisorAgent - [9d8a1ec37f0640a1] 工具 data_analysis_agent 执行完成, outputLength=78
2026-03-26 22:03:04.899 [main] [] INFO  c.t.rectagent.agent.SupervisorAgent - [9d8a1ec37f0640a1] 任务完成
2026-03-26 22:03:04.899 [main] [] INFO  c.t.rectagent.agent.SupervisorAgent - [9d8a1ec37f0640a1] SupervisorAgent 处理完成: outputLength=78, 调用次数=1
2026-03-26 22:03:04.899 [main] [] INFO  c.t.rectagent.agent.SupervisorAgent - [f4e7c3d6994c43fb] SupervisorAgent 开始处理: inputLength=11
2026-03-26 22:03:04.899 [main] [] DEBUG c.t.rectagent.agent.SupervisorAgent - [f4e7c3d6994c43fb] 执行工具: data_analysis_agent, input=78
2026-03-26 22:03:04.899 [main] [] DEBUG c.t.rectagent.agent.SupervisorAgent - [f4e7c3d6994c43fb] 工具 data_analysis_agent 执行完成, outputLength=78
2026-03-26 22:03:04.899 [main] [] INFO  c.t.rectagent.agent.SupervisorAgent - [f4e7c3d6994c43fb] 任务完成
2026-03-26 22:03:04.899 [main] [] INFO  c.t.rectagent.agent.SupervisorAgent - [f4e7c3d6994c43fb] SupervisorAgent 处理完成: outputLength=78, 调用次数=1
2026-03-26 22:03:04.899 [main] [] INFO  c.t.rectagent.agent.SupervisorAgent - [0dd9a4114e8d4f23] SupervisorAgent 开始处理: inputLength=11
2026-03-26 22:03:04.899 [main] [] DEBUG c.t.rectagent.agent.SupervisorAgent - [0dd9a4114e8d4f23] 执行工具: data_analysis_agent, input=78
2026-03-26 22:03:04.899 [main] [] DEBUG c.t.rectagent.agent.SupervisorAgent - [0dd9a4114e8d4f23] 工具 data_analysis_agent 执行完成, outputLength=78
2026-03-26 22:03:04.899 [main] [] INFO  c.t.rectagent.agent.SupervisorAgent - [0dd9a4114e8d4f23] 任务完成
2026-03-26 22:03:04.899 [main] [] INFO  c.t.rectagent.agent.SupervisorAgent - [0dd9a4114e8d4f23] SupervisorAgent 处理完成: outputLength=78, 调用次数=1
2026-03-26 22:03:04.899 [main] [] INFO  c.t.rectagent.agent.SupervisorAgent - [53c6e23eb6604053] SupervisorAgent 开始处理: inputLength=11
2026-03-26 22:03:04.899 [main] [] DEBUG c.t.rectagent.agent.SupervisorAgent - [53c6e23eb6604053] 执行工具: data_analysis_agent, input=78
2026-03-26 22:03:04.899 [main] [] DEBUG c.t.rectagent.agent.SupervisorAgent - [53c6e23eb6604053] 工具 data_analysis_agent 执行完成, outputLength=78
2026-03-26 22:03:04.899 [main] [] INFO  c.t.rectagent.agent.SupervisorAgent - [53c6e23eb6604053] 任务完成
2026-03-26 22:03:04.899 [main] [] INFO  c.t.rectagent.agent.SupervisorAgent - [53c6e23eb6604053] SupervisorAgent 处理完成: outputLength=78, 调用次数=1
2026-03-26 22:03:04.899 [main] [] INFO  c.t.rectagent.agent.SupervisorAgent - [e23a079771c0427a] SupervisorAgent 开始处理: inputLength=11
2026-03-26 22:03:04.899 [main] [] DEBUG c.t.rectagent.agent.SupervisorAgent - [e23a079771c0427a] 执行工具: data_analysis_agent, input=78
2026-03-26 22:03:04.899 [main] [] DEBUG c.t.rectagent.agent.SupervisorAgent - [e23a079771c0427a] 工具 data_analysis_agent 执行完成, outputLength=78
2026-03-26 22:03:04.899 [main] [] INFO  c.t.rectagent.agent.SupervisorAgent - [e23a079771c0427a] 任务完成
2026-03-26 22:03:04.899 [main] [] INFO  c.t.rectagent.agent.SupervisorAgent - [e23a079771c0427a] SupervisorAgent 处理完成: outputLength=78, 调用次数=1
2026-03-26 22:03:04.899 [main] [] INFO  c.t.rectagent.agent.SupervisorAgent - [1c21bbddc2fa4a80] SupervisorAgent 开始处理: inputLength=11
2026-03-26 22:03:04.899 [main] [] DEBUG c.t.rectagent.agent.SupervisorAgent - [1c21bbddc2fa4a80] 执行工具: data_analysis_agent, input=78
2026-03-26 22:03:04.899 [main] [] DEBUG c.t.rectagent.agent.SupervisorAgent - [1c21bbddc2fa4a80] 工具 data_analysis_agent 执行完成, outputLength=78
2026-03-26 22:03:04.899 [main] [] INFO  c.t.rectagent.agent.SupervisorAgent - [1c21bbddc2fa4a80] 任务完成
2026-03-26 22:03:04.899 [main] [] INFO  c.t.rectagent.agent.SupervisorAgent - [1c21bbddc2fa4a80] SupervisorAgent 处理完成: outputLength=78, 调用次数=1
2026-03-26 22:03:04.899 [main] [] INFO  c.t.rectagent.agent.SupervisorAgent - [afa774a4ad394bf6] SupervisorAgent 开始处理: inputLength=11
2026-03-26 22:03:04.899 [main] [] DEBUG c.t.rectagent.agent.SupervisorAgent - [afa774a4ad394bf6] 执行工具: data_analysis_agent, input=78
2026-03-26 22:03:04.899 [main] [] DEBUG c.t.rectagent.agent.SupervisorAgent - [afa774a4ad394bf6] 工具 data_analysis_agent 执行完成, outputLength=78
2026-03-26 22:03:04.899 [main] [] INFO  c.t.rectagent.agent.SupervisorAgent - [afa774a4ad394bf6] 任务完成
2026-03-26 22:03:04.899 [main] [] INFO  c.t.rectagent.agent.SupervisorAgent - [afa774a4ad394bf6] SupervisorAgent 处理完成: outputLength=78, 调用次数=1
2026-03-26 22:03:04.899 [main] [] INFO  c.t.rectagent.agent.SupervisorAgent - [7ff9db887b454455] SupervisorAgent 开始处理: inputLength=11
2026-03-26 22:03:04.899 [main] [] DEBUG c.t.rectagent.agent.SupervisorAgent - [7ff9db887b454455] 执行工具: data_analysis_agent, input=78
2026-03-26 22:03:04.899 [main] [] DEBUG c.t.rectagent.agent.SupervisorAgent - [7ff9db887b454455] 工具 data_analysis_agent 执行完成, outputLength=78
2026-03-26 22:03:04.899 [main] [] INFO  c.t.rectagent.agent.SupervisorAgent - [7ff9db887b454455] 任务完成
2026-03-26 22:03:04.899 [main] [] INFO  c.t.rectagent.agent.SupervisorAgent - [7ff9db887b454455] SupervisorAgent 处理完成: outputLength=78, 调用次数=1
2026-03-26 22:03:04.899 [main] [] INFO  c.t.rectagent.agent.SupervisorAgent - [c357efcfa50841a8] SupervisorAgent 开始处理: inputLength=11
2026-03-26 22:03:04.899 [main] [] DEBUG c.t.rectagent.agent.SupervisorAgent - [c357efcfa50841a8] 执行工具: data_analysis_agent, input=78
2026-03-26 22:03:04.899 [main] [] DEBUG c.t.rectagent.agent.SupervisorAgent - [c357efcfa50841a8] 工具 data_analysis_agent 执行完成, outputLength=78
2026-03-26 22:03:04.899 [main] [] INFO  c.t.rectagent.agent.SupervisorAgent - [c357efcfa50841a8] 任务完成
2026-03-26 22:03:04.899 [main] [] INFO  c.t.rectagent.agent.SupervisorAgent - [c357efcfa50841a8] SupervisorAgent 处理完成: outputLength=78, 调用次数=1
P99 latency: 0.908 ms
[INFO] Tests run: 5, Failures: 0, Errors: 0, Skipped: 0, Time elapsed: 0.149 s -- in com.tlq.rectagent.agent.SupervisorAgentPerfTest
[INFO] Running com.tlq.rectagent.agent.SupervisorAgentTest
2026-03-26 22:03:04.904 [main] [] DEBUG c.t.r.agent.AgentToolRegistry - 注册工具: name=intent_recognition_agent, description=用户意图识别工具
2026-03-26 22:03:04.904 [main] [] DEBUG c.t.r.agent.AgentToolRegistry - 注册工具: name=data_analysis_agent, description=数据安全分析工具
2026-03-26 22:03:04.904 [main] [] INFO  c.t.rectagent.agent.SupervisorAgent - [17fca5e95eb64c03] SupervisorAgent 开始处理: inputLength=4
2026-03-26 22:03:04.906 [main] [] WARN  c.t.rectagent.agent.SupervisorAgent - [17fca5e95eb64c03] 未注册任何工具
2026-03-26 22:03:04.906 [main] [] DEBUG c.t.r.agent.AgentToolRegistry - 注册工具: name=intent_recognition_agent, description=用户意图识别工具
2026-03-26 22:03:04.906 [main] [] DEBUG c.t.r.agent.AgentToolRegistry - 注册工具: name=data_analysis_agent, description=数据安全分析工具
2026-03-26 22:03:04.907 [main] [] INFO  c.t.rectagent.agent.SupervisorAgent - [24a942c22e534595] SupervisorAgent 开始处理: inputLength=12
2026-03-26 22:03:04.907 [main] [] DEBUG c.t.rectagent.agent.SupervisorAgent - [24a942c22e534595] 执行工具: data_analysis_agent, input=79
2026-03-26 22:03:04.907 [main] [] DEBUG c.t.rectagent.agent.SupervisorAgent - [24a942c22e534595] 工具 data_analysis_agent 执行完成, outputLength=79
2026-03-26 22:03:04.907 [main] [] INFO  c.t.rectagent.agent.SupervisorAgent - [24a942c22e534595] 任务完成
2026-03-26 22:03:04.907 [main] [] INFO  c.t.rectagent.agent.SupervisorAgent - [24a942c22e534595] SupervisorAgent 处理完成: outputLength=79, 调用次数=1
2026-03-26 22:03:04.909 [main] [] DEBUG c.t.r.agent.AgentToolRegistry - 注册工具: name=intent_recognition_agent, description=用户意图识别工具
2026-03-26 22:03:04.909 [main] [] DEBUG c.t.r.agent.AgentToolRegistry - 注册工具: name=data_analysis_agent, description=数据安全分析工具
2026-03-26 22:03:04.909 [main] [] INFO  c.t.rectagent.agent.SupervisorAgent - [96e99b39ac484f28] SupervisorAgent 开始处理: inputLength=10
2026-03-26 22:03:04.909 [main] [] DEBUG c.t.rectagent.agent.SupervisorAgent - [96e99b39ac484f28] 执行工具: data_analysis_agent, input=77
2026-03-26 22:03:04.909 [main] [] DEBUG c.t.rectagent.agent.SupervisorAgent - [96e99b39ac484f28] 工具 data_analysis_agent 执行完成, outputLength=77
2026-03-26 22:03:04.909 [main] [] INFO  c.t.rectagent.agent.SupervisorAgent - [96e99b39ac484f28] 任务完成
2026-03-26 22:03:04.909 [main] [] INFO  c.t.rectagent.agent.SupervisorAgent - [96e99b39ac484f28] SupervisorAgent 处理完成: outputLength=77, 调用次数=1
2026-03-26 22:03:04.909 [main] [] DEBUG c.t.r.agent.AgentToolRegistry - 注册工具: name=intent_recognition_agent, description=用户意图识别工具
2026-03-26 22:03:04.909 [main] [] DEBUG c.t.r.agent.AgentToolRegistry - 注册工具: name=data_analysis_agent, description=数据安全分析工具
2026-03-26 22:03:04.911 [main] [] INFO  c.t.rectagent.agent.SupervisorAgent - [9294d004ae3847e1] SupervisorAgent 开始处理: inputLength=10
2026-03-26 22:03:04.911 [main] [] DEBUG c.t.rectagent.agent.SupervisorAgent - [9294d004ae3847e1] 执行工具: data_analysis_agent, input=77
2026-03-26 22:03:04.911 [main] [] DEBUG c.t.rectagent.agent.SupervisorAgent - [9294d004ae3847e1] 工具 data_analysis_agent 执行完成, outputLength=77
2026-03-26 22:03:04.911 [main] [] INFO  c.t.rectagent.agent.SupervisorAgent - [9294d004ae3847e1] 任务完成
2026-03-26 22:03:04.911 [main] [] INFO  c.t.rectagent.agent.SupervisorAgent - [9294d004ae3847e1] SupervisorAgent 处理完成: outputLength=77, 调用次数=1
2026-03-26 22:03:04.911 [main] [] DEBUG c.t.r.agent.AgentToolRegistry - 注册工具: name=intent_recognition_agent, description=用户意图识别工具
2026-03-26 22:03:04.911 [main] [] DEBUG c.t.r.agent.AgentToolRegistry - 注册工具: name=data_analysis_agent, description=数据安全分析工具
2026-03-26 22:03:04.911 [main] [] INFO  c.t.rectagent.agent.SupervisorAgent - [bd11c60f010f4560] SupervisorAgent 开始处理: inputLength=10
2026-03-26 22:03:04.911 [main] [] DEBUG c.t.rectagent.agent.SupervisorAgent - [bd11c60f010f4560] 执行工具: data_analysis_agent, input=77
2026-03-26 22:03:04.911 [main] [] DEBUG c.t.rectagent.agent.SupervisorAgent - [bd11c60f010f4560] 工具 data_analysis_agent 执行完成, outputLength=77
2026-03-26 22:03:04.911 [main] [] INFO  c.t.rectagent.agent.SupervisorAgent - [bd11c60f010f4560] 任务完成
2026-03-26 22:03:04.911 [main] [] INFO  c.t.rectagent.agent.SupervisorAgent - [bd11c60f010f4560] SupervisorAgent 处理完成: outputLength=77, 调用次数=1
2026-03-26 22:03:04.912 [main] [] DEBUG c.t.r.agent.AgentToolRegistry - 注册工具: name=intent_recognition_agent, description=用户意图识别工具
2026-03-26 22:03:04.912 [main] [] DEBUG c.t.r.agent.AgentToolRegistry - 注册工具: name=data_analysis_agent, description=数据安全分析工具
2026-03-26 22:03:04.912 [main] [] INFO  c.t.rectagent.agent.SupervisorAgent - [3988df8e72c84b0a] SupervisorAgent 开始处理: inputLength=10
2026-03-26 22:03:04.912 [main] [] DEBUG c.t.rectagent.agent.SupervisorAgent - [3988df8e72c84b0a] 执行工具: data_analysis_agent, input=77
2026-03-26 22:03:04.912 [main] [] DEBUG c.t.rectagent.agent.SupervisorAgent - [3988df8e72c84b0a] 工具 data_analysis_agent 执行完成, outputLength=77
2026-03-26 22:03:04.912 [main] [] INFO  c.t.rectagent.agent.SupervisorAgent - [3988df8e72c84b0a] 任务完成
2026-03-26 22:03:04.912 [main] [] INFO  c.t.rectagent.agent.SupervisorAgent - [3988df8e72c84b0a] SupervisorAgent 处理完成: outputLength=77, 调用次数=1
2026-03-26 22:03:04.914 [main] [] DEBUG c.t.r.agent.AgentToolRegistry - 注册工具: name=intent_recognition_agent, description=用户意图识别工具
2026-03-26 22:03:04.914 [main] [] DEBUG c.t.r.agent.AgentToolRegistry - 注册工具: name=data_analysis_agent, description=数据安全分析工具
2026-03-26 22:03:04.914 [main] [] INFO  c.t.rectagent.agent.SupervisorAgent - [df350c798b9c4f6b] SupervisorAgent 开始处理: inputLength=0
2026-03-26 22:03:04.914 [main] [] DEBUG c.t.rectagent.agent.SupervisorAgent - [df350c798b9c4f6b] 执行工具: data_analysis_agent, input=71
2026-03-26 22:03:04.914 [main] [] DEBUG c.t.rectagent.agent.SupervisorAgent - [df350c798b9c4f6b] 工具 data_analysis_agent 执行完成, outputLength=71
2026-03-26 22:03:04.914 [main] [] INFO  c.t.rectagent.agent.SupervisorAgent - [df350c798b9c4f6b] 任务完成
2026-03-26 22:03:04.914 [main] [] INFO  c.t.rectagent.agent.SupervisorAgent - [df350c798b9c4f6b] SupervisorAgent 处理完成: outputLength=71, 调用次数=1
2026-03-26 22:03:04.914 [main] [] DEBUG c.t.r.agent.AgentToolRegistry - 注册工具: name=intent_recognition_agent, description=用户意图识别工具
2026-03-26 22:03:04.914 [main] [] DEBUG c.t.r.agent.AgentToolRegistry - 注册工具: name=data_analysis_agent, description=数据安全分析工具
[INFO] Tests run: 8, Failures: 0, Errors: 0, Skipped: 0, Time elapsed: 0.010 s -- in com.tlq.rectagent.agent.SupervisorAgentTest
[INFO] Running com.tlq.rectagent.config.AgentModelSelectorTest
[INFO] Tests run: 1, Failures: 0, Errors: 0, Skipped: 0, Time elapsed: 0.012 s -- in com.tlq.rectagent.config.AgentModelSelectorTest
[INFO] Running com.tlq.rectagent.hook.IncrementalCompressionHookTest
2026-03-26 22:03:04.935 [main] [] DEBUG c.t.r.h.IncrementalCompressionHook - [unknown] 压缩检查(BEFORE): 当前token=80, 阈值=80, sessionId=null
2026-03-26 22:03:04.938 [main] [] DEBUG c.t.r.h.IncrementalCompressionHook - [unknown] 压缩检查(BEFORE): 当前token=160, 阈值=80, sessionId=null
2026-03-26 22:03:04.940 [main] [] DEBUG c.t.r.h.IncrementalCompressionHook - [unknown] 生成摘要: 用户提问20次，AI回复19次
2026-03-26 22:03:04.958 [main] [] WARN  c.t.r.h.IncrementalCompressionHook - [unknown] 增量压缩失败: null
2026-03-26 22:03:04.959 [main] [] DEBUG c.t.r.h.IncrementalCompressionHook - [unknown] 压缩检查(BEFORE): 当前token=0, 阈值=5600, sessionId=null
2026-03-26 22:03:04.961 [main] [] DEBUG c.t.r.h.IncrementalCompressionHook - [unknown] 压缩检查(BEFORE): 当前token=160, 阈值=80, sessionId=null
2026-03-26 22:03:04.961 [main] [] DEBUG c.t.r.h.IncrementalCompressionHook - [unknown] 生成摘要: 用户提问19次，AI回复19次
2026-03-26 22:03:04.961 [main] [] WARN  c.t.r.h.IncrementalCompressionHook - [unknown] 增量压缩失败: null
2026-03-26 22:03:04.962 [main] [] DEBUG c.t.r.h.IncrementalCompressionHook - [unknown] 压缩检查(BEFORE): 当前token=24, 阈值=8000, sessionId=null
[INFO] Tests run: 9, Failures: 0, Errors: 0, Skipped: 0, Time elapsed: 0.034 s -- in com.tlq.rectagent.hook.IncrementalCompressionHookTest
[INFO] Running com.tlq.rectagent.model.AnthropicProviderIntegrationTest
[INFO] Tests run: 4, Failures: 0, Errors: 0, Skipped: 0, Time elapsed: 0.564 s -- in com.tlq.rectagent.model.AnthropicProviderIntegrationTest
[INFO] Running com.tlq.rectagent.model.CapabilityStrategyTest
[INFO] Tests run: 3, Failures: 0, Errors: 0, Skipped: 0, Time elapsed: 0.012 s -- in com.tlq.rectagent.model.CapabilityStrategyTest
[INFO] Running com.tlq.rectagent.model.FallbackStrategyTest
[INFO] Tests run: 1, Failures: 0, Errors: 0, Skipped: 0, Time elapsed: 0.003 s -- in com.tlq.rectagent.model.FallbackStrategyTest
[INFO] Running com.tlq.rectagent.model.ModelProviderFactoryTest
[INFO] Tests run: 2, Failures: 0, Errors: 0, Skipped: 0, Time elapsed: 0.005 s -- in com.tlq.rectagent.model.ModelProviderFactoryTest
[INFO] Running com.tlq.rectagent.model.ModelRegistryTest
[INFO] Tests run: 1, Failures: 0, Errors: 0, Skipped: 0, Time elapsed: 0.003 s -- in com.tlq.rectagent.model.ModelRegistryTest
[INFO] Running com.tlq.rectagent.model.ModelRouterTest
[INFO] Tests run: 1, Failures: 0, Errors: 0, Skipped: 0, Time elapsed: 0.008 s -- in com.tlq.rectagent.model.ModelRouterTest
[INFO] Running com.tlq.rectagent.model.ModelRouterWithPriorityStrategyTest
[INFO] Tests run: 1, Failures: 0, Errors: 0, Skipped: 0, Time elapsed: 0.002 s -- in com.tlq.rectagent.model.ModelRouterWithPriorityStrategyTest
[INFO] Running com.tlq.rectagent.model.OpenAIProviderBoundaryTest
[INFO] Tests run: 8, Failures: 0, Errors: 0, Skipped: 0, Time elapsed: 0.117 s -- in com.tlq.rectagent.model.OpenAIProviderBoundaryTest
[INFO] Running com.tlq.rectagent.model.OpenAIProviderIntegrationTest
[INFO] Tests run: 1, Failures: 0, Errors: 0, Skipped: 0, Time elapsed: 0.013 s -- in com.tlq.rectagent.model.OpenAIProviderIntegrationTest
[INFO] Running com.tlq.rectagent.model.RoundRobinStrategyTest
[INFO] Tests run: 1, Failures: 0, Errors: 0, Skipped: 0, Time elapsed: 0.001 s -- in com.tlq.rectagent.model.RoundRobinStrategyTest
[INFO] 
[INFO] Results:
[INFO] 
[ERROR] Errors: 
[ERROR]   FullSystemE2ETest.fullSystemE2E ? IllegalState Failed to load ApplicationContext for [WebMergedContextConfiguration@628b1538 testClass = com.tlq.rectagent.FullSystemE2ETest, locations = [], classes = [com.tlq.rectagent.RectAgentApplication], contextInitializerClasses = [], activeProfiles = [], propertySourceDescriptors = [], propertySourceProperties = ["org.springframework.boot.test.context.SpringBootTestContextBootstrapper=true"], contextCustomizers = [org.springframework.boot.test.context.filter.ExcludeFilterContextCustomizer@55493582, org.springframework.boot.test.json.DuplicateJsonObjectContextCustomizerFactory$DuplicateJsonObjectContextCustomizer@34158c08, org.springframework.boot.test.mock.mockito.MockitoContextCustomizer@64c60883, org.springframework.boot.test.web.client.TestRestTemplateContextCustomizer@31dadd46, org.springframework.boot.test.web.reactive.server.WebTestClientContextCustomizer@10cf09e8, org.springframework.boot.test.web.reactor.netty.DisableReactorResourceFactoryGlobalResourcesContextCustomizerFactory$DisableReactorResourceFactoryGlobalResourcesContextCustomizerCustomizer@63787180, org.springframework.boot.test.autoconfigure.OnFailureConditionReportContextCustomizerFactory$OnFailureConditionReportContextCustomizer@2e1ef60, org.springframework.boot.test.autoconfigure.actuate.observability.ObservabilityContextCustomizerFactory$DisableObservabilityContextCustomizer@1f, org.springframework.boot.test.autoconfigure.properties.PropertyMappingContextCustomizer@0, org.springframework.boot.test.autoconfigure.web.servlet.WebDriverContextCustomizer@dbd8e44, org.springframework.boot.test.context.SpringBootTestAnnotation@9f6e4d8], resourceBasePath = "src/main/webapp", contextLoader = org.springframework.boot.test.context.SpringBootContextLoader, parent = null]
[ERROR]   MultiAgentTest.testAgentScheduler ? IllegalState ApplicationContext failure threshold (1) exceeded: skipping repeated attempt to load context for [WebMergedContextConfiguration@56a6aadb testClass = com.tlq.rectagent.MultiAgentTest, locations = [], classes = [com.tlq.rectagent.RectAgentApplication], contextInitializerClasses = [], activeProfiles = [], propertySourceDescriptors = [], propertySourceProperties = ["org.springframework.boot.test.context.SpringBootTestContextBootstrapper=true"], contextCustomizers = [org.springframework.boot.test.context.filter.ExcludeFilterContextCustomizer@55493582, org.springframework.boot.test.json.DuplicateJsonObjectContextCustomizerFactory$DuplicateJsonObjectContextCustomizer@34158c08, org.springframework.boot.test.mock.mockito.MockitoContextCustomizer@0, org.springframework.boot.test.web.client.TestRestTemplateContextCustomizer@31dadd46, org.springframework.boot.test.web.reactive.server.WebTestClientContextCustomizer@10cf09e8, org.springframework.boot.test.web.reactor.netty.DisableReactorResourceFactoryGlobalResourcesContextCustomizerFactory$DisableReactorResourceFactoryGlobalResourcesContextCustomizerCustomizer@63787180, org.springframework.boot.test.autoconfigure.OnFailureConditionReportContextCustomizerFactory$OnFailureConditionReportContextCustomizer@2e1ef60, org.springframework.boot.test.autoconfigure.actuate.observability.ObservabilityContextCustomizerFactory$DisableObservabilityContextCustomizer@1f, org.springframework.boot.test.autoconfigure.properties.PropertyMappingContextCustomizer@0, org.springframework.boot.test.autoconfigure.web.servlet.WebDriverContextCustomizer@dbd8e44, org.springframework.boot.test.context.SpringBootTestAnnotation@9f6e4d8], resourceBasePath = "src/main/webapp", contextLoader = org.springframework.boot.test.context.SpringBootContextLoader, parent = null]
[ERROR]   MultiAgentTest.testCoordinatorAgent ? IllegalState ApplicationContext failure threshold (1) exceeded: skipping repeated attempt to load context for [WebMergedContextConfiguration@56a6aadb testClass = com.tlq.rectagent.MultiAgentTest, locations = [], classes = [com.tlq.rectagent.RectAgentApplication], contextInitializerClasses = [], activeProfiles = [], propertySourceDescriptors = [], propertySourceProperties = ["org.springframework.boot.test.context.SpringBootTestContextBootstrapper=true"], contextCustomizers = [org.springframework.boot.test.context.filter.ExcludeFilterContextCustomizer@55493582, org.springframework.boot.test.json.DuplicateJsonObjectContextCustomizerFactory$DuplicateJsonObjectContextCustomizer@34158c08, org.springframework.boot.test.mock.mockito.MockitoContextCustomizer@0, org.springframework.boot.test.web.client.TestRestTemplateContextCustomizer@31dadd46, org.springframework.boot.test.web.reactive.server.WebTestClientContextCustomizer@10cf09e8, org.springframework.boot.test.web.reactor.netty.DisableReactorResourceFactoryGlobalResourcesContextCustomizerFactory$DisableReactorResourceFactoryGlobalResourcesContextCustomizerCustomizer@63787180, org.springframework.boot.test.autoconfigure.OnFailureConditionReportContextCustomizerFactory$OnFailureConditionReportContextCustomizer@2e1ef60, org.springframework.boot.test.autoconfigure.actuate.observability.ObservabilityContextCustomizerFactory$DisableObservabilityContextCustomizer@1f, org.springframework.boot.test.autoconfigure.properties.PropertyMappingContextCustomizer@0, org.springframework.boot.test.autoconfigure.web.servlet.WebDriverContextCustomizer@dbd8e44, org.springframework.boot.test.context.SpringBootTestAnnotation@9f6e4d8], resourceBasePath = "src/main/webapp", contextLoader = org.springframework.boot.test.context.SpringBootContextLoader, parent = null]
[ERROR]   MultiAgentTest.testDataAnalysis ? IllegalState ApplicationContext failure threshold (1) exceeded: skipping repeated attempt to load context for [WebMergedContextConfiguration@56a6aadb testClass = com.tlq.rectagent.MultiAgentTest, locations = [], classes = [com.tlq.rectagent.RectAgentApplication], contextInitializerClasses = [], activeProfiles = [], propertySourceDescriptors = [], propertySourceProperties = ["org.springframework.boot.test.context.SpringBootTestContextBootstrapper=true"], contextCustomizers = [org.springframework.boot.test.context.filter.ExcludeFilterContextCustomizer@55493582, org.springframework.boot.test.json.DuplicateJsonObjectContextCustomizerFactory$DuplicateJsonObjectContextCustomizer@34158c08, org.springframework.boot.test.mock.mockito.MockitoContextCustomizer@0, org.springframework.boot.test.web.client.TestRestTemplateContextCustomizer@31dadd46, org.springframework.boot.test.web.reactive.server.WebTestClientContextCustomizer@10cf09e8, org.springframework.boot.test.web.reactor.netty.DisableReactorResourceFactoryGlobalResourcesContextCustomizerFactory$DisableReactorResourceFactoryGlobalResourcesContextCustomizerCustomizer@63787180, org.springframework.boot.test.autoconfigure.OnFailureConditionReportContextCustomizerFactory$OnFailureConditionReportContextCustomizer@2e1ef60, org.springframework.boot.test.autoconfigure.actuate.observability.ObservabilityContextCustomizerFactory$DisableObservabilityContextCustomizer@1f, org.springframework.boot.test.autoconfigure.properties.PropertyMappingContextCustomizer@0, org.springframework.boot.test.autoconfigure.web.servlet.WebDriverContextCustomizer@dbd8e44, org.springframework.boot.test.context.SpringBootTestAnnotation@9f6e4d8], resourceBasePath = "src/main/webapp", contextLoader = org.springframework.boot.test.context.SpringBootContextLoader, parent = null]
[ERROR]   MultiAgentTest.testIntentRecognition ? IllegalState ApplicationContext failure threshold (1) exceeded: skipping repeated attempt to load context for [WebMergedContextConfiguration@56a6aadb testClass = com.tlq.rectagent.MultiAgentTest, locations = [], classes = [com.tlq.rectagent.RectAgentApplication], contextInitializerClasses = [], activeProfiles = [], propertySourceDescriptors = [], propertySourceProperties = ["org.springframework.boot.test.context.SpringBootTestContextBootstrapper=true"], contextCustomizers = [org.springframework.boot.test.context.filter.ExcludeFilterContextCustomizer@55493582, org.springframework.boot.test.json.DuplicateJsonObjectContextCustomizerFactory$DuplicateJsonObjectContextCustomizer@34158c08, org.springframework.boot.test.mock.mockito.MockitoContextCustomizer@0, org.springframework.boot.test.web.client.TestRestTemplateContextCustomizer@31dadd46, org.springframework.boot.test.web.reactive.server.WebTestClientContextCustomizer@10cf09e8, org.springframework.boot.test.web.reactor.netty.DisableReactorResourceFactoryGlobalResourcesContextCustomizerFactory$DisableReactorResourceFactoryGlobalResourcesContextCustomizerCustomizer@63787180, org.springframework.boot.test.autoconfigure.OnFailureConditionReportContextCustomizerFactory$OnFailureConditionReportContextCustomizer@2e1ef60, org.springframework.boot.test.autoconfigure.actuate.observability.ObservabilityContextCustomizerFactory$DisableObservabilityContextCustomizer@1f, org.springframework.boot.test.autoconfigure.properties.PropertyMappingContextCustomizer@0, org.springframework.boot.test.autoconfigure.web.servlet.WebDriverContextCustomizer@dbd8e44, org.springframework.boot.test.context.SpringBootTestAnnotation@9f6e4d8], resourceBasePath = "src/main/webapp", contextLoader = org.springframework.boot.test.context.SpringBootContextLoader, parent = null]
[ERROR]   RectAgentApplicationTests.contextLoads ? IllegalState ApplicationContext failure threshold (1) exceeded: skipping repeated attempt to load context for [WebMergedContextConfiguration@776b7fa2 testClass = com.tlq.rectagent.RectAgentApplicationTests, locations = [], classes = [com.tlq.rectagent.RectAgentApplication], contextInitializerClasses = [], activeProfiles = [], propertySourceDescriptors = [], propertySourceProperties = ["org.springframework.boot.test.context.SpringBootTestContextBootstrapper=true"], contextCustomizers = [org.springframework.boot.test.context.filter.ExcludeFilterContextCustomizer@55493582, org.springframework.boot.test.json.DuplicateJsonObjectContextCustomizerFactory$DuplicateJsonObjectContextCustomizer@34158c08, org.springframework.boot.test.mock.mockito.MockitoContextCustomizer@0, org.springframework.boot.test.web.client.TestRestTemplateContextCustomizer@31dadd46, org.springframework.boot.test.web.reactive.server.WebTestClientContextCustomizer@10cf09e8, org.springframework.boot.test.web.reactor.netty.DisableReactorResourceFactoryGlobalResourcesContextCustomizerFactory$DisableReactorResourceFactoryGlobalResourcesContextCustomizerCustomizer@63787180, org.springframework.boot.test.autoconfigure.OnFailureConditionReportContextCustomizerFactory$OnFailureConditionReportContextCustomizer@2e1ef60, org.springframework.boot.test.autoconfigure.actuate.observability.ObservabilityContextCustomizerFactory$DisableObservabilityContextCustomizer@1f, org.springframework.boot.test.autoconfigure.properties.PropertyMappingContextCustomizer@0, org.springframework.boot.test.autoconfigure.web.servlet.WebDriverContextCustomizer@dbd8e44, org.springframework.boot.test.context.SpringBootTestAnnotation@9f6e4d8], resourceBasePath = "src/main/webapp", contextLoader = org.springframework.boot.test.context.SpringBootContextLoader, parent = null]
[ERROR]   CoordinatorAgentRealApiE2ETest.boundaryTest_emptyInput ? IllegalState ApplicationContext failure threshold (1) exceeded: skipping repeated attempt to load context for [WebMergedContextConfiguration@34279b8a testClass = com.tlq.rectagent.agent.CoordinatorAgentRealApiE2ETest, locations = [], classes = [com.tlq.rectagent.RectAgentApplication], contextInitializerClasses = [], activeProfiles = ["integration"], propertySourceDescriptors = [], propertySourceProperties = ["org.springframework.boot.test.context.SpringBootTestContextBootstrapper=true"], contextCustomizers = [org.springframework.boot.test.context.filter.ExcludeFilterContextCustomizer@55493582, org.springframework.boot.test.json.DuplicateJsonObjectContextCustomizerFactory$DuplicateJsonObjectContextCustomizer@34158c08, org.springframework.boot.test.mock.mockito.MockitoContextCustomizer@0, org.springframework.boot.test.web.client.TestRestTemplateContextCustomizer@31dadd46, org.springframework.boot.test.web.reactive.server.WebTestClientContextCustomizer@10cf09e8, org.springframework.boot.test.web.reactor.netty.DisableReactorResourceFactoryGlobalResourcesContextCustomizerFactory$DisableReactorResourceFactoryGlobalResourcesContextCustomizerCustomizer@63787180, org.springframework.boot.test.autoconfigure.OnFailureConditionReportContextCustomizerFactory$OnFailureConditionReportContextCustomizer@2e1ef60, org.springframework.boot.test.autoconfigure.actuate.observability.ObservabilityContextCustomizerFactory$DisableObservabilityContextCustomizer@1f, org.springframework.boot.test.autoconfigure.properties.PropertyMappingContextCustomizer@0, org.springframework.boot.test.autoconfigure.web.servlet.WebDriverContextCustomizer@dbd8e44, org.springframework.boot.test.context.SpringBootTestAnnotation@9f6e4d8], resourceBasePath = "src/main/webapp", contextLoader = org.springframework.boot.test.context.SpringBootContextLoader, parent = null]
[ERROR]   CoordinatorAgentRealApiE2ETest.dataSecurityAnalysis_fullChain ? IllegalState ApplicationContext failure threshold (1) exceeded: skipping repeated attempt to load context for [WebMergedContextConfiguration@34279b8a testClass = com.tlq.rectagent.agent.CoordinatorAgentRealApiE2ETest, locations = [], classes = [com.tlq.rectagent.RectAgentApplication], contextInitializerClasses = [], activeProfiles = ["integration"], propertySourceDescriptors = [], propertySourceProperties = ["org.springframework.boot.test.context.SpringBootTestContextBootstrapper=true"], contextCustomizers = [org.springframework.boot.test.context.filter.ExcludeFilterContextCustomizer@55493582, org.springframework.boot.test.json.DuplicateJsonObjectContextCustomizerFactory$DuplicateJsonObjectContextCustomizer@34158c08, org.springframework.boot.test.mock.mockito.MockitoContextCustomizer@0, org.springframework.boot.test.web.client.TestRestTemplateContextCustomizer@31dadd46, org.springframework.boot.test.web.reactive.server.WebTestClientContextCustomizer@10cf09e8, org.springframework.boot.test.web.reactor.netty.DisableReactorResourceFactoryGlobalResourcesContextCustomizerFactory$DisableReactorResourceFactoryGlobalResourcesContextCustomizerCustomizer@63787180, org.springframework.boot.test.autoconfigure.OnFailureConditionReportContextCustomizerFactory$OnFailureConditionReportContextCustomizer@2e1ef60, org.springframework.boot.test.autoconfigure.actuate.observability.ObservabilityContextCustomizerFactory$DisableObservabilityContextCustomizer@1f, org.springframework.boot.test.autoconfigure.properties.PropertyMappingContextCustomizer@0, org.springframework.boot.test.autoconfigure.web.servlet.WebDriverContextCustomizer@dbd8e44, org.springframework.boot.test.context.SpringBootTestAnnotation@9f6e4d8], resourceBasePath = "src/main/webapp", contextLoader = org.springframework.boot.test.context.SpringBootContextLoader, parent = null]
[ERROR]   CoordinatorAgentRealApiE2ETest.intentRecognition_standalone ? IllegalState ApplicationContext failure threshold (1) exceeded: skipping repeated attempt to load context for [WebMergedContextConfiguration@34279b8a testClass = com.tlq.rectagent.agent.CoordinatorAgentRealApiE2ETest, locations = [], classes = [com.tlq.rectagent.RectAgentApplication], contextInitializerClasses = [], activeProfiles = ["integration"], propertySourceDescriptors = [], propertySourceProperties = ["org.springframework.boot.test.context.SpringBootTestContextBootstrapper=true"], contextCustomizers = [org.springframework.boot.test.context.filter.ExcludeFilterContextCustomizer@55493582, org.springframework.boot.test.json.DuplicateJsonObjectContextCustomizerFactory$DuplicateJsonObjectContextCustomizer@34158c08, org.springframework.boot.test.mock.mockito.MockitoContextCustomizer@0, org.springframework.boot.test.web.client.TestRestTemplateContextCustomizer@31dadd46, org.springframework.boot.test.web.reactive.server.WebTestClientContextCustomizer@10cf09e8, org.springframework.boot.test.web.reactor.netty.DisableReactorResourceFactoryGlobalResourcesContextCustomizerFactory$DisableReactorResourceFactoryGlobalResourcesContextCustomizerCustomizer@63787180, org.springframework.boot.test.autoconfigure.OnFailureConditionReportContextCustomizerFactory$OnFailureConditionReportContextCustomizer@2e1ef60, org.springframework.boot.test.autoconfigure.actuate.observability.ObservabilityContextCustomizerFactory$DisableObservabilityContextCustomizer@1f, org.springframework.boot.test.autoconfigure.properties.PropertyMappingContextCustomizer@0, org.springframework.boot.test.autoconfigure.web.servlet.WebDriverContextCustomizer@dbd8e44, org.springframework.boot.test.context.SpringBootTestAnnotation@9f6e4d8], resourceBasePath = "src/main/webapp", contextLoader = org.springframework.boot.test.context.SpringBootContextLoader, parent = null]
[ERROR]   CoordinatorAgentRealApiE2ETest.multiIntentRequest_fullChain ? IllegalState ApplicationContext failure threshold (1) exceeded: skipping repeated attempt to load context for [WebMergedContextConfiguration@34279b8a testClass = com.tlq.rectagent.agent.CoordinatorAgentRealApiE2ETest, locations = [], classes = [com.tlq.rectagent.RectAgentApplication], contextInitializerClasses = [], activeProfiles = ["integration"], propertySourceDescriptors = [], propertySourceProperties = ["org.springframework.boot.test.context.SpringBootTestContextBootstrapper=true"], contextCustomizers = [org.springframework.boot.test.context.filter.ExcludeFilterContextCustomizer@55493582, org.springframework.boot.test.json.DuplicateJsonObjectContextCustomizerFactory$DuplicateJsonObjectContextCustomizer@34158c08, org.springframework.boot.test.mock.mockito.MockitoContextCustomizer@0, org.springframework.boot.test.web.client.TestRestTemplateContextCustomizer@31dadd46, org.springframework.boot.test.web.reactive.server.WebTestClientContextCustomizer@10cf09e8, org.springframework.boot.test.web.reactor.netty.DisableReactorResourceFactoryGlobalResourcesContextCustomizerFactory$DisableReactorResourceFactoryGlobalResourcesContextCustomizerCustomizer@63787180, org.springframework.boot.test.autoconfigure.OnFailureConditionReportContextCustomizerFactory$OnFailureConditionReportContextCustomizer@2e1ef60, org.springframework.boot.test.autoconfigure.actuate.observability.ObservabilityContextCustomizerFactory$DisableObservabilityContextCustomizer@1f, org.springframework.boot.test.autoconfigure.properties.PropertyMappingContextCustomizer@0, org.springframework.boot.test.autoconfigure.web.servlet.WebDriverContextCustomizer@dbd8e44, org.springframework.boot.test.context.SpringBootTestAnnotation@9f6e4d8], resourceBasePath = "src/main/webapp", contextLoader = org.springframework.boot.test.context.SpringBootContextLoader, parent = null]
[ERROR]   CoordinatorAgentRealApiE2ETest.sequentialExecutor_multiAgent ? IllegalState ApplicationContext failure threshold (1) exceeded: skipping repeated attempt to load context for [WebMergedContextConfiguration@34279b8a testClass = com.tlq.rectagent.agent.CoordinatorAgentRealApiE2ETest, locations = [], classes = [com.tlq.rectagent.RectAgentApplication], contextInitializerClasses = [], activeProfiles = ["integration"], propertySourceDescriptors = [], propertySourceProperties = ["org.springframework.boot.test.context.SpringBootTestContextBootstrapper=true"], contextCustomizers = [org.springframework.boot.test.context.filter.ExcludeFilterContextCustomizer@55493582, org.springframework.boot.test.json.DuplicateJsonObjectContextCustomizerFactory$DuplicateJsonObjectContextCustomizer@34158c08, org.springframework.boot.test.mock.mockito.MockitoContextCustomizer@0, org.springframework.boot.test.web.client.TestRestTemplateContextCustomizer@31dadd46, org.springframework.boot.test.web.reactive.server.WebTestClientContextCustomizer@10cf09e8, org.springframework.boot.test.web.reactor.netty.DisableReactorResourceFactoryGlobalResourcesContextCustomizerFactory$DisableReactorResourceFactoryGlobalResourcesContextCustomizerCustomizer@63787180, org.springframework.boot.test.autoconfigure.OnFailureConditionReportContextCustomizerFactory$OnFailureConditionReportContextCustomizer@2e1ef60, org.springframework.boot.test.autoconfigure.actuate.observability.ObservabilityContextCustomizerFactory$DisableObservabilityContextCustomizer@1f, org.springframework.boot.test.autoconfigure.properties.PropertyMappingContextCustomizer@0, org.springframework.boot.test.autoconfigure.web.servlet.WebDriverContextCustomizer@dbd8e44, org.springframework.boot.test.context.SpringBootTestAnnotation@9f6e4d8], resourceBasePath = "src/main/webapp", contextLoader = org.springframework.boot.test.context.SpringBootContextLoader, parent = null]
[ERROR]   CoordinatorAgentRealApiE2ETest.singleAgentCall_viaService ? IllegalState ApplicationContext failure threshold (1) exceeded: skipping repeated attempt to load context for [WebMergedContextConfiguration@34279b8a testClass = com.tlq.rectagent.agent.CoordinatorAgentRealApiE2ETest, locations = [], classes = [com.tlq.rectagent.RectAgentApplication], contextInitializerClasses = [], activeProfiles = ["integration"], propertySourceDescriptors = [], propertySourceProperties = ["org.springframework.boot.test.context.SpringBootTestContextBootstrapper=true"], contextCustomizers = [org.springframework.boot.test.context.filter.ExcludeFilterContextCustomizer@55493582, org.springframework.boot.test.json.DuplicateJsonObjectContextCustomizerFactory$DuplicateJsonObjectContextCustomizer@34158c08, org.springframework.boot.test.mock.mockito.MockitoContextCustomizer@0, org.springframework.boot.test.web.client.TestRestTemplateContextCustomizer@31dadd46, org.springframework.boot.test.web.reactive.server.WebTestClientContextCustomizer@10cf09e8, org.springframework.boot.test.web.reactor.netty.DisableReactorResourceFactoryGlobalResourcesContextCustomizerFactory$DisableReactorResourceFactoryGlobalResourcesContextCustomizerCustomizer@63787180, org.springframework.boot.test.autoconfigure.OnFailureConditionReportContextCustomizerFactory$OnFailureConditionReportContextCustomizer@2e1ef60, org.springframework.boot.test.autoconfigure.actuate.observability.ObservabilityContextCustomizerFactory$DisableObservabilityContextCustomizer@1f, org.springframework.boot.test.autoconfigure.properties.PropertyMappingContextCustomizer@0, org.springframework.boot.test.autoconfigure.web.servlet.WebDriverContextCustomizer@dbd8e44, org.springframework.boot.test.context.SpringBootTestAnnotation@9f6e4d8], resourceBasePath = "src/main/webapp", contextLoader = org.springframework.boot.test.context.SpringBootContextLoader, parent = null]
[ERROR]   CoordinatorAgentRealApiE2ETest.textQuery_fullChain ? IllegalState Failed to load ApplicationContext for [WebMergedContextConfiguration@34279b8a testClass = com.tlq.rectagent.agent.CoordinatorAgentRealApiE2ETest, locations = [], classes = [com.tlq.rectagent.RectAgentApplication], contextInitializerClasses = [], activeProfiles = ["integration"], propertySourceDescriptors = [], propertySourceProperties = ["org.springframework.boot.test.context.SpringBootTestContextBootstrapper=true"], contextCustomizers = [org.springframework.boot.test.context.filter.ExcludeFilterContextCustomizer@55493582, org.springframework.boot.test.json.DuplicateJsonObjectContextCustomizerFactory$DuplicateJsonObjectContextCustomizer@34158c08, org.springframework.boot.test.mock.mockito.MockitoContextCustomizer@0, org.springframework.boot.test.web.client.TestRestTemplateContextCustomizer@31dadd46, org.springframework.boot.test.web.reactive.server.WebTestClientContextCustomizer@10cf09e8, org.springframework.boot.test.web.reactor.netty.DisableReactorResourceFactoryGlobalResourcesContextCustomizerFactory$DisableReactorResourceFactoryGlobalResourcesContextCustomizerCustomizer@63787180, org.springframework.boot.test.autoconfigure.OnFailureConditionReportContextCustomizerFactory$OnFailureConditionReportContextCustomizer@2e1ef60, org.springframework.boot.test.autoconfigure.actuate.observability.ObservabilityContextCustomizerFactory$DisableObservabilityContextCustomizer@1f, org.springframework.boot.test.autoconfigure.properties.PropertyMappingContextCustomizer@0, org.springframework.boot.test.autoconfigure.web.servlet.WebDriverContextCustomizer@dbd8e44, org.springframework.boot.test.context.SpringBootTestAnnotation@9f6e4d8], resourceBasePath = "src/main/webapp", contextLoader = org.springframework.boot.test.context.SpringBootContextLoader, parent = null]
[ERROR]   ContextDesignImprovementsTest.testCheckpointRecovery ? IllegalState ApplicationContext failure threshold (1) exceeded: skipping repeated attempt to load context for [WebMergedContextConfiguration@8dedec8 testClass = com.tlq.rectagent.context.ContextDesignImprovementsTest, locations = [], classes = [com.tlq.rectagent.RectAgentApplication], contextInitializerClasses = [], activeProfiles = [], propertySourceDescriptors = [], propertySourceProperties = ["org.springframework.boot.test.context.SpringBootTestContextBootstrapper=true"], contextCustomizers = [org.springframework.boot.test.context.filter.ExcludeFilterContextCustomizer@55493582, org.springframework.boot.test.json.DuplicateJsonObjectContextCustomizerFactory$DuplicateJsonObjectContextCustomizer@34158c08, org.springframework.boot.test.mock.mockito.MockitoContextCustomizer@0, org.springframework.boot.test.web.client.TestRestTemplateContextCustomizer@31dadd46, org.springframework.boot.test.web.reactive.server.WebTestClientContextCustomizer@10cf09e8, org.springframework.boot.test.web.reactor.netty.DisableReactorResourceFactoryGlobalResourcesContextCustomizerFactory$DisableReactorResourceFactoryGlobalResourcesContextCustomizerCustomizer@63787180, org.springframework.boot.test.autoconfigure.OnFailureConditionReportContextCustomizerFactory$OnFailureConditionReportContextCustomizer@2e1ef60, org.springframework.boot.test.autoconfigure.actuate.observability.ObservabilityContextCustomizerFactory$DisableObservabilityContextCustomizer@1f, org.springframework.boot.test.autoconfigure.properties.PropertyMappingContextCustomizer@0, org.springframework.boot.test.autoconfigure.web.servlet.WebDriverContextCustomizer@dbd8e44, org.springframework.boot.test.context.SpringBootTestAnnotation@9f6e4d8], resourceBasePath = "src/main/webapp", contextLoader = org.springframework.boot.test.context.SpringBootContextLoader, parent = null]
[ERROR]   ContextDesignImprovementsTest.testFullContextFlow ? IllegalState ApplicationContext failure threshold (1) exceeded: skipping repeated attempt to load context for [WebMergedContextConfiguration@8dedec8 testClass = com.tlq.rectagent.context.ContextDesignImprovementsTest, locations = [], classes = [com.tlq.rectagent.RectAgentApplication], contextInitializerClasses = [], activeProfiles = [], propertySourceDescriptors = [], propertySourceProperties = ["org.springframework.boot.test.context.SpringBootTestContextBootstrapper=true"], contextCustomizers = [org.springframework.boot.test.context.filter.ExcludeFilterContextCustomizer@55493582, org.springframework.boot.test.json.DuplicateJsonObjectContextCustomizerFactory$DuplicateJsonObjectContextCustomizer@34158c08, org.springframework.boot.test.mock.mockito.MockitoContextCustomizer@0, org.springframework.boot.test.web.client.TestRestTemplateContextCustomizer@31dadd46, org.springframework.boot.test.web.reactive.server.WebTestClientContextCustomizer@10cf09e8, org.springframework.boot.test.web.reactor.netty.DisableReactorResourceFactoryGlobalResourcesContextCustomizerFactory$DisableReactorResourceFactoryGlobalResourcesContextCustomizerCustomizer@63787180, org.springframework.boot.test.autoconfigure.OnFailureConditionReportContextCustomizerFactory$OnFailureConditionReportContextCustomizer@2e1ef60, org.springframework.boot.test.autoconfigure.actuate.observability.ObservabilityContextCustomizerFactory$DisableObservabilityContextCustomizer@1f, org.springframework.boot.test.autoconfigure.properties.PropertyMappingContextCustomizer@0, org.springframework.boot.test.autoconfigure.web.servlet.WebDriverContextCustomizer@dbd8e44, org.springframework.boot.test.context.SpringBootTestAnnotation@9f6e4d8], resourceBasePath = "src/main/webapp", contextLoader = org.springframework.boot.test.context.SpringBootContextLoader, parent = null]
[ERROR]   ContextDesignImprovementsTest.testLayeredContextLoading ? IllegalState ApplicationContext failure threshold (1) exceeded: skipping repeated attempt to load context for [WebMergedContextConfiguration@8dedec8 testClass = com.tlq.rectagent.context.ContextDesignImprovementsTest, locations = [], classes = [com.tlq.rectagent.RectAgentApplication], contextInitializerClasses = [], activeProfiles = [], propertySourceDescriptors = [], propertySourceProperties = ["org.springframework.boot.test.context.SpringBootTestContextBootstrapper=true"], contextCustomizers = [org.springframework.boot.test.context.filter.ExcludeFilterContextCustomizer@55493582, org.springframework.boot.test.json.DuplicateJsonObjectContextCustomizerFactory$DuplicateJsonObjectContextCustomizer@34158c08, org.springframework.boot.test.mock.mockito.MockitoContextCustomizer@0, org.springframework.boot.test.web.client.TestRestTemplateContextCustomizer@31dadd46, org.springframework.boot.test.web.reactive.server.WebTestClientContextCustomizer@10cf09e8, org.springframework.boot.test.web.reactor.netty.DisableReactorResourceFactoryGlobalResourcesContextCustomizerFactory$DisableReactorResourceFactoryGlobalResourcesContextCustomizerCustomizer@63787180, org.springframework.boot.test.autoconfigure.OnFailureConditionReportContextCustomizerFactory$OnFailureConditionReportContextCustomizer@2e1ef60, org.springframework.boot.test.autoconfigure.actuate.observability.ObservabilityContextCustomizerFactory$DisableObservabilityContextCustomizer@1f, org.springframework.boot.test.autoconfigure.properties.PropertyMappingContextCustomizer@0, org.springframework.boot.test.autoconfigure.web.servlet.WebDriverContextCustomizer@dbd8e44, org.springframework.boot.test.context.SpringBootTestAnnotation@9f6e4d8], resourceBasePath = "src/main/webapp", contextLoader = org.springframework.boot.test.context.SpringBootContextLoader, parent = null]
[ERROR]   ContextDesignImprovementsTest.testMessagePurifier ? IllegalState Failed to load ApplicationContext for [WebMergedContextConfiguration@8dedec8 testClass = com.tlq.rectagent.context.ContextDesignImprovementsTest, locations = [], classes = [com.tlq.rectagent.RectAgentApplication], contextInitializerClasses = [], activeProfiles = [], propertySourceDescriptors = [], propertySourceProperties = ["org.springframework.boot.test.context.SpringBootTestContextBootstrapper=true"], contextCustomizers = [org.springframework.boot.test.context.filter.ExcludeFilterContextCustomizer@55493582, org.springframework.boot.test.json.DuplicateJsonObjectContextCustomizerFactory$DuplicateJsonObjectContextCustomizer@34158c08, org.springframework.boot.test.mock.mockito.MockitoContextCustomizer@0, org.springframework.boot.test.web.client.TestRestTemplateContextCustomizer@31dadd46, org.springframework.boot.test.web.reactive.server.WebTestClientContextCustomizer@10cf09e8, org.springframework.boot.test.web.reactor.netty.DisableReactorResourceFactoryGlobalResourcesContextCustomizerFactory$DisableReactorResourceFactoryGlobalResourcesContextCustomizerCustomizer@63787180, org.springframework.boot.test.autoconfigure.OnFailureConditionReportContextCustomizerFactory$OnFailureConditionReportContextCustomizer@2e1ef60, org.springframework.boot.test.autoconfigure.actuate.observability.ObservabilityContextCustomizerFactory$DisableObservabilityContextCustomizer@1f, org.springframework.boot.test.autoconfigure.properties.PropertyMappingContextCustomizer@0, org.springframework.boot.test.autoconfigure.web.servlet.WebDriverContextCustomizer@dbd8e44, org.springframework.boot.test.context.SpringBootTestAnnotation@9f6e4d8], resourceBasePath = "src/main/webapp", contextLoader = org.springframework.boot.test.context.SpringBootContextLoader, parent = null]
[ERROR]   ContextDesignImprovementsTest.testPromptVersionManagement ? IllegalState ApplicationContext failure threshold (1) exceeded: skipping repeated attempt to load context for [WebMergedContextConfiguration@8dedec8 testClass = com.tlq.rectagent.context.ContextDesignImprovementsTest, locations = [], classes = [com.tlq.rectagent.RectAgentApplication], contextInitializerClasses = [], activeProfiles = [], propertySourceDescriptors = [], propertySourceProperties = ["org.springframework.boot.test.context.SpringBootTestContextBootstrapper=true"], contextCustomizers = [org.springframework.boot.test.context.filter.ExcludeFilterContextCustomizer@55493582, org.springframework.boot.test.json.DuplicateJsonObjectContextCustomizerFactory$DuplicateJsonObjectContextCustomizer@34158c08, org.springframework.boot.test.mock.mockito.MockitoContextCustomizer@0, org.springframework.boot.test.web.client.TestRestTemplateContextCustomizer@31dadd46, org.springframework.boot.test.web.reactive.server.WebTestClientContextCustomizer@10cf09e8, org.springframework.boot.test.web.reactor.netty.DisableReactorResourceFactoryGlobalResourcesContextCustomizerFactory$DisableReactorResourceFactoryGlobalResourcesContextCustomizerCustomizer@63787180, org.springframework.boot.test.autoconfigure.OnFailureConditionReportContextCustomizerFactory$OnFailureConditionReportContextCustomizer@2e1ef60, org.springframework.boot.test.autoconfigure.actuate.observability.ObservabilityContextCustomizerFactory$DisableObservabilityContextCustomizer@1f, org.springframework.boot.test.autoconfigure.properties.PropertyMappingContextCustomizer@0, org.springframework.boot.test.autoconfigure.web.servlet.WebDriverContextCustomizer@dbd8e44, org.springframework.boot.test.context.SpringBootTestAnnotation@9f6e4d8], resourceBasePath = "src/main/webapp", contextLoader = org.springframework.boot.test.context.SpringBootContextLoader, parent = null]
[ERROR]   ContextDesignImprovementsTest.testTokenBudgetCompression ? IllegalState ApplicationContext failure threshold (1) exceeded: skipping repeated attempt to load context for [WebMergedContextConfiguration@8dedec8 testClass = com.tlq.rectagent.context.ContextDesignImprovementsTest, locations = [], classes = [com.tlq.rectagent.RectAgentApplication], contextInitializerClasses = [], activeProfiles = [], propertySourceDescriptors = [], propertySourceProperties = ["org.springframework.boot.test.context.SpringBootTestContextBootstrapper=true"], contextCustomizers = [org.springframework.boot.test.context.filter.ExcludeFilterContextCustomizer@55493582, org.springframework.boot.test.json.DuplicateJsonObjectContextCustomizerFactory$DuplicateJsonObjectContextCustomizer@34158c08, org.springframework.boot.test.mock.mockito.MockitoContextCustomizer@0, org.springframework.boot.test.web.client.TestRestTemplateContextCustomizer@31dadd46, org.springframework.boot.test.web.reactive.server.WebTestClientContextCustomizer@10cf09e8, org.springframework.boot.test.web.reactor.netty.DisableReactorResourceFactoryGlobalResourcesContextCustomizerFactory$DisableReactorResourceFactoryGlobalResourcesContextCustomizerCustomizer@63787180, org.springframework.boot.test.autoconfigure.OnFailureConditionReportContextCustomizerFactory$OnFailureConditionReportContextCustomizer@2e1ef60, org.springframework.boot.test.autoconfigure.actuate.observability.ObservabilityContextCustomizerFactory$DisableObservabilityContextCustomizer@1f, org.springframework.boot.test.autoconfigure.properties.PropertyMappingContextCustomizer@0, org.springframework.boot.test.autoconfigure.web.servlet.WebDriverContextCustomizer@dbd8e44, org.springframework.boot.test.context.SpringBootTestAnnotation@9f6e4d8], resourceBasePath = "src/main/webapp", contextLoader = org.springframework.boot.test.context.SpringBootContextLoader, parent = null]
[ERROR]   DataGovernanceFullFlowTest.testFullConversationFlow ? IllegalState ApplicationContext failure threshold (1) exceeded: skipping repeated attempt to load context for [WebMergedContextConfiguration@619854a3 testClass = com.tlq.rectagent.data.DataGovernanceFullFlowTest, locations = [], classes = [com.tlq.rectagent.RectAgentApplication], contextInitializerClasses = [], activeProfiles = [], propertySourceDescriptors = [], propertySourceProperties = ["org.springframework.boot.test.context.SpringBootTestContextBootstrapper=true"], contextCustomizers = [org.springframework.boot.test.context.filter.ExcludeFilterContextCustomizer@55493582, org.springframework.boot.test.json.DuplicateJsonObjectContextCustomizerFactory$DuplicateJsonObjectContextCustomizer@34158c08, org.springframework.boot.test.mock.mockito.MockitoContextCustomizer@0, org.springframework.boot.test.web.client.TestRestTemplateContextCustomizer@31dadd46, org.springframework.boot.test.web.reactive.server.WebTestClientContextCustomizer@10cf09e8, org.springframework.boot.test.web.reactor.netty.DisableReactorResourceFactoryGlobalResourcesContextCustomizerFactory$DisableReactorResourceFactoryGlobalResourcesContextCustomizerCustomizer@63787180, org.springframework.boot.test.autoconfigure.OnFailureConditionReportContextCustomizerFactory$OnFailureConditionReportContextCustomizer@2e1ef60, org.springframework.boot.test.autoconfigure.actuate.observability.ObservabilityContextCustomizerFactory$DisableObservabilityContextCustomizer@1f, org.springframework.boot.test.autoconfigure.properties.PropertyMappingContextCustomizer@0, org.springframework.boot.test.autoconfigure.web.servlet.WebDriverContextCustomizer@dbd8e44, org.springframework.boot.test.context.SpringBootTestAnnotation@9f6e4d8], resourceBasePath = "src/main/webapp", contextLoader = org.springframework.boot.test.context.SpringBootContextLoader, parent = null]
[ERROR]   DataGovernanceFullFlowTest.testMultiUserIsolation ? IllegalState ApplicationContext failure threshold (1) exceeded: skipping repeated attempt to load context for [WebMergedContextConfiguration@619854a3 testClass = com.tlq.rectagent.data.DataGovernanceFullFlowTest, locations = [], classes = [com.tlq.rectagent.RectAgentApplication], contextInitializerClasses = [], activeProfiles = [], propertySourceDescriptors = [], propertySourceProperties = ["org.springframework.boot.test.context.SpringBootTestContextBootstrapper=true"], contextCustomizers = [org.springframework.boot.test.context.filter.ExcludeFilterContextCustomizer@55493582, org.springframework.boot.test.json.DuplicateJsonObjectContextCustomizerFactory$DuplicateJsonObjectContextCustomizer@34158c08, org.springframework.boot.test.mock.mockito.MockitoContextCustomizer@0, org.springframework.boot.test.web.client.TestRestTemplateContextCustomizer@31dadd46, org.springframework.boot.test.web.reactive.server.WebTestClientContextCustomizer@10cf09e8, org.springframework.boot.test.web.reactor.netty.DisableReactorResourceFactoryGlobalResourcesContextCustomizerFactory$DisableReactorResourceFactoryGlobalResourcesContextCustomizerCustomizer@63787180, org.springframework.boot.test.autoconfigure.OnFailureConditionReportContextCustomizerFactory$OnFailureConditionReportContextCustomizer@2e1ef60, org.springframework.boot.test.autoconfigure.actuate.observability.ObservabilityContextCustomizerFactory$DisableObservabilityContextCustomizer@1f, org.springframework.boot.test.autoconfigure.properties.PropertyMappingContextCustomizer@0, org.springframework.boot.test.autoconfigure.web.servlet.WebDriverContextCustomizer@dbd8e44, org.springframework.boot.test.context.SpringBootTestAnnotation@9f6e4d8], resourceBasePath = "src/main/webapp", contextLoader = org.springframework.boot.test.context.SpringBootContextLoader, parent = null]
[ERROR]   DataGovernanceFullFlowTest.testSessionRecoveryFromAborted ? IllegalState ApplicationContext failure threshold (1) exceeded: skipping repeated attempt to load context for [WebMergedContextConfiguration@619854a3 testClass = com.tlq.rectagent.data.DataGovernanceFullFlowTest, locations = [], classes = [com.tlq.rectagent.RectAgentApplication], contextInitializerClasses = [], activeProfiles = [], propertySourceDescriptors = [], propertySourceProperties = ["org.springframework.boot.test.context.SpringBootTestContextBootstrapper=true"], contextCustomizers = [org.springframework.boot.test.context.filter.ExcludeFilterContextCustomizer@55493582, org.springframework.boot.test.json.DuplicateJsonObjectContextCustomizerFactory$DuplicateJsonObjectContextCustomizer@34158c08, org.springframework.boot.test.mock.mockito.MockitoContextCustomizer@0, org.springframework.boot.test.web.client.TestRestTemplateContextCustomizer@31dadd46, org.springframework.boot.test.web.reactive.server.WebTestClientContextCustomizer@10cf09e8, org.springframework.boot.test.web.reactor.netty.DisableReactorResourceFactoryGlobalResourcesContextCustomizerFactory$DisableReactorResourceFactoryGlobalResourcesContextCustomizerCustomizer@63787180, org.springframework.boot.test.autoconfigure.OnFailureConditionReportContextCustomizerFactory$OnFailureConditionReportContextCustomizer@2e1ef60, org.springframework.boot.test.autoconfigure.actuate.observability.ObservabilityContextCustomizerFactory$DisableObservabilityContextCustomizer@1f, org.springframework.boot.test.autoconfigure.properties.PropertyMappingContextCustomizer@0, org.springframework.boot.test.autoconfigure.web.servlet.WebDriverContextCustomizer@dbd8e44, org.springframework.boot.test.context.SpringBootTestAnnotation@9f6e4d8], resourceBasePath = "src/main/webapp", contextLoader = org.springframework.boot.test.context.SpringBootContextLoader, parent = null]
[ERROR]   DataGovernanceFullFlowTest.testTokenBudgetingScenario ? IllegalState ApplicationContext failure threshold (1) exceeded: skipping repeated attempt to load context for [WebMergedContextConfiguration@619854a3 testClass = com.tlq.rectagent.data.DataGovernanceFullFlowTest, locations = [], classes = [com.tlq.rectagent.RectAgentApplication], contextInitializerClasses = [], activeProfiles = [], propertySourceDescriptors = [], propertySourceProperties = ["org.springframework.boot.test.context.SpringBootTestContextBootstrapper=true"], contextCustomizers = [org.springframework.boot.test.context.filter.ExcludeFilterContextCustomizer@55493582, org.springframework.boot.test.json.DuplicateJsonObjectContextCustomizerFactory$DuplicateJsonObjectContextCustomizer@34158c08, org.springframework.boot.test.mock.mockito.MockitoContextCustomizer@0, org.springframework.boot.test.web.client.TestRestTemplateContextCustomizer@31dadd46, org.springframework.boot.test.web.reactive.server.WebTestClientContextCustomizer@10cf09e8, org.springframework.boot.test.web.reactor.netty.DisableReactorResourceFactoryGlobalResourcesContextCustomizerFactory$DisableReactorResourceFactoryGlobalResourcesContextCustomizerCustomizer@63787180, org.springframework.boot.test.autoconfigure.OnFailureConditionReportContextCustomizerFactory$OnFailureConditionReportContextCustomizer@2e1ef60, org.springframework.boot.test.autoconfigure.actuate.observability.ObservabilityContextCustomizerFactory$DisableObservabilityContextCustomizer@1f, org.springframework.boot.test.autoconfigure.properties.PropertyMappingContextCustomizer@0, org.springframework.boot.test.autoconfigure.web.servlet.WebDriverContextCustomizer@dbd8e44, org.springframework.boot.test.context.SpringBootTestAnnotation@9f6e4d8], resourceBasePath = "src/main/webapp", contextLoader = org.springframework.boot.test.context.SpringBootContextLoader, parent = null]
[ERROR]   CoordinatorAgentTest.testProcessRequestReturnsMockFinal ? IllegalState Failed to load ApplicationContext for [WebMergedContextConfiguration@652855c4 testClass = com.tlq.rectagent.scheduler.CoordinatorAgentTest, locations = [], classes = [com.tlq.rectagent.RectAgentApplication], contextInitializerClasses = [], activeProfiles = [], propertySourceDescriptors = [], propertySourceProperties = ["org.springframework.boot.test.context.SpringBootTestContextBootstrapper=true"], contextCustomizers = [org.springframework.boot.test.context.filter.ExcludeFilterContextCustomizer@55493582, org.springframework.boot.test.json.DuplicateJsonObjectContextCustomizerFactory$DuplicateJsonObjectContextCustomizer@34158c08, org.springframework.boot.test.mock.mockito.MockitoContextCustomizer@e316cae4, org.springframework.boot.test.web.client.TestRestTemplateContextCustomizer@31dadd46, org.springframework.boot.test.web.reactive.server.WebTestClientContextCustomizer@10cf09e8, org.springframework.boot.test.web.reactor.netty.DisableReactorResourceFactoryGlobalResourcesContextCustomizerFactory$DisableReactorResourceFactoryGlobalResourcesContextCustomizerCustomizer@63787180, org.springframework.boot.test.autoconfigure.OnFailureConditionReportContextCustomizerFactory$OnFailureConditionReportContextCustomizer@2e1ef60, org.springframework.boot.test.autoconfigure.actuate.observability.ObservabilityContextCustomizerFactory$DisableObservabilityContextCustomizer@1f, org.springframework.boot.test.autoconfigure.properties.PropertyMappingContextCustomizer@0, org.springframework.boot.test.autoconfigure.web.servlet.WebDriverContextCustomizer@dbd8e44, org.springframework.boot.test.context.SpringBootTestAnnotation@9f6e4d8], resourceBasePath = "src/main/webapp", contextLoader = org.springframework.boot.test.context.SpringBootContextLoader, parent = null]
[ERROR]   DocumentLearningSkillTest.testDocumentLearningSkillProcess ? IllegalState ApplicationContext failure threshold (1) exceeded: skipping repeated attempt to load context for [WebMergedContextConfiguration@77c8b276 testClass = com.tlq.rectagent.skill.DocumentLearningSkillTest, locations = [], classes = [com.tlq.rectagent.RectAgentApplication], contextInitializerClasses = [], activeProfiles = [], propertySourceDescriptors = [], propertySourceProperties = ["org.springframework.boot.test.context.SpringBootTestContextBootstrapper=true"], contextCustomizers = [org.springframework.boot.test.context.filter.ExcludeFilterContextCustomizer@55493582, org.springframework.boot.test.json.DuplicateJsonObjectContextCustomizerFactory$DuplicateJsonObjectContextCustomizer@34158c08, org.springframework.boot.test.mock.mockito.MockitoContextCustomizer@0, org.springframework.boot.test.web.client.TestRestTemplateContextCustomizer@31dadd46, org.springframework.boot.test.web.reactive.server.WebTestClientContextCustomizer@10cf09e8, org.springframework.boot.test.web.reactor.netty.DisableReactorResourceFactoryGlobalResourcesContextCustomizerFactory$DisableReactorResourceFactoryGlobalResourcesContextCustomizerCustomizer@63787180, org.springframework.boot.test.autoconfigure.OnFailureConditionReportContextCustomizerFactory$OnFailureConditionReportContextCustomizer@2e1ef60, org.springframework.boot.test.autoconfigure.actuate.observability.ObservabilityContextCustomizerFactory$DisableObservabilityContextCustomizer@1f, org.springframework.boot.test.autoconfigure.properties.PropertyMappingContextCustomizer@0, org.springframework.boot.test.autoconfigure.web.servlet.WebDriverContextCustomizer@dbd8e44, org.springframework.boot.test.context.SpringBootTestAnnotation@9f6e4d8], resourceBasePath = "src/main/webapp", contextLoader = org.springframework.boot.test.context.SpringBootContextLoader, parent = null]
[ERROR]   DocumentLearningSkillTest.testDocumentLearningSkillRegistration ? IllegalState ApplicationContext failure threshold (1) exceeded: skipping repeated attempt to load context for [WebMergedContextConfiguration@77c8b276 testClass = com.tlq.rectagent.skill.DocumentLearningSkillTest, locations = [], classes = [com.tlq.rectagent.RectAgentApplication], contextInitializerClasses = [], activeProfiles = [], propertySourceDescriptors = [], propertySourceProperties = ["org.springframework.boot.test.context.SpringBootTestContextBootstrapper=true"], contextCustomizers = [org.springframework.boot.test.context.filter.ExcludeFilterContextCustomizer@55493582, org.springframework.boot.test.json.DuplicateJsonObjectContextCustomizerFactory$DuplicateJsonObjectContextCustomizer@34158c08, org.springframework.boot.test.mock.mockito.MockitoContextCustomizer@0, org.springframework.boot.test.web.client.TestRestTemplateContextCustomizer@31dadd46, org.springframework.boot.test.web.reactive.server.WebTestClientContextCustomizer@10cf09e8, org.springframework.boot.test.web.reactor.netty.DisableReactorResourceFactoryGlobalResourcesContextCustomizerFactory$DisableReactorResourceFactoryGlobalResourcesContextCustomizerCustomizer@63787180, org.springframework.boot.test.autoconfigure.OnFailureConditionReportContextCustomizerFactory$OnFailureConditionReportContextCustomizer@2e1ef60, org.springframework.boot.test.autoconfigure.actuate.observability.ObservabilityContextCustomizerFactory$DisableObservabilityContextCustomizer@1f, org.springframework.boot.test.autoconfigure.properties.PropertyMappingContextCustomizer@0, org.springframework.boot.test.autoconfigure.web.servlet.WebDriverContextCustomizer@dbd8e44, org.springframework.boot.test.context.SpringBootTestAnnotation@9f6e4d8], resourceBasePath = "src/main/webapp", contextLoader = org.springframework.boot.test.context.SpringBootContextLoader, parent = null]
[INFO] 
[ERROR] Tests run: 118, Failures: 0, Errors: 26, Skipped: 1
[INFO] 
[INFO] ------------------------------------------------------------------------
[INFO] Reactor Summary for rect-agent 0.0.1-SNAPSHOT:
[INFO] 
[INFO] rect-agent ......................................... SUCCESS [  0.032 s]
[INFO] rect-agent-core .................................... FAILURE [ 26.106 s]
[INFO] ------------------------------------------------------------------------
[INFO] BUILD FAILURE
[INFO] ------------------------------------------------------------------------
[INFO] Total time:  26.630 s
[INFO] Finished at: 2026-03-26T22:03:07+08:00
[INFO] ------------------------------------------------------------------------
[ERROR] Failed to execute goal org.apache.maven.plugins:maven-surefire-plugin:3.2.5:test (default-test) on project rect-agent-core: 
[ERROR] 
[ERROR] Please refer to D:\project\ai\java\rct-agent\rect-agent-core\target\surefire-reports for the individual test results.
[ERROR] Please refer to dump files (if any exist) [date].dump, [date]-jvmRun[N].dump and [date].dumpstream.
[ERROR] -> [Help 1]
[ERROR] 
[ERROR] To see the full stack trace of the errors, re-run Maven with the -e switch.
[ERROR] Re-run Maven using the -X switch to enable full debug logging.
[ERROR] 
[ERROR] For more information about the errors and possible solutions, please read the following articles:
[ERROR] [Help 1] http://cwiki.apache.org/confluence/display/MAVEN/MojoFailureException
[ERROR] 
[ERROR] After correcting the problems, you can resume the build with the command
[ERROR]   mvn <args> -rf :rect-agent-core
